==================================================
SL comparison — task 4 of 9
  Model: NSF4SL
  CV:    cv2
Start: Fri Aug 28 10:00:40 EDT 2026 | Job: 1177331 | Node: gpu3
==================================================
--- training NSF4SL / cv2 ---
Device: cuda
Shared folds from ../sl_comparison/folds/cv2: 5 folds, 8844 genes
Genes: 8844 | features: 512d | matched 8844/8844

============================================================
Fold 1/5
============================================================
Train positives: 13369 | Val: 2772 pos, 11815 neg | Test: 6025 pos, 39728 neg | select on val:ndcg@50
  Trainable parameters: 527,104 (total 988,416) [Net]
  Fold stamp: genes 42ff034debb48f84 all_pos 20be58a407d6aa9a meta 15e1a39cf91a5615
  epoch  10 | loss 0.1689 | val ndcg@50 0.2132 AUPR 0.2662
  epoch  20 | loss 0.1577 | val ndcg@50 0.2120 AUPR 0.2739
  epoch  30 | loss 0.1661 | val ndcg@50 0.2157 AUPR 0.2458
  epoch  40 | loss 0.1701 | val ndcg@50 0.2105 AUPR 0.2408
  epoch  50 | loss 0.1699 | val ndcg@50 0.2108 AUPR 0.2325
  epoch  60 | loss 0.1710 | val ndcg@50 0.2160 AUPR 0.2676
  epoch  70 | loss 0.1691 | val ndcg@50 0.2073 AUPR 0.2229
  epoch  80 | loss 0.1699 | val ndcg@50 0.2128 AUPR 0.2431
  epoch  90 | loss 0.1697 | val ndcg@50 0.2158 AUPR 0.2551
  epoch 100 | loss 0.1701 | val ndcg@50 0.2124 AUPR 0.2429
  Early stopping at epoch 100
  Best fold 1: AUPR=0.2852, AUROC=0.6324, F1=0.3107

============================================================
Fold 2/5
============================================================
Train positives: 9745 | Val: 2037 pos, 15111 neg | Test: 10384 pos, 38246 neg | select on val:ndcg@50
  Trainable parameters: 527,104 (total 988,416) [Net]
  Fold stamp: genes 42ff034debb48f84 all_pos 20be58a407d6aa9a meta 15e1a39cf91a5615
  epoch  10 | loss 0.2012 | val ndcg@50 0.0646 AUPR 0.2055
  epoch  20 | loss 0.1359 | val ndcg@50 0.1089 AUPR 0.1849
  epoch  30 | loss 0.1417 | val ndcg@50 0.1122 AUPR 0.1835
  epoch  40 | loss 0.1493 | val ndcg@50 0.1088 AUPR 0.1726
  epoch  50 | loss 0.1519 | val ndcg@50 0.1061 AUPR 0.1735
  epoch  60 | loss 0.1526 | val ndcg@50 0.1217 AUPR 0.1924
  epoch  70 | loss 0.1530 | val ndcg@50 0.1111 AUPR 0.1794
  epoch  80 | loss 0.1534 | val ndcg@50 0.1155 AUPR 0.1861
  epoch  90 | loss 0.1527 | val ndcg@50 0.1224 AUPR 0.1940
  epoch 100 | loss 0.1522 | val ndcg@50 0.1164 AUPR 0.1886
  Best fold 2: AUPR=0.1893, AUROC=0.4394, F1=0.3520

============================================================
Fold 3/5
============================================================
Train positives: 9031 | Val: 3407 pos, 11230 neg | Test: 9728 pos, 40810 neg | select on val:ndcg@50
  Trainable parameters: 527,104 (total 988,416) [Net]
  Fold stamp: genes 42ff034debb48f84 all_pos 20be58a407d6aa9a meta 15e1a39cf91a5615
  epoch  10 | loss 0.2115 | val ndcg@50 0.0616 AUPR 0.2273
  epoch  20 | loss 0.1312 | val ndcg@50 0.0548 AUPR 0.1756
  epoch  30 | loss 0.1349 | val ndcg@50 0.0569 AUPR 0.1751
  epoch  40 | loss 0.1465 | val ndcg@50 0.0572 AUPR 0.1724
  epoch  50 | loss 0.1506 | val ndcg@50 0.0522 AUPR 0.1692
  Early stopping at epoch 50
  Best fold 3: AUPR=0.1872, AUROC=0.4864, F1=0.3282

============================================================
Fold 4/5
============================================================
Train positives: 11416 | Val: 3532 pos, 15039 neg | Test: 7218 pos, 34594 neg | select on val:ndcg@50
  Trainable parameters: 527,104 (total 988,416) [Net]
  Fold stamp: genes 42ff034debb48f84 all_pos 20be58a407d6aa9a meta 15e1a39cf91a5615
  epoch  10 | loss 0.1847 | val ndcg@50 0.1045 AUPR 0.1996
  epoch  20 | loss 0.1592 | val ndcg@50 0.1138 AUPR 0.1918
  epoch  30 | loss 0.1761 | val ndcg@50 0.1126 AUPR 0.1940
  epoch  40 | loss 0.1840 | val ndcg@50 0.1121 AUPR 0.1902
  epoch  50 | loss 0.1873 | val ndcg@50 0.1083 AUPR 0.1833
  epoch  60 | loss 0.1870 | val ndcg@50 0.1135 AUPR 0.1955
  Early stopping at epoch 60
  Best fold 4: AUPR=0.1988, AUROC=0.5316, F1=0.3021

============================================================
Fold 5/5
============================================================
Train positives: 11309 | Val: 4340 pos, 11757 neg | Test: 6517 pos, 38733 neg | select on val:ndcg@50
  Trainable parameters: 527,104 (total 988,416) [Net]
  Fold stamp: genes 42ff034debb48f84 all_pos 20be58a407d6aa9a meta 15e1a39cf91a5615
  epoch  10 | loss 0.1911 | val ndcg@50 0.0417 AUPR 0.2367
  epoch  20 | loss 0.1494 | val ndcg@50 0.0578 AUPR 0.2210
  epoch  30 | loss 0.1578 | val ndcg@50 0.0510 AUPR 0.2096
  epoch  40 | loss 0.1651 | val ndcg@50 0.0513 AUPR 0.2112
  epoch  50 | loss 0.1657 | val ndcg@50 0.0508 AUPR 0.2085
  epoch  60 | loss 0.1665 | val ndcg@50 0.0556 AUPR 0.2125
  Early stopping at epoch 60
  Best fold 5: AUPR=0.1514, AUROC=0.4969, F1=0.2518

============================================================
Cross-validation results:
============================================================
  auroc         : 0.5173 +/- 0.0646
  f1            : 0.3090 +/- 0.0333
  aupr          : 0.2024 +/- 0.0444
  ndcg@10       : 0.1603 +/- 0.0780
  ndcg@20       : 0.1709 +/- 0.0792
  ndcg@50       : 0.1834 +/- 0.0826
  recall@10     : 0.1879 +/- 0.1139
  recall@20     : 0.2104 +/- 0.1184
  recall@50     : 0.2339 +/- 0.1253
  precision@10  : 0.1932 +/- 0.1147
  precision@20  : 0.2133 +/- 0.1186
  precision@50  : 0.2348 +/- 0.1253
  map@10        : 0.1444 +/- 0.0657
  map@20        : 0.1440 +/- 0.0644
  map@50        : 0.1408 +/- 0.0633

Results saved to results/nsf4sl_cv2/results.json
--- scoring NSF4SL / cv2 ---
  fold 0: AUROC 0.6324 AP 0.2853 AUPRG 0.6563 NDCG@10 0.2566 (corrected 0.2481)
  fold 1: AUROC 0.4394 AP 0.1894 AUPRG -0.2202 NDCG@10 0.0484 (corrected 0.0367)
  fold 2: AUROC 0.4864 AP 0.1872 AUPRG -0.0350 NDCG@10 0.0930 (corrected 0.0831)
  fold 3: AUROC 0.5316 AP 0.1989 AUPRG 0.1632 NDCG@10 0.2200 (corrected 0.1978)
  fold 4: AUROC 0.4969 AP 0.1515 AUPRG 0.0905 NDCG@10 0.1834 (corrected 0.1507)

NSF4SL(527,104)/cv2: AUROC 0.5173 | AP 0.2025 | AUPRG 0.1310 | R@50 0.2339  -> sl_comparison/results/NSF4SL_cv2.json

==================================================
SUCCESS: NSF4SL / cv2
Completed at: Fri Aug 28 10:05:15 EDT 2026
==================================================
