==================================================
SL comparison — task 3 of 9
  Model: SLGNN
  CV:    cv2
Start: Fri Aug 28 09:57:16 EDT 2026 | Job: 1177330 | Node: gpu3
==================================================
--- training SLGNN / cv2 ---
Device: cuda
Shared folds from ../sl_comparison/folds/cv2: 5 folds, 8844 genes
Genes: 8844 | features: 512d | matched 8844/8844

============================================================
Fold 1/5
============================================================
Train: 13369 pos, 55161 neg | Val: 2772 pos, 11815 neg | Test: 6025 pos, 39728 neg
  Trainable parameters: 924,928 (total 924,928) [SLGNN]
  Fold stamp: genes 42ff034debb48f84 all_pos 20be58a407d6aa9a meta 15e1a39cf91a5615
  epoch   5 | loss 3.4714 cor 0.5616 | val AUROC 0.5225 AUPR 0.1966
  epoch  10 | loss 2.2191 cor 0.5475 | val AUROC 0.5270 AUPR 0.2030
  epoch  15 | loss 1.5972 cor 0.5338 | val AUROC 0.5324 AUPR 0.2098
  epoch  20 | loss 1.2824 cor 0.5215 | val AUROC 0.5287 AUPR 0.2106
  epoch  25 | loss 1.0513 cor 0.5107 | val AUROC 0.5305 AUPR 0.2141
  epoch  30 | loss 0.8836 cor 0.4993 | val AUROC 0.5345 AUPR 0.2185
  epoch  35 | loss 0.7702 cor 0.4885 | val AUROC 0.5351 AUPR 0.2209
  epoch  40 | loss 0.6961 cor 0.4781 | val AUROC 0.5375 AUPR 0.2237
  epoch  45 | loss 0.6350 cor 0.4703 | val AUROC 0.5379 AUPR 0.2256
  epoch  50 | loss 0.5971 cor 0.4655 | val AUROC 0.5372 AUPR 0.2264
  epoch  55 | loss 0.5562 cor 0.4610 | val AUROC 0.5367 AUPR 0.2271
  epoch  60 | loss 0.5236 cor 0.4585 | val AUROC 0.5369 AUPR 0.2284
  epoch  65 | loss 0.5134 cor 0.4582 | val AUROC 0.5402 AUPR 0.2306
  epoch  70 | loss 0.4861 cor 0.4584 | val AUROC 0.5411 AUPR 0.2316
  epoch  75 | loss 0.4775 cor 0.4592 | val AUROC 0.5380 AUPR 0.2305
  epoch  80 | loss 0.4575 cor 0.4608 | val AUROC 0.5403 AUPR 0.2325
  epoch  85 | loss 0.4476 cor 0.4611 | val AUROC 0.5392 AUPR 0.2320
  epoch  90 | loss 0.4420 cor 0.4616 | val AUROC 0.5374 AUPR 0.2311
  epoch  95 | loss 0.4315 cor 0.4620 | val AUROC 0.5392 AUPR 0.2327
  epoch 100 | loss 0.4280 cor 0.4629 | val AUROC 0.5387 AUPR 0.2324
  epoch 105 | loss 0.4199 cor 0.4633 | val AUROC 0.5390 AUPR 0.2331
  epoch 110 | loss 0.4156 cor 0.4642 | val AUROC 0.5394 AUPR 0.2330
  epoch 115 | loss 0.4068 cor 0.4644 | val AUROC 0.5378 AUPR 0.2321
  epoch 120 | loss 0.4016 cor 0.4638 | val AUROC 0.5388 AUPR 0.2331
  epoch 125 | loss 0.4005 cor 0.4632 | val AUROC 0.5395 AUPR 0.2335
  epoch 130 | loss 0.3954 cor 0.4630 | val AUROC 0.5396 AUPR 0.2335
  epoch 135 | loss 0.3910 cor 0.4617 | val AUROC 0.5387 AUPR 0.2332
  epoch 140 | loss 0.3899 cor 0.4604 | val AUROC 0.5395 AUPR 0.2334
  epoch 145 | loss 0.3892 cor 0.4599 | val AUROC 0.5381 AUPR 0.2323
  epoch 150 | loss 0.3834 cor 0.4590 | val AUROC 0.5396 AUPR 0.2332
  epoch 155 | loss 0.3792 cor 0.4587 | val AUROC 0.5395 AUPR 0.2336
  epoch 160 | loss 0.3781 cor 0.4579 | val AUROC 0.5374 AUPR 0.2320
  epoch 165 | loss 0.3742 cor 0.4575 | val AUROC 0.5389 AUPR 0.2328
  epoch 170 | loss 0.3693 cor 0.4563 | val AUROC 0.5393 AUPR 0.2328
  epoch 175 | loss 0.3674 cor 0.4543 | val AUROC 0.5384 AUPR 0.2322
  epoch 180 | loss 0.3659 cor 0.4529 | val AUROC 0.5385 AUPR 0.2320
  epoch 185 | loss 0.3661 cor 0.4518 | val AUROC 0.5377 AUPR 0.2314
  epoch 190 | loss 0.3621 cor 0.4505 | val AUROC 0.5362 AUPR 0.2305
  epoch 195 | loss 0.3592 cor 0.4491 | val AUROC 0.5374 AUPR 0.2310
  epoch 200 | loss 0.3571 cor 0.4481 | val AUROC 0.5383 AUPR 0.2315
  epoch 205 | loss 0.3553 cor 0.4460 | val AUROC 0.5389 AUPR 0.2317
  Early stopping at epoch 205
  Best fold 1: AUPR=0.1485, AUROC=0.5252, F1=0.2328

============================================================
Fold 2/5
============================================================
Train: 9745 pos, 53347 neg | Val: 2037 pos, 15111 neg | Test: 10384 pos, 38246 neg
  Trainable parameters: 924,928 (total 924,928) [SLGNN]
  Fold stamp: genes 42ff034debb48f84 all_pos 20be58a407d6aa9a meta 15e1a39cf91a5615
  epoch   5 | loss 3.4823 cor 0.4744 | val AUROC 0.5132 AUPR 0.1186
  epoch  10 | loss 2.2138 cor 0.4752 | val AUROC 0.5091 AUPR 0.1182
  epoch  15 | loss 1.5398 cor 0.4661 | val AUROC 0.5145 AUPR 0.1216
  epoch  20 | loss 1.2126 cor 0.4587 | val AUROC 0.5082 AUPR 0.1218
  epoch  25 | loss 1.0181 cor 0.4514 | val AUROC 0.5068 AUPR 0.1233
  epoch  30 | loss 0.8642 cor 0.4455 | val AUROC 0.5107 AUPR 0.1260
  epoch  35 | loss 0.7508 cor 0.4412 | val AUROC 0.5098 AUPR 0.1273
  epoch  40 | loss 0.6837 cor 0.4389 | val AUROC 0.5041 AUPR 0.1266
  epoch  45 | loss 0.6372 cor 0.4373 | val AUROC 0.5057 AUPR 0.1281
  epoch  50 | loss 0.5971 cor 0.4365 | val AUROC 0.5033 AUPR 0.1281
  epoch  55 | loss 0.5596 cor 0.4366 | val AUROC 0.5008 AUPR 0.1274
  epoch  60 | loss 0.5383 cor 0.4371 | val AUROC 0.4999 AUPR 0.1276
  epoch  65 | loss 0.5180 cor 0.4385 | val AUROC 0.5006 AUPR 0.1282
  epoch  70 | loss 0.5006 cor 0.4394 | val AUROC 0.5000 AUPR 0.1284
  epoch  75 | loss 0.4926 cor 0.4404 | val AUROC 0.5014 AUPR 0.1289
  epoch  80 | loss 0.4824 cor 0.4409 | val AUROC 0.5018 AUPR 0.1292
  epoch  85 | loss 0.4612 cor 0.4407 | val AUROC 0.4992 AUPR 0.1283
  epoch  90 | loss 0.4583 cor 0.4408 | val AUROC 0.5001 AUPR 0.1287
  epoch  95 | loss 0.4512 cor 0.4405 | val AUROC 0.4995 AUPR 0.1283
  epoch 100 | loss 0.4472 cor 0.4402 | val AUROC 0.4993 AUPR 0.1282
  epoch 105 | loss 0.4396 cor 0.4401 | val AUROC 0.5001 AUPR 0.1284
  epoch 110 | loss 0.4338 cor 0.4393 | val AUROC 0.4997 AUPR 0.1284
  epoch 115 | loss 0.4246 cor 0.4380 | val AUROC 0.4979 AUPR 0.1278
  epoch 120 | loss 0.4213 cor 0.4364 | val AUROC 0.4981 AUPR 0.1279
  epoch 125 | loss 0.4180 cor 0.4344 | val AUROC 0.4991 AUPR 0.1281
  epoch 130 | loss 0.4095 cor 0.4325 | val AUROC 0.4995 AUPR 0.1281
  Early stopping at epoch 130
  Best fold 2: AUPR=0.2377, AUROC=0.5116, F1=0.3519

============================================================
Fold 3/5
============================================================
Train: 9031 pos, 54664 neg | Val: 3407 pos, 11230 neg | Test: 9728 pos, 40810 neg
  Trainable parameters: 924,928 (total 924,928) [SLGNN]
  Fold stamp: genes 42ff034debb48f84 all_pos 20be58a407d6aa9a meta 15e1a39cf91a5615
  epoch   5 | loss 3.6876 cor 0.6164 | val AUROC 0.5197 AUPR 0.2498
  epoch  10 | loss 2.2888 cor 0.6208 | val AUROC 0.5199 AUPR 0.2536
  epoch  15 | loss 1.6408 cor 0.6213 | val AUROC 0.5177 AUPR 0.2549
  epoch  20 | loss 1.3094 cor 0.6159 | val AUROC 0.5266 AUPR 0.2613
  epoch  25 | loss 1.0782 cor 0.6102 | val AUROC 0.5258 AUPR 0.2622
  epoch  30 | loss 0.9220 cor 0.6062 | val AUROC 0.5293 AUPR 0.2666
  epoch  35 | loss 0.7970 cor 0.6026 | val AUROC 0.5286 AUPR 0.2680
  epoch  40 | loss 0.7276 cor 0.5994 | val AUROC 0.5290 AUPR 0.2698
  epoch  45 | loss 0.6625 cor 0.5964 | val AUROC 0.5255 AUPR 0.2695
  epoch  50 | loss 0.6170 cor 0.5928 | val AUROC 0.5253 AUPR 0.2705
  epoch  55 | loss 0.5844 cor 0.5913 | val AUROC 0.5286 AUPR 0.2736
  epoch  60 | loss 0.5647 cor 0.5908 | val AUROC 0.5301 AUPR 0.2749
  epoch  65 | loss 0.5346 cor 0.5902 | val AUROC 0.5308 AUPR 0.2759
  epoch  70 | loss 0.5173 cor 0.5898 | val AUROC 0.5302 AUPR 0.2762
  epoch  75 | loss 0.5043 cor 0.5898 | val AUROC 0.5300 AUPR 0.2766
  epoch  80 | loss 0.4908 cor 0.5887 | val AUROC 0.5316 AUPR 0.2779
  epoch  85 | loss 0.4771 cor 0.5873 | val AUROC 0.5308 AUPR 0.2775
  epoch  90 | loss 0.4679 cor 0.5860 | val AUROC 0.5308 AUPR 0.2777
  epoch  95 | loss 0.4630 cor 0.5847 | val AUROC 0.5322 AUPR 0.2786
  epoch 100 | loss 0.4532 cor 0.5824 | val AUROC 0.5297 AUPR 0.2772
  epoch 105 | loss 0.4509 cor 0.5806 | val AUROC 0.5325 AUPR 0.2790
  epoch 110 | loss 0.4442 cor 0.5787 | val AUROC 0.5313 AUPR 0.2786
  epoch 115 | loss 0.4376 cor 0.5760 | val AUROC 0.5319 AUPR 0.2789
  epoch 120 | loss 0.4317 cor 0.5739 | val AUROC 0.5299 AUPR 0.2776
  epoch 125 | loss 0.4312 cor 0.5715 | val AUROC 0.5292 AUPR 0.2771
  epoch 130 | loss 0.4294 cor 0.5690 | val AUROC 0.5287 AUPR 0.2768
  epoch 135 | loss 0.4227 cor 0.5673 | val AUROC 0.5288 AUPR 0.2769
  epoch 140 | loss 0.4199 cor 0.5650 | val AUROC 0.5294 AUPR 0.2774
  epoch 145 | loss 0.4173 cor 0.5621 | val AUROC 0.5295 AUPR 0.2777
  epoch 150 | loss 0.4123 cor 0.5595 | val AUROC 0.5297 AUPR 0.2777
  epoch 155 | loss 0.4102 cor 0.5563 | val AUROC 0.5287 AUPR 0.2769
  Early stopping at epoch 155
  Best fold 3: AUPR=0.2047, AUROC=0.4972, F1=0.3230

============================================================
Fold 4/5
============================================================
Train: 11416 pos, 57071 neg | Val: 3532 pos, 15039 neg | Test: 7218 pos, 34594 neg
  Trainable parameters: 924,928 (total 924,928) [SLGNN]
  Fold stamp: genes 42ff034debb48f84 all_pos 20be58a407d6aa9a meta 15e1a39cf91a5615
  epoch   5 | loss 3.4710 cor 0.5757 | val AUROC 0.5128 AUPR 0.2006
  epoch  10 | loss 2.2096 cor 0.5745 | val AUROC 0.5162 AUPR 0.2051
  epoch  15 | loss 1.5964 cor 0.5713 | val AUROC 0.5297 AUPR 0.2158
  epoch  20 | loss 1.2756 cor 0.5666 | val AUROC 0.5316 AUPR 0.2197
  epoch  25 | loss 1.0625 cor 0.5618 | val AUROC 0.5311 AUPR 0.2216
  epoch  30 | loss 0.9187 cor 0.5564 | val AUROC 0.5260 AUPR 0.2205
  epoch  35 | loss 0.8038 cor 0.5539 | val AUROC 0.5285 AUPR 0.2232
  epoch  40 | loss 0.7309 cor 0.5535 | val AUROC 0.5247 AUPR 0.2223
  epoch  45 | loss 0.6653 cor 0.5541 | val AUROC 0.5241 AUPR 0.2232
  epoch  50 | loss 0.6304 cor 0.5543 | val AUROC 0.5225 AUPR 0.2233
  epoch  55 | loss 0.5977 cor 0.5534 | val AUROC 0.5218 AUPR 0.2239
  epoch  60 | loss 0.5606 cor 0.5535 | val AUROC 0.5184 AUPR 0.2226
  epoch  65 | loss 0.5414 cor 0.5538 | val AUROC 0.5190 AUPR 0.2239
  epoch  70 | loss 0.5204 cor 0.5546 | val AUROC 0.5213 AUPR 0.2258
  epoch  75 | loss 0.5068 cor 0.5554 | val AUROC 0.5200 AUPR 0.2253
  epoch  80 | loss 0.4958 cor 0.5566 | val AUROC 0.5193 AUPR 0.2252
  epoch  85 | loss 0.4858 cor 0.5577 | val AUROC 0.5206 AUPR 0.2264
  epoch  90 | loss 0.4753 cor 0.5586 | val AUROC 0.5222 AUPR 0.2273
  epoch  95 | loss 0.4701 cor 0.5599 | val AUROC 0.5212 AUPR 0.2267
  epoch 100 | loss 0.4616 cor 0.5602 | val AUROC 0.5204 AUPR 0.2266
  epoch 105 | loss 0.4501 cor 0.5599 | val AUROC 0.5210 AUPR 0.2273
  epoch 110 | loss 0.4445 cor 0.5601 | val AUROC 0.5217 AUPR 0.2279
  epoch 115 | loss 0.4423 cor 0.5591 | val AUROC 0.5218 AUPR 0.2281
  epoch 120 | loss 0.4327 cor 0.5572 | val AUROC 0.5210 AUPR 0.2273
  epoch 125 | loss 0.4321 cor 0.5552 | val AUROC 0.5206 AUPR 0.2269
  epoch 130 | loss 0.4276 cor 0.5534 | val AUROC 0.5202 AUPR 0.2268
  epoch 135 | loss 0.4242 cor 0.5516 | val AUROC 0.5206 AUPR 0.2268
  epoch 140 | loss 0.4218 cor 0.5495 | val AUROC 0.5225 AUPR 0.2276
  epoch 145 | loss 0.4156 cor 0.5475 | val AUROC 0.5214 AUPR 0.2267
  epoch 150 | loss 0.4120 cor 0.5446 | val AUROC 0.5199 AUPR 0.2260
  epoch 155 | loss 0.4094 cor 0.5417 | val AUROC 0.5204 AUPR 0.2261
  epoch 160 | loss 0.4073 cor 0.5382 | val AUROC 0.5201 AUPR 0.2259
  epoch 165 | loss 0.4053 cor 0.5351 | val AUROC 0.5190 AUPR 0.2251
  Early stopping at epoch 165
  Best fold 4: AUPR=0.1815, AUROC=0.5032, F1=0.2945

============================================================
Fold 5/5
============================================================
Train: 11309 pos, 56214 neg | Val: 4340 pos, 11757 neg | Test: 6517 pos, 38733 neg
  Trainable parameters: 924,928 (total 924,928) [SLGNN]
  Fold stamp: genes 42ff034debb48f84 all_pos 20be58a407d6aa9a meta 15e1a39cf91a5615
  epoch   5 | loss 3.4845 cor 0.4848 | val AUROC 0.5085 AUPR 0.2853
  epoch  10 | loss 2.2462 cor 0.4807 | val AUROC 0.5133 AUPR 0.2944
  epoch  15 | loss 1.6416 cor 0.4730 | val AUROC 0.5147 AUPR 0.3011
  epoch  20 | loss 1.2913 cor 0.4653 | val AUROC 0.5186 AUPR 0.3081
  epoch  25 | loss 1.0599 cor 0.4600 | val AUROC 0.5142 AUPR 0.3079
  epoch  30 | loss 0.9032 cor 0.4558 | val AUROC 0.5169 AUPR 0.3109
  epoch  35 | loss 0.7881 cor 0.4529 | val AUROC 0.5163 AUPR 0.3112
  epoch  40 | loss 0.7124 cor 0.4495 | val AUROC 0.5158 AUPR 0.3116
  epoch  45 | loss 0.6542 cor 0.4471 | val AUROC 0.5145 AUPR 0.3121
  epoch  50 | loss 0.6090 cor 0.4473 | val AUROC 0.5130 AUPR 0.3125
  epoch  55 | loss 0.5663 cor 0.4482 | val AUROC 0.5124 AUPR 0.3130
  epoch  60 | loss 0.5477 cor 0.4500 | val AUROC 0.5117 AUPR 0.3133
  epoch  65 | loss 0.5241 cor 0.4526 | val AUROC 0.5137 AUPR 0.3155
  epoch  70 | loss 0.5008 cor 0.4558 | val AUROC 0.5124 AUPR 0.3151
  epoch  75 | loss 0.4876 cor 0.4589 | val AUROC 0.5109 AUPR 0.3144
  epoch  80 | loss 0.4769 cor 0.4615 | val AUROC 0.5102 AUPR 0.3147
  epoch  85 | loss 0.4714 cor 0.4641 | val AUROC 0.5110 AUPR 0.3152
  epoch  90 | loss 0.4610 cor 0.4667 | val AUROC 0.5129 AUPR 0.3163
  epoch  95 | loss 0.4540 cor 0.4696 | val AUROC 0.5119 AUPR 0.3157
  epoch 100 | loss 0.4497 cor 0.4720 | val AUROC 0.5103 AUPR 0.3153
  epoch 105 | loss 0.4399 cor 0.4748 | val AUROC 0.5106 AUPR 0.3155
  epoch 110 | loss 0.4368 cor 0.4782 | val AUROC 0.5118 AUPR 0.3159
  epoch 115 | loss 0.4306 cor 0.4811 | val AUROC 0.5117 AUPR 0.3158
  epoch 120 | loss 0.4246 cor 0.4828 | val AUROC 0.5098 AUPR 0.3146
  epoch 125 | loss 0.4218 cor 0.4841 | val AUROC 0.5114 AUPR 0.3157
  epoch 130 | loss 0.4186 cor 0.4860 | val AUROC 0.5133 AUPR 0.3171
  epoch 135 | loss 0.4107 cor 0.4876 | val AUROC 0.5130 AUPR 0.3172
  epoch 140 | loss 0.4091 cor 0.4884 | val AUROC 0.5108 AUPR 0.3156
  epoch 145 | loss 0.4092 cor 0.4884 | val AUROC 0.5125 AUPR 0.3170
  epoch 150 | loss 0.4031 cor 0.4891 | val AUROC 0.5142 AUPR 0.3180
  epoch 155 | loss 0.3998 cor 0.4890 | val AUROC 0.5151 AUPR 0.3183
  epoch 160 | loss 0.3987 cor 0.4881 | val AUROC 0.5137 AUPR 0.3176
  epoch 165 | loss 0.3934 cor 0.4871 | val AUROC 0.5146 AUPR 0.3180
  epoch 170 | loss 0.3911 cor 0.4860 | val AUROC 0.5142 AUPR 0.3178
  epoch 175 | loss 0.3880 cor 0.4843 | val AUROC 0.5145 AUPR 0.3177
  epoch 180 | loss 0.3857 cor 0.4825 | val AUROC 0.5147 AUPR 0.3182
  epoch 185 | loss 0.3829 cor 0.4804 | val AUROC 0.5142 AUPR 0.3176
  epoch 190 | loss 0.3807 cor 0.4781 | val AUROC 0.5151 AUPR 0.3186
  epoch 195 | loss 0.3781 cor 0.4758 | val AUROC 0.5157 AUPR 0.3189
  epoch 200 | loss 0.3771 cor 0.4736 | val AUROC 0.5149 AUPR 0.3189
  epoch 205 | loss 0.3737 cor 0.4711 | val AUROC 0.5156 AUPR 0.3191
  epoch 210 | loss 0.3720 cor 0.4690 | val AUROC 0.5157 AUPR 0.3186
  epoch 215 | loss 0.3697 cor 0.4663 | val AUROC 0.5168 AUPR 0.3194
  epoch 220 | loss 0.3700 cor 0.4642 | val AUROC 0.5153 AUPR 0.3185
  epoch 225 | loss 0.3670 cor 0.4625 | val AUROC 0.5160 AUPR 0.3189
  epoch 230 | loss 0.3618 cor 0.4603 | val AUROC 0.5157 AUPR 0.3188
  epoch 235 | loss 0.3622 cor 0.4581 | val AUROC 0.5156 AUPR 0.3187
  epoch 240 | loss 0.3601 cor 0.4556 | val AUROC 0.5150 AUPR 0.3181
  epoch 245 | loss 0.3583 cor 0.4527 | val AUROC 0.5163 AUPR 0.3195
  epoch 250 | loss 0.3556 cor 0.4498 | val AUROC 0.5161 AUPR 0.3188
  epoch 255 | loss 0.3539 cor 0.4469 | val AUROC 0.5162 AUPR 0.3189
  epoch 260 | loss 0.3515 cor 0.4439 | val AUROC 0.5172 AUPR 0.3199
  epoch 265 | loss 0.3495 cor 0.4410 | val AUROC 0.5164 AUPR 0.3196
  epoch 270 | loss 0.3494 cor 0.4382 | val AUROC 0.5161 AUPR 0.3193
  epoch 275 | loss 0.3463 cor 0.4353 | val AUROC 0.5164 AUPR 0.3197
  epoch 280 | loss 0.3441 cor 0.4328 | val AUROC 0.5160 AUPR 0.3196
  epoch 285 | loss 0.3437 cor 0.4302 | val AUROC 0.5169 AUPR 0.3196
  epoch 290 | loss 0.3409 cor 0.4272 | val AUROC 0.5165 AUPR 0.3197
  epoch 295 | loss 0.3384 cor 0.4245 | val AUROC 0.5169 AUPR 0.3201
  epoch 300 | loss 0.3383 cor 0.4215 | val AUROC 0.5176 AUPR 0.3201
  epoch 305 | loss 0.3352 cor 0.4181 | val AUROC 0.5173 AUPR 0.3200
  epoch 310 | loss 0.3339 cor 0.4149 | val AUROC 0.5168 AUPR 0.3197
  epoch 315 | loss 0.3333 cor 0.4119 | val AUROC 0.5158 AUPR 0.3191
  epoch 320 | loss 0.3307 cor 0.4088 | val AUROC 0.5172 AUPR 0.3203
  epoch 325 | loss 0.3290 cor 0.4056 | val AUROC 0.5168 AUPR 0.3203
  epoch 330 | loss 0.3292 cor 0.4028 | val AUROC 0.5157 AUPR 0.3187
  epoch 335 | loss 0.3252 cor 0.4001 | val AUROC 0.5175 AUPR 0.3206
  epoch 340 | loss 0.3242 cor 0.3971 | val AUROC 0.5159 AUPR 0.3193
  epoch 345 | loss 0.3224 cor 0.3945 | val AUROC 0.5166 AUPR 0.3197
  epoch 350 | loss 0.3209 cor 0.3920 | val AUROC 0.5160 AUPR 0.3195
  epoch 355 | loss 0.3192 cor 0.3890 | val AUROC 0.5168 AUPR 0.3200
  epoch 360 | loss 0.3184 cor 0.3860 | val AUROC 0.5173 AUPR 0.3202
  epoch 365 | loss 0.3166 cor 0.3830 | val AUROC 0.5166 AUPR 0.3197
  epoch 370 | loss 0.3141 cor 0.3801 | val AUROC 0.5163 AUPR 0.3189
  epoch 375 | loss 0.3133 cor 0.3770 | val AUROC 0.5159 AUPR 0.3185
  epoch 380 | loss 0.3107 cor 0.3738 | val AUROC 0.5163 AUPR 0.3193
  epoch 385 | loss 0.3109 cor 0.3711 | val AUROC 0.5165 AUPR 0.3196
  Early stopping at epoch 385
  Best fold 5: AUPR=0.1682, AUROC=0.5214, F1=0.2519

============================================================
Cross-validation results:
============================================================
  auroc         : 0.5117 +/- 0.0106
  f1            : 0.2908 +/- 0.0440
  aupr          : 0.1881 +/- 0.0308
  ndcg@10       : 0.0024 +/- 0.0012
  ndcg@20       : 0.0035 +/- 0.0012
  ndcg@50       : 0.0064 +/- 0.0019
  recall@10     : 0.0018 +/- 0.0008
  recall@20     : 0.0024 +/- 0.0008
  recall@50     : 0.0057 +/- 0.0018
  precision@10  : 0.0019 +/- 0.0008
  precision@20  : 0.0026 +/- 0.0008
  precision@50  : 0.0058 +/- 0.0018
  map@10        : 0.0018 +/- 0.0010
  map@20        : 0.0022 +/- 0.0010
  map@50        : 0.0026 +/- 0.0011

Results saved to results/slgnn_cv2/results.json
--- scoring SLGNN / cv2 ---
  fold 0: AUROC 0.5252 AP 0.1486 AUPRG 0.2312 NDCG@10 0.0025 (corrected 0.0012)
  fold 1: AUROC 0.5116 AP 0.2378 AUPRG 0.1428 NDCG@10 0.0014 (corrected 0.0008)
  fold 2: AUROC 0.4972 AP 0.2047 AUPRG 0.1221 NDCG@10 0.0016 (corrected 0.0007)
  fold 3: AUROC 0.5032 AP 0.1816 AUPRG 0.1151 NDCG@10 0.0046 (corrected 0.0023)
  fold 4: AUROC 0.5214 AP 0.1683 AUPRG 0.2581 NDCG@10 0.0019 (corrected 0.0012)

SLGNN(924,928)/cv2: AUROC 0.5117 | AP 0.1882 | AUPRG 0.1739 | R@50 0.0057  -> sl_comparison/results/SLGNN_cv2.json

==================================================
SUCCESS: SLGNN / cv2
Completed at: Fri Aug 28 10:00:40 EDT 2026
==================================================
