============================================================================
Job: ablation | ID: 1178680 | Node: gpu3
Array task: 17 (of job 1178680)
Start: Tue Sep  1 05:34:35 EDT 2026
NVIDIA L40, 46068 MiB, 34077 MiB
NVIDIA L40, 46068 MiB, 0 MiB
NVIDIA L40, 46068 MiB, 671 MiB
NVIDIA L40, 46068 MiB, 43379 MiB
============================================================================

============================================================================
ABLATION  task 17 of 18
  CV:      cv3
  Dropped: kg
============================================================================
  Surviving (5): geneformer+go2vec+ppi_raw+prot_t5+text_embed
  Output: results/ablate_no_kg_cv3
  Post-concat PCA: variance=0.8 (retained k varies with the modality set)

Using GPU: NVIDIA L40

Loading 5 modality file(s) [raw, preprocessing deferred to per-fold fit]:
Cell-line conditioning: ENABLED (masked multi-label, 8 heads)
    labeled pairs: 128,870 over 8,844 genes (dropped 0 with no known head)
    same-head SL/non-SL conflicts resolved by OR (label=SL): 1,876 pairs -> 2,171 head-cells [JURKAT 1,461, K562 406, HELA 125, OTHER 107, 293T 36, A549 30, A375 6]
    K562     known  91,937  pos  8,705  neg  83,232  (or-resolved   406)
    JURKAT   known  66,122  pos  2,617  neg  63,505  (or-resolved 1,461)
    A549     known   8,889  pos    314  neg   8,575  (or-resolved    30)
    HELA     known   5,931  pos  1,250  neg   4,681  (or-resolved   125)
    A375     known   2,509  pos  1,094  neg   1,415  (or-resolved     6)
    293T     known   2,438  pos    326  neg   2,112  (or-resolved    36)
    PC9      known   1,014  pos     68  neg     946  (or-resolved     0)
    OTHER    known  27,002  pos  8,721  neg  18,281  (or-resolved   107)
Loaded raw tensors for 19397 genes
Loaded 22166 positive SL pairs
SL pairs involve 5257 unique genes
============================================================
Siamese SL Training
Model: siamese
CV Type: cv3
Folds: 5
============================================================

Generating CV3 splits (pair-based, multi-label)...
  Fold 1: train 68,530 pairs/109,228 labels  val 697 pairs/1,128 labels  test 5,006 pairs/7,980 labels
  Fold 2: train 63,092 pairs/101,706 labels  val 1,012 pairs/1,584 labels  test 5,689 pairs/8,792 labels
  Fold 3: train 63,695 pairs/102,423 labels  val 778 pairs/1,071 labels  test 6,142 pairs/10,206 labels
  Fold 4: train 68,487 pairs/110,473 labels  val 1,057 pairs/1,573 labels  test 4,111 pairs/6,512 labels
  Fold 5: train 67,523 pairs/109,717 labels  val 890 pairs/1,213 labels  test 4,809 pairs/7,636 labels

============================================================
Training Fold 1
============================================================

[fold 0] fitting preprocessing [method=plain: mean → col-standardize+SVD → mean/std; scope=train] (+ post-concat PCA + renorm)
  Fit subset: 18641/19397 rows (96.1%)
  [geneformer] 1152d, 19397 genes, 135 missing
    mean-imputed 135/19397 genes (155520 NaN cells; locations fit on 18641 fit rows)
  [go2vec] 128d, 19397 genes, 606 missing
    mean-imputed 606/19397 genes (77568 NaN cells; locations fit on 18641 fit rows)
  [ppi_raw] 1024d, 19397 genes, 3467 missing
    mean-imputed 3467/19397 genes (3550208 NaN cells; locations fit on 18641 fit rows)
  [prot_t5] 1024d, 19397 genes, 317 missing
    mean-imputed 317/19397 genes (324608 NaN cells; locations fit on 18641 fit rows)
  [text_embed] 1024d, 19397 genes, 6 missing
    mean-imputed 6/19397 genes (6144 NaN cells; locations fit on 18641 fit rows)
    Variance target 80% on the correlation spectrum: 1303 components (explains 80.0% of 4352d)
    Plain PCA 4352d -> 1303d (80.0% variance, standardized)
[fold 0] fold embeddings: (19397, 1303)
Fold 1 input_dim: 1303
  Trainable parameters: 24,488 (total 24,488) [SiameseSLMultiCell]
  Fold stamp: genes 42ff034debb48f84 all_pos 20be58a407d6aa9a meta 15e1a39cf91a5615
  L1 λ=0.01 for encoder.hidden_blocks.0.0.weight
  L1 λ=0.0075 for encoder.hidden_blocks.1.0.weight
  L1 λ=0.005 for encoder.hidden_blocks.2.0.weight
  L1 λ=0.004 for encoder.hidden_blocks.3.0.weight
  L1 λ=0.0025 for encoder.hidden_blocks.4.0.weight
  L1 λ=0.0015 for encoder.hidden_blocks.5.0.weight
  L1 λ=0.001 for encoder.projection.weight

  cell-line metrics  [baseline | raw AUPR | norm AUPR | AUPRG]
    strat : 0.139 | 0.636 | 0.578 | 0.937   <- AUPRG selects
    any   : 0.220 | 0.614 | 0.506 | 0.827   (AUROC 0.741)
    macro : 0.178 | 0.521 | 0.435 | 0.433   (per-line avg)
    K562   : 0.176 | 0.785 | 0.739 | 0.958
    JURKAT : 0.073 | 0.081 | 0.009 | 0.247
    A549   : 0.000 | nan | nan | nan
    HELA   : 0.263 | 0.890 | 0.850 | 0.973
    A375   : 0.000 | nan | nan | nan
    293T   : 0.190 | 0.159 | -0.039 | -0.931
    PC9    : 0.000 | nan | nan | nan
    OTHER  : 0.188 | 0.689 | 0.617 | 0.916

  cell-line metrics  [baseline | raw AUPR | norm AUPR | AUPRG]
    strat : 0.139 | 0.711 | 0.664 | 0.952   <- AUPRG selects
    any   : 0.220 | 0.675 | 0.583 | 0.867   (AUROC 0.766)
    macro : 0.178 | 0.473 | 0.374 | 0.127   (per-line avg)
    K562   : 0.176 | 0.884 | 0.860 | 0.984
    JURKAT : 0.073 | 0.049 | -0.026 | -1.456
    A549   : 0.000 | nan | nan | nan
    HELA   : 0.263 | 0.748 | 0.658 | 0.886
    A375   : 0.000 | nan | nan | nan
    293T   : 0.190 | 0.183 | -0.009 | -0.592
    PC9    : 0.000 | nan | nan | nan
    OTHER  : 0.188 | 0.501 | 0.386 | 0.812

  cell-line metrics  [baseline | raw AUPR | norm AUPR | AUPRG]
    strat : 0.139 | 0.710 | 0.663 | 0.955   <- AUPRG selects
    any   : 0.220 | 0.691 | 0.605 | 0.887   (AUROC 0.806)
    macro : 0.178 | 0.494 | 0.403 | 0.626   (per-line avg)
    K562   : 0.176 | 0.883 | 0.858 | 0.983
    JURKAT : 0.073 | 0.078 | 0.006 | 0.239
    A549   : 0.000 | nan | nan | nan
    HELA   : 0.263 | 0.916 | 0.886 | 0.978
    A375   : 0.000 | nan | nan | nan
    293T   : 0.190 | 0.231 | 0.051 | 0.273
    PC9    : 0.000 | nan | nan | nan
    OTHER  : 0.188 | 0.363 | 0.216 | 0.654

Early stopping at epoch 420

  selected on val (auprg=0.9551 @ epoch 120); test scored once

Fold 1 Best (epoch 120): AUROC=0.8073, AUPR=0.4413, F1=0.4288
  Params: 23,216/24,488 nonzero | Weights: 21,688/22,960 nonzero (5.54% sparse)
    cell_emb.weight: 192/192 nonzero (0.0% sparse)
    encoder.hidden_blocks.0.0.weight: 19,970/21,232 nonzero (5.9% sparse)
    encoder.hidden_blocks.1.0.weight: 250/256 nonzero (2.3% sparse)
    encoder.hidden_blocks.2.0.weight: 253/256 nonzero (1.2% sparse)
    encoder.hidden_blocks.3.0.weight: 255/256 nonzero (0.4% sparse)
    encoder.hidden_blocks.4.0.weight: 256/256 nonzero (0.0% sparse)
    encoder.hidden_blocks.5.0.weight: 256/256 nonzero (0.0% sparse)
    encoder.projection.weight: 256/256 nonzero (0.0% sparse)
  [retrieval] index space: n=19397 num_genes=19397 num_p_genes=8844 (P-space differs from full space)
  Saved 8844x8844 shared-space score matrix -> fold_0_cv3_predictions.npy
  [retrieval] universe 19,397 genes (peers rank vs 8,844), 213 scored rows, 422 test-pos, 13,369 train-pos suppressed | fwd-check 9.54e-06 | NDCG@10 0.0774 NDCG@50 0.0893 R@50 0.1596 MAP@50 0.0573

============================================================
Training Fold 2
============================================================

[fold 1] fitting preprocessing [method=plain: mean → col-standardize+SVD → mean/std; scope=train] (+ post-concat PCA + renorm)
  Fit subset: 18067/19397 rows (93.1%)
  [geneformer] 1152d, 19397 genes, 135 missing
    mean-imputed 135/19397 genes (155520 NaN cells; locations fit on 18067 fit rows)
  [go2vec] 128d, 19397 genes, 606 missing
    mean-imputed 606/19397 genes (77568 NaN cells; locations fit on 18067 fit rows)
  [ppi_raw] 1024d, 19397 genes, 3467 missing
    mean-imputed 3467/19397 genes (3550208 NaN cells; locations fit on 18067 fit rows)
  [prot_t5] 1024d, 19397 genes, 317 missing
    mean-imputed 317/19397 genes (324608 NaN cells; locations fit on 18067 fit rows)
  [text_embed] 1024d, 19397 genes, 6 missing
    mean-imputed 6/19397 genes (6144 NaN cells; locations fit on 18067 fit rows)
    Variance target 80% on the correlation spectrum: 1292 components (explains 80.0% of 4352d)
    Plain PCA 4352d -> 1292d (80.0% variance, standardized)
[fold 1] fold embeddings: (19397, 1292)
Fold 2 input_dim: 1292
  Trainable parameters: 24,301 (total 24,301) [SiameseSLMultiCell]
  Fold stamp: genes 42ff034debb48f84 all_pos 20be58a407d6aa9a meta 15e1a39cf91a5615
  L1 λ=0.01 for encoder.hidden_blocks.0.0.weight
  L1 λ=0.0075 for encoder.hidden_blocks.1.0.weight
  L1 λ=0.005 for encoder.hidden_blocks.2.0.weight
  L1 λ=0.004 for encoder.hidden_blocks.3.0.weight
  L1 λ=0.0025 for encoder.hidden_blocks.4.0.weight
  L1 λ=0.0015 for encoder.hidden_blocks.5.0.weight
  L1 λ=0.001 for encoder.projection.weight

  cell-line metrics  [baseline | raw AUPR | norm AUPR | AUPRG]
    strat : 0.057 | 0.133 | 0.080 | 0.748   <- AUPRG selects
    any   : 0.086 | 0.133 | 0.051 | 0.491   (AUROC 0.579)
    macro : 0.125 | 0.273 | 0.167 | 0.422   (per-line avg)
    K562   : 0.090 | 0.176 | 0.095 | 0.625
    JURKAT : 0.038 | 0.065 | 0.028 | 0.109
    A549   : 0.000 | nan | nan | nan
    HELA   : 0.121 | 0.601 | 0.546 | 0.953
    A375   : 0.000 | nan | nan | nan
    293T   : 0.000 | nan | nan | nan
    PC9    : 0.250 | 0.250 | 0.000 | 0.000
    OTHER  : 0.000 | nan | nan | nan

  cell-line metrics  [baseline | raw AUPR | norm AUPR | AUPRG]
    strat : 0.057 | 0.159 | 0.108 | 0.763   <- AUPRG selects
    any   : 0.086 | 0.147 | 0.067 | 0.453   (AUROC 0.574)
    macro : 0.125 | 0.338 | 0.253 | 0.646   (per-line avg)
    K562   : 0.090 | 0.228 | 0.152 | 0.667
    JURKAT : 0.038 | 0.057 | 0.020 | 0.333
    A549   : 0.000 | nan | nan | nan
    HELA   : 0.121 | 0.565 | 0.505 | 0.918
    A375   : 0.000 | nan | nan | nan
    293T   : 0.000 | nan | nan | nan
    PC9    : 0.250 | 0.500 | 0.333 | 0.667
    OTHER  : 0.000 | nan | nan | nan

  cell-line metrics  [baseline | raw AUPR | norm AUPR | AUPRG]
    strat : 0.057 | 0.295 | 0.252 | 0.926   <- AUPRG selects
    any   : 0.086 | 0.225 | 0.152 | 0.741   (AUROC 0.627)
    macro : 0.125 | 0.279 | 0.177 | 0.619   (per-line avg)
    K562   : 0.090 | 0.390 | 0.330 | 0.909
    JURKAT : 0.038 | 0.050 | 0.012 | 0.487
    A549   : 0.000 | nan | nan | nan
    HELA   : 0.121 | 0.344 | 0.253 | 0.746
    A375   : 0.000 | nan | nan | nan
    293T   : 0.000 | nan | nan | nan
    PC9    : 0.250 | 0.333 | 0.111 | 0.333
    OTHER  : 0.000 | nan | nan | nan

  cell-line metrics  [baseline | raw AUPR | norm AUPR | AUPRG]
    strat : 0.057 | 0.325 | 0.284 | 0.943   <- AUPRG selects
    any   : 0.086 | 0.184 | 0.107 | 0.626   (AUROC 0.606)
    macro : 0.125 | 0.331 | 0.235 | 0.458   (per-line avg)
    K562   : 0.090 | 0.424 | 0.368 | 0.925
    JURKAT : 0.038 | 0.059 | 0.022 | -0.359
    A549   : 0.000 | nan | nan | nan
    HELA   : 0.121 | 0.507 | 0.439 | 0.934
    A375   : 0.000 | nan | nan | nan
    293T   : 0.000 | nan | nan | nan
    PC9    : 0.250 | 0.333 | 0.111 | 0.333
    OTHER  : 0.000 | nan | nan | nan

Early stopping at epoch 450

  selected on val (auprg=0.9430 @ epoch 150); test scored once

Fold 2 Best (epoch 150): AUROC=0.6995, AUPR=0.4652, F1=0.4581
  Params: 23,950/24,301 nonzero | Weights: 22,433/22,784 nonzero (1.54% sparse)
    cell_emb.weight: 192/192 nonzero (0.0% sparse)
    encoder.hidden_blocks.0.0.weight: 20,705/21,056 nonzero (1.7% sparse)
    encoder.hidden_blocks.1.0.weight: 256/256 nonzero (0.0% sparse)
    encoder.hidden_blocks.2.0.weight: 256/256 nonzero (0.0% sparse)
    encoder.hidden_blocks.3.0.weight: 256/256 nonzero (0.0% sparse)
    encoder.hidden_blocks.4.0.weight: 256/256 nonzero (0.0% sparse)
    encoder.hidden_blocks.5.0.weight: 256/256 nonzero (0.0% sparse)
    encoder.projection.weight: 256/256 nonzero (0.0% sparse)
  [retrieval] index space: n=19397 num_genes=19397 num_p_genes=8844 (P-space differs from full space)
  Saved 8844x8844 shared-space score matrix -> fold_1_cv3_predictions.npy
  [retrieval] universe 19,397 genes (peers rank vs 8,844), 921 scored rows, 1,502 test-pos, 9,745 train-pos suppressed | fwd-check 7.63e-06 | NDCG@10 0.0000 NDCG@50 0.0082 R@50 0.0127 MAP@50 0.0020

============================================================
Training Fold 3
============================================================

[fold 2] fitting preprocessing [method=plain: mean → col-standardize+SVD → mean/std; scope=train] (+ post-concat PCA + renorm)
  Fit subset: 18334/19397 rows (94.5%)
  [geneformer] 1152d, 19397 genes, 135 missing
    mean-imputed 135/19397 genes (155520 NaN cells; locations fit on 18334 fit rows)
  [go2vec] 128d, 19397 genes, 606 missing
    mean-imputed 606/19397 genes (77568 NaN cells; locations fit on 18334 fit rows)
  [ppi_raw] 1024d, 19397 genes, 3467 missing
    mean-imputed 3467/19397 genes (3550208 NaN cells; locations fit on 18334 fit rows)
  [prot_t5] 1024d, 19397 genes, 317 missing
    mean-imputed 317/19397 genes (324608 NaN cells; locations fit on 18334 fit rows)
  [text_embed] 1024d, 19397 genes, 6 missing
    mean-imputed 6/19397 genes (6144 NaN cells; locations fit on 18334 fit rows)
    Variance target 80% on the correlation spectrum: 1296 components (explains 80.0% of 4352d)
    Plain PCA 4352d -> 1296d (80.0% variance, standardized)
[fold 2] fold embeddings: (19397, 1296)
Fold 3 input_dim: 1296
  Trainable parameters: 24,369 (total 24,369) [SiameseSLMultiCell]
  Fold stamp: genes 42ff034debb48f84 all_pos 20be58a407d6aa9a meta 15e1a39cf91a5615
  L1 λ=0.01 for encoder.hidden_blocks.0.0.weight
  L1 λ=0.0075 for encoder.hidden_blocks.1.0.weight
  L1 λ=0.005 for encoder.hidden_blocks.2.0.weight
  L1 λ=0.004 for encoder.hidden_blocks.3.0.weight
  L1 λ=0.0025 for encoder.hidden_blocks.4.0.weight
  L1 λ=0.0015 for encoder.hidden_blocks.5.0.weight
  L1 λ=0.001 for encoder.projection.weight

  cell-line metrics  [baseline | raw AUPR | norm AUPR | AUPRG]
    strat : 0.231 | 0.478 | 0.321 | 0.508   <- AUPRG selects
    any   : 0.315 | 0.506 | 0.279 | 0.193   (AUROC 0.576)
    macro : 0.218 | 0.403 | 0.219 | 0.397   (per-line avg)
    K562   : 0.181 | 0.676 | 0.605 | 0.924
    JURKAT : 0.006 | 0.020 | 0.013 | 0.684
    A549   : 0.014 | 0.014 | -0.000 | 0.000
    HELA   : 0.164 | 0.787 | 0.746 | 0.976
    A375   : 0.000 | nan | nan | nan
    293T   : 0.500 | 0.450 | -0.100 | -0.178
    PC9    : 0.000 | nan | nan | nan
    OTHER  : 0.446 | 0.473 | 0.048 | -0.021

  cell-line metrics  [baseline | raw AUPR | norm AUPR | AUPRG]
    strat : 0.231 | 0.581 | 0.456 | 0.731   <- AUPRG selects
    any   : 0.315 | 0.590 | 0.401 | 0.473   (AUROC 0.688)
    macro : 0.218 | 0.518 | 0.372 | 0.633   (per-line avg)
    K562   : 0.181 | 0.799 | 0.755 | 0.966
    JURKAT : 0.006 | 0.020 | 0.013 | 0.684
    A549   : 0.014 | 0.250 | 0.240 | 0.959
    HELA   : 0.164 | 0.919 | 0.903 | 0.991
    A375   : 0.000 | nan | nan | nan
    293T   : 0.500 | 0.536 | 0.071 | -0.138
    PC9    : 0.000 | nan | nan | nan
    OTHER  : 0.446 | 0.583 | 0.247 | 0.335

  cell-line metrics  [baseline | raw AUPR | norm AUPR | AUPRG]
    strat : 0.231 | 0.675 | 0.578 | 0.843   <- AUPRG selects
    any   : 0.315 | 0.614 | 0.436 | 0.670   (AUROC 0.778)
    macro : 0.218 | 0.562 | 0.432 | 0.687   (per-line avg)
    K562   : 0.181 | 0.819 | 0.779 | 0.971
    JURKAT : 0.006 | 0.019 | 0.013 | 0.671
    A549   : 0.014 | 0.500 | 0.493 | 0.986
    HELA   : 0.164 | 0.761 | 0.715 | 0.970
    A375   : 0.000 | nan | nan | nan
    293T   : 0.500 | 0.520 | 0.041 | -0.203
    PC9    : 0.000 | nan | nan | nan
    OTHER  : 0.446 | 0.752 | 0.552 | 0.726

  cell-line metrics  [baseline | raw AUPR | norm AUPR | AUPRG]
    strat : 0.231 | 0.670 | 0.570 | 0.855   <- AUPRG selects
    any   : 0.315 | 0.681 | 0.534 | 0.770   (AUROC 0.809)
    macro : 0.218 | 0.488 | 0.335 | 0.573   (per-line avg)
    K562   : 0.181 | 0.927 | 0.911 | 0.992
    JURKAT : 0.006 | 0.011 | 0.004 | 0.418
    A549   : 0.014 | 0.043 | 0.030 | 0.699
    HELA   : 0.164 | 0.878 | 0.854 | 0.990
    A375   : 0.000 | nan | nan | nan
    293T   : 0.500 | 0.423 | -0.154 | -0.150
    PC9    : 0.000 | nan | nan | nan
    OTHER  : 0.446 | 0.649 | 0.366 | 0.487

Early stopping at epoch 690

  selected on val (auprg=0.8548 @ epoch 390); test scored once

Fold 3 Best (epoch 390): AUROC=0.7103, AUPR=0.3393, F1=0.3403
  Params: 21,686/24,369 nonzero | Weights: 20,165/22,848 nonzero (11.74% sparse)
    cell_emb.weight: 192/192 nonzero (0.0% sparse)
    encoder.hidden_blocks.0.0.weight: 18,522/21,120 nonzero (12.3% sparse)
    encoder.hidden_blocks.1.0.weight: 248/256 nonzero (3.1% sparse)
    encoder.hidden_blocks.2.0.weight: 250/256 nonzero (2.3% sparse)
    encoder.hidden_blocks.3.0.weight: 250/256 nonzero (2.3% sparse)
    encoder.hidden_blocks.4.0.weight: 255/256 nonzero (0.4% sparse)
    encoder.hidden_blocks.5.0.weight: 256/256 nonzero (0.0% sparse)
    encoder.projection.weight: 192/256 nonzero (25.0% sparse)
  [retrieval] index space: n=19397 num_genes=19397 num_p_genes=8844 (P-space differs from full space)
  Saved 8844x8844 shared-space score matrix -> fold_2_cv3_predictions.npy
  [retrieval] universe 19,397 genes (peers rank vs 8,844), 499 scored rows, 1,307 test-pos, 9,031 train-pos suppressed | fwd-check 5.72e-06 | NDCG@10 0.0020 NDCG@50 0.0160 R@50 0.0185 MAP@50 0.0054

============================================================
Training Fold 4
============================================================

[fold 3] fitting preprocessing [method=plain: mean → col-standardize+SVD → mean/std; scope=train] (+ post-concat PCA + renorm)
  Fit subset: 18522/19397 rows (95.5%)
  [geneformer] 1152d, 19397 genes, 135 missing
    mean-imputed 135/19397 genes (155520 NaN cells; locations fit on 18522 fit rows)
  [go2vec] 128d, 19397 genes, 606 missing
    mean-imputed 606/19397 genes (77568 NaN cells; locations fit on 18522 fit rows)
  [ppi_raw] 1024d, 19397 genes, 3467 missing
    mean-imputed 3467/19397 genes (3550208 NaN cells; locations fit on 18522 fit rows)
  [prot_t5] 1024d, 19397 genes, 317 missing
    mean-imputed 317/19397 genes (324608 NaN cells; locations fit on 18522 fit rows)
  [text_embed] 1024d, 19397 genes, 6 missing
    mean-imputed 6/19397 genes (6144 NaN cells; locations fit on 18522 fit rows)
    Variance target 80% on the correlation spectrum: 1300 components (explains 80.0% of 4352d)
    Plain PCA 4352d -> 1300d (80.0% variance, standardized)
[fold 3] fold embeddings: (19397, 1300)
Fold 4 input_dim: 1300
  Trainable parameters: 24,437 (total 24,437) [SiameseSLMultiCell]
  Fold stamp: genes 42ff034debb48f84 all_pos 20be58a407d6aa9a meta 15e1a39cf91a5615
  L1 λ=0.01 for encoder.hidden_blocks.0.0.weight
  L1 λ=0.0075 for encoder.hidden_blocks.1.0.weight
  L1 λ=0.005 for encoder.hidden_blocks.2.0.weight
  L1 λ=0.004 for encoder.hidden_blocks.3.0.weight
  L1 λ=0.0025 for encoder.hidden_blocks.4.0.weight
  L1 λ=0.0015 for encoder.hidden_blocks.5.0.weight
  L1 λ=0.001 for encoder.projection.weight

  cell-line metrics  [baseline | raw AUPR | norm AUPR | AUPRG]
    strat : 0.133 | 0.710 | 0.666 | 0.962   <- AUPRG selects
    any   : 0.197 | 0.574 | 0.470 | 0.823   (AUROC 0.737)
    macro : 0.160 | 0.494 | 0.445 | 0.679   (per-line avg)
    K562   : 0.100 | 0.608 | 0.564 | 0.959
    JURKAT : 0.024 | 0.032 | 0.009 | -0.125
    A549   : 0.000 | nan | nan | nan
    HELA   : 0.250 | 0.935 | 0.913 | 0.991
    A375   : 0.000 | nan | nan | nan
    293T   : 0.067 | 0.143 | 0.082 | 0.571
    PC9    : 0.111 | 0.333 | 0.250 | 0.750
    OTHER  : 0.407 | 0.914 | 0.855 | 0.926

  cell-line metrics  [baseline | raw AUPR | norm AUPR | AUPRG]
    strat : 0.133 | 0.816 | 0.788 | 0.979   <- AUPRG selects
    any   : 0.197 | 0.798 | 0.749 | 0.944   (AUROC 0.844)
    macro : 0.160 | 0.495 | 0.456 | 0.343   (per-line avg)
    K562   : 0.100 | 0.572 | 0.525 | 0.952
    JURKAT : 0.024 | 0.017 | -0.007 | -1.921
    A549   : 0.000 | nan | nan | nan
    HELA   : 0.250 | 0.963 | 0.951 | 0.996
    A375   : 0.000 | nan | nan | nan
    293T   : 0.067 | 0.091 | 0.026 | 0.286
    PC9    : 0.111 | 0.333 | 0.250 | 0.750
    OTHER  : 0.407 | 0.993 | 0.989 | 0.997

  cell-line metrics  [baseline | raw AUPR | norm AUPR | AUPRG]
    strat : 0.133 | 0.812 | 0.783 | 0.980   <- AUPRG selects
    any   : 0.197 | 0.769 | 0.712 | 0.935   (AUROC 0.837)
    macro : 0.160 | 0.464 | 0.416 | 0.436   (per-line avg)
    K562   : 0.100 | 0.540 | 0.489 | 0.950
    JURKAT : 0.024 | 0.021 | -0.003 | -1.086
    A549   : 0.000 | nan | nan | nan
    HELA   : 0.250 | 0.871 | 0.827 | 0.971
    A375   : 0.000 | nan | nan | nan
    293T   : 0.067 | 0.250 | 0.196 | 0.786
    PC9    : 0.111 | 0.111 | -0.000 | 0.000
    OTHER  : 0.407 | 0.991 | 0.984 | 0.995

  cell-line metrics  [baseline | raw AUPR | norm AUPR | AUPRG]
    strat : 0.133 | 0.827 | 0.800 | 0.980   <- AUPRG selects
    any   : 0.197 | 0.804 | 0.756 | 0.949   (AUROC 0.854)
    macro : 0.160 | 0.461 | 0.413 | 0.558   (per-line avg)
    K562   : 0.100 | 0.652 | 0.613 | 0.964
    JURKAT : 0.024 | 0.030 | 0.006 | -0.045
    A549   : 0.000 | nan | nan | nan
    HELA   : 0.250 | 0.867 | 0.822 | 0.969
    A375   : 0.000 | nan | nan | nan
    293T   : 0.067 | 0.083 | 0.018 | 0.214
    PC9    : 0.111 | 0.143 | 0.036 | 0.250
    OTHER  : 0.407 | 0.990 | 0.983 | 0.994

  cell-line metrics  [baseline | raw AUPR | norm AUPR | AUPRG]
    strat : 0.133 | 0.833 | 0.807 | 0.982   <- AUPRG selects
    any   : 0.197 | 0.799 | 0.750 | 0.947   (AUROC 0.856)
    macro : 0.160 | 0.474 | 0.430 | 0.456   (per-line avg)
    K562   : 0.100 | 0.639 | 0.599 | 0.967
    JURKAT : 0.024 | 0.018 | -0.006 | -1.014
    A549   : 0.000 | nan | nan | nan
    HELA   : 0.250 | 0.915 | 0.886 | 0.985
    A375   : 0.000 | nan | nan | nan
    293T   : 0.067 | 0.111 | 0.048 | 0.429
    PC9    : 0.111 | 0.167 | 0.062 | 0.375
    OTHER  : 0.407 | 0.993 | 0.989 | 0.997

  cell-line metrics  [baseline | raw AUPR | norm AUPR | AUPRG]
    strat : 0.133 | 0.826 | 0.799 | 0.982   <- AUPRG selects
    any   : 0.197 | 0.801 | 0.752 | 0.949   (AUROC 0.858)
    macro : 0.160 | 0.455 | 0.405 | 0.652   (per-line avg)
    K562   : 0.100 | 0.633 | 0.592 | 0.968
    JURKAT : 0.024 | 0.026 | 0.002 | 0.382
    A549   : 0.000 | nan | nan | nan
    HELA   : 0.250 | 0.833 | 0.778 | 0.958
    A375   : 0.000 | nan | nan | nan
    293T   : 0.067 | 0.100 | 0.036 | 0.357
    PC9    : 0.111 | 0.143 | 0.036 | 0.250
    OTHER  : 0.407 | 0.993 | 0.987 | 0.996

Early stopping at epoch 720

  selected on val (auprg=0.9820 @ epoch 420); test scored once

Fold 4 Best (epoch 420): AUROC=0.7482, AUPR=0.5019, F1=0.4647
  Params: 22,855/24,437 nonzero | Weights: 21,330/22,912 nonzero (6.90% sparse)
    cell_emb.weight: 192/192 nonzero (0.0% sparse)
    encoder.hidden_blocks.0.0.weight: 19,685/21,184 nonzero (7.1% sparse)
    encoder.hidden_blocks.1.0.weight: 247/256 nonzero (3.5% sparse)
    encoder.hidden_blocks.2.0.weight: 252/256 nonzero (1.6% sparse)
    encoder.hidden_blocks.3.0.weight: 252/256 nonzero (1.6% sparse)
    encoder.hidden_blocks.4.0.weight: 254/256 nonzero (0.8% sparse)
    encoder.hidden_blocks.5.0.weight: 256/256 nonzero (0.0% sparse)
    encoder.projection.weight: 192/256 nonzero (25.0% sparse)
  [retrieval] index space: n=19397 num_genes=19397 num_p_genes=8844 (P-space differs from full space)
  Saved 8844x8844 shared-space score matrix -> fold_3_cv3_predictions.npy
  [retrieval] universe 19,397 genes (peers rank vs 8,844), 261 scored rows, 711 test-pos, 11,416 train-pos suppressed | fwd-check 4.77e-06 | NDCG@10 0.0000 NDCG@50 0.0407 R@50 0.0329 MAP@50 0.0082

============================================================
Training Fold 5
============================================================

[fold 4] fitting preprocessing [method=plain: mean → col-standardize+SVD → mean/std; scope=train] (+ post-concat PCA + renorm)
  Fit subset: 18441/19397 rows (95.1%)
  [geneformer] 1152d, 19397 genes, 135 missing
    mean-imputed 135/19397 genes (155520 NaN cells; locations fit on 18441 fit rows)
  [go2vec] 128d, 19397 genes, 606 missing
    mean-imputed 606/19397 genes (77568 NaN cells; locations fit on 18441 fit rows)
  [ppi_raw] 1024d, 19397 genes, 3467 missing
    mean-imputed 3467/19397 genes (3550208 NaN cells; locations fit on 18441 fit rows)
  [prot_t5] 1024d, 19397 genes, 317 missing
    mean-imputed 317/19397 genes (324608 NaN cells; locations fit on 18441 fit rows)
  [text_embed] 1024d, 19397 genes, 6 missing
    mean-imputed 6/19397 genes (6144 NaN cells; locations fit on 18441 fit rows)
    Variance target 80% on the correlation spectrum: 1298 components (explains 80.0% of 4352d)
    Plain PCA 4352d -> 1298d (80.0% variance, standardized)
[fold 4] fold embeddings: (19397, 1298)
Fold 5 input_dim: 1298
  Trainable parameters: 24,403 (total 24,403) [SiameseSLMultiCell]
  Fold stamp: genes 42ff034debb48f84 all_pos 20be58a407d6aa9a meta 15e1a39cf91a5615
  L1 λ=0.01 for encoder.hidden_blocks.0.0.weight
  L1 λ=0.0075 for encoder.hidden_blocks.1.0.weight
  L1 λ=0.005 for encoder.hidden_blocks.2.0.weight
  L1 λ=0.004 for encoder.hidden_blocks.3.0.weight
  L1 λ=0.0025 for encoder.hidden_blocks.4.0.weight
  L1 λ=0.0015 for encoder.hidden_blocks.5.0.weight
  L1 λ=0.001 for encoder.projection.weight

  cell-line metrics  [baseline | raw AUPR | norm AUPR | AUPRG]
    strat : 0.303 | 0.442 | 0.200 | 0.453   <- AUPRG selects
    any   : 0.393 | 0.608 | 0.353 | 0.507   (AUROC 0.730)
    macro : 0.293 | 0.459 | 0.347 | 0.025   (per-line avg)
    K562   : 0.055 | 0.064 | 0.010 | -0.256
    JURKAT : 0.083 | 0.070 | -0.014 | -1.910
    A549   : 0.021 | 0.083 | 0.064 | 0.766
    HELA   : 0.107 | 0.917 | 0.907 | 0.999
    A375   : 0.975 | 0.994 | 0.768 | -0.013
    293T   : 0.190 | 0.210 | 0.024 | 0.006
    PC9    : 0.000 | nan | nan | nan
    OTHER  : 0.617 | 0.873 | 0.668 | 0.581

  cell-line metrics  [baseline | raw AUPR | norm AUPR | AUPRG]
    strat : 0.303 | 0.533 | 0.331 | 0.479   <- AUPRG selects
    any   : 0.393 | 0.584 | 0.315 | 0.322   (AUROC 0.643)
    macro : 0.293 | 0.455 | 0.317 | 0.252   (per-line avg)
    K562   : 0.055 | 0.149 | 0.100 | 0.759
    JURKAT : 0.083 | 0.069 | -0.015 | -0.760
    A549   : 0.021 | 0.167 | 0.149 | 0.894
    HELA   : 0.107 | 0.810 | 0.787 | 0.995
    A375   : 0.975 | 0.990 | 0.623 | 0.325
    293T   : 0.190 | 0.140 | -0.063 | -1.108
    PC9    : 0.000 | nan | nan | nan
    OTHER  : 0.617 | 0.863 | 0.641 | 0.661

  cell-line metrics  [baseline | raw AUPR | norm AUPR | AUPRG]
    strat : 0.303 | 0.578 | 0.395 | 0.512   <- AUPRG selects
    any   : 0.393 | 0.655 | 0.431 | 0.543   (AUROC 0.751)
    macro : 0.293 | 0.505 | 0.399 | 0.403   (per-line avg)
    K562   : 0.055 | 0.189 | 0.142 | 0.844
    JURKAT : 0.083 | 0.106 | 0.026 | -0.089
    A549   : 0.021 | 0.143 | 0.125 | 0.872
    HELA   : 0.107 | 1.000 | 1.000 | 1.000
    A375   : 0.975 | 0.992 | 0.676 | -0.013
    293T   : 0.190 | 0.160 | -0.037 | -0.569
    PC9    : 0.000 | nan | nan | nan
    OTHER  : 0.617 | 0.946 | 0.859 | 0.777

  cell-line metrics  [baseline | raw AUPR | norm AUPR | AUPRG]
    strat : 0.303 | 0.578 | 0.395 | 0.521   <- AUPRG selects
    any   : 0.393 | 0.623 | 0.379 | 0.506   (AUROC 0.723)
    macro : 0.293 | 0.524 | 0.389 | 0.622   (per-line avg)
    K562   : 0.055 | 0.214 | 0.169 | 0.864
    JURKAT : 0.083 | 0.107 | 0.027 | 0.307
    A549   : 0.021 | 0.091 | 0.072 | 0.787
    HELA   : 0.107 | 1.000 | 1.000 | 1.000
    A375   : 0.975 | 0.987 | 0.490 | -0.013
    293T   : 0.190 | 0.363 | 0.213 | 0.649
    PC9    : 0.000 | nan | nan | nan
    OTHER  : 0.617 | 0.904 | 0.750 | 0.758

  cell-line metrics  [baseline | raw AUPR | norm AUPR | AUPRG]
    strat : 0.303 | 0.602 | 0.429 | 0.525   <- AUPRG selects
    any   : 0.393 | 0.605 | 0.348 | 0.456   (AUROC 0.686)
    macro : 0.293 | 0.429 | 0.185 | 0.400   (per-line avg)
    K562   : 0.055 | 0.267 | 0.224 | 0.926
    JURKAT : 0.083 | 0.065 | -0.019 | -0.959
    A549   : 0.021 | 0.143 | 0.125 | 0.872
    HELA   : 0.107 | 0.340 | 0.261 | 0.854
    A375   : 0.975 | 0.969 | -0.228 | -0.013
    293T   : 0.190 | 0.291 | 0.124 | 0.389
    PC9    : 0.000 | nan | nan | nan
    OTHER  : 0.617 | 0.926 | 0.806 | 0.731

  cell-line metrics  [baseline | raw AUPR | norm AUPR | AUPRG]
    strat : 0.303 | 0.574 | 0.389 | 0.527   <- AUPRG selects
    any   : 0.393 | 0.638 | 0.404 | 0.477   (AUROC 0.717)
    macro : 0.293 | 0.426 | 0.334 | 0.151   (per-line avg)
    K562   : 0.055 | 0.168 | 0.120 | 0.829
    JURKAT : 0.083 | 0.060 | -0.025 | -1.334
    A549   : 0.021 | 0.333 | 0.319 | 0.957
    HELA   : 0.107 | 0.304 | 0.220 | 0.652
    A375   : 0.975 | 0.996 | 0.829 | -0.013
    293T   : 0.190 | 0.154 | -0.045 | -0.935
    PC9    : 0.000 | nan | nan | nan
    OTHER  : 0.617 | 0.970 | 0.922 | 0.904

  cell-line metrics  [baseline | raw AUPR | norm AUPR | AUPRG]
    strat : 0.303 | 0.650 | 0.498 | 0.602   <- AUPRG selects
    any   : 0.393 | 0.682 | 0.475 | 0.540   (AUROC 0.724)
    macro : 0.293 | 0.570 | 0.476 | 0.699   (per-line avg)
    K562   : 0.055 | 0.225 | 0.180 | 0.879
    JURKAT : 0.083 | 0.095 | 0.014 | 0.092
    A549   : 0.021 | 0.200 | 0.183 | 0.915
    HELA   : 0.107 | 1.000 | 1.000 | 1.000
    A375   : 0.975 | 0.991 | 0.634 | 0.269
    293T   : 0.190 | 0.506 | 0.390 | 0.815
    PC9    : 0.000 | nan | nan | nan
    OTHER  : 0.617 | 0.974 | 0.933 | 0.921

Early stopping at epoch 600

  selected on val (auprg=0.6016 @ epoch 300); test scored once

Fold 5 Best (epoch 300): AUROC=0.7701, AUPR=0.5089, F1=0.5112
  Params: 23,326/24,403 nonzero | Weights: 21,803/22,880 nonzero (4.71% sparse)
    cell_emb.weight: 192/192 nonzero (0.0% sparse)
    encoder.hidden_blocks.0.0.weight: 20,117/21,152 nonzero (4.9% sparse)
    encoder.hidden_blocks.1.0.weight: 253/256 nonzero (1.2% sparse)
    encoder.hidden_blocks.2.0.weight: 251/256 nonzero (2.0% sparse)
    encoder.hidden_blocks.3.0.weight: 255/256 nonzero (0.4% sparse)
    encoder.hidden_blocks.4.0.weight: 256/256 nonzero (0.0% sparse)
    encoder.hidden_blocks.5.0.weight: 256/256 nonzero (0.0% sparse)
    encoder.projection.weight: 223/256 nonzero (12.9% sparse)
  [retrieval] index space: n=19397 num_genes=19397 num_p_genes=8844 (P-space differs from full space)
  Saved 8844x8844 shared-space score matrix -> fold_4_cv3_predictions.npy
  [retrieval] universe 19,397 genes (peers rank vs 8,844), 193 scored rows, 518 test-pos, 11,309 train-pos suppressed | fwd-check 7.63e-06 | NDCG@10 0.0553 NDCG@50 0.0873 R@50 0.1078 MAP@50 0.0341

============================================================
Cross-Validation Results: CV3 (pair-based)
============================================================

Fold        AUROC       AUPR         F1
----------------------------------------
1          0.8073     0.4413     0.4288
2          0.6995     0.4652     0.4581
3          0.7103     0.3393     0.3403
4          0.7482     0.5019     0.4647
5          0.7701     0.5089     0.5112
----------------------------------------
Mean       0.7470     0.4513     0.4406
Std        0.0394     0.0612     0.0567

============================================================
Summary:
  AUROC: 0.7470 ± 0.0394
  AUPR:  0.4513 ± 0.0612
  F1:    0.4406 ± 0.0567
  Params: 23,006/24,399 nonzero (weight sparsity: 6.09%)
============================================================

Cell-line metrics (mean over folds):
  STRATIFIED (pooled per-cell-line obs; SELECTION basis):
    baseline(pi) 0.1098  AUPR 0.4513  normAUPR 0.3814  AUPRG 0.8581  AUROC 0.7470
  GLOBAL (SL in any cell line; one-time headline):
    AUPRG 0.7365 ± 0.1386   AUPR 0.4300   AUROC 0.6967
  PER-LINE macro (equal weight/line; diagnostic):
    AUPRG 0.5694  AUPR 0.3431
  RETRIEVAL (rank vs the whole 19,397-gene universe; peers rank vs 8,844 -- NOT strictly comparable):
    NDCG@10 0.0269  NDCG@50 0.0483  R@50 0.0663  MAP@50 0.0214

Results saved to results/ablate_no_kg_cv3
  Checkpoints removed (ABLATION_PURGE_CHECKPOINTS=1)

SUCCESS: cv3 without 'kg'  AUPRG=0.8581 +/- 0.1157  AUPR=0.4513 +/- 0.0612
