============================================================================
Job: ablation | ID: 1178682 | Node: gpu3
Array task: 0 (of job 1178680)
Start: Mon Aug 31 02:52:34 EDT 2026
NVIDIA L40, 46068 MiB, 43981 MiB
NVIDIA L40, 46068 MiB, 39935 MiB
NVIDIA L40, 46068 MiB, 0 MiB
NVIDIA L40, 46068 MiB, 43379 MiB
============================================================================

============================================================================
ABLATION  task 0 of 18
  CV:      cv1
  Dropped: expression
============================================================================
  Surviving (5): go2vec+kg_complex+ppi_raw+prot_t5+text_embed
  Output: results/ablate_no_expression_cv1
  Post-concat PCA: variance=0.8 (retained k varies with the modality set)

Using GPU: NVIDIA L40

Loading 5 modality file(s) [raw, preprocessing deferred to per-fold fit]:
Cell-line conditioning: ENABLED (masked multi-label, 8 heads)
    labeled pairs: 128,870 over 8,844 genes (dropped 0 with no known head)
    same-head SL/non-SL conflicts resolved by OR (label=SL): 1,876 pairs -> 2,171 head-cells [JURKAT 1,461, K562 406, HELA 125, OTHER 107, 293T 36, A549 30, A375 6]
    K562     known  91,937  pos  8,705  neg  83,232  (or-resolved   406)
    JURKAT   known  66,122  pos  2,617  neg  63,505  (or-resolved 1,461)
    A549     known   8,889  pos    314  neg   8,575  (or-resolved    30)
    HELA     known   5,931  pos  1,250  neg   4,681  (or-resolved   125)
    A375     known   2,509  pos  1,094  neg   1,415  (or-resolved     6)
    293T     known   2,438  pos    326  neg   2,112  (or-resolved    36)
    PC9      known   1,014  pos     68  neg     946  (or-resolved     0)
    OTHER    known  27,002  pos  8,721  neg  18,281  (or-resolved   107)
Loaded raw tensors for 19397 genes
Loaded 22166 positive SL pairs
SL pairs involve 5257 unique genes
============================================================
Siamese SL Training
Model: siamese
CV Type: cv1
Folds: 5
============================================================

Generating CV1 splits (edge-based, multi-label)...
  Fold 1: train 92,786 pairs/148,298 labels  val 10,309 pairs/16,486 labels  test 25,775 pairs/41,058 labels
  Fold 2: train 92,787 pairs/148,217 labels  val 10,309 pairs/16,456 labels  test 25,774 pairs/41,169 labels
  Fold 3: train 92,787 pairs/148,030 labels  val 10,309 pairs/16,471 labels  test 25,774 pairs/41,341 labels
  Fold 4: train 92,787 pairs/148,273 labels  val 10,309 pairs/16,515 labels  test 25,774 pairs/41,054 labels
  Fold 5: train 92,788 pairs/148,187 labels  val 10,309 pairs/16,435 labels  test 25,773 pairs/41,220 labels

============================================================
Training Fold 1
============================================================

[fold 0] fitting preprocessing [method=plain: mean → col-standardize+SVD → mean/std; scope=train] (+ post-concat PCA + renorm)
  Fit subset: 18162/19397 rows (93.6%)
  [go2vec] 128d, 19397 genes, 606 missing
    mean-imputed 606/19397 genes (77568 NaN cells; locations fit on 18162 fit rows)
  [kg_complex] 512d, 19397 genes, 394 missing
    mean-imputed 394/19397 genes (201728 NaN cells; locations fit on 18162 fit rows)
  [ppi_raw] 1024d, 19397 genes, 3467 missing
    mean-imputed 3467/19397 genes (3550208 NaN cells; locations fit on 18162 fit rows)
  [prot_t5] 1024d, 19397 genes, 317 missing
    mean-imputed 317/19397 genes (324608 NaN cells; locations fit on 18162 fit rows)
  [text_embed] 1024d, 19397 genes, 6 missing
    mean-imputed 6/19397 genes (6144 NaN cells; locations fit on 18162 fit rows)
    Variance target 80% on the correlation spectrum: 1203 components (explains 80.0% of 3712d)
    Plain PCA 3712d -> 1203d (80.0% variance, standardized)
[fold 0] fold embeddings: (19397, 1203)
Fold 1 input_dim: 1203
  Trainable parameters: 22,788 (total 22,788) [SiameseSLMultiCell]
  Fold stamp: genes 42ff034debb48f84 all_pos 20be58a407d6aa9a meta 15e1a39cf91a5615
  L1 λ=0.01 for encoder.hidden_blocks.0.0.weight
  L1 λ=0.0075 for encoder.hidden_blocks.1.0.weight
  L1 λ=0.005 for encoder.hidden_blocks.2.0.weight
  L1 λ=0.004 for encoder.hidden_blocks.3.0.weight
  L1 λ=0.0025 for encoder.hidden_blocks.4.0.weight
  L1 λ=0.0015 for encoder.hidden_blocks.5.0.weight
  L1 λ=0.001 for encoder.projection.weight

  cell-line metrics  [baseline | raw AUPR | norm AUPR | AUPRG]
    strat : 0.112 | 0.800 | 0.774 | 0.984   <- AUPRG selects
    any   : 0.172 | 0.814 | 0.775 | 0.969   (AUROC 0.907)
    macro : 0.168 | 0.542 | 0.497 | 0.871   (per-line avg)
    K562   : 0.093 | 0.719 | 0.690 | 0.981
    JURKAT : 0.042 | 0.412 | 0.387 | 0.981
    A549   : 0.028 | 0.053 | 0.026 | 0.596
    HELA   : 0.190 | 0.725 | 0.660 | 0.940
    A375   : 0.478 | 0.948 | 0.900 | 0.979
    293T   : 0.125 | 0.276 | 0.173 | 0.693
    PC9    : 0.061 | 0.247 | 0.198 | 0.814
    OTHER  : 0.331 | 0.959 | 0.939 | 0.983

  cell-line metrics  [baseline | raw AUPR | norm AUPR | AUPRG]
    strat : 0.112 | 0.827 | 0.806 | 0.988   <- AUPRG selects
    any   : 0.172 | 0.786 | 0.741 | 0.965   (AUROC 0.900)
    macro : 0.168 | 0.581 | 0.539 | 0.805   (per-line avg)
    K562   : 0.093 | 0.732 | 0.705 | 0.984
    JURKAT : 0.042 | 0.587 | 0.569 | 0.993
    A549   : 0.028 | 0.059 | 0.032 | 0.089
    HELA   : 0.190 | 0.762 | 0.707 | 0.952
    A375   : 0.478 | 0.950 | 0.905 | 0.982
    293T   : 0.125 | 0.250 | 0.142 | 0.508
    PC9    : 0.061 | 0.344 | 0.301 | 0.945
    OTHER  : 0.331 | 0.966 | 0.950 | 0.987

  cell-line metrics  [baseline | raw AUPR | norm AUPR | AUPRG]
    strat : 0.112 | 0.835 | 0.814 | 0.989   <- AUPRG selects
    any   : 0.172 | 0.788 | 0.744 | 0.965   (AUROC 0.906)
    macro : 0.168 | 0.575 | 0.534 | 0.778   (per-line avg)
    K562   : 0.093 | 0.745 | 0.719 | 0.985
    JURKAT : 0.042 | 0.572 | 0.554 | 0.993
    A549   : 0.028 | 0.067 | 0.040 | 0.109
    HELA   : 0.190 | 0.823 | 0.781 | 0.966
    A375   : 0.478 | 0.960 | 0.923 | 0.982
    293T   : 0.125 | 0.176 | 0.058 | 0.306
    PC9    : 0.061 | 0.291 | 0.245 | 0.898
    OTHER  : 0.331 | 0.969 | 0.954 | 0.987

  cell-line metrics  [baseline | raw AUPR | norm AUPR | AUPRG]
    strat : 0.112 | 0.873 | 0.857 | 0.993   <- AUPRG selects
    any   : 0.172 | 0.759 | 0.709 | 0.956   (AUROC 0.906)
    macro : 0.168 | 0.609 | 0.577 | 0.896   (per-line avg)
    K562   : 0.093 | 0.781 | 0.758 | 0.989
    JURKAT : 0.042 | 0.689 | 0.676 | 0.997
    A549   : 0.028 | 0.141 | 0.117 | 0.920
    HELA   : 0.190 | 0.858 | 0.825 | 0.974
    A375   : 0.478 | 0.997 | 0.994 | 0.998
    293T   : 0.125 | 0.335 | 0.241 | 0.784
    PC9    : 0.061 | 0.089 | 0.030 | 0.515
    OTHER  : 0.331 | 0.982 | 0.973 | 0.993

Early stopping at epoch 450

  selected on val (auprg=0.9926 @ epoch 150); test scored once

Fold 1 Best (epoch 150): AUROC=0.9610, AUPR=0.8836, F1=0.8254
  Params: 22,660/22,788 nonzero | Weights: 21,232/21,360 nonzero (0.60% sparse)
    cell_emb.weight: 192/192 nonzero (0.0% sparse)
    encoder.hidden_blocks.0.0.weight: 19,505/19,632 nonzero (0.6% sparse)
    encoder.hidden_blocks.1.0.weight: 255/256 nonzero (0.4% sparse)
    encoder.hidden_blocks.2.0.weight: 256/256 nonzero (0.0% sparse)
    encoder.hidden_blocks.3.0.weight: 256/256 nonzero (0.0% sparse)
    encoder.hidden_blocks.4.0.weight: 256/256 nonzero (0.0% sparse)
    encoder.hidden_blocks.5.0.weight: 256/256 nonzero (0.0% sparse)
    encoder.projection.weight: 256/256 nonzero (0.0% sparse)
  [retrieval] index space: n=19397 num_genes=19397 num_p_genes=8844 (P-space differs from full space)
  Saved 8844x8844 shared-space score matrix -> fold_0_cv1_predictions.npy
  [retrieval] universe 19,397 genes (peers rank vs 8,844), 2,273 scored rows, 4,434 test-pos, 15,959 train-pos suppressed | fwd-check 1.34e-05 | NDCG@10 0.1658 NDCG@50 0.2332 R@50 0.4662 MAP@50 0.1467

============================================================
Training Fold 2
============================================================

[fold 1] fitting preprocessing [method=plain: mean → col-standardize+SVD → mean/std; scope=train] (+ post-concat PCA + renorm)
  Fit subset: 18161/19397 rows (93.6%)
  [go2vec] 128d, 19397 genes, 606 missing
    mean-imputed 606/19397 genes (77568 NaN cells; locations fit on 18161 fit rows)
  [kg_complex] 512d, 19397 genes, 394 missing
    mean-imputed 394/19397 genes (201728 NaN cells; locations fit on 18161 fit rows)
  [ppi_raw] 1024d, 19397 genes, 3467 missing
    mean-imputed 3467/19397 genes (3550208 NaN cells; locations fit on 18161 fit rows)
  [prot_t5] 1024d, 19397 genes, 317 missing
    mean-imputed 317/19397 genes (324608 NaN cells; locations fit on 18161 fit rows)
  [text_embed] 1024d, 19397 genes, 6 missing
    mean-imputed 6/19397 genes (6144 NaN cells; locations fit on 18161 fit rows)
    Variance target 80% on the correlation spectrum: 1201 components (explains 80.0% of 3712d)
    Plain PCA 3712d -> 1201d (80.0% variance, standardized)
[fold 1] fold embeddings: (19397, 1201)
Fold 2 input_dim: 1201
  Trainable parameters: 22,754 (total 22,754) [SiameseSLMultiCell]
  Fold stamp: genes 42ff034debb48f84 all_pos 20be58a407d6aa9a meta 15e1a39cf91a5615
  L1 λ=0.01 for encoder.hidden_blocks.0.0.weight
  L1 λ=0.0075 for encoder.hidden_blocks.1.0.weight
  L1 λ=0.005 for encoder.hidden_blocks.2.0.weight
  L1 λ=0.004 for encoder.hidden_blocks.3.0.weight
  L1 λ=0.0025 for encoder.hidden_blocks.4.0.weight
  L1 λ=0.0015 for encoder.hidden_blocks.5.0.weight
  L1 λ=0.001 for encoder.projection.weight

  cell-line metrics  [baseline | raw AUPR | norm AUPR | AUPRG]
    strat : 0.112 | 0.825 | 0.802 | 0.988   <- AUPRG selects
    any   : 0.172 | 0.796 | 0.754 | 0.965   (AUROC 0.899)
    macro : 0.164 | 0.566 | 0.523 | 0.732   (per-line avg)
    K562   : 0.096 | 0.751 | 0.724 | 0.984
    JURKAT : 0.040 | 0.501 | 0.480 | 0.988
    A549   : 0.047 | 0.158 | 0.117 | 0.852
    HELA   : 0.195 | 0.903 | 0.879 | 0.985
    A375   : 0.410 | 0.967 | 0.943 | 0.970
    293T   : 0.156 | 0.237 | 0.096 | 0.318
    PC9    : 0.051 | 0.050 | -0.001 | -0.228
    OTHER  : 0.320 | 0.962 | 0.944 | 0.986

  cell-line metrics  [baseline | raw AUPR | norm AUPR | AUPRG]
    strat : 0.112 | 0.834 | 0.813 | 0.988   <- AUPRG selects
    any   : 0.172 | 0.809 | 0.770 | 0.969   (AUROC 0.916)
    macro : 0.164 | 0.588 | 0.543 | 0.823   (per-line avg)
    K562   : 0.096 | 0.771 | 0.747 | 0.987
    JURKAT : 0.040 | 0.528 | 0.508 | 0.991
    A549   : 0.047 | 0.182 | 0.142 | 0.860
    HELA   : 0.195 | 0.927 | 0.909 | 0.987
    A375   : 0.410 | 0.909 | 0.846 | 0.957
    293T   : 0.156 | 0.364 | 0.246 | 0.714
    PC9    : 0.051 | 0.069 | 0.019 | 0.106
    OTHER  : 0.320 | 0.952 | 0.930 | 0.983

  cell-line metrics  [baseline | raw AUPR | norm AUPR | AUPRG]
    strat : 0.112 | 0.850 | 0.830 | 0.991   <- AUPRG selects
    any   : 0.172 | 0.789 | 0.745 | 0.965   (AUROC 0.912)
    macro : 0.164 | 0.599 | 0.561 | 0.809   (per-line avg)
    K562   : 0.096 | 0.772 | 0.748 | 0.987
    JURKAT : 0.040 | 0.557 | 0.538 | 0.989
    A549   : 0.047 | 0.205 | 0.166 | 0.866
    HELA   : 0.195 | 0.929 | 0.911 | 0.990
    A375   : 0.410 | 0.998 | 0.996 | 0.999
    293T   : 0.156 | 0.284 | 0.152 | 0.531
    PC9    : 0.051 | 0.081 | 0.031 | 0.124
    OTHER  : 0.320 | 0.964 | 0.946 | 0.988

  cell-line metrics  [baseline | raw AUPR | norm AUPR | AUPRG]
    strat : 0.112 | 0.880 | 0.865 | 0.993   <- AUPRG selects
    any   : 0.172 | 0.776 | 0.729 | 0.960   (AUROC 0.913)
    macro : 0.164 | 0.687 | 0.659 | 0.958   (per-line avg)
    K562   : 0.096 | 0.807 | 0.787 | 0.991
    JURKAT : 0.040 | 0.701 | 0.688 | 0.997
    A549   : 0.047 | 0.354 | 0.322 | 0.952
    HELA   : 0.195 | 0.943 | 0.929 | 0.991
    A375   : 0.410 | 0.996 | 0.993 | 0.998
    293T   : 0.156 | 0.554 | 0.471 | 0.876
    PC9    : 0.051 | 0.172 | 0.127 | 0.865
    OTHER  : 0.320 | 0.968 | 0.954 | 0.990

Early stopping at epoch 450

  selected on val (auprg=0.9931 @ epoch 150); test scored once

Fold 2 Best (epoch 150): AUROC=0.9579, AUPR=0.8715, F1=0.8071
  Params: 22,616/22,754 nonzero | Weights: 21,190/21,328 nonzero (0.65% sparse)
    cell_emb.weight: 192/192 nonzero (0.0% sparse)
    encoder.hidden_blocks.0.0.weight: 19,464/19,600 nonzero (0.7% sparse)
    encoder.hidden_blocks.1.0.weight: 255/256 nonzero (0.4% sparse)
    encoder.hidden_blocks.2.0.weight: 255/256 nonzero (0.4% sparse)
    encoder.hidden_blocks.3.0.weight: 256/256 nonzero (0.0% sparse)
    encoder.hidden_blocks.4.0.weight: 256/256 nonzero (0.0% sparse)
    encoder.hidden_blocks.5.0.weight: 256/256 nonzero (0.0% sparse)
    encoder.projection.weight: 256/256 nonzero (0.0% sparse)
  [retrieval] index space: n=19397 num_genes=19397 num_p_genes=8844 (P-space differs from full space)
  Saved 8844x8844 shared-space score matrix -> fold_1_cv1_predictions.npy
  [retrieval] universe 19,397 genes (peers rank vs 8,844), 2,243 scored rows, 4,433 test-pos, 15,960 train-pos suppressed | fwd-check 2.29e-05 | NDCG@10 0.1544 NDCG@50 0.2278 R@50 0.4777 MAP@50 0.1354

============================================================
Training Fold 3
============================================================

[fold 2] fitting preprocessing [method=plain: mean → col-standardize+SVD → mean/std; scope=train] (+ post-concat PCA + renorm)
  Fit subset: 18181/19397 rows (93.7%)
  [go2vec] 128d, 19397 genes, 606 missing
    mean-imputed 606/19397 genes (77568 NaN cells; locations fit on 18181 fit rows)
  [kg_complex] 512d, 19397 genes, 394 missing
    mean-imputed 394/19397 genes (201728 NaN cells; locations fit on 18181 fit rows)
  [ppi_raw] 1024d, 19397 genes, 3467 missing
    mean-imputed 3467/19397 genes (3550208 NaN cells; locations fit on 18181 fit rows)
  [prot_t5] 1024d, 19397 genes, 317 missing
    mean-imputed 317/19397 genes (324608 NaN cells; locations fit on 18181 fit rows)
  [text_embed] 1024d, 19397 genes, 6 missing
    mean-imputed 6/19397 genes (6144 NaN cells; locations fit on 18181 fit rows)
    Variance target 80% on the correlation spectrum: 1201 components (explains 80.0% of 3712d)
    Plain PCA 3712d -> 1201d (80.0% variance, standardized)
[fold 2] fold embeddings: (19397, 1201)
Fold 3 input_dim: 1201
  Trainable parameters: 22,754 (total 22,754) [SiameseSLMultiCell]
  Fold stamp: genes 42ff034debb48f84 all_pos 20be58a407d6aa9a meta 15e1a39cf91a5615
  L1 λ=0.01 for encoder.hidden_blocks.0.0.weight
  L1 λ=0.0075 for encoder.hidden_blocks.1.0.weight
  L1 λ=0.005 for encoder.hidden_blocks.2.0.weight
  L1 λ=0.004 for encoder.hidden_blocks.3.0.weight
  L1 λ=0.0025 for encoder.hidden_blocks.4.0.weight
  L1 λ=0.0015 for encoder.hidden_blocks.5.0.weight
  L1 λ=0.001 for encoder.projection.weight

  cell-line metrics  [baseline | raw AUPR | norm AUPR | AUPRG]
    strat : 0.112 | 0.821 | 0.798 | 0.987   <- AUPRG selects
    any   : 0.172 | 0.778 | 0.732 | 0.959   (AUROC 0.879)
    macro : 0.165 | 0.576 | 0.538 | 0.773   (per-line avg)
    K562   : 0.095 | 0.725 | 0.696 | 0.981
    JURKAT : 0.041 | 0.561 | 0.542 | 0.991
    A549   : 0.047 | 0.059 | 0.012 | 0.203
    HELA   : 0.220 | 0.879 | 0.845 | 0.972
    A375   : 0.410 | 0.998 | 0.996 | 0.999
    293T   : 0.134 | 0.207 | 0.084 | 0.317
    PC9    : 0.053 | 0.205 | 0.161 | 0.733
    OTHER  : 0.320 | 0.977 | 0.967 | 0.992

  cell-line metrics  [baseline | raw AUPR | norm AUPR | AUPRG]
    strat : 0.112 | 0.821 | 0.798 | 0.988   <- AUPRG selects
    any   : 0.172 | 0.793 | 0.750 | 0.965   (AUROC 0.892)
    macro : 0.165 | 0.568 | 0.528 | 0.854   (per-line avg)
    K562   : 0.095 | 0.733 | 0.705 | 0.982
    JURKAT : 0.041 | 0.498 | 0.476 | 0.988
    A549   : 0.047 | 0.128 | 0.085 | 0.687
    HELA   : 0.220 | 0.842 | 0.798 | 0.957
    A375   : 0.410 | 0.988 | 0.979 | 0.988
    293T   : 0.134 | 0.221 | 0.100 | 0.515
    PC9    : 0.053 | 0.168 | 0.122 | 0.723
    OTHER  : 0.320 | 0.971 | 0.957 | 0.989

  cell-line metrics  [baseline | raw AUPR | norm AUPR | AUPRG]
    strat : 0.112 | 0.838 | 0.818 | 0.990   <- AUPRG selects
    any   : 0.172 | 0.767 | 0.719 | 0.959   (AUROC 0.891)
    macro : 0.165 | 0.586 | 0.546 | 0.862   (per-line avg)
    K562   : 0.095 | 0.745 | 0.719 | 0.985
    JURKAT : 0.041 | 0.591 | 0.573 | 0.992
    A549   : 0.047 | 0.151 | 0.109 | 0.743
    HELA   : 0.220 | 0.812 | 0.760 | 0.947
    A375   : 0.410 | 0.997 | 0.995 | 0.999
    293T   : 0.134 | 0.235 | 0.117 | 0.413
    PC9    : 0.053 | 0.174 | 0.128 | 0.822
    OTHER  : 0.320 | 0.980 | 0.970 | 0.993

  cell-line metrics  [baseline | raw AUPR | norm AUPR | AUPRG]
    strat : 0.112 | 0.871 | 0.854 | 0.993   <- AUPRG selects
    any   : 0.172 | 0.790 | 0.746 | 0.964   (AUROC 0.907)
    macro : 0.165 | 0.627 | 0.593 | 0.890   (per-line avg)
    K562   : 0.095 | 0.785 | 0.763 | 0.989
    JURKAT : 0.041 | 0.699 | 0.686 | 0.996
    A549   : 0.047 | 0.193 | 0.153 | 0.825
    HELA   : 0.220 | 0.898 | 0.869 | 0.976
    A375   : 0.410 | 0.999 | 0.998 | 1.000
    293T   : 0.134 | 0.304 | 0.196 | 0.671
    PC9    : 0.053 | 0.159 | 0.112 | 0.673
    OTHER  : 0.320 | 0.980 | 0.970 | 0.992

Early stopping at epoch 450

  selected on val (auprg=0.9926 @ epoch 150); test scored once

Fold 3 Best (epoch 150): AUROC=0.9557, AUPR=0.8698, F1=0.8073
  Params: 22,608/22,754 nonzero | Weights: 21,182/21,328 nonzero (0.68% sparse)
    cell_emb.weight: 192/192 nonzero (0.0% sparse)
    encoder.hidden_blocks.0.0.weight: 19,456/19,600 nonzero (0.7% sparse)
    encoder.hidden_blocks.1.0.weight: 254/256 nonzero (0.8% sparse)
    encoder.hidden_blocks.2.0.weight: 256/256 nonzero (0.0% sparse)
    encoder.hidden_blocks.3.0.weight: 256/256 nonzero (0.0% sparse)
    encoder.hidden_blocks.4.0.weight: 256/256 nonzero (0.0% sparse)
    encoder.hidden_blocks.5.0.weight: 256/256 nonzero (0.0% sparse)
    encoder.projection.weight: 256/256 nonzero (0.0% sparse)
  [retrieval] index space: n=19397 num_genes=19397 num_p_genes=8844 (P-space differs from full space)
  Saved 8844x8844 shared-space score matrix -> fold_2_cv1_predictions.npy
  [retrieval] universe 19,397 genes (peers rank vs 8,844), 2,197 scored rows, 4,433 test-pos, 15,960 train-pos suppressed | fwd-check 2.10e-05 | NDCG@10 0.1016 NDCG@50 0.1669 R@50 0.4401 MAP@50 0.0768

============================================================
Training Fold 4
============================================================

[fold 3] fitting preprocessing [method=plain: mean → col-standardize+SVD → mean/std; scope=train] (+ post-concat PCA + renorm)
  Fit subset: 18132/19397 rows (93.5%)
  [go2vec] 128d, 19397 genes, 606 missing
    mean-imputed 606/19397 genes (77568 NaN cells; locations fit on 18132 fit rows)
  [kg_complex] 512d, 19397 genes, 394 missing
    mean-imputed 394/19397 genes (201728 NaN cells; locations fit on 18132 fit rows)
  [ppi_raw] 1024d, 19397 genes, 3467 missing
    mean-imputed 3467/19397 genes (3550208 NaN cells; locations fit on 18132 fit rows)
  [prot_t5] 1024d, 19397 genes, 317 missing
    mean-imputed 317/19397 genes (324608 NaN cells; locations fit on 18132 fit rows)
  [text_embed] 1024d, 19397 genes, 6 missing
    mean-imputed 6/19397 genes (6144 NaN cells; locations fit on 18132 fit rows)
    Variance target 80% on the correlation spectrum: 1199 components (explains 80.0% of 3712d)
    Plain PCA 3712d -> 1199d (80.0% variance, standardized)
[fold 3] fold embeddings: (19397, 1199)
Fold 4 input_dim: 1199
  Trainable parameters: 22,720 (total 22,720) [SiameseSLMultiCell]
  Fold stamp: genes 42ff034debb48f84 all_pos 20be58a407d6aa9a meta 15e1a39cf91a5615
  L1 λ=0.01 for encoder.hidden_blocks.0.0.weight
  L1 λ=0.0075 for encoder.hidden_blocks.1.0.weight
  L1 λ=0.005 for encoder.hidden_blocks.2.0.weight
  L1 λ=0.004 for encoder.hidden_blocks.3.0.weight
  L1 λ=0.0025 for encoder.hidden_blocks.4.0.weight
  L1 λ=0.0015 for encoder.hidden_blocks.5.0.weight
  L1 λ=0.001 for encoder.projection.weight

  cell-line metrics  [baseline | raw AUPR | norm AUPR | AUPRG]
    strat : 0.112 | 0.802 | 0.777 | 0.985   <- AUPRG selects
    any   : 0.172 | 0.778 | 0.732 | 0.960   (AUROC 0.884)
    macro : 0.157 | 0.527 | 0.481 | 0.640   (per-line avg)
    K562   : 0.094 | 0.734 | 0.706 | 0.984
    JURKAT : 0.042 | 0.388 | 0.362 | 0.979
    A549   : 0.045 | 0.086 | 0.043 | 0.589
    HELA   : 0.174 | 0.806 | 0.766 | 0.967
    A375   : 0.387 | 0.923 | 0.874 | 0.951
    293T   : 0.147 | 0.275 | 0.150 | 0.586
    PC9    : 0.039 | 0.038 | -0.001 | -0.923
    OTHER  : 0.325 | 0.966 | 0.949 | 0.986

  cell-line metrics  [baseline | raw AUPR | norm AUPR | AUPRG]
    strat : 0.112 | 0.819 | 0.796 | 0.987   <- AUPRG selects
    any   : 0.172 | 0.797 | 0.754 | 0.967   (AUROC 0.905)
    macro : 0.157 | 0.550 | 0.509 | 0.716   (per-line avg)
    K562   : 0.094 | 0.751 | 0.725 | 0.985
    JURKAT : 0.042 | 0.454 | 0.429 | 0.985
    A549   : 0.045 | 0.128 | 0.086 | 0.737
    HELA   : 0.174 | 0.794 | 0.751 | 0.969
    A375   : 0.387 | 0.973 | 0.956 | 0.984
    293T   : 0.147 | 0.296 | 0.175 | 0.540
    PC9    : 0.039 | 0.042 | 0.003 | -0.460
    OTHER  : 0.325 | 0.965 | 0.948 | 0.987

  cell-line metrics  [baseline | raw AUPR | norm AUPR | AUPRG]
    strat : 0.112 | 0.832 | 0.811 | 0.989   <- AUPRG selects
    any   : 0.172 | 0.778 | 0.732 | 0.963   (AUROC 0.904)
    macro : 0.157 | 0.587 | 0.550 | 0.897   (per-line avg)
    K562   : 0.094 | 0.753 | 0.727 | 0.986
    JURKAT : 0.042 | 0.525 | 0.504 | 0.990
    A549   : 0.045 | 0.149 | 0.109 | 0.757
    HELA   : 0.174 | 0.847 | 0.814 | 0.979
    A375   : 0.387 | 0.980 | 0.968 | 0.983
    293T   : 0.147 | 0.308 | 0.189 | 0.587
    PC9    : 0.039 | 0.162 | 0.128 | 0.901
    OTHER  : 0.325 | 0.974 | 0.961 | 0.989

  cell-line metrics  [baseline | raw AUPR | norm AUPR | AUPRG]
    strat : 0.112 | 0.866 | 0.849 | 0.992   <- AUPRG selects
    any   : 0.172 | 0.749 | 0.697 | 0.952   (AUROC 0.905)
    macro : 0.157 | 0.621 | 0.589 | 0.918   (per-line avg)
    K562   : 0.094 | 0.795 | 0.773 | 0.990
    JURKAT : 0.042 | 0.628 | 0.611 | 0.994
    A549   : 0.045 | 0.173 | 0.133 | 0.733
    HELA   : 0.174 | 0.878 | 0.852 | 0.982
    A375   : 0.387 | 1.000 | 1.000 | 1.000
    293T   : 0.147 | 0.371 | 0.263 | 0.765
    PC9    : 0.039 | 0.141 | 0.106 | 0.889
    OTHER  : 0.325 | 0.979 | 0.969 | 0.992

Early stopping at epoch 450

  selected on val (auprg=0.9921 @ epoch 150); test scored once

Fold 4 Best (epoch 150): AUROC=0.9593, AUPR=0.8816, F1=0.8239
  Params: 22,595/22,720 nonzero | Weights: 21,171/21,296 nonzero (0.59% sparse)
    cell_emb.weight: 192/192 nonzero (0.0% sparse)
    encoder.hidden_blocks.0.0.weight: 19,459/19,568 nonzero (0.6% sparse)
    encoder.hidden_blocks.1.0.weight: 256/256 nonzero (0.0% sparse)
    encoder.hidden_blocks.2.0.weight: 256/256 nonzero (0.0% sparse)
    encoder.hidden_blocks.3.0.weight: 256/256 nonzero (0.0% sparse)
    encoder.hidden_blocks.4.0.weight: 256/256 nonzero (0.0% sparse)
    encoder.hidden_blocks.5.0.weight: 256/256 nonzero (0.0% sparse)
    encoder.projection.weight: 240/256 nonzero (6.2% sparse)
  [retrieval] index space: n=19397 num_genes=19397 num_p_genes=8844 (P-space differs from full space)
  Saved 8844x8844 shared-space score matrix -> fold_3_cv1_predictions.npy
  [retrieval] universe 19,397 genes (peers rank vs 8,844), 2,275 scored rows, 4,433 test-pos, 15,960 train-pos suppressed | fwd-check 2.19e-05 | NDCG@10 0.1981 NDCG@50 0.2561 R@50 0.4894 MAP@50 0.1665

============================================================
Training Fold 5
============================================================

[fold 4] fitting preprocessing [method=plain: mean → col-standardize+SVD → mean/std; scope=train] (+ post-concat PCA + renorm)
  Fit subset: 18216/19397 rows (93.9%)
  [go2vec] 128d, 19397 genes, 606 missing
    mean-imputed 606/19397 genes (77568 NaN cells; locations fit on 18216 fit rows)
  [kg_complex] 512d, 19397 genes, 394 missing
    mean-imputed 394/19397 genes (201728 NaN cells; locations fit on 18216 fit rows)
  [ppi_raw] 1024d, 19397 genes, 3467 missing
    mean-imputed 3467/19397 genes (3550208 NaN cells; locations fit on 18216 fit rows)
  [prot_t5] 1024d, 19397 genes, 317 missing
    mean-imputed 317/19397 genes (324608 NaN cells; locations fit on 18216 fit rows)
  [text_embed] 1024d, 19397 genes, 6 missing
    mean-imputed 6/19397 genes (6144 NaN cells; locations fit on 18216 fit rows)
    Variance target 80% on the correlation spectrum: 1201 components (explains 80.0% of 3712d)
    Plain PCA 3712d -> 1201d (80.0% variance, standardized)
[fold 4] fold embeddings: (19397, 1201)
Fold 5 input_dim: 1201
  Trainable parameters: 22,754 (total 22,754) [SiameseSLMultiCell]
  Fold stamp: genes 42ff034debb48f84 all_pos 20be58a407d6aa9a meta 15e1a39cf91a5615
  L1 λ=0.01 for encoder.hidden_blocks.0.0.weight
  L1 λ=0.0075 for encoder.hidden_blocks.1.0.weight
  L1 λ=0.005 for encoder.hidden_blocks.2.0.weight
  L1 λ=0.004 for encoder.hidden_blocks.3.0.weight
  L1 λ=0.0025 for encoder.hidden_blocks.4.0.weight
  L1 λ=0.0015 for encoder.hidden_blocks.5.0.weight
  L1 λ=0.001 for encoder.projection.weight

  cell-line metrics  [baseline | raw AUPR | norm AUPR | AUPRG]
    strat : 0.112 | 0.807 | 0.783 | 0.986   <- AUPRG selects
    any   : 0.172 | 0.754 | 0.703 | 0.954   (AUROC 0.879)
    macro : 0.164 | 0.530 | 0.480 | 0.625   (per-line avg)
    K562   : 0.094 | 0.739 | 0.712 | 0.984
    JURKAT : 0.043 | 0.428 | 0.402 | 0.979
    A549   : 0.043 | 0.073 | 0.032 | 0.624
    HELA   : 0.211 | 0.808 | 0.756 | 0.951
    A375   : 0.383 | 0.941 | 0.904 | 0.975
    293T   : 0.146 | 0.204 | 0.068 | 0.442
    PC9    : 0.071 | 0.073 | 0.002 | -0.944
    OTHER  : 0.323 | 0.974 | 0.962 | 0.991

  cell-line metrics  [baseline | raw AUPR | norm AUPR | AUPRG]
    strat : 0.112 | 0.810 | 0.786 | 0.986   <- AUPRG selects
    any   : 0.172 | 0.799 | 0.758 | 0.967   (AUROC 0.906)
    macro : 0.164 | 0.549 | 0.501 | 0.786   (per-line avg)
    K562   : 0.094 | 0.752 | 0.726 | 0.985
    JURKAT : 0.043 | 0.420 | 0.395 | 0.978
    A549   : 0.043 | 0.157 | 0.119 | 0.821
    HELA   : 0.211 | 0.800 | 0.747 | 0.951
    A375   : 0.383 | 0.957 | 0.931 | 0.984
    293T   : 0.146 | 0.251 | 0.123 | 0.537
    PC9    : 0.071 | 0.096 | 0.027 | 0.050
    OTHER  : 0.323 | 0.962 | 0.944 | 0.985

  cell-line metrics  [baseline | raw AUPR | norm AUPR | AUPRG]
    strat : 0.112 | 0.831 | 0.810 | 0.989   <- AUPRG selects
    any   : 0.172 | 0.790 | 0.746 | 0.965   (AUROC 0.907)
    macro : 0.164 | 0.562 | 0.515 | 0.771   (per-line avg)
    K562   : 0.094 | 0.764 | 0.739 | 0.987
    JURKAT : 0.043 | 0.532 | 0.511 | 0.991
    A549   : 0.043 | 0.133 | 0.095 | 0.753
    HELA   : 0.211 | 0.790 | 0.733 | 0.945
    A375   : 0.383 | 0.961 | 0.937 | 0.984
    293T   : 0.146 | 0.261 | 0.136 | 0.533
    PC9    : 0.071 | 0.082 | 0.013 | -0.017
    OTHER  : 0.323 | 0.971 | 0.957 | 0.989

  cell-line metrics  [baseline | raw AUPR | norm AUPR | AUPRG]
    strat : 0.112 | 0.875 | 0.859 | 0.993   <- AUPRG selects
    any   : 0.172 | 0.741 | 0.687 | 0.948   (AUROC 0.895)
    macro : 0.164 | 0.633 | 0.598 | 0.749   (per-line avg)
    K562   : 0.094 | 0.805 | 0.785 | 0.991
    JURKAT : 0.043 | 0.668 | 0.653 | 0.995
    A549   : 0.043 | 0.199 | 0.163 | 0.846
    HELA   : 0.211 | 0.874 | 0.840 | 0.973
    A375   : 0.383 | 1.000 | 1.000 | 1.000
    293T   : 0.146 | 0.456 | 0.363 | 0.830
    PC9    : 0.071 | 0.073 | 0.003 | -0.637
    OTHER  : 0.323 | 0.987 | 0.981 | 0.995

Early stopping at epoch 450

  selected on val (auprg=0.9931 @ epoch 150); test scored once

Fold 5 Best (epoch 150): AUROC=0.9551, AUPR=0.8691, F1=0.8104
  Params: 22,658/22,754 nonzero | Weights: 21,232/21,328 nonzero (0.45% sparse)
    cell_emb.weight: 192/192 nonzero (0.0% sparse)
    encoder.hidden_blocks.0.0.weight: 19,505/19,600 nonzero (0.5% sparse)
    encoder.hidden_blocks.1.0.weight: 255/256 nonzero (0.4% sparse)
    encoder.hidden_blocks.2.0.weight: 256/256 nonzero (0.0% sparse)
    encoder.hidden_blocks.3.0.weight: 256/256 nonzero (0.0% sparse)
    encoder.hidden_blocks.4.0.weight: 256/256 nonzero (0.0% sparse)
    encoder.hidden_blocks.5.0.weight: 256/256 nonzero (0.0% sparse)
    encoder.projection.weight: 256/256 nonzero (0.0% sparse)
  [retrieval] index space: n=19397 num_genes=19397 num_p_genes=8844 (P-space differs from full space)
  Saved 8844x8844 shared-space score matrix -> fold_4_cv1_predictions.npy
  [retrieval] universe 19,397 genes (peers rank vs 8,844), 2,170 scored rows, 4,433 test-pos, 15,960 train-pos suppressed | fwd-check 2.10e-05 | NDCG@10 0.1159 NDCG@50 0.1965 R@50 0.4188 MAP@50 0.1126

============================================================
Cross-Validation Results: CV1 (edge-based)
============================================================

Fold        AUROC       AUPR         F1
----------------------------------------
1          0.9610     0.8836     0.8254
2          0.9579     0.8715     0.8071
3          0.9557     0.8698     0.8073
4          0.9593     0.8816     0.8239
5          0.9551     0.8691     0.8104
----------------------------------------
Mean       0.9578     0.8751     0.8148
Std        0.0022     0.0062     0.0081

============================================================
Summary:
  AUROC: 0.9578 ± 0.0022
  AUPR:  0.8751 ± 0.0062
  F1:    0.8148 ± 0.0081
  Params: 22,627/22,754 nonzero (weight sparsity: 0.59%)
============================================================

Cell-line metrics (mean over folds):
  STRATIFIED (pooled per-cell-line obs; SELECTION basis):
    baseline(pi) 0.1122  AUPR 0.8751  normAUPR 0.8594  AUPRG 0.9928  AUROC 0.9578
  GLOBAL (SL in any cell line; one-time headline):
    AUPRG 0.9565 ± 0.0050   AUPR 0.7656   AUROC 0.9021
  PER-LINE macro (equal weight/line; diagnostic):
    AUPRG 0.8380  AUPR 0.6215
  RETRIEVAL (rank vs the whole 19,397-gene universe; peers rank vs 8,844 -- NOT strictly comparable):
    NDCG@10 0.1472  NDCG@50 0.2161  R@50 0.4584  MAP@50 0.1276

Results saved to results/ablate_no_expression_cv1
  Checkpoints removed (ABLATION_PURGE_CHECKPOINTS=1)

SUCCESS: cv1 without 'expression'  AUPRG=0.9928 +/- 0.0004  AUPR=0.8751 +/- 0.0062
