============================================================================
Job: ablation | ID: 1179235 | Node: gpu3
Array task: 13 (of job 1178680)
Start: Tue Sep  1 01:07:56 EDT 2026
NVIDIA L40, 46068 MiB, 34077 MiB
NVIDIA L40, 46068 MiB, 0 MiB
NVIDIA L40, 46068 MiB, 663 MiB
NVIDIA L40, 46068 MiB, 43379 MiB
============================================================================

============================================================================
ABLATION  task 13 of 18
  CV:      cv3
  Dropped: protein_seq
============================================================================
  Surviving (5): geneformer+go2vec+kg_complex+ppi_raw+text_embed
  Output: results/ablate_no_protein_seq_cv3
  Post-concat PCA: variance=0.8 (retained k varies with the modality set)

Using GPU: NVIDIA L40

Loading 5 modality file(s) [raw, preprocessing deferred to per-fold fit]:
Cell-line conditioning: ENABLED (masked multi-label, 8 heads)
    labeled pairs: 128,870 over 8,844 genes (dropped 0 with no known head)
    same-head SL/non-SL conflicts resolved by OR (label=SL): 1,876 pairs -> 2,171 head-cells [JURKAT 1,461, K562 406, HELA 125, OTHER 107, 293T 36, A549 30, A375 6]
    K562     known  91,937  pos  8,705  neg  83,232  (or-resolved   406)
    JURKAT   known  66,122  pos  2,617  neg  63,505  (or-resolved 1,461)
    A549     known   8,889  pos    314  neg   8,575  (or-resolved    30)
    HELA     known   5,931  pos  1,250  neg   4,681  (or-resolved   125)
    A375     known   2,509  pos  1,094  neg   1,415  (or-resolved     6)
    293T     known   2,438  pos    326  neg   2,112  (or-resolved    36)
    PC9      known   1,014  pos     68  neg     946  (or-resolved     0)
    OTHER    known  27,002  pos  8,721  neg  18,281  (or-resolved   107)
Loaded raw tensors for 19397 genes
Loaded 22166 positive SL pairs
SL pairs involve 5257 unique genes
============================================================
Siamese SL Training
Model: siamese
CV Type: cv3
Folds: 5
============================================================

Generating CV3 splits (pair-based, multi-label)...
  Fold 1: train 68,530 pairs/109,228 labels  val 697 pairs/1,128 labels  test 5,006 pairs/7,980 labels
  Fold 2: train 63,092 pairs/101,706 labels  val 1,012 pairs/1,584 labels  test 5,689 pairs/8,792 labels
  Fold 3: train 63,695 pairs/102,423 labels  val 778 pairs/1,071 labels  test 6,142 pairs/10,206 labels
  Fold 4: train 68,487 pairs/110,473 labels  val 1,057 pairs/1,573 labels  test 4,111 pairs/6,512 labels
  Fold 5: train 67,523 pairs/109,717 labels  val 890 pairs/1,213 labels  test 4,809 pairs/7,636 labels

============================================================
Training Fold 1
============================================================

[fold 0] fitting preprocessing [method=plain: mean → col-standardize+SVD → mean/std; scope=train] (+ post-concat PCA + renorm)
  Fit subset: 18641/19397 rows (96.1%)
  [geneformer] 1152d, 19397 genes, 135 missing
    mean-imputed 135/19397 genes (155520 NaN cells; locations fit on 18641 fit rows)
  [go2vec] 128d, 19397 genes, 606 missing
    mean-imputed 606/19397 genes (77568 NaN cells; locations fit on 18641 fit rows)
  [kg_complex] 512d, 19397 genes, 394 missing
    mean-imputed 394/19397 genes (201728 NaN cells; locations fit on 18641 fit rows)
  [ppi_raw] 1024d, 19397 genes, 3467 missing
    mean-imputed 3467/19397 genes (3550208 NaN cells; locations fit on 18641 fit rows)
  [text_embed] 1024d, 19397 genes, 6 missing
    mean-imputed 6/19397 genes (6144 NaN cells; locations fit on 18641 fit rows)
    Variance target 80% on the correlation spectrum: 1548 components (explains 80.0% of 3840d)
    Plain PCA 3840d -> 1548d (80.0% variance, standardized)
[fold 0] fold embeddings: (19397, 1548)
Fold 1 input_dim: 1548
  Trainable parameters: 28,653 (total 28,653) [SiameseSLMultiCell]
  Fold stamp: genes 42ff034debb48f84 all_pos 20be58a407d6aa9a meta 15e1a39cf91a5615
  L1 λ=0.01 for encoder.hidden_blocks.0.0.weight
  L1 λ=0.0075 for encoder.hidden_blocks.1.0.weight
  L1 λ=0.005 for encoder.hidden_blocks.2.0.weight
  L1 λ=0.004 for encoder.hidden_blocks.3.0.weight
  L1 λ=0.0025 for encoder.hidden_blocks.4.0.weight
  L1 λ=0.0015 for encoder.hidden_blocks.5.0.weight
  L1 λ=0.001 for encoder.projection.weight

  cell-line metrics  [baseline | raw AUPR | norm AUPR | AUPRG]
    strat : 0.139 | 0.558 | 0.487 | 0.910   <- AUPRG selects
    any   : 0.220 | 0.603 | 0.491 | 0.812   (AUROC 0.749)
    macro : 0.178 | 0.431 | 0.327 | 0.286   (per-line avg)
    K562   : 0.176 | 0.740 | 0.684 | 0.948
    JURKAT : 0.073 | 0.060 | -0.014 | -0.514
    A549   : 0.000 | nan | nan | nan
    HELA   : 0.263 | 0.936 | 0.913 | 0.987
    A375   : 0.000 | nan | nan | nan
    293T   : 0.190 | 0.171 | -0.024 | -0.363
    PC9    : 0.000 | nan | nan | nan
    OTHER  : 0.188 | 0.250 | 0.077 | 0.374

  cell-line metrics  [baseline | raw AUPR | norm AUPR | AUPRG]
    strat : 0.139 | 0.642 | 0.584 | 0.939   <- AUPRG selects
    any   : 0.220 | 0.670 | 0.577 | 0.861   (AUROC 0.758)
    macro : 0.178 | 0.457 | 0.358 | 0.245   (per-line avg)
    K562   : 0.176 | 0.809 | 0.768 | 0.969
    JURKAT : 0.073 | 0.069 | -0.004 | -0.103
    A549   : 0.000 | nan | nan | nan
    HELA   : 0.263 | 0.933 | 0.910 | 0.986
    A375   : 0.000 | nan | nan | nan
    293T   : 0.190 | 0.149 | -0.051 | -1.138
    PC9    : 0.000 | nan | nan | nan
    OTHER  : 0.188 | 0.324 | 0.168 | 0.511

  cell-line metrics  [baseline | raw AUPR | norm AUPR | AUPRG]
    strat : 0.139 | 0.649 | 0.592 | 0.947   <- AUPRG selects
    any   : 0.220 | 0.670 | 0.577 | 0.870   (AUROC 0.796)
    macro : 0.178 | 0.462 | 0.361 | 0.522   (per-line avg)
    K562   : 0.176 | 0.857 | 0.826 | 0.983
    JURKAT : 0.073 | 0.105 | 0.034 | 0.316
    A549   : 0.000 | nan | nan | nan
    HELA   : 0.263 | 0.853 | 0.801 | 0.958
    A375   : 0.000 | nan | nan | nan
    293T   : 0.190 | 0.219 | 0.035 | 0.146
    PC9    : 0.000 | nan | nan | nan
    OTHER  : 0.188 | 0.276 | 0.109 | 0.204

  cell-line metrics  [baseline | raw AUPR | norm AUPR | AUPRG]
    strat : 0.139 | 0.692 | 0.643 | 0.949   <- AUPRG selects
    any   : 0.220 | 0.650 | 0.551 | 0.847   (AUROC 0.758)
    macro : 0.178 | 0.487 | 0.395 | 0.422   (per-line avg)
    K562   : 0.176 | 0.872 | 0.845 | 0.981
    JURKAT : 0.073 | 0.060 | -0.014 | -0.288
    A549   : 0.000 | nan | nan | nan
    HELA   : 0.263 | 0.926 | 0.900 | 0.980
    A375   : 0.000 | nan | nan | nan
    293T   : 0.190 | 0.185 | -0.006 | -0.156
    PC9    : 0.000 | nan | nan | nan
    OTHER  : 0.188 | 0.390 | 0.249 | 0.594

  cell-line metrics  [baseline | raw AUPR | norm AUPR | AUPRG]
    strat : 0.139 | 0.677 | 0.625 | 0.949   <- AUPRG selects
    any   : 0.220 | 0.702 | 0.619 | 0.893   (AUROC 0.809)
    macro : 0.178 | 0.455 | 0.354 | 0.154   (per-line avg)
    K562   : 0.176 | 0.861 | 0.831 | 0.982
    JURKAT : 0.073 | 0.077 | 0.005 | -0.119
    A549   : 0.000 | nan | nan | nan
    HELA   : 0.263 | 0.857 | 0.806 | 0.964
    A375   : 0.000 | nan | nan | nan
    293T   : 0.190 | 0.130 | -0.074 | -1.646
    PC9    : 0.000 | nan | nan | nan
    OTHER  : 0.188 | 0.352 | 0.202 | 0.591

  cell-line metrics  [baseline | raw AUPR | norm AUPR | AUPRG]
    strat : 0.139 | 0.710 | 0.663 | 0.953   <- AUPRG selects
    any   : 0.220 | 0.685 | 0.597 | 0.879   (AUROC 0.796)
    macro : 0.178 | 0.523 | 0.440 | 0.561   (per-line avg)
    K562   : 0.176 | 0.875 | 0.848 | 0.982
    JURKAT : 0.073 | 0.061 | -0.012 | -0.184
    A549   : 0.000 | nan | nan | nan
    HELA   : 0.263 | 0.953 | 0.936 | 0.994
    A375   : 0.000 | nan | nan | nan
    293T   : 0.190 | 0.264 | 0.091 | 0.301
    PC9    : 0.000 | nan | nan | nan
    OTHER  : 0.188 | 0.462 | 0.337 | 0.712

  cell-line metrics  [baseline | raw AUPR | norm AUPR | AUPRG]
    strat : 0.139 | 0.688 | 0.638 | 0.953   <- AUPRG selects
    any   : 0.220 | 0.687 | 0.599 | 0.875   (AUROC 0.780)
    macro : 0.178 | 0.486 | 0.394 | 0.348   (per-line avg)
    K562   : 0.176 | 0.860 | 0.830 | 0.981
    JURKAT : 0.073 | 0.088 | 0.016 | 0.141
    A549   : 0.000 | nan | nan | nan
    HELA   : 0.263 | 0.946 | 0.926 | 0.993
    A375   : 0.000 | nan | nan | nan
    293T   : 0.190 | 0.161 | -0.037 | -1.081
    PC9    : 0.000 | nan | nan | nan
    OTHER  : 0.188 | 0.378 | 0.235 | 0.705

  cell-line metrics  [baseline | raw AUPR | norm AUPR | AUPRG]
    strat : 0.139 | 0.712 | 0.665 | 0.955   <- AUPRG selects
    any   : 0.220 | 0.674 | 0.582 | 0.871   (AUROC 0.781)
    macro : 0.178 | 0.527 | 0.444 | 0.499   (per-line avg)
    K562   : 0.176 | 0.884 | 0.859 | 0.986
    JURKAT : 0.073 | 0.061 | -0.012 | -0.499
    A549   : 0.000 | nan | nan | nan
    HELA   : 0.263 | 0.929 | 0.903 | 0.982
    A375   : 0.000 | nan | nan | nan
    293T   : 0.190 | 0.264 | 0.091 | 0.239
    PC9    : 0.000 | nan | nan | nan
    OTHER  : 0.188 | 0.496 | 0.380 | 0.787

  cell-line metrics  [baseline | raw AUPR | norm AUPR | AUPRG]
    strat : 0.139 | 0.707 | 0.659 | 0.957   <- AUPRG selects
    any   : 0.220 | 0.674 | 0.583 | 0.884   (AUROC 0.811)
    macro : 0.178 | 0.481 | 0.388 | 0.476   (per-line avg)
    K562   : 0.176 | 0.898 | 0.877 | 0.986
    JURKAT : 0.073 | 0.090 | 0.019 | 0.105
    A549   : 0.000 | nan | nan | nan
    HELA   : 0.263 | 0.940 | 0.919 | 0.989
    A375   : 0.000 | nan | nan | nan
    293T   : 0.190 | 0.178 | -0.016 | -0.137
    PC9    : 0.000 | nan | nan | nan
    OTHER  : 0.188 | 0.301 | 0.140 | 0.439

Early stopping at epoch 930

  selected on val (auprg=0.9570 @ epoch 630); test scored once

Fold 1 Best (epoch 630): AUROC=0.7871, AUPR=0.3904, F1=0.3863
  Params: 26,723/28,653 nonzero | Weights: 24,950/26,880 nonzero (7.18% sparse)
    cell_emb.weight: 192/192 nonzero (0.0% sparse)
    encoder.hidden_blocks.0.0.weight: 23,384/25,152 nonzero (7.0% sparse)
    encoder.hidden_blocks.1.0.weight: 245/256 nonzero (4.3% sparse)
    encoder.hidden_blocks.2.0.weight: 254/256 nonzero (0.8% sparse)
    encoder.hidden_blocks.3.0.weight: 252/256 nonzero (1.6% sparse)
    encoder.hidden_blocks.4.0.weight: 256/256 nonzero (0.0% sparse)
    encoder.hidden_blocks.5.0.weight: 255/256 nonzero (0.4% sparse)
    encoder.projection.weight: 112/256 nonzero (56.2% sparse)
  [retrieval] index space: n=19397 num_genes=19397 num_p_genes=8844 (P-space differs from full space)
  Saved 8844x8844 shared-space score matrix -> fold_0_cv3_predictions.npy
  [retrieval] universe 19,397 genes (peers rank vs 8,844), 213 scored rows, 422 test-pos, 13,369 train-pos suppressed | fwd-check 7.63e-06 | NDCG@10 0.0000 NDCG@50 0.0423 R@50 0.1549 MAP@50 0.0107

============================================================
Training Fold 2
============================================================

[fold 1] fitting preprocessing [method=plain: mean → col-standardize+SVD → mean/std; scope=train] (+ post-concat PCA + renorm)
  Fit subset: 18067/19397 rows (93.1%)
  [geneformer] 1152d, 19397 genes, 135 missing
    mean-imputed 135/19397 genes (155520 NaN cells; locations fit on 18067 fit rows)
  [go2vec] 128d, 19397 genes, 606 missing
    mean-imputed 606/19397 genes (77568 NaN cells; locations fit on 18067 fit rows)
  [kg_complex] 512d, 19397 genes, 394 missing
    mean-imputed 394/19397 genes (201728 NaN cells; locations fit on 18067 fit rows)
  [ppi_raw] 1024d, 19397 genes, 3467 missing
    mean-imputed 3467/19397 genes (3550208 NaN cells; locations fit on 18067 fit rows)
  [text_embed] 1024d, 19397 genes, 6 missing
    mean-imputed 6/19397 genes (6144 NaN cells; locations fit on 18067 fit rows)
    Variance target 80% on the correlation spectrum: 1538 components (explains 80.0% of 3840d)
    Plain PCA 3840d -> 1538d (80.0% variance, standardized)
[fold 1] fold embeddings: (19397, 1538)
Fold 2 input_dim: 1538
  Trainable parameters: 28,483 (total 28,483) [SiameseSLMultiCell]
  Fold stamp: genes 42ff034debb48f84 all_pos 20be58a407d6aa9a meta 15e1a39cf91a5615
  L1 λ=0.01 for encoder.hidden_blocks.0.0.weight
  L1 λ=0.0075 for encoder.hidden_blocks.1.0.weight
  L1 λ=0.005 for encoder.hidden_blocks.2.0.weight
  L1 λ=0.004 for encoder.hidden_blocks.3.0.weight
  L1 λ=0.0025 for encoder.hidden_blocks.4.0.weight
  L1 λ=0.0015 for encoder.hidden_blocks.5.0.weight
  L1 λ=0.001 for encoder.projection.weight

  cell-line metrics  [baseline | raw AUPR | norm AUPR | AUPRG]
    strat : 0.057 | 0.134 | 0.081 | 0.698   <- AUPRG selects
    any   : 0.086 | 0.180 | 0.103 | 0.604   (AUROC 0.648)
    macro : 0.125 | 0.221 | 0.112 | 0.621   (per-line avg)
    K562   : 0.090 | 0.229 | 0.154 | 0.746
    JURKAT : 0.038 | 0.066 | 0.029 | 0.662
    A549   : 0.000 | nan | nan | nan
    HELA   : 0.121 | 0.257 | 0.154 | 0.742
    A375   : 0.000 | nan | nan | nan
    293T   : 0.000 | nan | nan | nan
    PC9    : 0.250 | 0.333 | 0.111 | 0.333
    OTHER  : 0.000 | nan | nan | nan

  cell-line metrics  [baseline | raw AUPR | norm AUPR | AUPRG]
    strat : 0.057 | 0.231 | 0.184 | 0.887   <- AUPRG selects
    any   : 0.086 | 0.206 | 0.131 | 0.746   (AUROC 0.656)
    macro : 0.125 | 0.304 | 0.200 | 0.651   (per-line avg)
    K562   : 0.090 | 0.333 | 0.267 | 0.870
    JURKAT : 0.038 | 0.093 | 0.057 | 0.787
    A549   : 0.000 | nan | nan | nan
    HELA   : 0.121 | 0.541 | 0.477 | 0.948
    A375   : 0.000 | nan | nan | nan
    293T   : 0.000 | nan | nan | nan
    PC9    : 0.250 | 0.250 | 0.000 | 0.000
    OTHER  : 0.000 | nan | nan | nan

  cell-line metrics  [baseline | raw AUPR | norm AUPR | AUPRG]
    strat : 0.057 | 0.261 | 0.216 | 0.909   <- AUPRG selects
    any   : 0.086 | 0.184 | 0.107 | 0.647   (AUROC 0.616)
    macro : 0.125 | 0.295 | 0.194 | 0.661   (per-line avg)
    K562   : 0.090 | 0.383 | 0.322 | 0.901
    JURKAT : 0.038 | 0.063 | 0.026 | 0.542
    A549   : 0.000 | nan | nan | nan
    HELA   : 0.121 | 0.401 | 0.318 | 0.868
    A375   : 0.000 | nan | nan | nan
    293T   : 0.000 | nan | nan | nan
    PC9    : 0.250 | 0.333 | 0.111 | 0.333
    OTHER  : 0.000 | nan | nan | nan

  cell-line metrics  [baseline | raw AUPR | norm AUPR | AUPRG]
    strat : 0.057 | 0.284 | 0.240 | 0.921   <- AUPRG selects
    any   : 0.086 | 0.173 | 0.095 | 0.657   (AUROC 0.631)
    macro : 0.125 | 0.291 | 0.185 | 0.603   (per-line avg)
    K562   : 0.090 | 0.390 | 0.330 | 0.904
    JURKAT : 0.038 | 0.078 | 0.041 | 0.601
    A549   : 0.000 | nan | nan | nan
    HELA   : 0.121 | 0.445 | 0.369 | 0.909
    A375   : 0.000 | nan | nan | nan
    293T   : 0.000 | nan | nan | nan
    PC9    : 0.250 | 0.250 | 0.000 | 0.000
    OTHER  : 0.000 | nan | nan | nan

Early stopping at epoch 450

  selected on val (auprg=0.9213 @ epoch 150); test scored once

Fold 2 Best (epoch 150): AUROC=0.7038, AUPR=0.4720, F1=0.4741
  Params: 28,066/28,483 nonzero | Weights: 26,303/26,720 nonzero (1.56% sparse)
    cell_emb.weight: 192/192 nonzero (0.0% sparse)
    encoder.hidden_blocks.0.0.weight: 24,578/24,992 nonzero (1.7% sparse)
    encoder.hidden_blocks.1.0.weight: 253/256 nonzero (1.2% sparse)
    encoder.hidden_blocks.2.0.weight: 256/256 nonzero (0.0% sparse)
    encoder.hidden_blocks.3.0.weight: 256/256 nonzero (0.0% sparse)
    encoder.hidden_blocks.4.0.weight: 256/256 nonzero (0.0% sparse)
    encoder.hidden_blocks.5.0.weight: 256/256 nonzero (0.0% sparse)
    encoder.projection.weight: 256/256 nonzero (0.0% sparse)
  [retrieval] index space: n=19397 num_genes=19397 num_p_genes=8844 (P-space differs from full space)
  Saved 8844x8844 shared-space score matrix -> fold_1_cv3_predictions.npy
  [retrieval] universe 19,397 genes (peers rank vs 8,844), 921 scored rows, 1,502 test-pos, 9,745 train-pos suppressed | fwd-check 1.72e-05 | NDCG@10 0.0129 NDCG@50 0.0143 R@50 0.0085 MAP@50 0.0143

============================================================
Training Fold 3
============================================================

[fold 2] fitting preprocessing [method=plain: mean → col-standardize+SVD → mean/std; scope=train] (+ post-concat PCA + renorm)
  Fit subset: 18334/19397 rows (94.5%)
  [geneformer] 1152d, 19397 genes, 135 missing
    mean-imputed 135/19397 genes (155520 NaN cells; locations fit on 18334 fit rows)
  [go2vec] 128d, 19397 genes, 606 missing
    mean-imputed 606/19397 genes (77568 NaN cells; locations fit on 18334 fit rows)
  [kg_complex] 512d, 19397 genes, 394 missing
    mean-imputed 394/19397 genes (201728 NaN cells; locations fit on 18334 fit rows)
  [ppi_raw] 1024d, 19397 genes, 3467 missing
    mean-imputed 3467/19397 genes (3550208 NaN cells; locations fit on 18334 fit rows)
  [text_embed] 1024d, 19397 genes, 6 missing
    mean-imputed 6/19397 genes (6144 NaN cells; locations fit on 18334 fit rows)
    Variance target 80% on the correlation spectrum: 1542 components (explains 80.0% of 3840d)
    Plain PCA 3840d -> 1542d (80.0% variance, standardized)
[fold 2] fold embeddings: (19397, 1542)
Fold 3 input_dim: 1542
  Trainable parameters: 28,551 (total 28,551) [SiameseSLMultiCell]
  Fold stamp: genes 42ff034debb48f84 all_pos 20be58a407d6aa9a meta 15e1a39cf91a5615
  L1 λ=0.01 for encoder.hidden_blocks.0.0.weight
  L1 λ=0.0075 for encoder.hidden_blocks.1.0.weight
  L1 λ=0.005 for encoder.hidden_blocks.2.0.weight
  L1 λ=0.004 for encoder.hidden_blocks.3.0.weight
  L1 λ=0.0025 for encoder.hidden_blocks.4.0.weight
  L1 λ=0.0015 for encoder.hidden_blocks.5.0.weight
  L1 λ=0.001 for encoder.projection.weight

  cell-line metrics  [baseline | raw AUPR | norm AUPR | AUPRG]
    strat : 0.231 | 0.609 | 0.492 | 0.767   <- AUPRG selects
    any   : 0.315 | 0.573 | 0.376 | 0.439   (AUROC 0.702)
    macro : 0.218 | 0.463 | 0.301 | 0.545   (per-line avg)
    K562   : 0.181 | 0.768 | 0.717 | 0.960
    JURKAT : 0.006 | 0.026 | 0.019 | 0.759
    A549   : 0.014 | 0.026 | 0.012 | 0.479
    HELA   : 0.164 | 0.921 | 0.906 | 0.992
    A375   : 0.000 | nan | nan | nan
    293T   : 0.500 | 0.455 | -0.089 | -0.237
    PC9    : 0.000 | nan | nan | nan
    OTHER  : 0.446 | 0.580 | 0.243 | 0.318

  cell-line metrics  [baseline | raw AUPR | norm AUPR | AUPRG]
    strat : 0.231 | 0.619 | 0.504 | 0.786   <- AUPRG selects
    any   : 0.315 | 0.669 | 0.517 | 0.709   (AUROC 0.791)
    macro : 0.218 | 0.494 | 0.358 | 0.731   (per-line avg)
    K562   : 0.181 | 0.825 | 0.786 | 0.975
    JURKAT : 0.006 | 0.059 | 0.053 | 0.899
    A549   : 0.014 | 0.143 | 0.131 | 0.918
    HELA   : 0.164 | 0.712 | 0.655 | 0.954
    A375   : 0.000 | nan | nan | nan
    293T   : 0.500 | 0.573 | 0.146 | 0.070
    PC9    : 0.000 | nan | nan | nan
    OTHER  : 0.446 | 0.654 | 0.376 | 0.568

  cell-line metrics  [baseline | raw AUPR | norm AUPR | AUPRG]
    strat : 0.231 | 0.630 | 0.519 | 0.813   <- AUPRG selects
    any   : 0.315 | 0.660 | 0.503 | 0.697   (AUROC 0.768)
    macro : 0.218 | 0.472 | 0.319 | 0.610   (per-line avg)
    K562   : 0.181 | 0.873 | 0.845 | 0.982
    JURKAT : 0.006 | 0.033 | 0.027 | 0.816
    A549   : 0.014 | 0.029 | 0.015 | 0.534
    HELA   : 0.164 | 0.808 | 0.771 | 0.978
    A375   : 0.000 | nan | nan | nan
    293T   : 0.500 | 0.492 | -0.016 | -0.142
    PC9    : 0.000 | nan | nan | nan
    OTHER  : 0.446 | 0.596 | 0.271 | 0.489

  cell-line metrics  [baseline | raw AUPR | norm AUPR | AUPRG]
    strat : 0.231 | 0.684 | 0.589 | 0.865   <- AUPRG selects
    any   : 0.315 | 0.547 | 0.339 | 0.523   (AUROC 0.702)
    macro : 0.218 | 0.519 | 0.395 | 0.707   (per-line avg)
    K562   : 0.181 | 0.851 | 0.818 | 0.973
    JURKAT : 0.006 | 0.033 | 0.027 | 0.816
    A549   : 0.014 | 0.091 | 0.078 | 0.863
    HELA   : 0.164 | 0.857 | 0.828 | 0.988
    A375   : 0.000 | nan | nan | nan
    293T   : 0.500 | 0.576 | 0.153 | -0.022
    PC9    : 0.000 | nan | nan | nan
    OTHER  : 0.446 | 0.704 | 0.465 | 0.626

Early stopping at epoch 960

  selected on val (auprg=0.8654 @ epoch 660); test scored once

Fold 3 Best (epoch 660): AUROC=0.7086, AUPR=0.3241, F1=0.3365
  Params: 26,881/28,551 nonzero | Weights: 25,114/26,784 nonzero (6.24% sparse)
    cell_emb.weight: 192/192 nonzero (0.0% sparse)
    encoder.hidden_blocks.0.0.weight: 23,525/25,056 nonzero (6.1% sparse)
    encoder.hidden_blocks.1.0.weight: 249/256 nonzero (2.7% sparse)
    encoder.hidden_blocks.2.0.weight: 253/256 nonzero (1.2% sparse)
    encoder.hidden_blocks.3.0.weight: 256/256 nonzero (0.0% sparse)
    encoder.hidden_blocks.4.0.weight: 255/256 nonzero (0.4% sparse)
    encoder.hidden_blocks.5.0.weight: 256/256 nonzero (0.0% sparse)
    encoder.projection.weight: 128/256 nonzero (50.0% sparse)
  [retrieval] index space: n=19397 num_genes=19397 num_p_genes=8844 (P-space differs from full space)
  Saved 8844x8844 shared-space score matrix -> fold_2_cv3_predictions.npy
  [retrieval] universe 19,397 genes (peers rank vs 8,844), 499 scored rows, 1,307 test-pos, 9,031 train-pos suppressed | fwd-check 3.34e-06 | NDCG@10 0.0108 NDCG@50 0.0244 R@50 0.0164 MAP@50 0.0074

============================================================
Training Fold 4
============================================================

[fold 3] fitting preprocessing [method=plain: mean → col-standardize+SVD → mean/std; scope=train] (+ post-concat PCA + renorm)
  Fit subset: 18522/19397 rows (95.5%)
  [geneformer] 1152d, 19397 genes, 135 missing
    mean-imputed 135/19397 genes (155520 NaN cells; locations fit on 18522 fit rows)
  [go2vec] 128d, 19397 genes, 606 missing
    mean-imputed 606/19397 genes (77568 NaN cells; locations fit on 18522 fit rows)
  [kg_complex] 512d, 19397 genes, 394 missing
    mean-imputed 394/19397 genes (201728 NaN cells; locations fit on 18522 fit rows)
  [ppi_raw] 1024d, 19397 genes, 3467 missing
    mean-imputed 3467/19397 genes (3550208 NaN cells; locations fit on 18522 fit rows)
  [text_embed] 1024d, 19397 genes, 6 missing
    mean-imputed 6/19397 genes (6144 NaN cells; locations fit on 18522 fit rows)
    Variance target 80% on the correlation spectrum: 1545 components (explains 80.0% of 3840d)
    Plain PCA 3840d -> 1545d (80.0% variance, standardized)
[fold 3] fold embeddings: (19397, 1545)
Fold 4 input_dim: 1545
  Trainable parameters: 28,602 (total 28,602) [SiameseSLMultiCell]
  Fold stamp: genes 42ff034debb48f84 all_pos 20be58a407d6aa9a meta 15e1a39cf91a5615
  L1 λ=0.01 for encoder.hidden_blocks.0.0.weight
  L1 λ=0.0075 for encoder.hidden_blocks.1.0.weight
  L1 λ=0.005 for encoder.hidden_blocks.2.0.weight
  L1 λ=0.004 for encoder.hidden_blocks.3.0.weight
  L1 λ=0.0025 for encoder.hidden_blocks.4.0.weight
  L1 λ=0.0015 for encoder.hidden_blocks.5.0.weight
  L1 λ=0.001 for encoder.projection.weight

  cell-line metrics  [baseline | raw AUPR | norm AUPR | AUPRG]
    strat : 0.133 | 0.767 | 0.731 | 0.969   <- AUPRG selects
    any   : 0.197 | 0.793 | 0.743 | 0.945   (AUROC 0.857)
    macro : 0.160 | 0.436 | 0.386 | 0.248   (per-line avg)
    K562   : 0.100 | 0.465 | 0.405 | 0.918
    JURKAT : 0.024 | 0.021 | -0.003 | -1.963
    A549   : 0.000 | nan | nan | nan
    HELA   : 0.250 | 0.869 | 0.825 | 0.966
    A375   : 0.000 | nan | nan | nan
    293T   : 0.067 | 0.071 | 0.005 | 0.071
    PC9    : 0.111 | 0.200 | 0.100 | 0.500
    OTHER  : 0.407 | 0.992 | 0.987 | 0.996

  cell-line metrics  [baseline | raw AUPR | norm AUPR | AUPRG]
    strat : 0.133 | 0.815 | 0.786 | 0.979   <- AUPRG selects
    any   : 0.197 | 0.801 | 0.752 | 0.952   (AUROC 0.868)
    macro : 0.160 | 0.437 | 0.382 | -0.318   (per-line avg)
    K562   : 0.100 | 0.628 | 0.586 | 0.963
    JURKAT : 0.024 | 0.015 | -0.009 | -5.388
    A549   : 0.000 | nan | nan | nan
    HELA   : 0.250 | 0.746 | 0.662 | 0.913
    A375   : 0.000 | nan | nan | nan
    293T   : 0.067 | 0.100 | 0.036 | 0.357
    PC9    : 0.111 | 0.143 | 0.036 | 0.250
    OTHER  : 0.407 | 0.990 | 0.983 | 0.995

  cell-line metrics  [baseline | raw AUPR | norm AUPR | AUPRG]
    strat : 0.133 | 0.823 | 0.796 | 0.982   <- AUPRG selects
    any   : 0.197 | 0.792 | 0.742 | 0.945   (AUROC 0.852)
    macro : 0.160 | 0.495 | 0.446 | 0.765   (per-line avg)
    K562   : 0.100 | 0.611 | 0.568 | 0.961
    JURKAT : 0.024 | 0.108 | 0.086 | 0.832
    A549   : 0.000 | nan | nan | nan
    HELA   : 0.250 | 0.817 | 0.756 | 0.948
    A375   : 0.000 | nan | nan | nan
    293T   : 0.067 | 0.333 | 0.286 | 0.857
    PC9    : 0.111 | 0.111 | -0.000 | 0.000
    OTHER  : 0.407 | 0.988 | 0.980 | 0.994

  cell-line metrics  [baseline | raw AUPR | norm AUPR | AUPRG]
    strat : 0.133 | 0.833 | 0.807 | 0.982   <- AUPRG selects
    any   : 0.197 | 0.778 | 0.724 | 0.935   (AUROC 0.835)
    macro : 0.160 | 0.452 | 0.402 | 0.278   (per-line avg)
    K562   : 0.100 | 0.630 | 0.589 | 0.967
    JURKAT : 0.024 | 0.019 | -0.005 | -1.708
    A549   : 0.000 | nan | nan | nan
    HELA   : 0.250 | 0.843 | 0.791 | 0.949
    A375   : 0.000 | nan | nan | nan
    293T   : 0.067 | 0.083 | 0.018 | 0.214
    PC9    : 0.111 | 0.143 | 0.036 | 0.250
    OTHER  : 0.407 | 0.992 | 0.986 | 0.996

  cell-line metrics  [baseline | raw AUPR | norm AUPR | AUPRG]
    strat : 0.133 | 0.842 | 0.818 | 0.984   <- AUPRG selects
    any   : 0.197 | 0.805 | 0.757 | 0.951   (AUROC 0.860)
    macro : 0.160 | 0.470 | 0.425 | 0.613   (per-line avg)
    K562   : 0.100 | 0.695 | 0.661 | 0.973
    JURKAT : 0.024 | 0.053 | 0.030 | 0.590
    A549   : 0.000 | nan | nan | nan
    HELA   : 0.250 | 0.895 | 0.860 | 0.979
    A375   : 0.000 | nan | nan | nan
    293T   : 0.067 | 0.077 | 0.011 | 0.143
    PC9    : 0.111 | 0.111 | -0.000 | 0.000
    OTHER  : 0.407 | 0.992 | 0.986 | 0.996

Early stopping at epoch 780

  selected on val (auprg=0.9837 @ epoch 480); test scored once

Fold 4 Best (epoch 480): AUROC=0.7562, AUPR=0.4944, F1=0.4736
  Params: 26,922/28,602 nonzero | Weights: 25,152/26,832 nonzero (6.26% sparse)
    cell_emb.weight: 192/192 nonzero (0.0% sparse)
    encoder.hidden_blocks.0.0.weight: 23,531/25,104 nonzero (6.3% sparse)
    encoder.hidden_blocks.1.0.weight: 250/256 nonzero (2.3% sparse)
    encoder.hidden_blocks.2.0.weight: 253/256 nonzero (1.2% sparse)
    encoder.hidden_blocks.3.0.weight: 256/256 nonzero (0.0% sparse)
    encoder.hidden_blocks.4.0.weight: 254/256 nonzero (0.8% sparse)
    encoder.hidden_blocks.5.0.weight: 256/256 nonzero (0.0% sparse)
    encoder.projection.weight: 160/256 nonzero (37.5% sparse)
  [retrieval] index space: n=19397 num_genes=19397 num_p_genes=8844 (P-space differs from full space)
  Saved 8844x8844 shared-space score matrix -> fold_3_cv3_predictions.npy
  [retrieval] universe 19,397 genes (peers rank vs 8,844), 261 scored rows, 711 test-pos, 11,416 train-pos suppressed | fwd-check 6.68e-06 | NDCG@10 0.0062 NDCG@50 0.0453 R@50 0.0339 MAP@50 0.0114

============================================================
Training Fold 5
============================================================

[fold 4] fitting preprocessing [method=plain: mean → col-standardize+SVD → mean/std; scope=train] (+ post-concat PCA + renorm)
  Fit subset: 18441/19397 rows (95.1%)
  [geneformer] 1152d, 19397 genes, 135 missing
    mean-imputed 135/19397 genes (155520 NaN cells; locations fit on 18441 fit rows)
  [go2vec] 128d, 19397 genes, 606 missing
    mean-imputed 606/19397 genes (77568 NaN cells; locations fit on 18441 fit rows)
  [kg_complex] 512d, 19397 genes, 394 missing
    mean-imputed 394/19397 genes (201728 NaN cells; locations fit on 18441 fit rows)
  [ppi_raw] 1024d, 19397 genes, 3467 missing
    mean-imputed 3467/19397 genes (3550208 NaN cells; locations fit on 18441 fit rows)
  [text_embed] 1024d, 19397 genes, 6 missing
    mean-imputed 6/19397 genes (6144 NaN cells; locations fit on 18441 fit rows)
    Variance target 80% on the correlation spectrum: 1543 components (explains 80.0% of 3840d)
    Plain PCA 3840d -> 1543d (80.0% variance, standardized)
[fold 4] fold embeddings: (19397, 1543)
Fold 5 input_dim: 1543
  Trainable parameters: 28,568 (total 28,568) [SiameseSLMultiCell]
  Fold stamp: genes 42ff034debb48f84 all_pos 20be58a407d6aa9a meta 15e1a39cf91a5615
  L1 λ=0.01 for encoder.hidden_blocks.0.0.weight
  L1 λ=0.0075 for encoder.hidden_blocks.1.0.weight
  L1 λ=0.005 for encoder.hidden_blocks.2.0.weight
  L1 λ=0.004 for encoder.hidden_blocks.3.0.weight
  L1 λ=0.0025 for encoder.hidden_blocks.4.0.weight
  L1 λ=0.0015 for encoder.hidden_blocks.5.0.weight
  L1 λ=0.001 for encoder.projection.weight

  cell-line metrics  [baseline | raw AUPR | norm AUPR | AUPRG]
    strat : 0.303 | 0.650 | 0.498 | 0.627   <- AUPRG selects
    any   : 0.393 | 0.699 | 0.504 | 0.603   (AUROC 0.745)
    macro : 0.293 | 0.421 | 0.187 | 0.392   (per-line avg)
    K562   : 0.055 | 0.143 | 0.094 | 0.764
    JURKAT : 0.083 | 0.101 | 0.020 | -0.207
    A549   : 0.021 | 0.032 | 0.012 | 0.362
    HELA   : 0.107 | 0.529 | 0.472 | 0.956
    A375   : 0.975 | 0.970 | -0.204 | -0.013
    293T   : 0.190 | 0.214 | 0.029 | 0.052
    PC9    : 0.000 | nan | nan | nan
    OTHER  : 0.617 | 0.956 | 0.885 | 0.830

Early stopping at epoch 330

  selected on val (auprg=0.6271 @ epoch 30); test scored once

Fold 5 Best (epoch 30): AUROC=0.7191, AUPR=0.3537, F1=0.3592
  Params: 26,866/28,568 nonzero | Weights: 25,098/26,800 nonzero (6.35% sparse)
    cell_emb.weight: 192/192 nonzero (0.0% sparse)
    encoder.hidden_blocks.0.0.weight: 23,378/25,072 nonzero (6.8% sparse)
    encoder.hidden_blocks.1.0.weight: 250/256 nonzero (2.3% sparse)
    encoder.hidden_blocks.2.0.weight: 256/256 nonzero (0.0% sparse)
    encoder.hidden_blocks.3.0.weight: 254/256 nonzero (0.8% sparse)
    encoder.hidden_blocks.4.0.weight: 256/256 nonzero (0.0% sparse)
    encoder.hidden_blocks.5.0.weight: 256/256 nonzero (0.0% sparse)
    encoder.projection.weight: 256/256 nonzero (0.0% sparse)
  [retrieval] index space: n=19397 num_genes=19397 num_p_genes=8844 (P-space differs from full space)
  Saved 8844x8844 shared-space score matrix -> fold_4_cv3_predictions.npy
  [retrieval] universe 19,397 genes (peers rank vs 8,844), 193 scored rows, 518 test-pos, 11,309 train-pos suppressed | fwd-check 1.14e-05 | NDCG@10 0.0120 NDCG@50 0.0444 R@50 0.0363 MAP@50 0.0124

============================================================
Cross-Validation Results: CV3 (pair-based)
============================================================

Fold        AUROC       AUPR         F1
----------------------------------------
1          0.7871     0.3904     0.3863
2          0.7038     0.4720     0.4741
3          0.7086     0.3241     0.3365
4          0.7562     0.4944     0.4736
5          0.7191     0.3537     0.3592
----------------------------------------
Mean       0.7350     0.4069     0.4059
Std        0.0319     0.0661     0.0577

============================================================
Summary:
  AUROC: 0.7350 ± 0.0319
  AUPR:  0.4069 ± 0.0661
  F1:    0.4059 ± 0.0577
  Params: 27,091/28,571 nonzero (weight sparsity: 5.52%)
============================================================

Cell-line metrics (mean over folds):
  STRATIFIED (pooled per-cell-line obs; SELECTION basis):
    baseline(pi) 0.1098  AUPR 0.4069  normAUPR 0.3337  AUPRG 0.8509  AUROC 0.7350
  GLOBAL (SL in any cell line; one-time headline):
    AUPRG 0.7151 ± 0.1367   AUPR 0.4027   AUROC 0.6920
  PER-LINE macro (equal weight/line; diagnostic):
    AUPRG 0.4425  AUPR 0.2946
  RETRIEVAL (rank vs the whole 19,397-gene universe; peers rank vs 8,844 -- NOT strictly comparable):
    NDCG@10 0.0084  NDCG@50 0.0341  R@50 0.0500  MAP@50 0.0113

Results saved to results/ablate_no_protein_seq_cv3
  Checkpoints removed (ABLATION_PURGE_CHECKPOINTS=1)

SUCCESS: cv3 without 'protein_seq'  AUPRG=0.8509 +/- 0.1048  AUPR=0.4069 +/- 0.0661
