============================================================================
Job: ablation | ID: 1179102 | Node: gpu3
Array task: 7 (of job 1178680)
Start: Mon Aug 31 17:34:41 EDT 2026
NVIDIA L40, 46068 MiB, 33809 MiB
NVIDIA L40, 46068 MiB, 39935 MiB
NVIDIA L40, 46068 MiB, 0 MiB
NVIDIA L40, 46068 MiB, 43379 MiB
============================================================================

============================================================================
ABLATION  task 7 of 18
  CV:      cv2
  Dropped: protein_seq
============================================================================
  Surviving (5): geneformer+go2vec+kg_complex+ppi_raw+text_embed
  Output: results/ablate_no_protein_seq_cv2
  Post-concat PCA: variance=0.8 (retained k varies with the modality set)

Using GPU: NVIDIA L40

Loading 5 modality file(s) [raw, preprocessing deferred to per-fold fit]:
Cell-line conditioning: ENABLED (masked multi-label, 8 heads)
    labeled pairs: 128,870 over 8,844 genes (dropped 0 with no known head)
    same-head SL/non-SL conflicts resolved by OR (label=SL): 1,876 pairs -> 2,171 head-cells [JURKAT 1,461, K562 406, HELA 125, OTHER 107, 293T 36, A549 30, A375 6]
    K562     known  91,937  pos  8,705  neg  83,232  (or-resolved   406)
    JURKAT   known  66,122  pos  2,617  neg  63,505  (or-resolved 1,461)
    A549     known   8,889  pos    314  neg   8,575  (or-resolved    30)
    HELA     known   5,931  pos  1,250  neg   4,681  (or-resolved   125)
    A375     known   2,509  pos  1,094  neg   1,415  (or-resolved     6)
    293T     known   2,438  pos    326  neg   2,112  (or-resolved    36)
    PC9      known   1,014  pos     68  neg     946  (or-resolved     0)
    OTHER    known  27,002  pos  8,721  neg  18,281  (or-resolved   107)
Loaded raw tensors for 19397 genes
Loaded 22166 positive SL pairs
SL pairs involve 5257 unique genes
============================================================
Siamese SL Training
Model: siamese
CV Type: cv2
Folds: 5
============================================================

Generating CV2 splits (gene-based, multi-label)...
  Fold 1: train 68,530 pairs/109,228 labels  val 14,587 pairs/23,646 labels  test 45,753 pairs/72,968 labels
  Fold 2: train 63,092 pairs/101,706 labels  val 17,148 pairs/27,411 labels  test 48,630 pairs/76,725 labels
  Fold 3: train 63,695 pairs/102,423 labels  val 14,637 pairs/21,396 labels  test 50,538 pairs/82,023 labels
  Fold 4: train 68,487 pairs/110,473 labels  val 18,571 pairs/28,710 labels  test 41,812 pairs/66,659 labels
  Fold 5: train 67,523 pairs/109,717 labels  val 16,097 pairs/23,942 labels  test 45,250 pairs/72,183 labels

============================================================
Training Fold 1
============================================================

[fold 0] fitting preprocessing [method=plain: mean → col-standardize+SVD → mean/std; scope=train] (+ post-concat PCA + renorm)
  Fit subset: 16394/19397 rows (84.5%)
  [geneformer] 1152d, 19397 genes, 135 missing
    mean-imputed 135/19397 genes (155520 NaN cells; locations fit on 16394 fit rows)
  [go2vec] 128d, 19397 genes, 606 missing
    mean-imputed 606/19397 genes (77568 NaN cells; locations fit on 16394 fit rows)
  [kg_complex] 512d, 19397 genes, 394 missing
    mean-imputed 394/19397 genes (201728 NaN cells; locations fit on 16394 fit rows)
  [ppi_raw] 1024d, 19397 genes, 3467 missing
    mean-imputed 3467/19397 genes (3550208 NaN cells; locations fit on 16394 fit rows)
  [text_embed] 1024d, 19397 genes, 6 missing
    mean-imputed 6/19397 genes (6144 NaN cells; locations fit on 16394 fit rows)
    Variance target 80% on the correlation spectrum: 1500 components (explains 80.0% of 3840d)
    Plain PCA 3840d -> 1500d (80.0% variance, standardized)
[fold 0] fold embeddings: (19397, 1500)
Fold 1 input_dim: 1500
  Trainable parameters: 27,837 (total 27,837) [SiameseSLMultiCell]
  Fold stamp: genes 42ff034debb48f84 all_pos 20be58a407d6aa9a meta 15e1a39cf91a5615
  L1 λ=0.01 for encoder.hidden_blocks.0.0.weight
  L1 λ=0.0075 for encoder.hidden_blocks.1.0.weight
  L1 λ=0.005 for encoder.hidden_blocks.2.0.weight
  L1 λ=0.004 for encoder.hidden_blocks.3.0.weight
  L1 λ=0.0025 for encoder.hidden_blocks.4.0.weight
  L1 λ=0.0015 for encoder.hidden_blocks.5.0.weight
  L1 λ=0.001 for encoder.projection.weight

  cell-line metrics  [baseline | raw AUPR | norm AUPR | AUPRG]
    strat : 0.122 | 0.720 | 0.681 | 0.969   <- AUPRG selects
    any   : 0.190 | 0.750 | 0.691 | 0.940   (AUROC 0.861)
    macro : 0.157 | 0.485 | 0.438 | 0.626   (per-line avg)
    K562   : 0.124 | 0.745 | 0.709 | 0.973
    JURKAT : 0.056 | 0.129 | 0.077 | 0.747
    A549   : 0.030 | 0.088 | 0.060 | 0.840
    HELA   : 0.218 | 0.849 | 0.807 | 0.965
    A375   : 0.373 | 0.979 | 0.966 | 0.985
    293T   : 0.118 | 0.135 | 0.019 | 0.211
    PC9    : 0.056 | 0.046 | -0.011 | -0.681
    OTHER  : 0.281 | 0.912 | 0.878 | 0.971

  cell-line metrics  [baseline | raw AUPR | norm AUPR | AUPRG]
    strat : 0.122 | 0.748 | 0.713 | 0.973   <- AUPRG selects
    any   : 0.190 | 0.741 | 0.681 | 0.936   (AUROC 0.843)
    macro : 0.157 | 0.496 | 0.448 | 0.727   (per-line avg)
    K562   : 0.124 | 0.788 | 0.758 | 0.979
    JURKAT : 0.056 | 0.192 | 0.144 | 0.867
    A549   : 0.030 | 0.060 | 0.031 | 0.703
    HELA   : 0.218 | 0.856 | 0.816 | 0.963
    A375   : 0.373 | 0.953 | 0.925 | 0.974
    293T   : 0.118 | 0.139 | 0.024 | 0.103
    PC9    : 0.056 | 0.068 | 0.012 | 0.253
    OTHER  : 0.281 | 0.910 | 0.875 | 0.971

  cell-line metrics  [baseline | raw AUPR | norm AUPR | AUPRG]
    strat : 0.122 | 0.739 | 0.703 | 0.973   <- AUPRG selects
    any   : 0.190 | 0.684 | 0.610 | 0.916   (AUROC 0.844)
    macro : 0.157 | 0.510 | 0.468 | 0.715   (per-line avg)
    K562   : 0.124 | 0.806 | 0.779 | 0.983
    JURKAT : 0.056 | 0.154 | 0.104 | 0.776
    A549   : 0.030 | 0.107 | 0.080 | 0.830
    HELA   : 0.218 | 0.890 | 0.859 | 0.971
    A375   : 0.373 | 0.998 | 0.997 | 1.000
    293T   : 0.118 | 0.141 | 0.026 | 0.096
    PC9    : 0.056 | 0.058 | 0.001 | 0.088
    OTHER  : 0.281 | 0.929 | 0.901 | 0.978

  cell-line metrics  [baseline | raw AUPR | norm AUPR | AUPRG]
    strat : 0.122 | 0.778 | 0.747 | 0.978   <- AUPRG selects
    any   : 0.190 | 0.673 | 0.596 | 0.910   (AUROC 0.840)
    macro : 0.157 | 0.535 | 0.495 | 0.701   (per-line avg)
    K562   : 0.124 | 0.818 | 0.793 | 0.984
    JURKAT : 0.056 | 0.230 | 0.184 | 0.895
    A549   : 0.030 | 0.191 | 0.167 | 0.940
    HELA   : 0.218 | 0.901 | 0.873 | 0.977
    A375   : 0.373 | 0.996 | 0.994 | 0.999
    293T   : 0.118 | 0.148 | 0.034 | 0.309
    PC9    : 0.056 | 0.050 | -0.007 | -0.478
    OTHER  : 0.281 | 0.945 | 0.923 | 0.985

  cell-line metrics  [baseline | raw AUPR | norm AUPR | AUPRG]
    strat : 0.122 | 0.776 | 0.745 | 0.978   <- AUPRG selects
    any   : 0.190 | 0.687 | 0.614 | 0.918   (AUROC 0.849)
    macro : 0.157 | 0.538 | 0.498 | 0.741   (per-line avg)
    K562   : 0.124 | 0.811 | 0.784 | 0.983
    JURKAT : 0.056 | 0.267 | 0.223 | 0.919
    A549   : 0.030 | 0.139 | 0.113 | 0.782
    HELA   : 0.218 | 0.894 | 0.864 | 0.975
    A375   : 0.373 | 0.997 | 0.995 | 0.999
    293T   : 0.118 | 0.224 | 0.120 | 0.528
    PC9    : 0.056 | 0.049 | -0.008 | -0.228
    OTHER  : 0.281 | 0.921 | 0.891 | 0.974

Early stopping at epoch 600

  selected on val (auprg=0.9783 @ epoch 300); test scored once

Fold 1 Best (epoch 300): AUROC=0.8884, AUPR=0.7121, F1=0.6758
  Params: 26,279/27,837 nonzero | Weights: 24,554/26,112 nonzero (5.97% sparse)
    cell_emb.weight: 192/192 nonzero (0.0% sparse)
    encoder.hidden_blocks.0.0.weight: 22,884/24,384 nonzero (6.2% sparse)
    encoder.hidden_blocks.1.0.weight: 248/256 nonzero (3.1% sparse)
    encoder.hidden_blocks.2.0.weight: 255/256 nonzero (0.4% sparse)
    encoder.hidden_blocks.3.0.weight: 256/256 nonzero (0.0% sparse)
    encoder.hidden_blocks.4.0.weight: 256/256 nonzero (0.0% sparse)
    encoder.hidden_blocks.5.0.weight: 255/256 nonzero (0.4% sparse)
    encoder.projection.weight: 208/256 nonzero (18.8% sparse)
  [retrieval] index space: n=19397 num_genes=19397 num_p_genes=8844 (P-space differs from full space)
  Saved 8844x8844 shared-space score matrix -> fold_0_cv2_predictions.npy
  [retrieval] universe 19,397 genes (peers rank vs 8,844), 1,886 scored rows, 6,025 test-pos, 13,369 train-pos suppressed | fwd-check 5.72e-06 | NDCG@10 0.1558 NDCG@50 0.1900 R@50 0.2867 MAP@50 0.1358

============================================================
Training Fold 2
============================================================

[fold 1] fitting preprocessing [method=plain: mean → col-standardize+SVD → mean/std; scope=train] (+ post-concat PCA + renorm)
  Fit subset: 15205/19397 rows (78.4%)
  [geneformer] 1152d, 19397 genes, 135 missing
    mean-imputed 135/19397 genes (155520 NaN cells; locations fit on 15205 fit rows)
  [go2vec] 128d, 19397 genes, 606 missing
    mean-imputed 606/19397 genes (77568 NaN cells; locations fit on 15205 fit rows)
  [kg_complex] 512d, 19397 genes, 394 missing
    mean-imputed 394/19397 genes (201728 NaN cells; locations fit on 15205 fit rows)
  [ppi_raw] 1024d, 19397 genes, 3467 missing
    mean-imputed 3467/19397 genes (3550208 NaN cells; locations fit on 15205 fit rows)
  [text_embed] 1024d, 19397 genes, 6 missing
    mean-imputed 6/19397 genes (6144 NaN cells; locations fit on 15205 fit rows)
    Variance target 80% on the correlation spectrum: 1476 components (explains 80.0% of 3840d)
    Plain PCA 3840d -> 1476d (80.0% variance, standardized)
[fold 1] fold embeddings: (19397, 1476)
Fold 2 input_dim: 1476
  Trainable parameters: 27,429 (total 27,429) [SiameseSLMultiCell]
  Fold stamp: genes 42ff034debb48f84 all_pos 20be58a407d6aa9a meta 15e1a39cf91a5615
  L1 λ=0.01 for encoder.hidden_blocks.0.0.weight
  L1 λ=0.0075 for encoder.hidden_blocks.1.0.weight
  L1 λ=0.005 for encoder.hidden_blocks.2.0.weight
  L1 λ=0.004 for encoder.hidden_blocks.3.0.weight
  L1 λ=0.0025 for encoder.hidden_blocks.4.0.weight
  L1 λ=0.0015 for encoder.hidden_blocks.5.0.weight
  L1 λ=0.001 for encoder.projection.weight

  cell-line metrics  [baseline | raw AUPR | norm AUPR | AUPRG]
    strat : 0.078 | 0.543 | 0.504 | 0.962   <- AUPRG selects
    any   : 0.119 | 0.510 | 0.444 | 0.913   (AUROC 0.768)
    macro : 0.066 | 0.319 | 0.287 | 0.544   (per-line avg)
    K562   : 0.091 | 0.554 | 0.509 | 0.957
    JURKAT : 0.046 | 0.131 | 0.089 | 0.796
    A549   : 0.023 | 0.022 | -0.001 | 0.361
    HELA   : 0.144 | 0.828 | 0.799 | 0.977
    A375   : 0.006 | 0.010 | 0.004 | 0.435
    293T   : 0.059 | 0.115 | 0.060 | 0.680
    PC9    : 0.032 | 0.024 | -0.008 | -0.838
    OTHER  : 0.130 | 0.864 | 0.843 | 0.988

  cell-line metrics  [baseline | raw AUPR | norm AUPR | AUPRG]
    strat : 0.078 | 0.584 | 0.549 | 0.971   <- AUPRG selects
    any   : 0.119 | 0.540 | 0.478 | 0.927   (AUROC 0.792)
    macro : 0.066 | 0.335 | 0.304 | 0.541   (per-line avg)
    K562   : 0.091 | 0.578 | 0.536 | 0.964
    JURKAT : 0.046 | 0.244 | 0.207 | 0.932
    A549   : 0.023 | 0.062 | 0.040 | 0.824
    HELA   : 0.144 | 0.764 | 0.724 | 0.974
    A375   : 0.006 | 0.014 | 0.008 | 0.576
    293T   : 0.059 | 0.094 | 0.037 | 0.424
    PC9    : 0.032 | 0.026 | -0.006 | -1.355
    OTHER  : 0.130 | 0.902 | 0.887 | 0.992

  cell-line metrics  [baseline | raw AUPR | norm AUPR | AUPRG]
    strat : 0.078 | 0.611 | 0.578 | 0.975   <- AUPRG selects
    any   : 0.119 | 0.506 | 0.439 | 0.912   (AUROC 0.780)
    macro : 0.066 | 0.346 | 0.314 | 0.761   (per-line avg)
    K562   : 0.091 | 0.622 | 0.584 | 0.971
    JURKAT : 0.046 | 0.267 | 0.231 | 0.944
    A549   : 0.023 | 0.141 | 0.121 | 0.946
    HELA   : 0.144 | 0.660 | 0.602 | 0.949
    A375   : 0.006 | 0.011 | 0.005 | 0.453
    293T   : 0.059 | 0.118 | 0.062 | 0.656
    PC9    : 0.032 | 0.037 | 0.006 | 0.180
    OTHER  : 0.130 | 0.911 | 0.897 | 0.993

Early stopping at epoch 450

  selected on val (auprg=0.9755 @ epoch 150); test scored once

Fold 2 Best (epoch 150): AUROC=0.7792, AUPR=0.6309, F1=0.5879
  Params: 27,016/27,429 nonzero | Weights: 25,315/25,728 nonzero (1.61% sparse)
    cell_emb.weight: 192/192 nonzero (0.0% sparse)
    encoder.hidden_blocks.0.0.weight: 23,589/24,000 nonzero (1.7% sparse)
    encoder.hidden_blocks.1.0.weight: 254/256 nonzero (0.8% sparse)
    encoder.hidden_blocks.2.0.weight: 256/256 nonzero (0.0% sparse)
    encoder.hidden_blocks.3.0.weight: 256/256 nonzero (0.0% sparse)
    encoder.hidden_blocks.4.0.weight: 256/256 nonzero (0.0% sparse)
    encoder.hidden_blocks.5.0.weight: 256/256 nonzero (0.0% sparse)
    encoder.projection.weight: 256/256 nonzero (0.0% sparse)
  [retrieval] index space: n=19397 num_genes=19397 num_p_genes=8844 (P-space differs from full space)
  Saved 8844x8844 shared-space score matrix -> fold_1_cv2_predictions.npy
  [retrieval] universe 19,397 genes (peers rank vs 8,844), 4,702 scored rows, 10,384 test-pos, 9,745 train-pos suppressed | fwd-check 7.63e-06 | NDCG@10 0.0438 NDCG@50 0.0535 R@50 0.0453 MAP@50 0.0466

============================================================
Training Fold 3
============================================================

[fold 2] fitting preprocessing [method=plain: mean → col-standardize+SVD → mean/std; scope=train] (+ post-concat PCA + renorm)
  Fit subset: 15643/19397 rows (80.6%)
  [geneformer] 1152d, 19397 genes, 135 missing
    mean-imputed 135/19397 genes (155520 NaN cells; locations fit on 15643 fit rows)
  [go2vec] 128d, 19397 genes, 606 missing
    mean-imputed 606/19397 genes (77568 NaN cells; locations fit on 15643 fit rows)
  [kg_complex] 512d, 19397 genes, 394 missing
    mean-imputed 394/19397 genes (201728 NaN cells; locations fit on 15643 fit rows)
  [ppi_raw] 1024d, 19397 genes, 3467 missing
    mean-imputed 3467/19397 genes (3550208 NaN cells; locations fit on 15643 fit rows)
  [text_embed] 1024d, 19397 genes, 6 missing
    mean-imputed 6/19397 genes (6144 NaN cells; locations fit on 15643 fit rows)
    Variance target 80% on the correlation spectrum: 1485 components (explains 80.0% of 3840d)
    Plain PCA 3840d -> 1485d (80.0% variance, standardized)
[fold 2] fold embeddings: (19397, 1485)
Fold 3 input_dim: 1485
  Trainable parameters: 27,582 (total 27,582) [SiameseSLMultiCell]
  Fold stamp: genes 42ff034debb48f84 all_pos 20be58a407d6aa9a meta 15e1a39cf91a5615
  L1 λ=0.01 for encoder.hidden_blocks.0.0.weight
  L1 λ=0.0075 for encoder.hidden_blocks.1.0.weight
  L1 λ=0.005 for encoder.hidden_blocks.2.0.weight
  L1 λ=0.004 for encoder.hidden_blocks.3.0.weight
  L1 λ=0.0025 for encoder.hidden_blocks.4.0.weight
  L1 λ=0.0015 for encoder.hidden_blocks.5.0.weight
  L1 λ=0.001 for encoder.projection.weight

  cell-line metrics  [baseline | raw AUPR | norm AUPR | AUPRG]
    strat : 0.162 | 0.623 | 0.550 | 0.917   <- AUPRG selects
    any   : 0.233 | 0.647 | 0.540 | 0.834   (AUROC 0.789)
    macro : 0.181 | 0.463 | 0.374 | 0.644   (per-line avg)
    K562   : 0.132 | 0.735 | 0.695 | 0.971
    JURKAT : 0.019 | 0.154 | 0.137 | 0.973
    A549   : 0.046 | 0.076 | 0.031 | 0.434
    HELA   : 0.197 | 0.765 | 0.707 | 0.941
    A375   : 0.339 | 0.982 | 0.973 | 0.993
    293T   : 0.271 | 0.246 | -0.033 | -0.031
    PC9    : 0.051 | 0.066 | 0.015 | 0.311
    OTHER  : 0.391 | 0.676 | 0.468 | 0.562

  cell-line metrics  [baseline | raw AUPR | norm AUPR | AUPRG]
    strat : 0.162 | 0.714 | 0.659 | 0.954   <- AUPRG selects
    any   : 0.233 | 0.693 | 0.600 | 0.872   (AUROC 0.813)
    macro : 0.181 | 0.520 | 0.446 | 0.658   (per-line avg)
    K562   : 0.132 | 0.813 | 0.785 | 0.984
    JURKAT : 0.019 | 0.242 | 0.227 | 0.987
    A549   : 0.046 | 0.128 | 0.085 | 0.713
    HELA   : 0.197 | 0.892 | 0.866 | 0.981
    A375   : 0.339 | 0.985 | 0.978 | 0.995
    293T   : 0.271 | 0.245 | -0.034 | -0.082
    PC9    : 0.051 | 0.066 | 0.016 | -0.076
    OTHER  : 0.391 | 0.785 | 0.647 | 0.766

  cell-line metrics  [baseline | raw AUPR | norm AUPR | AUPRG]
    strat : 0.162 | 0.754 | 0.707 | 0.965   <- AUPRG selects
    any   : 0.233 | 0.659 | 0.556 | 0.848   (AUROC 0.808)
    macro : 0.181 | 0.556 | 0.490 | 0.769   (per-line avg)
    K562   : 0.132 | 0.867 | 0.847 | 0.990
    JURKAT : 0.019 | 0.432 | 0.421 | 0.995
    A549   : 0.046 | 0.083 | 0.038 | 0.672
    HELA   : 0.197 | 0.822 | 0.778 | 0.965
    A375   : 0.339 | 0.988 | 0.982 | 0.996
    293T   : 0.271 | 0.368 | 0.133 | 0.314
    PC9    : 0.051 | 0.075 | 0.025 | 0.408
    OTHER  : 0.391 | 0.817 | 0.699 | 0.811

Early stopping at epoch 450

  selected on val (auprg=0.9652 @ epoch 150); test scored once

Fold 3 Best (epoch 150): AUROC=0.8339, AUPR=0.5589, F1=0.4811
  Params: 27,241/27,582 nonzero | Weights: 25,531/25,872 nonzero (1.32% sparse)
    cell_emb.weight: 192/192 nonzero (0.0% sparse)
    encoder.hidden_blocks.0.0.weight: 23,805/24,144 nonzero (1.4% sparse)
    encoder.hidden_blocks.1.0.weight: 255/256 nonzero (0.4% sparse)
    encoder.hidden_blocks.2.0.weight: 255/256 nonzero (0.4% sparse)
    encoder.hidden_blocks.3.0.weight: 256/256 nonzero (0.0% sparse)
    encoder.hidden_blocks.4.0.weight: 256/256 nonzero (0.0% sparse)
    encoder.hidden_blocks.5.0.weight: 256/256 nonzero (0.0% sparse)
    encoder.projection.weight: 256/256 nonzero (0.0% sparse)
  [retrieval] index space: n=19397 num_genes=19397 num_p_genes=8844 (P-space differs from full space)
  Saved 8844x8844 shared-space score matrix -> fold_2_cv2_predictions.npy
  [retrieval] universe 19,397 genes (peers rank vs 8,844), 2,979 scored rows, 9,728 test-pos, 9,031 train-pos suppressed | fwd-check 1.14e-05 | NDCG@10 0.0958 NDCG@50 0.1046 R@50 0.1074 MAP@50 0.0787

============================================================
Training Fold 4
============================================================

[fold 3] fitting preprocessing [method=plain: mean → col-standardize+SVD → mean/std; scope=train] (+ post-concat PCA + renorm)
  Fit subset: 16343/19397 rows (84.3%)
  [geneformer] 1152d, 19397 genes, 135 missing
    mean-imputed 135/19397 genes (155520 NaN cells; locations fit on 16343 fit rows)
  [go2vec] 128d, 19397 genes, 606 missing
    mean-imputed 606/19397 genes (77568 NaN cells; locations fit on 16343 fit rows)
  [kg_complex] 512d, 19397 genes, 394 missing
    mean-imputed 394/19397 genes (201728 NaN cells; locations fit on 16343 fit rows)
  [ppi_raw] 1024d, 19397 genes, 3467 missing
    mean-imputed 3467/19397 genes (3550208 NaN cells; locations fit on 16343 fit rows)
  [text_embed] 1024d, 19397 genes, 6 missing
    mean-imputed 6/19397 genes (6144 NaN cells; locations fit on 16343 fit rows)
    Variance target 80% on the correlation spectrum: 1498 components (explains 80.0% of 3840d)
    Plain PCA 3840d -> 1498d (80.0% variance, standardized)
[fold 3] fold embeddings: (19397, 1498)
Fold 4 input_dim: 1498
  Trainable parameters: 27,803 (total 27,803) [SiameseSLMultiCell]
  Fold stamp: genes 42ff034debb48f84 all_pos 20be58a407d6aa9a meta 15e1a39cf91a5615
  L1 λ=0.01 for encoder.hidden_blocks.0.0.weight
  L1 λ=0.0075 for encoder.hidden_blocks.1.0.weight
  L1 λ=0.005 for encoder.hidden_blocks.2.0.weight
  L1 λ=0.004 for encoder.hidden_blocks.3.0.weight
  L1 λ=0.0025 for encoder.hidden_blocks.4.0.weight
  L1 λ=0.0015 for encoder.hidden_blocks.5.0.weight
  L1 λ=0.001 for encoder.projection.weight

  cell-line metrics  [baseline | raw AUPR | norm AUPR | AUPRG]
    strat : 0.126 | 0.813 | 0.785 | 0.982   <- AUPRG selects
    any   : 0.190 | 0.824 | 0.782 | 0.965   (AUROC 0.902)
    macro : 0.155 | 0.500 | 0.466 | 0.739   (per-line avg)
    K562   : 0.097 | 0.651 | 0.614 | 0.970
    JURKAT : 0.031 | 0.171 | 0.144 | 0.938
    A549   : 0.017 | 0.014 | -0.003 | -0.351
    HELA   : 0.203 | 0.856 | 0.819 | 0.972
    A375   : 0.332 | 0.981 | 0.972 | 0.991
    293T   : 0.120 | 0.293 | 0.197 | 0.751
    PC9    : 0.034 | 0.059 | 0.026 | 0.658
    OTHER  : 0.403 | 0.974 | 0.956 | 0.984

  cell-line metrics  [baseline | raw AUPR | norm AUPR | AUPRG]
    strat : 0.126 | 0.849 | 0.827 | 0.987   <- AUPRG selects
    any   : 0.190 | 0.840 | 0.802 | 0.971   (AUROC 0.916)
    macro : 0.155 | 0.537 | 0.507 | 0.802   (per-line avg)
    K562   : 0.097 | 0.696 | 0.663 | 0.978
    JURKAT : 0.031 | 0.306 | 0.284 | 0.980
    A549   : 0.017 | 0.062 | 0.045 | 0.789
    HELA   : 0.203 | 0.899 | 0.874 | 0.983
    A375   : 0.332 | 0.981 | 0.971 | 0.988
    293T   : 0.120 | 0.325 | 0.233 | 0.750
    PC9    : 0.034 | 0.037 | 0.004 | -0.043
    OTHER  : 0.403 | 0.988 | 0.980 | 0.993

  cell-line metrics  [baseline | raw AUPR | norm AUPR | AUPRG]
    strat : 0.126 | 0.851 | 0.829 | 0.987   <- AUPRG selects
    any   : 0.190 | 0.832 | 0.792 | 0.968   (AUROC 0.910)
    macro : 0.155 | 0.529 | 0.496 | 0.766   (per-line avg)
    K562   : 0.097 | 0.704 | 0.673 | 0.979
    JURKAT : 0.031 | 0.355 | 0.335 | 0.984
    A549   : 0.017 | 0.042 | 0.025 | 0.391
    HELA   : 0.203 | 0.812 | 0.765 | 0.959
    A375   : 0.332 | 0.992 | 0.988 | 0.998
    293T   : 0.120 | 0.291 | 0.194 | 0.715
    PC9    : 0.034 | 0.048 | 0.014 | 0.110
    OTHER  : 0.403 | 0.986 | 0.977 | 0.991

  cell-line metrics  [baseline | raw AUPR | norm AUPR | AUPRG]
    strat : 0.126 | 0.854 | 0.833 | 0.987   <- AUPRG selects
    any   : 0.190 | 0.805 | 0.759 | 0.958   (AUROC 0.894)
    macro : 0.155 | 0.585 | 0.556 | 0.950   (per-line avg)
    K562   : 0.097 | 0.714 | 0.683 | 0.980
    JURKAT : 0.031 | 0.363 | 0.343 | 0.986
    A549   : 0.017 | 0.058 | 0.041 | 0.891
    HELA   : 0.203 | 0.861 | 0.825 | 0.971
    A375   : 0.332 | 0.992 | 0.987 | 0.997
    293T   : 0.120 | 0.371 | 0.285 | 0.804
    PC9    : 0.034 | 0.336 | 0.313 | 0.980
    OTHER  : 0.403 | 0.983 | 0.972 | 0.988

  cell-line metrics  [baseline | raw AUPR | norm AUPR | AUPRG]
    strat : 0.126 | 0.856 | 0.835 | 0.988   <- AUPRG selects
    any   : 0.190 | 0.834 | 0.795 | 0.968   (AUROC 0.911)
    macro : 0.155 | 0.562 | 0.531 | 0.920   (per-line avg)
    K562   : 0.097 | 0.710 | 0.679 | 0.979
    JURKAT : 0.031 | 0.364 | 0.344 | 0.984
    A549   : 0.017 | 0.058 | 0.041 | 0.844
    HELA   : 0.203 | 0.877 | 0.846 | 0.975
    A375   : 0.332 | 0.994 | 0.991 | 0.998
    293T   : 0.120 | 0.208 | 0.100 | 0.622
    PC9    : 0.034 | 0.296 | 0.271 | 0.963
    OTHER  : 0.403 | 0.986 | 0.976 | 0.991

  cell-line metrics  [baseline | raw AUPR | norm AUPR | AUPRG]
    strat : 0.126 | 0.863 | 0.843 | 0.988   <- AUPRG selects
    any   : 0.190 | 0.810 | 0.765 | 0.956   (AUROC 0.889)
    macro : 0.155 | 0.564 | 0.537 | 0.762   (per-line avg)
    K562   : 0.097 | 0.726 | 0.697 | 0.982
    JURKAT : 0.031 | 0.347 | 0.326 | 0.980
    A549   : 0.017 | 0.096 | 0.080 | 0.944
    HELA   : 0.203 | 0.861 | 0.825 | 0.972
    A375   : 0.332 | 0.995 | 0.993 | 0.999
    293T   : 0.120 | 0.474 | 0.402 | 0.910
    PC9    : 0.034 | 0.031 | -0.003 | -0.681
    OTHER  : 0.403 | 0.986 | 0.976 | 0.991

  cell-line metrics  [baseline | raw AUPR | norm AUPR | AUPRG]
    strat : 0.126 | 0.864 | 0.844 | 0.988   <- AUPRG selects
    any   : 0.190 | 0.777 | 0.725 | 0.946   (AUROC 0.877)
    macro : 0.155 | 0.571 | 0.545 | 0.764   (per-line avg)
    K562   : 0.097 | 0.721 | 0.691 | 0.982
    JURKAT : 0.031 | 0.316 | 0.295 | 0.976
    A549   : 0.017 | 0.104 | 0.088 | 0.957
    HELA   : 0.203 | 0.883 | 0.853 | 0.976
    A375   : 0.332 | 0.996 | 0.995 | 0.999
    293T   : 0.120 | 0.523 | 0.458 | 0.897
    PC9    : 0.034 | 0.034 | -0.000 | -0.672
    OTHER  : 0.403 | 0.988 | 0.980 | 0.992

Early stopping at epoch 1050

  selected on val (auprg=0.9884 @ epoch 750); test scored once

Fold 4 Best (epoch 750): AUROC=0.8733, AUPR=0.7303, F1=0.6892
  Params: 27,637/27,803 nonzero | Weights: 25,914/26,080 nonzero (0.64% sparse)
    cell_emb.weight: 192/192 nonzero (0.0% sparse)
    encoder.hidden_blocks.0.0.weight: 24,314/24,352 nonzero (0.2% sparse)
    encoder.hidden_blocks.1.0.weight: 256/256 nonzero (0.0% sparse)
    encoder.hidden_blocks.2.0.weight: 256/256 nonzero (0.0% sparse)
    encoder.hidden_blocks.3.0.weight: 256/256 nonzero (0.0% sparse)
    encoder.hidden_blocks.4.0.weight: 256/256 nonzero (0.0% sparse)
    encoder.hidden_blocks.5.0.weight: 256/256 nonzero (0.0% sparse)
    encoder.projection.weight: 128/256 nonzero (50.0% sparse)
  [retrieval] index space: n=19397 num_genes=19397 num_p_genes=8844 (P-space differs from full space)
  Saved 8844x8844 shared-space score matrix -> fold_3_cv2_predictions.npy
  [retrieval] universe 19,397 genes (peers rank vs 8,844), 2,053 scored rows, 7,218 test-pos, 11,416 train-pos suppressed | fwd-check 2.67e-05 | NDCG@10 0.1663 NDCG@50 0.1917 R@50 0.2307 MAP@50 0.1355

============================================================
Training Fold 5
============================================================

[fold 4] fitting preprocessing [method=plain: mean → col-standardize+SVD → mean/std; scope=train] (+ post-concat PCA + renorm)
  Fit subset: 15873/19397 rows (81.8%)
  [geneformer] 1152d, 19397 genes, 135 missing
    mean-imputed 135/19397 genes (155520 NaN cells; locations fit on 15873 fit rows)
  [go2vec] 128d, 19397 genes, 606 missing
    mean-imputed 606/19397 genes (77568 NaN cells; locations fit on 15873 fit rows)
  [kg_complex] 512d, 19397 genes, 394 missing
    mean-imputed 394/19397 genes (201728 NaN cells; locations fit on 15873 fit rows)
  [ppi_raw] 1024d, 19397 genes, 3467 missing
    mean-imputed 3467/19397 genes (3550208 NaN cells; locations fit on 15873 fit rows)
  [text_embed] 1024d, 19397 genes, 6 missing
    mean-imputed 6/19397 genes (6144 NaN cells; locations fit on 15873 fit rows)
    Variance target 80% on the correlation spectrum: 1488 components (explains 80.0% of 3840d)
    Plain PCA 3840d -> 1488d (80.0% variance, standardized)
[fold 4] fold embeddings: (19397, 1488)
Fold 5 input_dim: 1488
  Trainable parameters: 27,633 (total 27,633) [SiameseSLMultiCell]
  Fold stamp: genes 42ff034debb48f84 all_pos 20be58a407d6aa9a meta 15e1a39cf91a5615
  L1 λ=0.01 for encoder.hidden_blocks.0.0.weight
  L1 λ=0.0075 for encoder.hidden_blocks.1.0.weight
  L1 λ=0.005 for encoder.hidden_blocks.2.0.weight
  L1 λ=0.004 for encoder.hidden_blocks.3.0.weight
  L1 λ=0.0025 for encoder.hidden_blocks.4.0.weight
  L1 λ=0.0015 for encoder.hidden_blocks.5.0.weight
  L1 λ=0.001 for encoder.projection.weight

  cell-line metrics  [baseline | raw AUPR | norm AUPR | AUPRG]
    strat : 0.190 | 0.630 | 0.543 | 0.872   <- AUPRG selects
    any   : 0.270 | 0.682 | 0.564 | 0.811   (AUROC 0.768)
    macro : 0.240 | 0.421 | 0.268 | 0.335   (per-line avg)
    K562   : 0.078 | 0.434 | 0.386 | 0.948
    JURKAT : 0.059 | 0.156 | 0.103 | 0.783
    A549   : 0.026 | 0.026 | -0.000 | 0.331
    HELA   : 0.229 | 0.772 | 0.704 | 0.924
    A375   : 0.862 | 0.875 | 0.100 | 0.008
    293T   : 0.150 | 0.164 | 0.016 | 0.220
    PC9    : 0.028 | 0.021 | -0.007 | -1.401
    OTHER  : 0.490 | 0.918 | 0.839 | 0.870

  cell-line metrics  [baseline | raw AUPR | norm AUPR | AUPRG]
    strat : 0.190 | 0.676 | 0.600 | 0.884   <- AUPRG selects
    any   : 0.270 | 0.796 | 0.721 | 0.911   (AUROC 0.869)
    macro : 0.240 | 0.425 | 0.217 | 0.482   (per-line avg)
    K562   : 0.078 | 0.507 | 0.466 | 0.964
    JURKAT : 0.059 | 0.198 | 0.148 | 0.842
    A549   : 0.026 | 0.066 | 0.040 | 0.696
    HELA   : 0.229 | 0.688 | 0.595 | 0.873
    A375   : 0.862 | 0.803 | -0.423 | 0.020
    293T   : 0.150 | 0.161 | 0.012 | 0.110
    PC9    : 0.028 | 0.028 | -0.001 | -0.574
    OTHER  : 0.490 | 0.948 | 0.898 | 0.927

  cell-line metrics  [baseline | raw AUPR | norm AUPR | AUPRG]
    strat : 0.190 | 0.690 | 0.617 | 0.892   <- AUPRG selects
    any   : 0.270 | 0.713 | 0.607 | 0.846   (AUROC 0.822)
    macro : 0.240 | 0.492 | 0.310 | 0.673   (per-line avg)
    K562   : 0.078 | 0.548 | 0.510 | 0.968
    JURKAT : 0.059 | 0.349 | 0.308 | 0.945
    A549   : 0.026 | 0.071 | 0.045 | 0.530
    HELA   : 0.229 | 0.867 | 0.828 | 0.965
    A375   : 0.862 | 0.821 | -0.294 | 0.058
    293T   : 0.150 | 0.264 | 0.134 | 0.543
    PC9    : 0.028 | 0.056 | 0.028 | 0.422
    OTHER  : 0.490 | 0.962 | 0.925 | 0.952

Early stopping at epoch 420

  selected on val (auprg=0.8922 @ epoch 120); test scored once

Fold 5 Best (epoch 120): AUROC=0.8473, AUPR=0.6733, F1=0.6397
  Params: 26,347/27,633 nonzero | Weights: 24,634/25,920 nonzero (4.96% sparse)
    cell_emb.weight: 192/192 nonzero (0.0% sparse)
    encoder.hidden_blocks.0.0.weight: 22,909/24,192 nonzero (5.3% sparse)
    encoder.hidden_blocks.1.0.weight: 254/256 nonzero (0.8% sparse)
    encoder.hidden_blocks.2.0.weight: 256/256 nonzero (0.0% sparse)
    encoder.hidden_blocks.3.0.weight: 255/256 nonzero (0.4% sparse)
    encoder.hidden_blocks.4.0.weight: 256/256 nonzero (0.0% sparse)
    encoder.hidden_blocks.5.0.weight: 256/256 nonzero (0.0% sparse)
    encoder.projection.weight: 256/256 nonzero (0.0% sparse)
  [retrieval] index space: n=19397 num_genes=19397 num_p_genes=8844 (P-space differs from full space)
  Saved 8844x8844 shared-space score matrix -> fold_4_cv2_predictions.npy
  [retrieval] universe 19,397 genes (peers rank vs 8,844), 1,848 scored rows, 6,517 test-pos, 11,309 train-pos suppressed | fwd-check 7.63e-06 | NDCG@10 0.1746 NDCG@50 0.2190 R@50 0.2685 MAP@50 0.1645

============================================================
Cross-Validation Results: CV2 (gene-based)
============================================================

Fold        AUROC       AUPR         F1
----------------------------------------
1          0.8884     0.7121     0.6758
2          0.7792     0.6309     0.5879
3          0.8339     0.5589     0.4811
4          0.8733     0.7303     0.6892
5          0.8473     0.6733     0.6397
----------------------------------------
Mean       0.8444     0.6611     0.6147
Std        0.0378     0.0615     0.0755

============================================================
Summary:
  AUROC: 0.8444 ± 0.0378
  AUPR:  0.6611 ± 0.0615
  F1:    0.6147 ± 0.0755
  Params: 26,904/27,656 nonzero (weight sparsity: 2.90%)
============================================================

Cell-line metrics (mean over folds):
  STRATIFIED (pooled per-cell-line obs; SELECTION basis):
    baseline(pi) 0.1116  AUPR 0.6611  normAUPR 0.6175  AUPRG 0.9592  AUROC 0.8444
  GLOBAL (SL in any cell line; one-time headline):
    AUPRG 0.8789 ± 0.0632   AUPR 0.6021   AUROC 0.7918
  PER-LINE macro (equal weight/line; diagnostic):
    AUPRG 0.7669  AUPR 0.4729
  RETRIEVAL (rank vs the whole 19,397-gene universe; peers rank vs 8,844 -- NOT strictly comparable):
    NDCG@10 0.1273  NDCG@50 0.1518  R@50 0.1877  MAP@50 0.1122

Results saved to results/ablate_no_protein_seq_cv2
  Checkpoints removed (ABLATION_PURGE_CHECKPOINTS=1)

SUCCESS: cv2 without 'protein_seq'  AUPRG=0.9592 +/- 0.0225  AUPR=0.6611 +/- 0.0615
