============================================================================
Job: ablation | ID: 1178687 | Node: gpu3
Array task: 4 (of job 1178680)
Start: Mon Aug 31 11:06:35 EDT 2026
NVIDIA L40, 46068 MiB, 43981 MiB
NVIDIA L40, 46068 MiB, 39935 MiB
NVIDIA L40, 46068 MiB, 0 MiB
NVIDIA L40, 46068 MiB, 43379 MiB
============================================================================

============================================================================
ABLATION  task 4 of 18
  CV:      cv1
  Dropped: go
============================================================================
  Surviving (5): geneformer+kg_complex+ppi_raw+prot_t5+text_embed
  Output: results/ablate_no_go_cv1
  Post-concat PCA: variance=0.8 (retained k varies with the modality set)

Using GPU: NVIDIA L40

Loading 5 modality file(s) [raw, preprocessing deferred to per-fold fit]:
Cell-line conditioning: ENABLED (masked multi-label, 8 heads)
    labeled pairs: 128,870 over 8,844 genes (dropped 0 with no known head)
    same-head SL/non-SL conflicts resolved by OR (label=SL): 1,876 pairs -> 2,171 head-cells [JURKAT 1,461, K562 406, HELA 125, OTHER 107, 293T 36, A549 30, A375 6]
    K562     known  91,937  pos  8,705  neg  83,232  (or-resolved   406)
    JURKAT   known  66,122  pos  2,617  neg  63,505  (or-resolved 1,461)
    A549     known   8,889  pos    314  neg   8,575  (or-resolved    30)
    HELA     known   5,931  pos  1,250  neg   4,681  (or-resolved   125)
    A375     known   2,509  pos  1,094  neg   1,415  (or-resolved     6)
    293T     known   2,438  pos    326  neg   2,112  (or-resolved    36)
    PC9      known   1,014  pos     68  neg     946  (or-resolved     0)
    OTHER    known  27,002  pos  8,721  neg  18,281  (or-resolved   107)
Loaded raw tensors for 19397 genes
Loaded 22166 positive SL pairs
SL pairs involve 5257 unique genes
============================================================
Siamese SL Training
Model: siamese
CV Type: cv1
Folds: 5
============================================================

Generating CV1 splits (edge-based, multi-label)...
  Fold 1: train 92,786 pairs/148,298 labels  val 10,309 pairs/16,486 labels  test 25,775 pairs/41,058 labels
  Fold 2: train 92,787 pairs/148,217 labels  val 10,309 pairs/16,456 labels  test 25,774 pairs/41,169 labels
  Fold 3: train 92,787 pairs/148,030 labels  val 10,309 pairs/16,471 labels  test 25,774 pairs/41,341 labels
  Fold 4: train 92,787 pairs/148,273 labels  val 10,309 pairs/16,515 labels  test 25,774 pairs/41,054 labels
  Fold 5: train 92,788 pairs/148,187 labels  val 10,309 pairs/16,435 labels  test 25,773 pairs/41,220 labels

============================================================
Training Fold 1
============================================================

[fold 0] fitting preprocessing [method=plain: mean → col-standardize+SVD → mean/std; scope=train] (+ post-concat PCA + renorm)
  Fit subset: 18162/19397 rows (93.6%)
  [geneformer] 1152d, 19397 genes, 135 missing
    mean-imputed 135/19397 genes (155520 NaN cells; locations fit on 18162 fit rows)
  [kg_complex] 512d, 19397 genes, 394 missing
    mean-imputed 394/19397 genes (201728 NaN cells; locations fit on 18162 fit rows)
  [ppi_raw] 1024d, 19397 genes, 3467 missing
    mean-imputed 3467/19397 genes (3550208 NaN cells; locations fit on 18162 fit rows)
  [prot_t5] 1024d, 19397 genes, 317 missing
    mean-imputed 317/19397 genes (324608 NaN cells; locations fit on 18162 fit rows)
  [text_embed] 1024d, 19397 genes, 6 missing
    mean-imputed 6/19397 genes (6144 NaN cells; locations fit on 18162 fit rows)
    Variance target 80% on the correlation spectrum: 1569 components (explains 80.0% of 4736d)
    Plain PCA 4736d -> 1569d (80.0% variance, standardized)
[fold 0] fold embeddings: (19397, 1569)
Fold 1 input_dim: 1569
  Trainable parameters: 29,010 (total 29,010) [SiameseSLMultiCell]
  Fold stamp: genes 42ff034debb48f84 all_pos 20be58a407d6aa9a meta 15e1a39cf91a5615
  L1 λ=0.01 for encoder.hidden_blocks.0.0.weight
  L1 λ=0.0075 for encoder.hidden_blocks.1.0.weight
  L1 λ=0.005 for encoder.hidden_blocks.2.0.weight
  L1 λ=0.004 for encoder.hidden_blocks.3.0.weight
  L1 λ=0.0025 for encoder.hidden_blocks.4.0.weight
  L1 λ=0.0015 for encoder.hidden_blocks.5.0.weight
  L1 λ=0.001 for encoder.projection.weight

  cell-line metrics  [baseline | raw AUPR | norm AUPR | AUPRG]
    strat : 0.112 | 0.803 | 0.778 | 0.984   <- AUPRG selects
    any   : 0.172 | 0.822 | 0.785 | 0.972   (AUROC 0.913)
    macro : 0.168 | 0.553 | 0.510 | 0.815   (per-line avg)
    K562   : 0.093 | 0.729 | 0.701 | 0.983
    JURKAT : 0.042 | 0.374 | 0.347 | 0.977
    A549   : 0.028 | 0.050 | 0.023 | 0.202
    HELA   : 0.190 | 0.833 | 0.794 | 0.972
    A375   : 0.478 | 0.951 | 0.907 | 0.982
    293T   : 0.125 | 0.236 | 0.126 | 0.486
    PC9    : 0.061 | 0.294 | 0.248 | 0.929
    OTHER  : 0.331 | 0.957 | 0.935 | 0.984

  cell-line metrics  [baseline | raw AUPR | norm AUPR | AUPRG]
    strat : 0.112 | 0.818 | 0.795 | 0.987   <- AUPRG selects
    any   : 0.172 | 0.824 | 0.787 | 0.974   (AUROC 0.922)
    macro : 0.168 | 0.553 | 0.512 | 0.808   (per-line avg)
    K562   : 0.093 | 0.729 | 0.702 | 0.983
    JURKAT : 0.042 | 0.471 | 0.448 | 0.986
    A549   : 0.028 | 0.064 | 0.037 | 0.428
    HELA   : 0.190 | 0.799 | 0.751 | 0.965
    A375   : 0.478 | 0.981 | 0.963 | 0.983
    293T   : 0.125 | 0.165 | 0.046 | 0.350
    PC9    : 0.061 | 0.246 | 0.197 | 0.783
    OTHER  : 0.331 | 0.968 | 0.951 | 0.987

  cell-line metrics  [baseline | raw AUPR | norm AUPR | AUPRG]
    strat : 0.112 | 0.835 | 0.814 | 0.989   <- AUPRG selects
    any   : 0.172 | 0.827 | 0.791 | 0.973   (AUROC 0.914)
    macro : 0.168 | 0.556 | 0.514 | 0.844   (per-line avg)
    K562   : 0.093 | 0.746 | 0.720 | 0.985
    JURKAT : 0.042 | 0.549 | 0.530 | 0.992
    A549   : 0.028 | 0.083 | 0.057 | 0.796
    HELA   : 0.190 | 0.862 | 0.830 | 0.978
    A375   : 0.478 | 0.952 | 0.908 | 0.983
    293T   : 0.125 | 0.159 | 0.039 | 0.287
    PC9    : 0.061 | 0.125 | 0.069 | 0.744
    OTHER  : 0.331 | 0.972 | 0.958 | 0.989

  cell-line metrics  [baseline | raw AUPR | norm AUPR | AUPRG]
    strat : 0.112 | 0.872 | 0.856 | 0.993   <- AUPRG selects
    any   : 0.172 | 0.779 | 0.733 | 0.955   (AUROC 0.895)
    macro : 0.168 | 0.613 | 0.580 | 0.878   (per-line avg)
    K562   : 0.093 | 0.787 | 0.765 | 0.990
    JURKAT : 0.042 | 0.682 | 0.669 | 0.996
    A549   : 0.028 | 0.172 | 0.148 | 0.910
    HELA   : 0.190 | 0.877 | 0.848 | 0.979
    A375   : 0.478 | 0.999 | 0.998 | 0.999
    293T   : 0.125 | 0.260 | 0.154 | 0.649
    PC9    : 0.061 | 0.144 | 0.088 | 0.508
    OTHER  : 0.331 | 0.981 | 0.971 | 0.993

Early stopping at epoch 450

  selected on val (auprg=0.9925 @ epoch 150); test scored once

Fold 1 Best (epoch 150): AUROC=0.9599, AUPR=0.8806, F1=0.8238
  Params: 28,713/29,010 nonzero | Weights: 26,919/27,216 nonzero (1.09% sparse)
    cell_emb.weight: 192/192 nonzero (0.0% sparse)
    encoder.hidden_blocks.0.0.weight: 25,192/25,488 nonzero (1.2% sparse)
    encoder.hidden_blocks.1.0.weight: 256/256 nonzero (0.0% sparse)
    encoder.hidden_blocks.2.0.weight: 255/256 nonzero (0.4% sparse)
    encoder.hidden_blocks.3.0.weight: 256/256 nonzero (0.0% sparse)
    encoder.hidden_blocks.4.0.weight: 256/256 nonzero (0.0% sparse)
    encoder.hidden_blocks.5.0.weight: 256/256 nonzero (0.0% sparse)
    encoder.projection.weight: 256/256 nonzero (0.0% sparse)
  [retrieval] index space: n=19397 num_genes=19397 num_p_genes=8844 (P-space differs from full space)
  Saved 8844x8844 shared-space score matrix -> fold_0_cv1_predictions.npy
  [retrieval] universe 19,397 genes (peers rank vs 8,844), 2,273 scored rows, 4,434 test-pos, 15,959 train-pos suppressed | fwd-check 3.81e-05 | NDCG@10 0.0865 NDCG@50 0.1273 R@50 0.2125 MAP@50 0.0828

============================================================
Training Fold 2
============================================================

[fold 1] fitting preprocessing [method=plain: mean → col-standardize+SVD → mean/std; scope=train] (+ post-concat PCA + renorm)
  Fit subset: 18161/19397 rows (93.6%)
  [geneformer] 1152d, 19397 genes, 135 missing
    mean-imputed 135/19397 genes (155520 NaN cells; locations fit on 18161 fit rows)
  [kg_complex] 512d, 19397 genes, 394 missing
    mean-imputed 394/19397 genes (201728 NaN cells; locations fit on 18161 fit rows)
  [ppi_raw] 1024d, 19397 genes, 3467 missing
    mean-imputed 3467/19397 genes (3550208 NaN cells; locations fit on 18161 fit rows)
  [prot_t5] 1024d, 19397 genes, 317 missing
    mean-imputed 317/19397 genes (324608 NaN cells; locations fit on 18161 fit rows)
  [text_embed] 1024d, 19397 genes, 6 missing
    mean-imputed 6/19397 genes (6144 NaN cells; locations fit on 18161 fit rows)
    Variance target 80% on the correlation spectrum: 1567 components (explains 80.0% of 4736d)
    Plain PCA 4736d -> 1567d (80.0% variance, standardized)
[fold 1] fold embeddings: (19397, 1567)
Fold 2 input_dim: 1567
  Trainable parameters: 28,976 (total 28,976) [SiameseSLMultiCell]
  Fold stamp: genes 42ff034debb48f84 all_pos 20be58a407d6aa9a meta 15e1a39cf91a5615
  L1 λ=0.01 for encoder.hidden_blocks.0.0.weight
  L1 λ=0.0075 for encoder.hidden_blocks.1.0.weight
  L1 λ=0.005 for encoder.hidden_blocks.2.0.weight
  L1 λ=0.004 for encoder.hidden_blocks.3.0.weight
  L1 λ=0.0025 for encoder.hidden_blocks.4.0.weight
  L1 λ=0.0015 for encoder.hidden_blocks.5.0.weight
  L1 λ=0.001 for encoder.projection.weight

  cell-line metrics  [baseline | raw AUPR | norm AUPR | AUPRG]
    strat : 0.112 | 0.818 | 0.795 | 0.987   <- AUPRG selects
    any   : 0.172 | 0.799 | 0.757 | 0.967   (AUROC 0.899)
    macro : 0.164 | 0.570 | 0.528 | 0.798   (per-line avg)
    K562   : 0.096 | 0.756 | 0.731 | 0.985
    JURKAT : 0.040 | 0.398 | 0.373 | 0.979
    A549   : 0.047 | 0.174 | 0.133 | 0.725
    HELA   : 0.195 | 0.935 | 0.919 | 0.990
    A375   : 0.410 | 0.964 | 0.939 | 0.975
    293T   : 0.156 | 0.300 | 0.170 | 0.447
    PC9    : 0.051 | 0.069 | 0.019 | 0.301
    OTHER  : 0.320 | 0.961 | 0.943 | 0.983

  cell-line metrics  [baseline | raw AUPR | norm AUPR | AUPRG]
    strat : 0.112 | 0.837 | 0.816 | 0.990   <- AUPRG selects
    any   : 0.172 | 0.788 | 0.745 | 0.964   (AUROC 0.903)
    macro : 0.164 | 0.585 | 0.542 | 0.773   (per-line avg)
    K562   : 0.096 | 0.753 | 0.727 | 0.985
    JURKAT : 0.040 | 0.529 | 0.509 | 0.989
    A549   : 0.047 | 0.215 | 0.176 | 0.877
    HELA   : 0.195 | 0.917 | 0.897 | 0.987
    A375   : 0.410 | 0.949 | 0.913 | 0.958
    293T   : 0.156 | 0.294 | 0.164 | 0.591
    PC9    : 0.051 | 0.057 | 0.006 | -0.190
    OTHER  : 0.320 | 0.963 | 0.945 | 0.987

  cell-line metrics  [baseline | raw AUPR | norm AUPR | AUPRG]
    strat : 0.112 | 0.851 | 0.832 | 0.990   <- AUPRG selects
    any   : 0.172 | 0.789 | 0.745 | 0.963   (AUROC 0.900)
    macro : 0.164 | 0.622 | 0.583 | 0.848   (per-line avg)
    K562   : 0.096 | 0.766 | 0.741 | 0.987
    JURKAT : 0.040 | 0.631 | 0.616 | 0.995
    A549   : 0.047 | 0.301 | 0.267 | 0.896
    HELA   : 0.195 | 0.941 | 0.926 | 0.992
    A375   : 0.410 | 0.953 | 0.921 | 0.979
    293T   : 0.156 | 0.347 | 0.226 | 0.594
    PC9    : 0.051 | 0.074 | 0.024 | 0.356
    OTHER  : 0.320 | 0.961 | 0.942 | 0.984

  cell-line metrics  [baseline | raw AUPR | norm AUPR | AUPRG]
    strat : 0.112 | 0.882 | 0.867 | 0.993   <- AUPRG selects
    any   : 0.172 | 0.752 | 0.701 | 0.952   (AUROC 0.902)
    macro : 0.164 | 0.670 | 0.640 | 0.864   (per-line avg)
    K562   : 0.096 | 0.807 | 0.786 | 0.991
    JURKAT : 0.040 | 0.715 | 0.704 | 0.997
    A549   : 0.047 | 0.373 | 0.342 | 0.946
    HELA   : 0.195 | 0.949 | 0.937 | 0.993
    A375   : 0.410 | 0.996 | 0.994 | 0.998
    293T   : 0.156 | 0.488 | 0.393 | 0.849
    PC9    : 0.051 | 0.060 | 0.009 | 0.144
    OTHER  : 0.320 | 0.970 | 0.956 | 0.990

Early stopping at epoch 450

  selected on val (auprg=0.9930 @ epoch 150); test scored once

Fold 2 Best (epoch 150): AUROC=0.9597, AUPR=0.8752, F1=0.8100
  Params: 28,733/28,976 nonzero | Weights: 26,941/27,184 nonzero (0.89% sparse)
    cell_emb.weight: 192/192 nonzero (0.0% sparse)
    encoder.hidden_blocks.0.0.weight: 25,217/25,456 nonzero (0.9% sparse)
    encoder.hidden_blocks.1.0.weight: 252/256 nonzero (1.6% sparse)
    encoder.hidden_blocks.2.0.weight: 256/256 nonzero (0.0% sparse)
    encoder.hidden_blocks.3.0.weight: 256/256 nonzero (0.0% sparse)
    encoder.hidden_blocks.4.0.weight: 256/256 nonzero (0.0% sparse)
    encoder.hidden_blocks.5.0.weight: 256/256 nonzero (0.0% sparse)
    encoder.projection.weight: 256/256 nonzero (0.0% sparse)
  [retrieval] index space: n=19397 num_genes=19397 num_p_genes=8844 (P-space differs from full space)
  Saved 8844x8844 shared-space score matrix -> fold_1_cv1_predictions.npy
  [retrieval] universe 19,397 genes (peers rank vs 8,844), 2,243 scored rows, 4,433 test-pos, 15,960 train-pos suppressed | fwd-check 2.67e-05 | NDCG@10 0.1747 NDCG@50 0.2342 R@50 0.4209 MAP@50 0.1581

============================================================
Training Fold 3
============================================================

[fold 2] fitting preprocessing [method=plain: mean → col-standardize+SVD → mean/std; scope=train] (+ post-concat PCA + renorm)
  Fit subset: 18181/19397 rows (93.7%)
  [geneformer] 1152d, 19397 genes, 135 missing
    mean-imputed 135/19397 genes (155520 NaN cells; locations fit on 18181 fit rows)
  [kg_complex] 512d, 19397 genes, 394 missing
    mean-imputed 394/19397 genes (201728 NaN cells; locations fit on 18181 fit rows)
  [ppi_raw] 1024d, 19397 genes, 3467 missing
    mean-imputed 3467/19397 genes (3550208 NaN cells; locations fit on 18181 fit rows)
  [prot_t5] 1024d, 19397 genes, 317 missing
    mean-imputed 317/19397 genes (324608 NaN cells; locations fit on 18181 fit rows)
  [text_embed] 1024d, 19397 genes, 6 missing
    mean-imputed 6/19397 genes (6144 NaN cells; locations fit on 18181 fit rows)
    Variance target 80% on the correlation spectrum: 1567 components (explains 80.0% of 4736d)
    Plain PCA 4736d -> 1567d (80.0% variance, standardized)
[fold 2] fold embeddings: (19397, 1567)
Fold 3 input_dim: 1567
  Trainable parameters: 28,976 (total 28,976) [SiameseSLMultiCell]
  Fold stamp: genes 42ff034debb48f84 all_pos 20be58a407d6aa9a meta 15e1a39cf91a5615
  L1 λ=0.01 for encoder.hidden_blocks.0.0.weight
  L1 λ=0.0075 for encoder.hidden_blocks.1.0.weight
  L1 λ=0.005 for encoder.hidden_blocks.2.0.weight
  L1 λ=0.004 for encoder.hidden_blocks.3.0.weight
  L1 λ=0.0025 for encoder.hidden_blocks.4.0.weight
  L1 λ=0.0015 for encoder.hidden_blocks.5.0.weight
  L1 λ=0.001 for encoder.projection.weight

  cell-line metrics  [baseline | raw AUPR | norm AUPR | AUPRG]
    strat : 0.112 | 0.812 | 0.788 | 0.987   <- AUPRG selects
    any   : 0.172 | 0.812 | 0.773 | 0.969   (AUROC 0.902)
    macro : 0.165 | 0.562 | 0.522 | 0.821   (per-line avg)
    K562   : 0.095 | 0.720 | 0.691 | 0.982
    JURKAT : 0.041 | 0.514 | 0.493 | 0.988
    A549   : 0.047 | 0.108 | 0.064 | 0.578
    HELA   : 0.220 | 0.868 | 0.831 | 0.970
    A375   : 0.410 | 0.996 | 0.993 | 0.998
    293T   : 0.134 | 0.224 | 0.104 | 0.389
    PC9    : 0.053 | 0.095 | 0.045 | 0.673
    OTHER  : 0.320 | 0.968 | 0.952 | 0.989

  cell-line metrics  [baseline | raw AUPR | norm AUPR | AUPRG]
    strat : 0.112 | 0.825 | 0.802 | 0.989   <- AUPRG selects
    any   : 0.172 | 0.778 | 0.732 | 0.962   (AUROC 0.893)
    macro : 0.165 | 0.568 | 0.529 | 0.844   (per-line avg)
    K562   : 0.095 | 0.727 | 0.698 | 0.983
    JURKAT : 0.041 | 0.522 | 0.501 | 0.991
    A549   : 0.047 | 0.097 | 0.052 | 0.671
    HELA   : 0.220 | 0.863 | 0.824 | 0.967
    A375   : 0.410 | 0.991 | 0.986 | 0.994
    293T   : 0.134 | 0.237 | 0.119 | 0.485
    PC9    : 0.053 | 0.134 | 0.085 | 0.669
    OTHER  : 0.320 | 0.977 | 0.965 | 0.992

  cell-line metrics  [baseline | raw AUPR | norm AUPR | AUPRG]
    strat : 0.112 | 0.831 | 0.810 | 0.989   <- AUPRG selects
    any   : 0.172 | 0.785 | 0.740 | 0.962   (AUROC 0.899)
    macro : 0.165 | 0.567 | 0.527 | 0.757   (per-line avg)
    K562   : 0.095 | 0.751 | 0.725 | 0.985
    JURKAT : 0.041 | 0.543 | 0.524 | 0.991
    A549   : 0.047 | 0.118 | 0.074 | 0.686
    HELA   : 0.220 | 0.864 | 0.826 | 0.972
    A375   : 0.410 | 0.999 | 0.999 | 1.000
    293T   : 0.134 | 0.198 | 0.074 | 0.336
    PC9    : 0.053 | 0.094 | 0.044 | 0.099
    OTHER  : 0.320 | 0.968 | 0.954 | 0.989

  cell-line metrics  [baseline | raw AUPR | norm AUPR | AUPRG]
    strat : 0.112 | 0.873 | 0.857 | 0.993   <- AUPRG selects
    any   : 0.172 | 0.749 | 0.697 | 0.947   (AUROC 0.891)
    macro : 0.165 | 0.622 | 0.588 | 0.826   (per-line avg)
    K562   : 0.095 | 0.787 | 0.765 | 0.989
    JURKAT : 0.041 | 0.697 | 0.684 | 0.996
    A549   : 0.047 | 0.230 | 0.192 | 0.858
    HELA   : 0.220 | 0.912 | 0.887 | 0.982
    A375   : 0.410 | 0.999 | 0.999 | 1.000
    293T   : 0.134 | 0.291 | 0.181 | 0.642
    PC9    : 0.053 | 0.079 | 0.027 | 0.147
    OTHER  : 0.320 | 0.981 | 0.973 | 0.993

Early stopping at epoch 450

  selected on val (auprg=0.9929 @ epoch 150); test scored once

Fold 3 Best (epoch 150): AUROC=0.9570, AUPR=0.8716, F1=0.8101
  Params: 28,757/28,976 nonzero | Weights: 26,965/27,184 nonzero (0.81% sparse)
    cell_emb.weight: 192/192 nonzero (0.0% sparse)
    encoder.hidden_blocks.0.0.weight: 25,239/25,456 nonzero (0.9% sparse)
    encoder.hidden_blocks.1.0.weight: 254/256 nonzero (0.8% sparse)
    encoder.hidden_blocks.2.0.weight: 256/256 nonzero (0.0% sparse)
    encoder.hidden_blocks.3.0.weight: 256/256 nonzero (0.0% sparse)
    encoder.hidden_blocks.4.0.weight: 256/256 nonzero (0.0% sparse)
    encoder.hidden_blocks.5.0.weight: 256/256 nonzero (0.0% sparse)
    encoder.projection.weight: 256/256 nonzero (0.0% sparse)
  [retrieval] index space: n=19397 num_genes=19397 num_p_genes=8844 (P-space differs from full space)
  Saved 8844x8844 shared-space score matrix -> fold_2_cv1_predictions.npy
  [retrieval] universe 19,397 genes (peers rank vs 8,844), 2,197 scored rows, 4,433 test-pos, 15,960 train-pos suppressed | fwd-check 2.29e-05 | NDCG@10 0.1518 NDCG@50 0.2073 R@50 0.3540 MAP@50 0.1453

============================================================
Training Fold 4
============================================================

[fold 3] fitting preprocessing [method=plain: mean → col-standardize+SVD → mean/std; scope=train] (+ post-concat PCA + renorm)
  Fit subset: 18132/19397 rows (93.5%)
  [geneformer] 1152d, 19397 genes, 135 missing
    mean-imputed 135/19397 genes (155520 NaN cells; locations fit on 18132 fit rows)
  [kg_complex] 512d, 19397 genes, 394 missing
    mean-imputed 394/19397 genes (201728 NaN cells; locations fit on 18132 fit rows)
  [ppi_raw] 1024d, 19397 genes, 3467 missing
    mean-imputed 3467/19397 genes (3550208 NaN cells; locations fit on 18132 fit rows)
  [prot_t5] 1024d, 19397 genes, 317 missing
    mean-imputed 317/19397 genes (324608 NaN cells; locations fit on 18132 fit rows)
  [text_embed] 1024d, 19397 genes, 6 missing
    mean-imputed 6/19397 genes (6144 NaN cells; locations fit on 18132 fit rows)
    Variance target 80% on the correlation spectrum: 1565 components (explains 80.0% of 4736d)
    Plain PCA 4736d -> 1565d (80.0% variance, standardized)
[fold 3] fold embeddings: (19397, 1565)
Fold 4 input_dim: 1565
  Trainable parameters: 28,942 (total 28,942) [SiameseSLMultiCell]
  Fold stamp: genes 42ff034debb48f84 all_pos 20be58a407d6aa9a meta 15e1a39cf91a5615
  L1 λ=0.01 for encoder.hidden_blocks.0.0.weight
  L1 λ=0.0075 for encoder.hidden_blocks.1.0.weight
  L1 λ=0.005 for encoder.hidden_blocks.2.0.weight
  L1 λ=0.004 for encoder.hidden_blocks.3.0.weight
  L1 λ=0.0025 for encoder.hidden_blocks.4.0.weight
  L1 λ=0.0015 for encoder.hidden_blocks.5.0.weight
  L1 λ=0.001 for encoder.projection.weight

  cell-line metrics  [baseline | raw AUPR | norm AUPR | AUPRG]
    strat : 0.112 | 0.807 | 0.783 | 0.985   <- AUPRG selects
    any   : 0.172 | 0.798 | 0.755 | 0.968   (AUROC 0.903)
    macro : 0.157 | 0.541 | 0.496 | 0.664   (per-line avg)
    K562   : 0.094 | 0.741 | 0.714 | 0.983
    JURKAT : 0.042 | 0.459 | 0.435 | 0.986
    A549   : 0.045 | 0.112 | 0.070 | 0.731
    HELA   : 0.174 | 0.811 | 0.771 | 0.971
    A375   : 0.387 | 0.934 | 0.892 | 0.966
    293T   : 0.147 | 0.281 | 0.157 | 0.668
    PC9    : 0.039 | 0.031 | -0.009 | -0.979
    OTHER  : 0.325 | 0.959 | 0.939 | 0.984

  cell-line metrics  [baseline | raw AUPR | norm AUPR | AUPRG]
    strat : 0.112 | 0.818 | 0.795 | 0.988   <- AUPRG selects
    any   : 0.172 | 0.748 | 0.696 | 0.955   (AUROC 0.897)
    macro : 0.157 | 0.557 | 0.519 | 0.735   (per-line avg)
    K562   : 0.094 | 0.728 | 0.699 | 0.984
    JURKAT : 0.042 | 0.475 | 0.452 | 0.987
    A549   : 0.045 | 0.150 | 0.109 | 0.575
    HELA   : 0.174 | 0.810 | 0.770 | 0.971
    A375   : 0.387 | 1.000 | 1.000 | 1.000
    293T   : 0.147 | 0.284 | 0.160 | 0.573
    PC9    : 0.039 | 0.040 | 0.000 | -0.197
    OTHER  : 0.325 | 0.973 | 0.959 | 0.989

  cell-line metrics  [baseline | raw AUPR | norm AUPR | AUPRG]
    strat : 0.112 | 0.831 | 0.810 | 0.989   <- AUPRG selects
    any   : 0.172 | 0.796 | 0.753 | 0.966   (AUROC 0.908)
    macro : 0.157 | 0.561 | 0.517 | 0.746   (per-line avg)
    K562   : 0.094 | 0.745 | 0.719 | 0.985
    JURKAT : 0.042 | 0.544 | 0.524 | 0.992
    A549   : 0.045 | 0.155 | 0.115 | 0.847
    HELA   : 0.174 | 0.834 | 0.799 | 0.972
    A375   : 0.387 | 0.905 | 0.845 | 0.955
    293T   : 0.147 | 0.292 | 0.170 | 0.467
    PC9    : 0.039 | 0.041 | 0.002 | -0.240
    OTHER  : 0.325 | 0.973 | 0.960 | 0.989

  cell-line metrics  [baseline | raw AUPR | norm AUPR | AUPRG]
    strat : 0.112 | 0.866 | 0.849 | 0.992   <- AUPRG selects
    any   : 0.172 | 0.736 | 0.682 | 0.945   (AUROC 0.888)
    macro : 0.157 | 0.610 | 0.577 | 0.862   (per-line avg)
    K562   : 0.094 | 0.795 | 0.774 | 0.990
    JURKAT : 0.042 | 0.620 | 0.603 | 0.994
    A549   : 0.045 | 0.228 | 0.191 | 0.894
    HELA   : 0.174 | 0.883 | 0.858 | 0.982
    A375   : 0.387 | 1.000 | 1.000 | 1.000
    293T   : 0.147 | 0.328 | 0.212 | 0.707
    PC9    : 0.039 | 0.049 | 0.011 | 0.335
    OTHER  : 0.325 | 0.981 | 0.971 | 0.993

Early stopping at epoch 450

  selected on val (auprg=0.9919 @ epoch 150); test scored once

Fold 4 Best (epoch 150): AUROC=0.9608, AUPR=0.8840, F1=0.8291
  Params: 28,687/28,942 nonzero | Weights: 26,897/27,152 nonzero (0.94% sparse)
    cell_emb.weight: 192/192 nonzero (0.0% sparse)
    encoder.hidden_blocks.0.0.weight: 25,171/25,424 nonzero (1.0% sparse)
    encoder.hidden_blocks.1.0.weight: 254/256 nonzero (0.8% sparse)
    encoder.hidden_blocks.2.0.weight: 256/256 nonzero (0.0% sparse)
    encoder.hidden_blocks.3.0.weight: 256/256 nonzero (0.0% sparse)
    encoder.hidden_blocks.4.0.weight: 256/256 nonzero (0.0% sparse)
    encoder.hidden_blocks.5.0.weight: 256/256 nonzero (0.0% sparse)
    encoder.projection.weight: 256/256 nonzero (0.0% sparse)
  [retrieval] index space: n=19397 num_genes=19397 num_p_genes=8844 (P-space differs from full space)
  Saved 8844x8844 shared-space score matrix -> fold_3_cv1_predictions.npy
  [retrieval] universe 19,397 genes (peers rank vs 8,844), 2,275 scored rows, 4,433 test-pos, 15,960 train-pos suppressed | fwd-check 1.53e-05 | NDCG@10 0.2032 NDCG@50 0.2486 R@50 0.4102 MAP@50 0.1748

============================================================
Training Fold 5
============================================================

[fold 4] fitting preprocessing [method=plain: mean → col-standardize+SVD → mean/std; scope=train] (+ post-concat PCA + renorm)
  Fit subset: 18216/19397 rows (93.9%)
  [geneformer] 1152d, 19397 genes, 135 missing
    mean-imputed 135/19397 genes (155520 NaN cells; locations fit on 18216 fit rows)
  [kg_complex] 512d, 19397 genes, 394 missing
    mean-imputed 394/19397 genes (201728 NaN cells; locations fit on 18216 fit rows)
  [ppi_raw] 1024d, 19397 genes, 3467 missing
    mean-imputed 3467/19397 genes (3550208 NaN cells; locations fit on 18216 fit rows)
  [prot_t5] 1024d, 19397 genes, 317 missing
    mean-imputed 317/19397 genes (324608 NaN cells; locations fit on 18216 fit rows)
  [text_embed] 1024d, 19397 genes, 6 missing
    mean-imputed 6/19397 genes (6144 NaN cells; locations fit on 18216 fit rows)
    Variance target 80% on the correlation spectrum: 1567 components (explains 80.0% of 4736d)
    Plain PCA 4736d -> 1567d (80.0% variance, standardized)
[fold 4] fold embeddings: (19397, 1567)
Fold 5 input_dim: 1567
  Trainable parameters: 28,976 (total 28,976) [SiameseSLMultiCell]
  Fold stamp: genes 42ff034debb48f84 all_pos 20be58a407d6aa9a meta 15e1a39cf91a5615
  L1 λ=0.01 for encoder.hidden_blocks.0.0.weight
  L1 λ=0.0075 for encoder.hidden_blocks.1.0.weight
  L1 λ=0.005 for encoder.hidden_blocks.2.0.weight
  L1 λ=0.004 for encoder.hidden_blocks.3.0.weight
  L1 λ=0.0025 for encoder.hidden_blocks.4.0.weight
  L1 λ=0.0015 for encoder.hidden_blocks.5.0.weight
  L1 λ=0.001 for encoder.projection.weight

  cell-line metrics  [baseline | raw AUPR | norm AUPR | AUPRG]
    strat : 0.112 | 0.822 | 0.799 | 0.987   <- AUPRG selects
    any   : 0.172 | 0.817 | 0.779 | 0.971   (AUROC 0.914)
    macro : 0.164 | 0.548 | 0.500 | 0.697   (per-line avg)
    K562   : 0.094 | 0.754 | 0.728 | 0.985
    JURKAT : 0.043 | 0.487 | 0.464 | 0.985
    A549   : 0.043 | 0.119 | 0.080 | 0.602
    HELA   : 0.211 | 0.824 | 0.777 | 0.953
    A375   : 0.383 | 0.950 | 0.919 | 0.981
    293T   : 0.146 | 0.177 | 0.037 | 0.014
    PC9    : 0.071 | 0.100 | 0.032 | 0.066
    OTHER  : 0.323 | 0.973 | 0.960 | 0.988

  cell-line metrics  [baseline | raw AUPR | norm AUPR | AUPRG]
    strat : 0.112 | 0.839 | 0.818 | 0.990   <- AUPRG selects
    any   : 0.172 | 0.812 | 0.773 | 0.970   (AUROC 0.913)
    macro : 0.164 | 0.587 | 0.547 | 0.850   (per-line avg)
    K562   : 0.094 | 0.754 | 0.729 | 0.986
    JURKAT : 0.043 | 0.560 | 0.540 | 0.991
    A549   : 0.043 | 0.121 | 0.082 | 0.701
    HELA   : 0.211 | 0.852 | 0.813 | 0.966
    A375   : 0.383 | 0.999 | 0.998 | 1.000
    293T   : 0.146 | 0.293 | 0.172 | 0.628
    PC9    : 0.071 | 0.136 | 0.070 | 0.534
    OTHER  : 0.323 | 0.979 | 0.969 | 0.992

  cell-line metrics  [baseline | raw AUPR | norm AUPR | AUPRG]
    strat : 0.112 | 0.844 | 0.824 | 0.990   <- AUPRG selects
    any   : 0.172 | 0.805 | 0.765 | 0.969   (AUROC 0.912)
    macro : 0.164 | 0.578 | 0.537 | 0.738   (per-line avg)
    K562   : 0.094 | 0.773 | 0.749 | 0.989
    JURKAT : 0.043 | 0.548 | 0.528 | 0.990
    A549   : 0.043 | 0.147 | 0.109 | 0.865
    HELA   : 0.211 | 0.859 | 0.821 | 0.970
    A375   : 0.383 | 0.993 | 0.989 | 0.996
    293T   : 0.146 | 0.255 | 0.128 | 0.614
    PC9    : 0.071 | 0.069 | -0.002 | -0.510
    OTHER  : 0.323 | 0.980 | 0.971 | 0.993

  cell-line metrics  [baseline | raw AUPR | norm AUPR | AUPRG]
    strat : 0.112 | 0.876 | 0.860 | 0.993   <- AUPRG selects
    any   : 0.172 | 0.771 | 0.724 | 0.959   (AUROC 0.898)
    macro : 0.164 | 0.628 | 0.593 | 0.907   (per-line avg)
    K562   : 0.094 | 0.806 | 0.786 | 0.991
    JURKAT : 0.043 | 0.680 | 0.666 | 0.996
    A549   : 0.043 | 0.191 | 0.155 | 0.876
    HELA   : 0.211 | 0.870 | 0.836 | 0.970
    A375   : 0.383 | 1.000 | 1.000 | 1.000
    293T   : 0.146 | 0.379 | 0.273 | 0.796
    PC9    : 0.071 | 0.117 | 0.050 | 0.637
    OTHER  : 0.323 | 0.984 | 0.977 | 0.992

Early stopping at epoch 450

  selected on val (auprg=0.9930 @ epoch 150); test scored once

Fold 5 Best (epoch 150): AUROC=0.9563, AUPR=0.8719, F1=0.8121
  Params: 28,760/28,976 nonzero | Weights: 26,968/27,184 nonzero (0.79% sparse)
    cell_emb.weight: 192/192 nonzero (0.0% sparse)
    encoder.hidden_blocks.0.0.weight: 25,257/25,456 nonzero (0.8% sparse)
    encoder.hidden_blocks.1.0.weight: 255/256 nonzero (0.4% sparse)
    encoder.hidden_blocks.2.0.weight: 256/256 nonzero (0.0% sparse)
    encoder.hidden_blocks.3.0.weight: 256/256 nonzero (0.0% sparse)
    encoder.hidden_blocks.4.0.weight: 256/256 nonzero (0.0% sparse)
    encoder.hidden_blocks.5.0.weight: 256/256 nonzero (0.0% sparse)
    encoder.projection.weight: 240/256 nonzero (6.2% sparse)
  [retrieval] index space: n=19397 num_genes=19397 num_p_genes=8844 (P-space differs from full space)
  Saved 8844x8844 shared-space score matrix -> fold_4_cv1_predictions.npy
  [retrieval] universe 19,397 genes (peers rank vs 8,844), 2,170 scored rows, 4,433 test-pos, 15,960 train-pos suppressed | fwd-check 1.72e-05 | NDCG@10 0.2120 NDCG@50 0.2620 R@50 0.4130 MAP@50 0.1840

============================================================
Cross-Validation Results: CV1 (edge-based)
============================================================

Fold        AUROC       AUPR         F1
----------------------------------------
1          0.9599     0.8806     0.8238
2          0.9597     0.8752     0.8100
3          0.9570     0.8716     0.8101
4          0.9608     0.8840     0.8291
5          0.9563     0.8719     0.8121
----------------------------------------
Mean       0.9588     0.8767     0.8170
Std        0.0017     0.0049     0.0079

============================================================
Summary:
  AUROC: 0.9588 ± 0.0017
  AUPR:  0.8767 ± 0.0049
  F1:    0.8170 ± 0.0079
  Params: 28,730/28,976 nonzero (weight sparsity: 0.90%)
============================================================

Cell-line metrics (mean over folds):
  STRATIFIED (pooled per-cell-line obs; SELECTION basis):
    baseline(pi) 0.1122  AUPR 0.8767  normAUPR 0.8611  AUPRG 0.9930  AUROC 0.9588
  GLOBAL (SL in any cell line; one-time headline):
    AUPRG 0.9528 ± 0.0025   AUPR 0.7606   AUROC 0.8946
  PER-LINE macro (equal weight/line; diagnostic):
    AUPRG 0.8289  AUPR 0.6238
  RETRIEVAL (rank vs the whole 19,397-gene universe; peers rank vs 8,844 -- NOT strictly comparable):
    NDCG@10 0.1656  NDCG@50 0.2159  R@50 0.3621  MAP@50 0.1490

Results saved to results/ablate_no_go_cv1
  Checkpoints removed (ABLATION_PURGE_CHECKPOINTS=1)

SUCCESS: cv1 without 'go'  AUPRG=0.9930 +/- 0.0003  AUPR=0.8767 +/- 0.0049
