============================================================================
Job: ablation | ID: 1178686 | Node: gpu3
Array task: 3 (of job 1178680)
Start: Mon Aug 31 09:05:51 EDT 2026
NVIDIA L40, 46068 MiB, 43981 MiB
NVIDIA L40, 46068 MiB, 39935 MiB
NVIDIA L40, 46068 MiB, 0 MiB
NVIDIA L40, 46068 MiB, 43379 MiB
============================================================================

============================================================================
ABLATION  task 3 of 18
  CV:      cv1
  Dropped: ppi
============================================================================
  Surviving (5): geneformer+go2vec+kg_complex+prot_t5+text_embed
  Output: results/ablate_no_ppi_cv1
  Post-concat PCA: variance=0.8 (retained k varies with the modality set)

Using GPU: NVIDIA L40

Loading 5 modality file(s) [raw, preprocessing deferred to per-fold fit]:
Cell-line conditioning: ENABLED (masked multi-label, 8 heads)
    labeled pairs: 128,870 over 8,844 genes (dropped 0 with no known head)
    same-head SL/non-SL conflicts resolved by OR (label=SL): 1,876 pairs -> 2,171 head-cells [JURKAT 1,461, K562 406, HELA 125, OTHER 107, 293T 36, A549 30, A375 6]
    K562     known  91,937  pos  8,705  neg  83,232  (or-resolved   406)
    JURKAT   known  66,122  pos  2,617  neg  63,505  (or-resolved 1,461)
    A549     known   8,889  pos    314  neg   8,575  (or-resolved    30)
    HELA     known   5,931  pos  1,250  neg   4,681  (or-resolved   125)
    A375     known   2,509  pos  1,094  neg   1,415  (or-resolved     6)
    293T     known   2,438  pos    326  neg   2,112  (or-resolved    36)
    PC9      known   1,014  pos     68  neg     946  (or-resolved     0)
    OTHER    known  27,002  pos  8,721  neg  18,281  (or-resolved   107)
Loaded raw tensors for 19397 genes
Loaded 22166 positive SL pairs
SL pairs involve 5257 unique genes
============================================================
Siamese SL Training
Model: siamese
CV Type: cv1
Folds: 5
============================================================

Generating CV1 splits (edge-based, multi-label)...
  Fold 1: train 92,786 pairs/148,298 labels  val 10,309 pairs/16,486 labels  test 25,775 pairs/41,058 labels
  Fold 2: train 92,787 pairs/148,217 labels  val 10,309 pairs/16,456 labels  test 25,774 pairs/41,169 labels
  Fold 3: train 92,787 pairs/148,030 labels  val 10,309 pairs/16,471 labels  test 25,774 pairs/41,341 labels
  Fold 4: train 92,787 pairs/148,273 labels  val 10,309 pairs/16,515 labels  test 25,774 pairs/41,054 labels
  Fold 5: train 92,788 pairs/148,187 labels  val 10,309 pairs/16,435 labels  test 25,773 pairs/41,220 labels

============================================================
Training Fold 1
============================================================

[fold 0] fitting preprocessing [method=plain: mean → col-standardize+SVD → mean/std; scope=train] (+ post-concat PCA + renorm)
  Fit subset: 18162/19397 rows (93.6%)
  [geneformer] 1152d, 19397 genes, 135 missing
    mean-imputed 135/19397 genes (155520 NaN cells; locations fit on 18162 fit rows)
  [go2vec] 128d, 19397 genes, 606 missing
    mean-imputed 606/19397 genes (77568 NaN cells; locations fit on 18162 fit rows)
  [kg_complex] 512d, 19397 genes, 394 missing
    mean-imputed 394/19397 genes (201728 NaN cells; locations fit on 18162 fit rows)
  [prot_t5] 1024d, 19397 genes, 317 missing
    mean-imputed 317/19397 genes (324608 NaN cells; locations fit on 18162 fit rows)
  [text_embed] 1024d, 19397 genes, 6 missing
    mean-imputed 6/19397 genes (6144 NaN cells; locations fit on 18162 fit rows)
    Variance target 80% on the correlation spectrum: 1025 components (explains 80.0% of 3840d)
    Plain PCA 3840d -> 1025d (80.0% variance, standardized)
[fold 0] fold embeddings: (19397, 1025)
Fold 1 input_dim: 1025
  Trainable parameters: 19,762 (total 19,762) [SiameseSLMultiCell]
  Fold stamp: genes 42ff034debb48f84 all_pos 20be58a407d6aa9a meta 15e1a39cf91a5615
  L1 λ=0.01 for encoder.hidden_blocks.0.0.weight
  L1 λ=0.0075 for encoder.hidden_blocks.1.0.weight
  L1 λ=0.005 for encoder.hidden_blocks.2.0.weight
  L1 λ=0.004 for encoder.hidden_blocks.3.0.weight
  L1 λ=0.0025 for encoder.hidden_blocks.4.0.weight
  L1 λ=0.0015 for encoder.hidden_blocks.5.0.weight
  L1 λ=0.001 for encoder.projection.weight

  cell-line metrics  [baseline | raw AUPR | norm AUPR | AUPRG]
    strat : 0.112 | 0.804 | 0.779 | 0.986   <- AUPRG selects
    any   : 0.172 | 0.774 | 0.727 | 0.961   (AUROC 0.891)
    macro : 0.168 | 0.559 | 0.521 | 0.826   (per-line avg)
    K562   : 0.093 | 0.734 | 0.706 | 0.984
    JURKAT : 0.042 | 0.455 | 0.432 | 0.984
    A549   : 0.028 | 0.039 | 0.011 | 0.492
    HELA   : 0.190 | 0.813 | 0.769 | 0.966
    A375   : 0.478 | 0.999 | 0.998 | 1.000
    293T   : 0.125 | 0.219 | 0.107 | 0.418
    PC9    : 0.061 | 0.248 | 0.200 | 0.782
    OTHER  : 0.331 | 0.961 | 0.942 | 0.982

  cell-line metrics  [baseline | raw AUPR | norm AUPR | AUPRG]
    strat : 0.112 | 0.832 | 0.810 | 0.989   <- AUPRG selects
    any   : 0.172 | 0.792 | 0.749 | 0.965   (AUROC 0.906)
    macro : 0.168 | 0.584 | 0.548 | 0.795   (per-line avg)
    K562   : 0.093 | 0.737 | 0.710 | 0.985
    JURKAT : 0.042 | 0.561 | 0.542 | 0.992
    A549   : 0.028 | 0.039 | 0.011 | -0.055
    HELA   : 0.190 | 0.821 | 0.779 | 0.968
    A375   : 0.478 | 0.997 | 0.994 | 0.998
    293T   : 0.125 | 0.304 | 0.205 | 0.691
    PC9    : 0.061 | 0.248 | 0.199 | 0.795
    OTHER  : 0.331 | 0.963 | 0.944 | 0.983

  cell-line metrics  [baseline | raw AUPR | norm AUPR | AUPRG]
    strat : 0.112 | 0.848 | 0.828 | 0.990   <- AUPRG selects
    any   : 0.172 | 0.769 | 0.721 | 0.957   (AUROC 0.890)
    macro : 0.168 | 0.594 | 0.560 | 0.880   (per-line avg)
    K562   : 0.093 | 0.759 | 0.734 | 0.987
    JURKAT : 0.042 | 0.603 | 0.586 | 0.994
    A549   : 0.028 | 0.056 | 0.029 | 0.739
    HELA   : 0.190 | 0.831 | 0.791 | 0.972
    A375   : 0.478 | 0.999 | 0.998 | 1.000
    293T   : 0.125 | 0.284 | 0.182 | 0.639
    PC9    : 0.061 | 0.241 | 0.191 | 0.720
    OTHER  : 0.331 | 0.977 | 0.966 | 0.992

  cell-line metrics  [baseline | raw AUPR | norm AUPR | AUPRG]
    strat : 0.112 | 0.877 | 0.861 | 0.993   <- AUPRG selects
    any   : 0.172 | 0.763 | 0.713 | 0.955   (AUROC 0.899)
    macro : 0.168 | 0.635 | 0.605 | 0.935   (per-line avg)
    K562   : 0.093 | 0.787 | 0.765 | 0.989
    JURKAT : 0.042 | 0.694 | 0.681 | 0.997
    A549   : 0.028 | 0.133 | 0.108 | 0.904
    HELA   : 0.190 | 0.858 | 0.824 | 0.970
    A375   : 0.478 | 0.998 | 0.995 | 0.999
    293T   : 0.125 | 0.382 | 0.294 | 0.847
    PC9    : 0.061 | 0.245 | 0.196 | 0.778
    OTHER  : 0.331 | 0.982 | 0.973 | 0.993

Early stopping at epoch 450

  selected on val (auprg=0.9925 @ epoch 150); test scored once

Fold 1 Best (epoch 150): AUROC=0.9635, AUPR=0.8883, F1=0.8264
  Params: 19,561/19,762 nonzero | Weights: 18,311/18,512 nonzero (1.09% sparse)
    cell_emb.weight: 192/192 nonzero (0.0% sparse)
    encoder.hidden_blocks.0.0.weight: 16,586/16,784 nonzero (1.2% sparse)
    encoder.hidden_blocks.1.0.weight: 254/256 nonzero (0.8% sparse)
    encoder.hidden_blocks.2.0.weight: 255/256 nonzero (0.4% sparse)
    encoder.hidden_blocks.3.0.weight: 256/256 nonzero (0.0% sparse)
    encoder.hidden_blocks.4.0.weight: 256/256 nonzero (0.0% sparse)
    encoder.hidden_blocks.5.0.weight: 256/256 nonzero (0.0% sparse)
    encoder.projection.weight: 256/256 nonzero (0.0% sparse)
  [retrieval] index space: n=19397 num_genes=19397 num_p_genes=8844 (P-space differs from full space)
  Saved 8844x8844 shared-space score matrix -> fold_0_cv1_predictions.npy
  [retrieval] universe 19,397 genes (peers rank vs 8,844), 2,273 scored rows, 4,434 test-pos, 15,959 train-pos suppressed | fwd-check 3.43e-05 | NDCG@10 0.1784 NDCG@50 0.2055 R@50 0.2931 MAP@50 0.1593

============================================================
Training Fold 2
============================================================

[fold 1] fitting preprocessing [method=plain: mean → col-standardize+SVD → mean/std; scope=train] (+ post-concat PCA + renorm)
  Fit subset: 18161/19397 rows (93.6%)
  [geneformer] 1152d, 19397 genes, 135 missing
    mean-imputed 135/19397 genes (155520 NaN cells; locations fit on 18161 fit rows)
  [go2vec] 128d, 19397 genes, 606 missing
    mean-imputed 606/19397 genes (77568 NaN cells; locations fit on 18161 fit rows)
  [kg_complex] 512d, 19397 genes, 394 missing
    mean-imputed 394/19397 genes (201728 NaN cells; locations fit on 18161 fit rows)
  [prot_t5] 1024d, 19397 genes, 317 missing
    mean-imputed 317/19397 genes (324608 NaN cells; locations fit on 18161 fit rows)
  [text_embed] 1024d, 19397 genes, 6 missing
    mean-imputed 6/19397 genes (6144 NaN cells; locations fit on 18161 fit rows)
    Variance target 80% on the correlation spectrum: 1025 components (explains 80.0% of 3840d)
    Plain PCA 3840d -> 1025d (80.0% variance, standardized)
[fold 1] fold embeddings: (19397, 1025)
Fold 2 input_dim: 1025
  Trainable parameters: 19,762 (total 19,762) [SiameseSLMultiCell]
  Fold stamp: genes 42ff034debb48f84 all_pos 20be58a407d6aa9a meta 15e1a39cf91a5615
  L1 λ=0.01 for encoder.hidden_blocks.0.0.weight
  L1 λ=0.0075 for encoder.hidden_blocks.1.0.weight
  L1 λ=0.005 for encoder.hidden_blocks.2.0.weight
  L1 λ=0.004 for encoder.hidden_blocks.3.0.weight
  L1 λ=0.0025 for encoder.hidden_blocks.4.0.weight
  L1 λ=0.0015 for encoder.hidden_blocks.5.0.weight
  L1 λ=0.001 for encoder.projection.weight

  cell-line metrics  [baseline | raw AUPR | norm AUPR | AUPRG]
    strat : 0.112 | 0.817 | 0.794 | 0.987   <- AUPRG selects
    any   : 0.172 | 0.751 | 0.699 | 0.953   (AUROC 0.884)
    macro : 0.164 | 0.583 | 0.544 | 0.740   (per-line avg)
    K562   : 0.096 | 0.742 | 0.715 | 0.984
    JURKAT : 0.040 | 0.536 | 0.517 | 0.988
    A549   : 0.047 | 0.137 | 0.095 | 0.808
    HELA   : 0.195 | 0.898 | 0.873 | 0.983
    A375   : 0.410 | 0.994 | 0.990 | 0.997
    293T   : 0.156 | 0.342 | 0.220 | 0.583
    PC9    : 0.051 | 0.051 | -0.000 | -0.408
    OTHER  : 0.320 | 0.960 | 0.942 | 0.985

  cell-line metrics  [baseline | raw AUPR | norm AUPR | AUPRG]
    strat : 0.112 | 0.833 | 0.811 | 0.988   <- AUPRG selects
    any   : 0.172 | 0.784 | 0.739 | 0.963   (AUROC 0.895)
    macro : 0.164 | 0.592 | 0.550 | 0.719   (per-line avg)
    K562   : 0.096 | 0.760 | 0.735 | 0.986
    JURKAT : 0.040 | 0.522 | 0.503 | 0.988
    A549   : 0.047 | 0.182 | 0.142 | 0.845
    HELA   : 0.195 | 0.929 | 0.912 | 0.989
    A375   : 0.410 | 0.934 | 0.888 | 0.966
    293T   : 0.156 | 0.386 | 0.273 | 0.720
    PC9    : 0.051 | 0.053 | 0.002 | -0.734
    OTHER  : 0.320 | 0.966 | 0.950 | 0.988

  cell-line metrics  [baseline | raw AUPR | norm AUPR | AUPRG]
    strat : 0.112 | 0.882 | 0.867 | 0.993   <- AUPRG selects
    any   : 0.172 | 0.777 | 0.731 | 0.959   (AUROC 0.904)
    macro : 0.164 | 0.660 | 0.628 | 0.866   (per-line avg)
    K562   : 0.096 | 0.808 | 0.788 | 0.991
    JURKAT : 0.040 | 0.702 | 0.690 | 0.997
    A549   : 0.047 | 0.349 | 0.316 | 0.953
    HELA   : 0.195 | 0.943 | 0.929 | 0.991
    A375   : 0.410 | 0.988 | 0.980 | 0.991
    293T   : 0.156 | 0.438 | 0.334 | 0.715
    PC9    : 0.051 | 0.075 | 0.025 | 0.299
    OTHER  : 0.320 | 0.974 | 0.961 | 0.992

Early stopping at epoch 450

  selected on val (auprg=0.9933 @ epoch 150); test scored once

Fold 2 Best (epoch 150): AUROC=0.9577, AUPR=0.8707, F1=0.8091
  Params: 19,543/19,762 nonzero | Weights: 18,293/18,512 nonzero (1.18% sparse)
    cell_emb.weight: 192/192 nonzero (0.0% sparse)
    encoder.hidden_blocks.0.0.weight: 16,568/16,784 nonzero (1.3% sparse)
    encoder.hidden_blocks.1.0.weight: 253/256 nonzero (1.2% sparse)
    encoder.hidden_blocks.2.0.weight: 256/256 nonzero (0.0% sparse)
    encoder.hidden_blocks.3.0.weight: 256/256 nonzero (0.0% sparse)
    encoder.hidden_blocks.4.0.weight: 256/256 nonzero (0.0% sparse)
    encoder.hidden_blocks.5.0.weight: 256/256 nonzero (0.0% sparse)
    encoder.projection.weight: 256/256 nonzero (0.0% sparse)
  [retrieval] index space: n=19397 num_genes=19397 num_p_genes=8844 (P-space differs from full space)
  Saved 8844x8844 shared-space score matrix -> fold_1_cv1_predictions.npy
  [retrieval] universe 19,397 genes (peers rank vs 8,844), 2,243 scored rows, 4,433 test-pos, 15,960 train-pos suppressed | fwd-check 1.53e-05 | NDCG@10 0.1358 NDCG@50 0.2071 R@50 0.4252 MAP@50 0.1252

============================================================
Training Fold 3
============================================================

[fold 2] fitting preprocessing [method=plain: mean → col-standardize+SVD → mean/std; scope=train] (+ post-concat PCA + renorm)
  Fit subset: 18181/19397 rows (93.7%)
  [geneformer] 1152d, 19397 genes, 135 missing
    mean-imputed 135/19397 genes (155520 NaN cells; locations fit on 18181 fit rows)
  [go2vec] 128d, 19397 genes, 606 missing
    mean-imputed 606/19397 genes (77568 NaN cells; locations fit on 18181 fit rows)
  [kg_complex] 512d, 19397 genes, 394 missing
    mean-imputed 394/19397 genes (201728 NaN cells; locations fit on 18181 fit rows)
  [prot_t5] 1024d, 19397 genes, 317 missing
    mean-imputed 317/19397 genes (324608 NaN cells; locations fit on 18181 fit rows)
  [text_embed] 1024d, 19397 genes, 6 missing
    mean-imputed 6/19397 genes (6144 NaN cells; locations fit on 18181 fit rows)
    Variance target 80% on the correlation spectrum: 1026 components (explains 80.0% of 3840d)
    Plain PCA 3840d -> 1026d (80.0% variance, standardized)
[fold 2] fold embeddings: (19397, 1026)
Fold 3 input_dim: 1026
  Trainable parameters: 19,779 (total 19,779) [SiameseSLMultiCell]
  Fold stamp: genes 42ff034debb48f84 all_pos 20be58a407d6aa9a meta 15e1a39cf91a5615
  L1 λ=0.01 for encoder.hidden_blocks.0.0.weight
  L1 λ=0.0075 for encoder.hidden_blocks.1.0.weight
  L1 λ=0.005 for encoder.hidden_blocks.2.0.weight
  L1 λ=0.004 for encoder.hidden_blocks.3.0.weight
  L1 λ=0.0025 for encoder.hidden_blocks.4.0.weight
  L1 λ=0.0015 for encoder.hidden_blocks.5.0.weight
  L1 λ=0.001 for encoder.projection.weight

  cell-line metrics  [baseline | raw AUPR | norm AUPR | AUPRG]
    strat : 0.112 | 0.820 | 0.797 | 0.987   <- AUPRG selects
    any   : 0.172 | 0.781 | 0.736 | 0.962   (AUROC 0.891)
    macro : 0.165 | 0.625 | 0.591 | 0.832   (per-line avg)
    K562   : 0.095 | 0.727 | 0.698 | 0.982
    JURKAT : 0.041 | 0.543 | 0.524 | 0.990
    A549   : 0.047 | 0.049 | 0.002 | -0.023
    HELA   : 0.220 | 0.884 | 0.852 | 0.970
    A375   : 0.410 | 0.998 | 0.996 | 0.999
    293T   : 0.134 | 0.358 | 0.258 | 0.769
    PC9    : 0.053 | 0.469 | 0.439 | 0.981
    OTHER  : 0.320 | 0.974 | 0.961 | 0.990

  cell-line metrics  [baseline | raw AUPR | norm AUPR | AUPRG]
    strat : 0.112 | 0.831 | 0.809 | 0.989   <- AUPRG selects
    any   : 0.172 | 0.775 | 0.729 | 0.962   (AUROC 0.902)
    macro : 0.165 | 0.595 | 0.560 | 0.873   (per-line avg)
    K562   : 0.095 | 0.729 | 0.700 | 0.983
    JURKAT : 0.041 | 0.572 | 0.553 | 0.993
    A549   : 0.047 | 0.087 | 0.042 | 0.403
    HELA   : 0.220 | 0.878 | 0.844 | 0.972
    A375   : 0.410 | 0.996 | 0.994 | 0.999
    293T   : 0.134 | 0.370 | 0.272 | 0.792
    PC9    : 0.053 | 0.156 | 0.110 | 0.851
    OTHER  : 0.320 | 0.976 | 0.964 | 0.991

  cell-line metrics  [baseline | raw AUPR | norm AUPR | AUPRG]
    strat : 0.112 | 0.874 | 0.858 | 0.993   <- AUPRG selects
    any   : 0.172 | 0.741 | 0.687 | 0.949   (AUROC 0.888)
    macro : 0.165 | 0.633 | 0.599 | 0.900   (per-line avg)
    K562   : 0.095 | 0.786 | 0.763 | 0.989
    JURKAT : 0.041 | 0.702 | 0.689 | 0.996
    A549   : 0.047 | 0.204 | 0.165 | 0.889
    HELA   : 0.220 | 0.905 | 0.878 | 0.979
    A375   : 0.410 | 0.994 | 0.990 | 0.997
    293T   : 0.134 | 0.280 | 0.169 | 0.624
    PC9    : 0.053 | 0.208 | 0.164 | 0.734
    OTHER  : 0.320 | 0.983 | 0.975 | 0.994

Early stopping at epoch 450

  selected on val (auprg=0.9929 @ epoch 150); test scored once

Fold 3 Best (epoch 150): AUROC=0.9565, AUPR=0.8719, F1=0.8100
  Params: 19,651/19,779 nonzero | Weights: 18,400/18,528 nonzero (0.69% sparse)
    cell_emb.weight: 192/192 nonzero (0.0% sparse)
    encoder.hidden_blocks.0.0.weight: 16,674/16,800 nonzero (0.7% sparse)
    encoder.hidden_blocks.1.0.weight: 255/256 nonzero (0.4% sparse)
    encoder.hidden_blocks.2.0.weight: 256/256 nonzero (0.0% sparse)
    encoder.hidden_blocks.3.0.weight: 255/256 nonzero (0.4% sparse)
    encoder.hidden_blocks.4.0.weight: 256/256 nonzero (0.0% sparse)
    encoder.hidden_blocks.5.0.weight: 256/256 nonzero (0.0% sparse)
    encoder.projection.weight: 256/256 nonzero (0.0% sparse)
  [retrieval] index space: n=19397 num_genes=19397 num_p_genes=8844 (P-space differs from full space)
  Saved 8844x8844 shared-space score matrix -> fold_2_cv1_predictions.npy
  [retrieval] universe 19,397 genes (peers rank vs 8,844), 2,197 scored rows, 4,433 test-pos, 15,960 train-pos suppressed | fwd-check 1.72e-05 | NDCG@10 0.1498 NDCG@50 0.1890 R@50 0.3037 MAP@50 0.1321

============================================================
Training Fold 4
============================================================

[fold 3] fitting preprocessing [method=plain: mean → col-standardize+SVD → mean/std; scope=train] (+ post-concat PCA + renorm)
  Fit subset: 18132/19397 rows (93.5%)
  [geneformer] 1152d, 19397 genes, 135 missing
    mean-imputed 135/19397 genes (155520 NaN cells; locations fit on 18132 fit rows)
  [go2vec] 128d, 19397 genes, 606 missing
    mean-imputed 606/19397 genes (77568 NaN cells; locations fit on 18132 fit rows)
  [kg_complex] 512d, 19397 genes, 394 missing
    mean-imputed 394/19397 genes (201728 NaN cells; locations fit on 18132 fit rows)
  [prot_t5] 1024d, 19397 genes, 317 missing
    mean-imputed 317/19397 genes (324608 NaN cells; locations fit on 18132 fit rows)
  [text_embed] 1024d, 19397 genes, 6 missing
    mean-imputed 6/19397 genes (6144 NaN cells; locations fit on 18132 fit rows)
    Variance target 80% on the correlation spectrum: 1025 components (explains 80.0% of 3840d)
    Plain PCA 3840d -> 1025d (80.0% variance, standardized)
[fold 3] fold embeddings: (19397, 1025)
Fold 4 input_dim: 1025
  Trainable parameters: 19,762 (total 19,762) [SiameseSLMultiCell]
  Fold stamp: genes 42ff034debb48f84 all_pos 20be58a407d6aa9a meta 15e1a39cf91a5615
  L1 λ=0.01 for encoder.hidden_blocks.0.0.weight
  L1 λ=0.0075 for encoder.hidden_blocks.1.0.weight
  L1 λ=0.005 for encoder.hidden_blocks.2.0.weight
  L1 λ=0.004 for encoder.hidden_blocks.3.0.weight
  L1 λ=0.0025 for encoder.hidden_blocks.4.0.weight
  L1 λ=0.0015 for encoder.hidden_blocks.5.0.weight
  L1 λ=0.001 for encoder.projection.weight

  cell-line metrics  [baseline | raw AUPR | norm AUPR | AUPRG]
    strat : 0.112 | 0.817 | 0.794 | 0.987   <- AUPRG selects
    any   : 0.172 | 0.778 | 0.731 | 0.963   (AUROC 0.900)
    macro : 0.157 | 0.548 | 0.509 | 0.608   (per-line avg)
    K562   : 0.094 | 0.736 | 0.709 | 0.984
    JURKAT : 0.042 | 0.483 | 0.461 | 0.984
    A549   : 0.045 | 0.107 | 0.065 | 0.715
    HELA   : 0.174 | 0.799 | 0.757 | 0.964
    A375   : 0.387 | 0.999 | 0.999 | 1.000
    293T   : 0.147 | 0.254 | 0.125 | 0.188
    PC9    : 0.039 | 0.034 | -0.005 | -0.965
    OTHER  : 0.325 | 0.974 | 0.961 | 0.989

  cell-line metrics  [baseline | raw AUPR | norm AUPR | AUPRG]
    strat : 0.112 | 0.817 | 0.794 | 0.987   <- AUPRG selects
    any   : 0.172 | 0.775 | 0.728 | 0.962   (AUROC 0.892)
    macro : 0.157 | 0.560 | 0.520 | 0.787   (per-line avg)
    K562   : 0.094 | 0.750 | 0.724 | 0.985
    JURKAT : 0.042 | 0.448 | 0.423 | 0.984
    A549   : 0.045 | 0.089 | 0.046 | 0.409
    HELA   : 0.174 | 0.824 | 0.787 | 0.972
    A375   : 0.387 | 0.954 | 0.926 | 0.985
    293T   : 0.147 | 0.382 | 0.275 | 0.807
    PC9    : 0.039 | 0.059 | 0.020 | 0.167
    OTHER  : 0.325 | 0.972 | 0.959 | 0.988

  cell-line metrics  [baseline | raw AUPR | norm AUPR | AUPRG]
    strat : 0.112 | 0.836 | 0.815 | 0.989   <- AUPRG selects
    any   : 0.172 | 0.743 | 0.690 | 0.950   (AUROC 0.891)
    macro : 0.157 | 0.587 | 0.552 | 0.863   (per-line avg)
    K562   : 0.094 | 0.751 | 0.726 | 0.986
    JURKAT : 0.042 | 0.508 | 0.486 | 0.988
    A549   : 0.045 | 0.158 | 0.118 | 0.833
    HELA   : 0.174 | 0.849 | 0.817 | 0.976
    A375   : 0.387 | 0.983 | 0.972 | 0.985
    293T   : 0.147 | 0.426 | 0.327 | 0.788
    PC9    : 0.039 | 0.045 | 0.006 | 0.359
    OTHER  : 0.325 | 0.973 | 0.960 | 0.990

  cell-line metrics  [baseline | raw AUPR | norm AUPR | AUPRG]
    strat : 0.112 | 0.869 | 0.852 | 0.992   <- AUPRG selects
    any   : 0.172 | 0.719 | 0.660 | 0.941   (AUROC 0.883)
    macro : 0.157 | 0.634 | 0.605 | 0.902   (per-line avg)
    K562   : 0.094 | 0.789 | 0.767 | 0.990
    JURKAT : 0.042 | 0.639 | 0.623 | 0.994
    A549   : 0.045 | 0.195 | 0.157 | 0.880
    HELA   : 0.174 | 0.895 | 0.873 | 0.986
    A375   : 0.387 | 1.000 | 1.000 | 1.000
    293T   : 0.147 | 0.506 | 0.421 | 0.879
    PC9    : 0.039 | 0.064 | 0.026 | 0.494
    OTHER  : 0.325 | 0.983 | 0.975 | 0.994

Early stopping at epoch 450

  selected on val (auprg=0.9921 @ epoch 150); test scored once

Fold 4 Best (epoch 150): AUROC=0.9599, AUPR=0.8826, F1=0.8266
  Params: 19,622/19,762 nonzero | Weights: 18,372/18,512 nonzero (0.76% sparse)
    cell_emb.weight: 192/192 nonzero (0.0% sparse)
    encoder.hidden_blocks.0.0.weight: 16,644/16,784 nonzero (0.8% sparse)
    encoder.hidden_blocks.1.0.weight: 256/256 nonzero (0.0% sparse)
    encoder.hidden_blocks.2.0.weight: 256/256 nonzero (0.0% sparse)
    encoder.hidden_blocks.3.0.weight: 256/256 nonzero (0.0% sparse)
    encoder.hidden_blocks.4.0.weight: 256/256 nonzero (0.0% sparse)
    encoder.hidden_blocks.5.0.weight: 256/256 nonzero (0.0% sparse)
    encoder.projection.weight: 256/256 nonzero (0.0% sparse)
  [retrieval] index space: n=19397 num_genes=19397 num_p_genes=8844 (P-space differs from full space)
  Saved 8844x8844 shared-space score matrix -> fold_3_cv1_predictions.npy
  [retrieval] universe 19,397 genes (peers rank vs 8,844), 2,275 scored rows, 4,433 test-pos, 15,960 train-pos suppressed | fwd-check 2.67e-05 | NDCG@10 0.1835 NDCG@50 0.2267 R@50 0.3747 MAP@50 0.1552

============================================================
Training Fold 5
============================================================

[fold 4] fitting preprocessing [method=plain: mean → col-standardize+SVD → mean/std; scope=train] (+ post-concat PCA + renorm)
  Fit subset: 18216/19397 rows (93.9%)
  [geneformer] 1152d, 19397 genes, 135 missing
    mean-imputed 135/19397 genes (155520 NaN cells; locations fit on 18216 fit rows)
  [go2vec] 128d, 19397 genes, 606 missing
    mean-imputed 606/19397 genes (77568 NaN cells; locations fit on 18216 fit rows)
  [kg_complex] 512d, 19397 genes, 394 missing
    mean-imputed 394/19397 genes (201728 NaN cells; locations fit on 18216 fit rows)
  [prot_t5] 1024d, 19397 genes, 317 missing
    mean-imputed 317/19397 genes (324608 NaN cells; locations fit on 18216 fit rows)
  [text_embed] 1024d, 19397 genes, 6 missing
    mean-imputed 6/19397 genes (6144 NaN cells; locations fit on 18216 fit rows)
    Variance target 80% on the correlation spectrum: 1025 components (explains 80.0% of 3840d)
    Plain PCA 3840d -> 1025d (80.0% variance, standardized)
[fold 4] fold embeddings: (19397, 1025)
Fold 5 input_dim: 1025
  Trainable parameters: 19,762 (total 19,762) [SiameseSLMultiCell]
  Fold stamp: genes 42ff034debb48f84 all_pos 20be58a407d6aa9a meta 15e1a39cf91a5615
  L1 λ=0.01 for encoder.hidden_blocks.0.0.weight
  L1 λ=0.0075 for encoder.hidden_blocks.1.0.weight
  L1 λ=0.005 for encoder.hidden_blocks.2.0.weight
  L1 λ=0.004 for encoder.hidden_blocks.3.0.weight
  L1 λ=0.0025 for encoder.hidden_blocks.4.0.weight
  L1 λ=0.0015 for encoder.hidden_blocks.5.0.weight
  L1 λ=0.001 for encoder.projection.weight

  cell-line metrics  [baseline | raw AUPR | norm AUPR | AUPRG]
    strat : 0.112 | 0.821 | 0.799 | 0.987   <- AUPRG selects
    any   : 0.172 | 0.751 | 0.700 | 0.953   (AUROC 0.888)
    macro : 0.164 | 0.545 | 0.498 | 0.719   (per-line avg)
    K562   : 0.094 | 0.758 | 0.733 | 0.986
    JURKAT : 0.043 | 0.486 | 0.463 | 0.986
    A549   : 0.043 | 0.061 | 0.020 | 0.275
    HELA   : 0.211 | 0.826 | 0.780 | 0.957
    A375   : 0.383 | 0.967 | 0.947 | 0.984
    293T   : 0.146 | 0.180 | 0.040 | 0.175
    PC9    : 0.071 | 0.106 | 0.038 | 0.397
    OTHER  : 0.323 | 0.976 | 0.965 | 0.990

  cell-line metrics  [baseline | raw AUPR | norm AUPR | AUPRG]
    strat : 0.112 | 0.828 | 0.806 | 0.988   <- AUPRG selects
    any   : 0.172 | 0.805 | 0.765 | 0.968   (AUROC 0.911)
    macro : 0.164 | 0.593 | 0.554 | 0.891   (per-line avg)
    K562   : 0.094 | 0.747 | 0.721 | 0.985
    JURKAT : 0.043 | 0.517 | 0.496 | 0.987
    A549   : 0.043 | 0.123 | 0.084 | 0.846
    HELA   : 0.211 | 0.844 | 0.802 | 0.961
    A375   : 0.383 | 0.992 | 0.986 | 0.994
    293T   : 0.146 | 0.332 | 0.218 | 0.590
    PC9    : 0.071 | 0.210 | 0.150 | 0.771
    OTHER  : 0.323 | 0.981 | 0.972 | 0.994

  cell-line metrics  [baseline | raw AUPR | norm AUPR | AUPRG]
    strat : 0.112 | 0.844 | 0.825 | 0.990   <- AUPRG selects
    any   : 0.172 | 0.777 | 0.730 | 0.958   (AUROC 0.902)
    macro : 0.164 | 0.604 | 0.566 | 0.795   (per-line avg)
    K562   : 0.094 | 0.769 | 0.745 | 0.987
    JURKAT : 0.043 | 0.588 | 0.569 | 0.993
    A549   : 0.043 | 0.148 | 0.110 | 0.851
    HELA   : 0.211 | 0.841 | 0.799 | 0.956
    A375   : 0.383 | 0.984 | 0.975 | 0.984
    293T   : 0.146 | 0.448 | 0.354 | 0.825
    PC9    : 0.071 | 0.076 | 0.006 | -0.227
    OTHER  : 0.323 | 0.978 | 0.967 | 0.992

  cell-line metrics  [baseline | raw AUPR | norm AUPR | AUPRG]
    strat : 0.112 | 0.878 | 0.862 | 0.993   <- AUPRG selects
    any   : 0.172 | 0.738 | 0.683 | 0.947   (AUROC 0.892)
    macro : 0.164 | 0.641 | 0.608 | 0.758   (per-line avg)
    K562   : 0.094 | 0.804 | 0.784 | 0.991
    JURKAT : 0.043 | 0.676 | 0.662 | 0.996
    A549   : 0.043 | 0.225 | 0.190 | 0.925
    HELA   : 0.211 | 0.886 | 0.855 | 0.975
    A375   : 0.383 | 1.000 | 1.000 | 1.000
    293T   : 0.146 | 0.486 | 0.398 | 0.852
    PC9    : 0.071 | 0.068 | -0.003 | -0.666
    OTHER  : 0.323 | 0.983 | 0.975 | 0.991

Early stopping at epoch 450

  selected on val (auprg=0.9929 @ epoch 150); test scored once

Fold 5 Best (epoch 150): AUROC=0.9570, AUPR=0.8743, F1=0.8112
  Params: 19,600/19,762 nonzero | Weights: 18,350/18,512 nonzero (0.88% sparse)
    cell_emb.weight: 192/192 nonzero (0.0% sparse)
    encoder.hidden_blocks.0.0.weight: 16,623/16,784 nonzero (1.0% sparse)
    encoder.hidden_blocks.1.0.weight: 255/256 nonzero (0.4% sparse)
    encoder.hidden_blocks.2.0.weight: 256/256 nonzero (0.0% sparse)
    encoder.hidden_blocks.3.0.weight: 256/256 nonzero (0.0% sparse)
    encoder.hidden_blocks.4.0.weight: 256/256 nonzero (0.0% sparse)
    encoder.hidden_blocks.5.0.weight: 256/256 nonzero (0.0% sparse)
    encoder.projection.weight: 256/256 nonzero (0.0% sparse)
  [retrieval] index space: n=19397 num_genes=19397 num_p_genes=8844 (P-space differs from full space)
  Saved 8844x8844 shared-space score matrix -> fold_4_cv1_predictions.npy
  [retrieval] universe 19,397 genes (peers rank vs 8,844), 2,170 scored rows, 4,433 test-pos, 15,960 train-pos suppressed | fwd-check 1.91e-05 | NDCG@10 0.1696 NDCG@50 0.2162 R@50 0.3734 MAP@50 0.1489

============================================================
Cross-Validation Results: CV1 (edge-based)
============================================================

Fold        AUROC       AUPR         F1
----------------------------------------
1          0.9635     0.8883     0.8264
2          0.9577     0.8707     0.8091
3          0.9565     0.8719     0.8100
4          0.9599     0.8826     0.8266
5          0.9570     0.8743     0.8112
----------------------------------------
Mean       0.9589     0.8776     0.8167
Std        0.0026     0.0068     0.0080

============================================================
Summary:
  AUROC: 0.9589 ± 0.0026
  AUPR:  0.8776 ± 0.0068
  F1:    0.8167 ± 0.0080
  Params: 19,595/19,765 nonzero (weight sparsity: 0.92%)
============================================================

Cell-line metrics (mean over folds):
  STRATIFIED (pooled per-cell-line obs; SELECTION basis):
    baseline(pi) 0.1122  AUPR 0.8776  normAUPR 0.8621  AUPRG 0.9930  AUROC 0.9589
  GLOBAL (SL in any cell line; one-time headline):
    AUPRG 0.9490 ± 0.0057   AUPR 0.7458   AUROC 0.8914
  PER-LINE macro (equal weight/line; diagnostic):
    AUPRG 0.8755  AUPR 0.6312
  RETRIEVAL (rank vs the whole 19,397-gene universe; peers rank vs 8,844 -- NOT strictly comparable):
    NDCG@10 0.1634  NDCG@50 0.2089  R@50 0.3540  MAP@50 0.1441

Results saved to results/ablate_no_ppi_cv1
  Checkpoints removed (ABLATION_PURGE_CHECKPOINTS=1)

SUCCESS: cv1 without 'ppi'  AUPRG=0.9930 +/- 0.0005  AUPR=0.8776 +/- 0.0068
