============================================================================
Job: bestcat_emb | ID: 1169631 | Node: gpu3
Array task: 0 (of job 1166079)
Start: Thu Aug 27 09:46:07 EDT 2026
NVIDIA L40, 46068 MiB, 43931 MiB
NVIDIA L40, 46068 MiB, 0 MiB
NVIDIA L40, 46068 MiB, 0 MiB
NVIDIA L40, 46068 MiB, 0 MiB
============================================================================

Task 0: geneformer (expression) / cv1  [PCA=0.8]
  Embedding: /ddn_exa/campbell/kaiyang/SLMGAE-pytorch/data/all_genes_geneformer.pt

Cleaning previous results: results/pcavar0.8_geneformer_cv1
Training: geneformer / cv1  (PCA=0.8)
  Output: results/pcavar0.8_geneformer_cv1
  Config: encoder=[16 16 16 16 16 16 16], epochs=2000, patience=10

Using GPU: NVIDIA L40

Loading 1 modality file(s) [raw, preprocessing deferred to per-fold fit]:
Cell-line conditioning: ENABLED (masked multi-label, 8 heads)
    labeled pairs: 128,870 over 8,844 genes (dropped 0 with no known head)
    same-head SL/non-SL conflicts resolved by OR (label=SL): 1,876 pairs -> 2,171 head-cells [JURKAT 1,461, K562 406, HELA 125, OTHER 107, 293T 36, A549 30, A375 6]
    K562     known  91,937  pos  8,705  neg  83,232  (or-resolved   406)
    JURKAT   known  66,122  pos  2,617  neg  63,505  (or-resolved 1,461)
    A549     known   8,889  pos    314  neg   8,575  (or-resolved    30)
    HELA     known   5,931  pos  1,250  neg   4,681  (or-resolved   125)
    A375     known   2,509  pos  1,094  neg   1,415  (or-resolved     6)
    293T     known   2,438  pos    326  neg   2,112  (or-resolved    36)
    PC9      known   1,014  pos     68  neg     946  (or-resolved     0)
    OTHER    known  27,002  pos  8,721  neg  18,281  (or-resolved   107)
Loaded raw tensors for 19397 genes
Loaded 22166 positive SL pairs
SL pairs involve 5257 unique genes
============================================================
Siamese SL Training
Model: siamese
CV Type: cv1
Folds: 5
============================================================

Generating CV1 splits (edge-based, multi-label)...
  Fold 1: train 92,786 pairs/148,298 labels  val 10,309 pairs/16,486 labels  test 25,775 pairs/41,058 labels
  Fold 2: train 92,787 pairs/148,217 labels  val 10,309 pairs/16,456 labels  test 25,774 pairs/41,169 labels
  Fold 3: train 92,787 pairs/148,030 labels  val 10,309 pairs/16,471 labels  test 25,774 pairs/41,341 labels
  Fold 4: train 92,787 pairs/148,273 labels  val 10,309 pairs/16,515 labels  test 25,774 pairs/41,054 labels
  Fold 5: train 92,788 pairs/148,187 labels  val 10,309 pairs/16,435 labels  test 25,773 pairs/41,220 labels

============================================================
Training Fold 1
============================================================

[fold 0] fitting preprocessing [method=plain: mean → col-standardize+SVD → mean/std; scope=train]
  Fit subset: 18162/19397 rows (93.6%)
  [geneformer] 1152d, 19397 genes, 135 missing
    mean-imputed 135/19397 genes (155520 NaN cells; locations fit on 18162 fit rows)
[fold 0] fold embeddings: (19397, 1152)
Fold 1 input_dim: 1152
  Trainable parameters: 21,921 (total 21,921) [SiameseSLMultiCell]
  Fold stamp: genes 42ff034debb48f84 all_pos 20be58a407d6aa9a meta 15e1a39cf91a5615
  L1 λ=0.01 for encoder.hidden_blocks.0.0.weight
  L1 λ=0.0075 for encoder.hidden_blocks.1.0.weight
  L1 λ=0.005 for encoder.hidden_blocks.2.0.weight
  L1 λ=0.004 for encoder.hidden_blocks.3.0.weight
  L1 λ=0.0025 for encoder.hidden_blocks.4.0.weight
  L1 λ=0.0015 for encoder.hidden_blocks.5.0.weight
  L1 λ=0.001 for encoder.projection.weight

  cell-line metrics  [baseline | raw AUPR | norm AUPR | AUPRG]
    strat : 0.112 | 0.789 | 0.762 | 0.983   <- AUPRG selects
    any   : 0.172 | 0.761 | 0.711 | 0.953   (AUROC 0.888)
    macro : 0.168 | 0.518 | 0.473 | 0.470   (per-line avg)
    K562   : 0.093 | 0.692 | 0.660 | 0.978
    JURKAT : 0.042 | 0.439 | 0.415 | 0.983
    A549   : 0.028 | 0.028 | 0.000 | -0.435
    HELA   : 0.190 | 0.840 | 0.802 | 0.969
    A375   : 0.478 | 0.961 | 0.924 | 0.982
    293T   : 0.125 | 0.195 | 0.080 | 0.339
    PC9    : 0.061 | 0.046 | -0.016 | -1.033
    OTHER  : 0.331 | 0.947 | 0.921 | 0.974

  cell-line metrics  [baseline | raw AUPR | norm AUPR | AUPRG]
    strat : 0.112 | 0.803 | 0.779 | 0.985   <- AUPRG selects
    any   : 0.172 | 0.733 | 0.677 | 0.946   (AUROC 0.889)
    macro : 0.168 | 0.562 | 0.521 | 0.850   (per-line avg)
    K562   : 0.093 | 0.726 | 0.698 | 0.983
    JURKAT : 0.042 | 0.537 | 0.517 | 0.991
    A549   : 0.028 | 0.037 | 0.010 | 0.517
    HELA   : 0.190 | 0.806 | 0.761 | 0.959
    A375   : 0.478 | 0.965 | 0.934 | 0.980
    293T   : 0.125 | 0.277 | 0.174 | 0.519
    PC9    : 0.061 | 0.205 | 0.153 | 0.874
    OTHER  : 0.331 | 0.945 | 0.918 | 0.976

  cell-line metrics  [baseline | raw AUPR | norm AUPR | AUPRG]
    strat : 0.112 | 0.818 | 0.795 | 0.988   <- AUPRG selects
    any   : 0.172 | 0.725 | 0.668 | 0.942   (AUROC 0.892)
    macro : 0.168 | 0.573 | 0.535 | 0.868   (per-line avg)
    K562   : 0.093 | 0.737 | 0.710 | 0.985
    JURKAT : 0.042 | 0.475 | 0.452 | 0.988
    A549   : 0.028 | 0.057 | 0.030 | 0.502
    HELA   : 0.190 | 0.852 | 0.818 | 0.974
    A375   : 0.478 | 0.979 | 0.960 | 0.983
    293T   : 0.125 | 0.271 | 0.167 | 0.703
    PC9    : 0.061 | 0.256 | 0.208 | 0.831
    OTHER  : 0.331 | 0.954 | 0.932 | 0.980

  cell-line metrics  [baseline | raw AUPR | norm AUPR | AUPRG]
    strat : 0.112 | 0.872 | 0.856 | 0.992   <- AUPRG selects
    any   : 0.172 | 0.688 | 0.624 | 0.926   (AUROC 0.885)
    macro : 0.168 | 0.606 | 0.574 | 0.889   (per-line avg)
    K562   : 0.093 | 0.788 | 0.766 | 0.990
    JURKAT : 0.042 | 0.682 | 0.669 | 0.996
    A549   : 0.028 | 0.098 | 0.072 | 0.824
    HELA   : 0.190 | 0.900 | 0.876 | 0.978
    A375   : 0.478 | 0.997 | 0.995 | 0.998
    293T   : 0.125 | 0.306 | 0.207 | 0.711
    PC9    : 0.061 | 0.101 | 0.043 | 0.623
    OTHER  : 0.331 | 0.975 | 0.963 | 0.990

Early stopping at epoch 450

  selected on val (auprg=0.9924 @ epoch 150); test scored once

Fold 1 Best (epoch 150): AUROC=0.9586, AUPR=0.8817, F1=0.8212
  Params: 21,836/21,921 nonzero | Weights: 20,459/20,544 nonzero (0.41% sparse)
    cell_emb.weight: 192/192 nonzero (0.0% sparse)
    encoder.hidden_blocks.0.0.weight: 18,733/18,816 nonzero (0.4% sparse)
    encoder.hidden_blocks.1.0.weight: 254/256 nonzero (0.8% sparse)
    encoder.hidden_blocks.2.0.weight: 256/256 nonzero (0.0% sparse)
    encoder.hidden_blocks.3.0.weight: 256/256 nonzero (0.0% sparse)
    encoder.hidden_blocks.4.0.weight: 256/256 nonzero (0.0% sparse)
    encoder.hidden_blocks.5.0.weight: 256/256 nonzero (0.0% sparse)
    encoder.projection.weight: 256/256 nonzero (0.0% sparse)
  [retrieval] index space: n=19397 num_genes=19397 num_p_genes=8844 (P-space differs from full space)
  Saved 8844x8844 shared-space score matrix -> fold_0_cv1_predictions.npy
  [retrieval] universe 19,397 genes (peers rank vs 8,844), 2,273 scored rows, 4,434 test-pos, 15,959 train-pos suppressed | fwd-check 2.67e-05 | NDCG@10 0.1043 NDCG@50 0.1404 R@50 0.2490 MAP@50 0.0888

============================================================
Training Fold 2
============================================================

[fold 1] fitting preprocessing [method=plain: mean → col-standardize+SVD → mean/std; scope=train]
  Fit subset: 18161/19397 rows (93.6%)
  [geneformer] 1152d, 19397 genes, 135 missing
    mean-imputed 135/19397 genes (155520 NaN cells; locations fit on 18161 fit rows)
[fold 1] fold embeddings: (19397, 1152)
Fold 2 input_dim: 1152
  Trainable parameters: 21,921 (total 21,921) [SiameseSLMultiCell]
  Fold stamp: genes 42ff034debb48f84 all_pos 20be58a407d6aa9a meta 15e1a39cf91a5615
  L1 λ=0.01 for encoder.hidden_blocks.0.0.weight
  L1 λ=0.0075 for encoder.hidden_blocks.1.0.weight
  L1 λ=0.005 for encoder.hidden_blocks.2.0.weight
  L1 λ=0.004 for encoder.hidden_blocks.3.0.weight
  L1 λ=0.0025 for encoder.hidden_blocks.4.0.weight
  L1 λ=0.0015 for encoder.hidden_blocks.5.0.weight
  L1 λ=0.001 for encoder.projection.weight

  cell-line metrics  [baseline | raw AUPR | norm AUPR | AUPRG]
    strat : 0.112 | 0.793 | 0.767 | 0.984   <- AUPRG selects
    any   : 0.172 | 0.797 | 0.754 | 0.967   (AUROC 0.907)
    macro : 0.164 | 0.542 | 0.494 | 0.732   (per-line avg)
    K562   : 0.096 | 0.740 | 0.713 | 0.983
    JURKAT : 0.040 | 0.451 | 0.429 | 0.986
    A549   : 0.047 | 0.087 | 0.042 | 0.662
    HELA   : 0.195 | 0.883 | 0.855 | 0.980
    A375   : 0.410 | 0.947 | 0.910 | 0.963
    293T   : 0.156 | 0.217 | 0.072 | 0.121
    PC9    : 0.051 | 0.070 | 0.020 | 0.188
    OTHER  : 0.320 | 0.942 | 0.914 | 0.975

  cell-line metrics  [baseline | raw AUPR | norm AUPR | AUPRG]
    strat : 0.112 | 0.824 | 0.802 | 0.988   <- AUPRG selects
    any   : 0.172 | 0.735 | 0.680 | 0.948   (AUROC 0.902)
    macro : 0.164 | 0.594 | 0.552 | 0.894   (per-line avg)
    K562   : 0.096 | 0.751 | 0.725 | 0.985
    JURKAT : 0.040 | 0.563 | 0.544 | 0.988
    A549   : 0.047 | 0.153 | 0.111 | 0.829
    HELA   : 0.195 | 0.887 | 0.859 | 0.979
    A375   : 0.410 | 0.956 | 0.925 | 0.980
    293T   : 0.156 | 0.314 | 0.188 | 0.542
    PC9    : 0.051 | 0.180 | 0.136 | 0.870
    OTHER  : 0.320 | 0.950 | 0.926 | 0.981

  cell-line metrics  [baseline | raw AUPR | norm AUPR | AUPRG]
    strat : 0.112 | 0.835 | 0.815 | 0.989   <- AUPRG selects
    any   : 0.172 | 0.787 | 0.743 | 0.964   (AUROC 0.907)
    macro : 0.164 | 0.601 | 0.564 | 0.849   (per-line avg)
    K562   : 0.096 | 0.761 | 0.736 | 0.985
    JURKAT : 0.040 | 0.572 | 0.554 | 0.993
    A549   : 0.047 | 0.152 | 0.110 | 0.869
    HELA   : 0.195 | 0.938 | 0.923 | 0.992
    A375   : 0.410 | 0.994 | 0.991 | 0.997
    293T   : 0.156 | 0.361 | 0.243 | 0.679
    PC9    : 0.051 | 0.062 | 0.012 | 0.287
    OTHER  : 0.320 | 0.964 | 0.947 | 0.985

  cell-line metrics  [baseline | raw AUPR | norm AUPR | AUPRG]
    strat : 0.112 | 0.880 | 0.865 | 0.993   <- AUPRG selects
    any   : 0.172 | 0.741 | 0.687 | 0.949   (AUROC 0.909)
    macro : 0.164 | 0.683 | 0.654 | 0.955   (per-line avg)
    K562   : 0.096 | 0.808 | 0.787 | 0.991
    JURKAT : 0.040 | 0.702 | 0.690 | 0.997
    A549   : 0.047 | 0.335 | 0.302 | 0.959
    HELA   : 0.195 | 0.941 | 0.927 | 0.992
    A375   : 0.410 | 0.994 | 0.990 | 0.997
    293T   : 0.156 | 0.495 | 0.401 | 0.807
    PC9    : 0.051 | 0.218 | 0.176 | 0.907
    OTHER  : 0.320 | 0.974 | 0.962 | 0.991

Early stopping at epoch 450

  selected on val (auprg=0.9929 @ epoch 150); test scored once

Fold 2 Best (epoch 150): AUROC=0.9565, AUPR=0.8708, F1=0.8062
  Params: 21,772/21,921 nonzero | Weights: 20,395/20,544 nonzero (0.73% sparse)
    cell_emb.weight: 192/192 nonzero (0.0% sparse)
    encoder.hidden_blocks.0.0.weight: 18,669/18,816 nonzero (0.8% sparse)
    encoder.hidden_blocks.1.0.weight: 254/256 nonzero (0.8% sparse)
    encoder.hidden_blocks.2.0.weight: 256/256 nonzero (0.0% sparse)
    encoder.hidden_blocks.3.0.weight: 256/256 nonzero (0.0% sparse)
    encoder.hidden_blocks.4.0.weight: 256/256 nonzero (0.0% sparse)
    encoder.hidden_blocks.5.0.weight: 256/256 nonzero (0.0% sparse)
    encoder.projection.weight: 256/256 nonzero (0.0% sparse)
  [retrieval] index space: n=19397 num_genes=19397 num_p_genes=8844 (P-space differs from full space)
  Saved 8844x8844 shared-space score matrix -> fold_1_cv1_predictions.npy
  [retrieval] universe 19,397 genes (peers rank vs 8,844), 2,243 scored rows, 4,433 test-pos, 15,960 train-pos suppressed | fwd-check 2.67e-05 | NDCG@10 0.1617 NDCG@50 0.1988 R@50 0.3054 MAP@50 0.1412

============================================================
Training Fold 3
============================================================

[fold 2] fitting preprocessing [method=plain: mean → col-standardize+SVD → mean/std; scope=train]
  Fit subset: 18181/19397 rows (93.7%)
  [geneformer] 1152d, 19397 genes, 135 missing
    mean-imputed 135/19397 genes (155520 NaN cells; locations fit on 18181 fit rows)
[fold 2] fold embeddings: (19397, 1152)
Fold 3 input_dim: 1152
  Trainable parameters: 21,921 (total 21,921) [SiameseSLMultiCell]
  Fold stamp: genes 42ff034debb48f84 all_pos 20be58a407d6aa9a meta 15e1a39cf91a5615
  L1 λ=0.01 for encoder.hidden_blocks.0.0.weight
  L1 λ=0.0075 for encoder.hidden_blocks.1.0.weight
  L1 λ=0.005 for encoder.hidden_blocks.2.0.weight
  L1 λ=0.004 for encoder.hidden_blocks.3.0.weight
  L1 λ=0.0025 for encoder.hidden_blocks.4.0.weight
  L1 λ=0.0015 for encoder.hidden_blocks.5.0.weight
  L1 λ=0.001 for encoder.projection.weight

  cell-line metrics  [baseline | raw AUPR | norm AUPR | AUPRG]
    strat : 0.112 | 0.785 | 0.757 | 0.984   <- AUPRG selects
    any   : 0.172 | 0.785 | 0.740 | 0.962   (AUROC 0.886)
    macro : 0.165 | 0.532 | 0.484 | 0.591   (per-line avg)
    K562   : 0.095 | 0.701 | 0.670 | 0.979
    JURKAT : 0.041 | 0.587 | 0.569 | 0.992
    A549   : 0.047 | 0.062 | 0.016 | 0.084
    HELA   : 0.220 | 0.793 | 0.734 | 0.939
    A375   : 0.410 | 0.981 | 0.969 | 0.982
    293T   : 0.134 | 0.134 | 0.000 | 0.053
    PC9    : 0.053 | 0.048 | -0.005 | -0.283
    OTHER  : 0.320 | 0.946 | 0.921 | 0.980

  cell-line metrics  [baseline | raw AUPR | norm AUPR | AUPRG]
    strat : 0.112 | 0.817 | 0.794 | 0.987   <- AUPRG selects
    any   : 0.172 | 0.741 | 0.687 | 0.948   (AUROC 0.889)
    macro : 0.165 | 0.595 | 0.557 | 0.888   (per-line avg)
    K562   : 0.095 | 0.733 | 0.705 | 0.983
    JURKAT : 0.041 | 0.556 | 0.537 | 0.991
    A549   : 0.047 | 0.171 | 0.131 | 0.886
    HELA   : 0.220 | 0.861 | 0.822 | 0.967
    A375   : 0.410 | 0.999 | 0.999 | 1.000
    293T   : 0.134 | 0.198 | 0.074 | 0.464
    PC9    : 0.053 | 0.282 | 0.242 | 0.825
    OTHER  : 0.320 | 0.962 | 0.944 | 0.986

  cell-line metrics  [baseline | raw AUPR | norm AUPR | AUPRG]
    strat : 0.112 | 0.822 | 0.799 | 0.988   <- AUPRG selects
    any   : 0.172 | 0.735 | 0.680 | 0.950   (AUROC 0.893)
    macro : 0.165 | 0.584 | 0.546 | 0.901   (per-line avg)
    K562   : 0.095 | 0.729 | 0.701 | 0.983
    JURKAT : 0.041 | 0.565 | 0.547 | 0.991
    A549   : 0.047 | 0.161 | 0.120 | 0.876
    HELA   : 0.220 | 0.859 | 0.819 | 0.963
    A375   : 0.410 | 0.999 | 0.999 | 1.000
    293T   : 0.134 | 0.224 | 0.104 | 0.568
    PC9    : 0.053 | 0.167 | 0.120 | 0.834
    OTHER  : 0.320 | 0.970 | 0.956 | 0.989

  cell-line metrics  [baseline | raw AUPR | norm AUPR | AUPRG]
    strat : 0.112 | 0.862 | 0.845 | 0.991   <- AUPRG selects
    any   : 0.172 | 0.749 | 0.697 | 0.952   (AUROC 0.902)
    macro : 0.165 | 0.616 | 0.581 | 0.817   (per-line avg)
    K562   : 0.095 | 0.778 | 0.754 | 0.988
    JURKAT : 0.041 | 0.687 | 0.673 | 0.996
    A549   : 0.047 | 0.313 | 0.279 | 0.931
    HELA   : 0.220 | 0.910 | 0.885 | 0.983
    A375   : 0.410 | 0.998 | 0.997 | 0.999
    293T   : 0.134 | 0.195 | 0.070 | 0.504
    PC9    : 0.053 | 0.076 | 0.024 | 0.143
    OTHER  : 0.320 | 0.973 | 0.961 | 0.990

Early stopping at epoch 450

  selected on val (auprg=0.9915 @ epoch 150); test scored once

Fold 3 Best (epoch 150): AUROC=0.9509, AUPR=0.8639, F1=0.8020
  Params: 21,482/21,921 nonzero | Weights: 20,105/20,544 nonzero (2.14% sparse)
    cell_emb.weight: 192/192 nonzero (0.0% sparse)
    encoder.hidden_blocks.0.0.weight: 18,409/18,816 nonzero (2.2% sparse)
    encoder.hidden_blocks.1.0.weight: 256/256 nonzero (0.0% sparse)
    encoder.hidden_blocks.2.0.weight: 256/256 nonzero (0.0% sparse)
    encoder.hidden_blocks.3.0.weight: 256/256 nonzero (0.0% sparse)
    encoder.hidden_blocks.4.0.weight: 256/256 nonzero (0.0% sparse)
    encoder.hidden_blocks.5.0.weight: 256/256 nonzero (0.0% sparse)
    encoder.projection.weight: 224/256 nonzero (12.5% sparse)
  [retrieval] index space: n=19397 num_genes=19397 num_p_genes=8844 (P-space differs from full space)
  Saved 8844x8844 shared-space score matrix -> fold_2_cv1_predictions.npy
  [retrieval] universe 19,397 genes (peers rank vs 8,844), 2,197 scored rows, 4,433 test-pos, 15,960 train-pos suppressed | fwd-check 3.81e-05 | NDCG@10 0.1224 NDCG@50 0.1359 R@50 0.1836 MAP@50 0.1072

============================================================
Training Fold 4
============================================================

[fold 3] fitting preprocessing [method=plain: mean → col-standardize+SVD → mean/std; scope=train]
  Fit subset: 18132/19397 rows (93.5%)
  [geneformer] 1152d, 19397 genes, 135 missing
    mean-imputed 135/19397 genes (155520 NaN cells; locations fit on 18132 fit rows)
[fold 3] fold embeddings: (19397, 1152)
Fold 4 input_dim: 1152
  Trainable parameters: 21,921 (total 21,921) [SiameseSLMultiCell]
  Fold stamp: genes 42ff034debb48f84 all_pos 20be58a407d6aa9a meta 15e1a39cf91a5615
  L1 λ=0.01 for encoder.hidden_blocks.0.0.weight
  L1 λ=0.0075 for encoder.hidden_blocks.1.0.weight
  L1 λ=0.005 for encoder.hidden_blocks.2.0.weight
  L1 λ=0.004 for encoder.hidden_blocks.3.0.weight
  L1 λ=0.0025 for encoder.hidden_blocks.4.0.weight
  L1 λ=0.0015 for encoder.hidden_blocks.5.0.weight
  L1 λ=0.001 for encoder.projection.weight

  cell-line metrics  [baseline | raw AUPR | norm AUPR | AUPRG]
    strat : 0.112 | 0.798 | 0.773 | 0.984   <- AUPRG selects
    any   : 0.172 | 0.765 | 0.716 | 0.956   (AUROC 0.887)
    macro : 0.157 | 0.530 | 0.487 | 0.741   (per-line avg)
    K562   : 0.094 | 0.730 | 0.702 | 0.982
    JURKAT : 0.042 | 0.449 | 0.424 | 0.983
    A549   : 0.045 | 0.081 | 0.037 | 0.447
    HELA   : 0.174 | 0.819 | 0.781 | 0.969
    A375   : 0.387 | 0.987 | 0.979 | 0.985
    293T   : 0.147 | 0.164 | 0.020 | -0.024
    PC9    : 0.039 | 0.057 | 0.019 | 0.607
    OTHER  : 0.325 | 0.955 | 0.933 | 0.979

  cell-line metrics  [baseline | raw AUPR | norm AUPR | AUPRG]
    strat : 0.112 | 0.809 | 0.785 | 0.986   <- AUPRG selects
    any   : 0.172 | 0.721 | 0.663 | 0.941   (AUROC 0.897)
    macro : 0.157 | 0.547 | 0.503 | 0.788   (per-line avg)
    K562   : 0.094 | 0.746 | 0.719 | 0.985
    JURKAT : 0.042 | 0.509 | 0.487 | 0.989
    A549   : 0.045 | 0.116 | 0.074 | 0.738
    HELA   : 0.174 | 0.805 | 0.764 | 0.965
    A375   : 0.387 | 0.962 | 0.938 | 0.985
    293T   : 0.147 | 0.230 | 0.097 | 0.374
    PC9    : 0.039 | 0.048 | 0.009 | 0.291
    OTHER  : 0.325 | 0.958 | 0.938 | 0.981

  cell-line metrics  [baseline | raw AUPR | norm AUPR | AUPRG]
    strat : 0.112 | 0.814 | 0.790 | 0.986   <- AUPRG selects
    any   : 0.172 | 0.729 | 0.673 | 0.947   (AUROC 0.894)
    macro : 0.157 | 0.561 | 0.521 | 0.844   (per-line avg)
    K562   : 0.094 | 0.732 | 0.704 | 0.983
    JURKAT : 0.042 | 0.526 | 0.505 | 0.989
    A549   : 0.045 | 0.183 | 0.144 | 0.908
    HELA   : 0.174 | 0.826 | 0.789 | 0.968
    A375   : 0.387 | 1.000 | 1.000 | 1.000
    293T   : 0.147 | 0.204 | 0.067 | 0.315
    PC9    : 0.039 | 0.055 | 0.016 | 0.600
    OTHER  : 0.325 | 0.962 | 0.944 | 0.984

  cell-line metrics  [baseline | raw AUPR | norm AUPR | AUPRG]
    strat : 0.112 | 0.856 | 0.838 | 0.991   <- AUPRG selects
    any   : 0.172 | 0.767 | 0.718 | 0.958   (AUROC 0.913)
    macro : 0.157 | 0.596 | 0.561 | 0.693   (per-line avg)
    K562   : 0.094 | 0.785 | 0.763 | 0.989
    JURKAT : 0.042 | 0.604 | 0.587 | 0.993
    A549   : 0.045 | 0.204 | 0.167 | 0.907
    HELA   : 0.174 | 0.883 | 0.858 | 0.982
    A375   : 0.387 | 1.000 | 1.000 | 1.000
    293T   : 0.147 | 0.272 | 0.147 | 0.596
    PC9    : 0.039 | 0.039 | -0.000 | -0.916
    OTHER  : 0.325 | 0.976 | 0.965 | 0.991

  cell-line metrics  [baseline | raw AUPR | norm AUPR | AUPRG]
    strat : 0.112 | 0.856 | 0.838 | 0.991   <- AUPRG selects
    any   : 0.172 | 0.751 | 0.699 | 0.955   (AUROC 0.907)
    macro : 0.157 | 0.602 | 0.569 | 0.783   (per-line avg)
    K562   : 0.094 | 0.777 | 0.754 | 0.988
    JURKAT : 0.042 | 0.579 | 0.560 | 0.992
    A549   : 0.045 | 0.211 | 0.173 | 0.920
    HELA   : 0.174 | 0.889 | 0.865 | 0.983
    A375   : 0.387 | 1.000 | 1.000 | 1.000
    293T   : 0.147 | 0.331 | 0.216 | 0.641
    PC9    : 0.039 | 0.053 | 0.015 | -0.255
    OTHER  : 0.325 | 0.977 | 0.966 | 0.992

Early stopping at epoch 630

  selected on val (auprg=0.9911 @ epoch 330); test scored once

Fold 4 Best (epoch 330): AUROC=0.9525, AUPR=0.8699, F1=0.8107
  Params: 21,074/21,921 nonzero | Weights: 19,697/20,544 nonzero (4.12% sparse)
    cell_emb.weight: 192/192 nonzero (0.0% sparse)
    encoder.hidden_blocks.0.0.weight: 18,015/18,816 nonzero (4.3% sparse)
    encoder.hidden_blocks.1.0.weight: 246/256 nonzero (3.9% sparse)
    encoder.hidden_blocks.2.0.weight: 253/256 nonzero (1.2% sparse)
    encoder.hidden_blocks.3.0.weight: 255/256 nonzero (0.4% sparse)
    encoder.hidden_blocks.4.0.weight: 256/256 nonzero (0.0% sparse)
    encoder.hidden_blocks.5.0.weight: 256/256 nonzero (0.0% sparse)
    encoder.projection.weight: 224/256 nonzero (12.5% sparse)
  [retrieval] index space: n=19397 num_genes=19397 num_p_genes=8844 (P-space differs from full space)
  Saved 8844x8844 shared-space score matrix -> fold_3_cv1_predictions.npy
  [retrieval] universe 19,397 genes (peers rank vs 8,844), 2,275 scored rows, 4,433 test-pos, 15,960 train-pos suppressed | fwd-check 4.20e-05 | NDCG@10 0.1297 NDCG@50 0.1709 R@50 0.2878 MAP@50 0.1155

============================================================
Training Fold 5
============================================================

[fold 4] fitting preprocessing [method=plain: mean → col-standardize+SVD → mean/std; scope=train]
  Fit subset: 18216/19397 rows (93.9%)
  [geneformer] 1152d, 19397 genes, 135 missing
    mean-imputed 135/19397 genes (155520 NaN cells; locations fit on 18216 fit rows)
[fold 4] fold embeddings: (19397, 1152)
Fold 5 input_dim: 1152
  Trainable parameters: 21,921 (total 21,921) [SiameseSLMultiCell]
  Fold stamp: genes 42ff034debb48f84 all_pos 20be58a407d6aa9a meta 15e1a39cf91a5615
  L1 λ=0.01 for encoder.hidden_blocks.0.0.weight
  L1 λ=0.0075 for encoder.hidden_blocks.1.0.weight
  L1 λ=0.005 for encoder.hidden_blocks.2.0.weight
  L1 λ=0.004 for encoder.hidden_blocks.3.0.weight
  L1 λ=0.0025 for encoder.hidden_blocks.4.0.weight
  L1 λ=0.0015 for encoder.hidden_blocks.5.0.weight
  L1 λ=0.001 for encoder.projection.weight

  cell-line metrics  [baseline | raw AUPR | norm AUPR | AUPRG]
    strat : 0.112 | 0.767 | 0.737 | 0.980   <- AUPRG selects
    any   : 0.172 | 0.747 | 0.694 | 0.950   (AUROC 0.877)
    macro : 0.164 | 0.523 | 0.470 | 0.829   (per-line avg)
    K562   : 0.094 | 0.722 | 0.693 | 0.980
    JURKAT : 0.043 | 0.346 | 0.317 | 0.968
    A549   : 0.043 | 0.084 | 0.043 | 0.580
    HELA   : 0.211 | 0.767 | 0.705 | 0.938
    A375   : 0.383 | 0.928 | 0.883 | 0.968
    293T   : 0.146 | 0.239 | 0.109 | 0.522
    PC9    : 0.071 | 0.145 | 0.080 | 0.696
    OTHER  : 0.323 | 0.951 | 0.927 | 0.979

  cell-line metrics  [baseline | raw AUPR | norm AUPR | AUPRG]
    strat : 0.112 | 0.772 | 0.743 | 0.981   <- AUPRG selects
    any   : 0.172 | 0.781 | 0.735 | 0.960   (AUROC 0.885)
    macro : 0.164 | 0.522 | 0.469 | 0.803   (per-line avg)
    K562   : 0.094 | 0.727 | 0.698 | 0.982
    JURKAT : 0.043 | 0.408 | 0.382 | 0.979
    A549   : 0.043 | 0.073 | 0.032 | 0.618
    HELA   : 0.211 | 0.751 | 0.685 | 0.931
    A375   : 0.383 | 0.946 | 0.912 | 0.984
    293T   : 0.146 | 0.209 | 0.075 | 0.438
    PC9    : 0.071 | 0.112 | 0.044 | 0.513
    OTHER  : 0.323 | 0.949 | 0.924 | 0.977

  cell-line metrics  [baseline | raw AUPR | norm AUPR | AUPRG]
    strat : 0.112 | 0.818 | 0.795 | 0.987   <- AUPRG selects
    any   : 0.172 | 0.788 | 0.744 | 0.963   (AUROC 0.902)
    macro : 0.164 | 0.582 | 0.542 | 0.768   (per-line avg)
    K562   : 0.094 | 0.739 | 0.712 | 0.985
    JURKAT : 0.043 | 0.548 | 0.528 | 0.988
    A549   : 0.043 | 0.094 | 0.054 | 0.695
    HELA   : 0.211 | 0.868 | 0.833 | 0.970
    A375   : 0.383 | 1.000 | 1.000 | 1.000
    293T   : 0.146 | 0.360 | 0.251 | 0.661
    PC9    : 0.071 | 0.086 | 0.016 | -0.141
    OTHER  : 0.323 | 0.959 | 0.940 | 0.984

  cell-line metrics  [baseline | raw AUPR | norm AUPR | AUPRG]
    strat : 0.112 | 0.870 | 0.853 | 0.992   <- AUPRG selects
    any   : 0.172 | 0.751 | 0.699 | 0.951   (AUROC 0.906)
    macro : 0.164 | 0.628 | 0.592 | 0.864   (per-line avg)
    K562   : 0.094 | 0.803 | 0.782 | 0.990
    JURKAT : 0.043 | 0.654 | 0.639 | 0.995
    A549   : 0.043 | 0.245 | 0.212 | 0.937
    HELA   : 0.211 | 0.886 | 0.856 | 0.972
    A375   : 0.383 | 1.000 | 1.000 | 1.000
    293T   : 0.146 | 0.384 | 0.280 | 0.719
    PC9    : 0.071 | 0.074 | 0.004 | 0.305
    OTHER  : 0.323 | 0.977 | 0.966 | 0.991

Early stopping at epoch 450

  selected on val (auprg=0.9920 @ epoch 150); test scored once

Fold 5 Best (epoch 150): AUROC=0.9526, AUPR=0.8705, F1=0.8112
  Params: 21,834/21,921 nonzero | Weights: 20,457/20,544 nonzero (0.42% sparse)
    cell_emb.weight: 192/192 nonzero (0.0% sparse)
    encoder.hidden_blocks.0.0.weight: 18,732/18,816 nonzero (0.4% sparse)
    encoder.hidden_blocks.1.0.weight: 254/256 nonzero (0.8% sparse)
    encoder.hidden_blocks.2.0.weight: 255/256 nonzero (0.4% sparse)
    encoder.hidden_blocks.3.0.weight: 256/256 nonzero (0.0% sparse)
    encoder.hidden_blocks.4.0.weight: 256/256 nonzero (0.0% sparse)
    encoder.hidden_blocks.5.0.weight: 256/256 nonzero (0.0% sparse)
    encoder.projection.weight: 256/256 nonzero (0.0% sparse)
  [retrieval] index space: n=19397 num_genes=19397 num_p_genes=8844 (P-space differs from full space)
  Saved 8844x8844 shared-space score matrix -> fold_4_cv1_predictions.npy
  [retrieval] universe 19,397 genes (peers rank vs 8,844), 2,170 scored rows, 4,433 test-pos, 15,960 train-pos suppressed | fwd-check 2.67e-05 | NDCG@10 0.1114 NDCG@50 0.1526 R@50 0.2726 MAP@50 0.0955

============================================================
Cross-Validation Results: CV1 (edge-based)
============================================================

Fold        AUROC       AUPR         F1
----------------------------------------
1          0.9586     0.8817     0.8212
2          0.9565     0.8708     0.8062
3          0.9509     0.8639     0.8020
4          0.9525     0.8699     0.8107
5          0.9526     0.8705     0.8112
----------------------------------------
Mean       0.9542     0.8714     0.8102
Std        0.0028     0.0058     0.0064

============================================================
Summary:
  AUROC: 0.9542 ± 0.0028
  AUPR:  0.8714 ± 0.0058
  F1:    0.8102 ± 0.0064
  Params: 21,599/21,921 nonzero (weight sparsity: 1.56%)
============================================================

Cell-line metrics (mean over folds):
  STRATIFIED (pooled per-cell-line obs; SELECTION basis):
    baseline(pi) 0.1122  AUPR 0.8714  normAUPR 0.8551  AUPRG 0.9924  AUROC 0.9542
  GLOBAL (SL in any cell line; one-time headline):
    AUPRG 0.9448 ± 0.0079   AUPR 0.7305   AUROC 0.9010
  PER-LINE macro (equal weight/line; diagnostic):
    AUPRG 0.8506  AUPR 0.6165
  RETRIEVAL (rank vs the whole 19,397-gene universe; peers rank vs 8,844 -- NOT strictly comparable):
    NDCG@10 0.1259  NDCG@50 0.1597  R@50 0.2597  MAP@50 0.1096

Results saved to results/pcavar0.8_geneformer_cv1

SUCCESS: geneformer / cv1  (PCA=0.8)
  AUROC=0.9542 +/- 0.0028  AUPRG=0.9924 +/- 0.0005  Params=21,599/21,921 (1.6% sparse)
  Completed at: Thu Aug 27 12:30:22 EDT 2026
