============================================================================
Job: bestcat_emb | ID: 1177319 | Node: gpu3
Array task: 55 (of job 1166079)
Start: Fri Aug 28 08:58:34 EDT 2026
NVIDIA L40, 46068 MiB, 0 MiB
NVIDIA L40, 46068 MiB, 571 MiB
NVIDIA L40, 46068 MiB, 573 MiB
NVIDIA L40, 46068 MiB, 611 MiB
============================================================================

Task 55: kg_complex (kg) / cv2  [PCA=0.8]
  Embedding: /ddn_exa/campbell/kaiyang/SLMGAE-pytorch/data/all_genes_kg_complex.pt

Cleaning previous results: results/pcavar0.8_kg_complex_cv2
Training: kg_complex / cv2  (PCA=0.8)
  Output: results/pcavar0.8_kg_complex_cv2
  Config: encoder=[16 16 16 16 16 16 16], epochs=2000, patience=10

Using GPU: NVIDIA L40

Loading 1 modality file(s) [raw, preprocessing deferred to per-fold fit]:
Cell-line conditioning: ENABLED (masked multi-label, 8 heads)
    labeled pairs: 128,870 over 8,844 genes (dropped 0 with no known head)
    same-head SL/non-SL conflicts resolved by OR (label=SL): 1,876 pairs -> 2,171 head-cells [JURKAT 1,461, K562 406, HELA 125, OTHER 107, 293T 36, A549 30, A375 6]
    K562     known  91,937  pos  8,705  neg  83,232  (or-resolved   406)
    JURKAT   known  66,122  pos  2,617  neg  63,505  (or-resolved 1,461)
    A549     known   8,889  pos    314  neg   8,575  (or-resolved    30)
    HELA     known   5,931  pos  1,250  neg   4,681  (or-resolved   125)
    A375     known   2,509  pos  1,094  neg   1,415  (or-resolved     6)
    293T     known   2,438  pos    326  neg   2,112  (or-resolved    36)
    PC9      known   1,014  pos     68  neg     946  (or-resolved     0)
    OTHER    known  27,002  pos  8,721  neg  18,281  (or-resolved   107)
Loaded raw tensors for 19397 genes
Loaded 22166 positive SL pairs
SL pairs involve 5257 unique genes
============================================================
Siamese SL Training
Model: siamese
CV Type: cv2
Folds: 5
============================================================

Generating CV2 splits (gene-based, multi-label)...
  Fold 1: train 68,530 pairs/109,228 labels  val 14,587 pairs/23,646 labels  test 45,753 pairs/72,968 labels
  Fold 2: train 63,092 pairs/101,706 labels  val 17,148 pairs/27,411 labels  test 48,630 pairs/76,725 labels
  Fold 3: train 63,695 pairs/102,423 labels  val 14,637 pairs/21,396 labels  test 50,538 pairs/82,023 labels
  Fold 4: train 68,487 pairs/110,473 labels  val 18,571 pairs/28,710 labels  test 41,812 pairs/66,659 labels
  Fold 5: train 67,523 pairs/109,717 labels  val 16,097 pairs/23,942 labels  test 45,250 pairs/72,183 labels

============================================================
Training Fold 1
============================================================

[fold 0] fitting preprocessing [method=plain: mean → col-standardize+SVD → mean/std; scope=train]
  Fit subset: 16394/19397 rows (84.5%)
  [kg_complex] 512d, 19397 genes, 394 missing
    mean-imputed 394/19397 genes (201728 NaN cells; locations fit on 16394 fit rows)
[fold 0] fold embeddings: (19397, 512)
Fold 1 input_dim: 512
  Trainable parameters: 11,041 (total 11,041) [SiameseSLMultiCell]
  Fold stamp: genes 42ff034debb48f84 all_pos 20be58a407d6aa9a meta 15e1a39cf91a5615
  L1 λ=0.01 for encoder.hidden_blocks.0.0.weight
  L1 λ=0.0075 for encoder.hidden_blocks.1.0.weight
  L1 λ=0.005 for encoder.hidden_blocks.2.0.weight
  L1 λ=0.004 for encoder.hidden_blocks.3.0.weight
  L1 λ=0.0025 for encoder.hidden_blocks.4.0.weight
  L1 λ=0.0015 for encoder.hidden_blocks.5.0.weight
  L1 λ=0.001 for encoder.projection.weight

  cell-line metrics  [baseline | raw AUPR | norm AUPR | AUPRG]
    strat : 0.122 | 0.710 | 0.670 | 0.971   <- AUPRG selects
    any   : 0.190 | 0.695 | 0.624 | 0.921   (AUROC 0.840)
    macro : 0.157 | 0.491 | 0.442 | 0.600   (per-line avg)
    K562   : 0.124 | 0.724 | 0.685 | 0.974
    JURKAT : 0.056 | 0.278 | 0.235 | 0.917
    A549   : 0.030 | 0.030 | -0.000 | 0.161
    HELA   : 0.218 | 0.810 | 0.757 | 0.951
    A375   : 0.373 | 0.996 | 0.993 | 0.999
    293T   : 0.118 | 0.091 | -0.032 | -0.932
    PC9    : 0.056 | 0.123 | 0.071 | 0.778
    OTHER  : 0.281 | 0.875 | 0.826 | 0.954

  cell-line metrics  [baseline | raw AUPR | norm AUPR | AUPRG]
    strat : 0.122 | 0.720 | 0.681 | 0.973   <- AUPRG selects
    any   : 0.190 | 0.674 | 0.598 | 0.913   (AUROC 0.841)
    macro : 0.157 | 0.505 | 0.457 | 0.716   (per-line avg)
    K562   : 0.124 | 0.722 | 0.683 | 0.974
    JURKAT : 0.056 | 0.330 | 0.291 | 0.948
    A549   : 0.030 | 0.051 | 0.022 | 0.243
    HELA   : 0.218 | 0.786 | 0.726 | 0.944
    A375   : 0.373 | 0.993 | 0.989 | 0.997
    293T   : 0.118 | 0.208 | 0.101 | 0.562
    PC9    : 0.056 | 0.072 | 0.016 | 0.107
    OTHER  : 0.281 | 0.877 | 0.830 | 0.953

  cell-line metrics  [baseline | raw AUPR | norm AUPR | AUPRG]
    strat : 0.122 | 0.738 | 0.702 | 0.974   <- AUPRG selects
    any   : 0.190 | 0.607 | 0.515 | 0.875   (AUROC 0.837)
    macro : 0.157 | 0.525 | 0.481 | 0.794   (per-line avg)
    K562   : 0.124 | 0.740 | 0.703 | 0.977
    JURKAT : 0.056 | 0.275 | 0.232 | 0.923
    A549   : 0.030 | 0.073 | 0.044 | 0.598
    HELA   : 0.218 | 0.846 | 0.803 | 0.965
    A375   : 0.373 | 0.997 | 0.995 | 0.999
    293T   : 0.118 | 0.142 | 0.027 | 0.116
    PC9    : 0.056 | 0.201 | 0.154 | 0.800
    OTHER  : 0.281 | 0.923 | 0.893 | 0.976

  cell-line metrics  [baseline | raw AUPR | norm AUPR | AUPRG]
    strat : 0.122 | 0.747 | 0.712 | 0.974   <- AUPRG selects
    any   : 0.190 | 0.668 | 0.590 | 0.907   (AUROC 0.841)
    macro : 0.157 | 0.536 | 0.496 | 0.751   (per-line avg)
    K562   : 0.124 | 0.738 | 0.701 | 0.975
    JURKAT : 0.056 | 0.324 | 0.283 | 0.944
    A549   : 0.030 | 0.086 | 0.058 | 0.748
    HELA   : 0.218 | 0.898 | 0.869 | 0.976
    A375   : 0.373 | 0.996 | 0.994 | 0.999
    293T   : 0.118 | 0.253 | 0.152 | 0.584
    PC9    : 0.056 | 0.063 | 0.007 | -0.194
    OTHER  : 0.281 | 0.932 | 0.906 | 0.978

  cell-line metrics  [baseline | raw AUPR | norm AUPR | AUPRG]
    strat : 0.122 | 0.757 | 0.723 | 0.978   <- AUPRG selects
    any   : 0.190 | 0.668 | 0.590 | 0.907   (AUROC 0.857)
    macro : 0.157 | 0.557 | 0.518 | 0.886   (per-line avg)
    K562   : 0.124 | 0.743 | 0.707 | 0.976
    JURKAT : 0.056 | 0.404 | 0.368 | 0.968
    A549   : 0.030 | 0.106 | 0.078 | 0.814
    HELA   : 0.218 | 0.902 | 0.875 | 0.978
    A375   : 0.373 | 0.996 | 0.994 | 0.999
    293T   : 0.118 | 0.179 | 0.069 | 0.489
    PC9    : 0.056 | 0.192 | 0.143 | 0.884
    OTHER  : 0.281 | 0.932 | 0.905 | 0.979

Early stopping at epoch 630

  selected on val (auprg=0.9785 @ epoch 330); test scored once

Fold 1 Best (epoch 330): AUROC=0.8698, AUPR=0.6244, F1=0.5815
  Params: 10,974/11,041 nonzero | Weights: 10,237/10,304 nonzero (0.65% sparse)
    cell_emb.weight: 192/192 nonzero (0.0% sparse)
    encoder.hidden_blocks.0.0.weight: 8,513/8,576 nonzero (0.7% sparse)
    encoder.hidden_blocks.1.0.weight: 255/256 nonzero (0.4% sparse)
    encoder.hidden_blocks.2.0.weight: 255/256 nonzero (0.4% sparse)
    encoder.hidden_blocks.3.0.weight: 254/256 nonzero (0.8% sparse)
    encoder.hidden_blocks.4.0.weight: 256/256 nonzero (0.0% sparse)
    encoder.hidden_blocks.5.0.weight: 256/256 nonzero (0.0% sparse)
    encoder.projection.weight: 256/256 nonzero (0.0% sparse)
  [retrieval] index space: n=19397 num_genes=19397 num_p_genes=8844 (P-space differs from full space)
  Saved 8844x8844 shared-space score matrix -> fold_0_cv2_predictions.npy
  [retrieval] universe 19,397 genes (peers rank vs 8,844), 1,886 scored rows, 6,025 test-pos, 13,369 train-pos suppressed | fwd-check 1.53e-05 | NDCG@10 0.2369 NDCG@50 0.2631 R@50 0.3089 MAP@50 0.2121

============================================================
Training Fold 2
============================================================

[fold 1] fitting preprocessing [method=plain: mean → col-standardize+SVD → mean/std; scope=train]
  Fit subset: 15205/19397 rows (78.4%)
  [kg_complex] 512d, 19397 genes, 394 missing
    mean-imputed 394/19397 genes (201728 NaN cells; locations fit on 15205 fit rows)
[fold 1] fold embeddings: (19397, 512)
Fold 2 input_dim: 512
  Trainable parameters: 11,041 (total 11,041) [SiameseSLMultiCell]
  Fold stamp: genes 42ff034debb48f84 all_pos 20be58a407d6aa9a meta 15e1a39cf91a5615
  L1 λ=0.01 for encoder.hidden_blocks.0.0.weight
  L1 λ=0.0075 for encoder.hidden_blocks.1.0.weight
  L1 λ=0.005 for encoder.hidden_blocks.2.0.weight
  L1 λ=0.004 for encoder.hidden_blocks.3.0.weight
  L1 λ=0.0025 for encoder.hidden_blocks.4.0.weight
  L1 λ=0.0015 for encoder.hidden_blocks.5.0.weight
  L1 λ=0.001 for encoder.projection.weight

  cell-line metrics  [baseline | raw AUPR | norm AUPR | AUPRG]
    strat : 0.078 | 0.417 | 0.368 | 0.938   <- AUPRG selects
    any   : 0.119 | 0.417 | 0.339 | 0.870   (AUROC 0.758)
    macro : 0.066 | 0.284 | 0.248 | 0.333   (per-line avg)
    K562   : 0.091 | 0.430 | 0.373 | 0.925
    JURKAT : 0.046 | 0.090 | 0.046 | 0.613
    A549   : 0.023 | 0.019 | -0.004 | -0.895
    HELA   : 0.144 | 0.781 | 0.744 | 0.968
    A375   : 0.006 | 0.050 | 0.044 | 0.888
    293T   : 0.059 | 0.072 | 0.014 | 0.183
    PC9    : 0.032 | 0.028 | -0.004 | -0.998
    OTHER  : 0.130 | 0.803 | 0.774 | 0.980

  cell-line metrics  [baseline | raw AUPR | norm AUPR | AUPRG]
    strat : 0.078 | 0.462 | 0.417 | 0.950   <- AUPRG selects
    any   : 0.119 | 0.476 | 0.406 | 0.901   (AUROC 0.761)
    macro : 0.066 | 0.279 | 0.241 | 0.606   (per-line avg)
    K562   : 0.091 | 0.398 | 0.338 | 0.908
    JURKAT : 0.046 | 0.208 | 0.170 | 0.911
    A549   : 0.023 | 0.054 | 0.031 | 0.732
    HELA   : 0.144 | 0.610 | 0.544 | 0.927
    A375   : 0.006 | 0.006 | 0.000 | 0.024
    293T   : 0.059 | 0.093 | 0.036 | 0.445
    PC9    : 0.032 | 0.031 | -0.000 | -0.081
    OTHER  : 0.130 | 0.833 | 0.809 | 0.984

  cell-line metrics  [baseline | raw AUPR | norm AUPR | AUPRG]
    strat : 0.078 | 0.541 | 0.502 | 0.963   <- AUPRG selects
    any   : 0.119 | 0.471 | 0.400 | 0.900   (AUROC 0.765)
    macro : 0.066 | 0.302 | 0.265 | 0.588   (per-line avg)
    K562   : 0.091 | 0.533 | 0.487 | 0.950
    JURKAT : 0.046 | 0.251 | 0.215 | 0.933
    A549   : 0.023 | 0.058 | 0.036 | 0.866
    HELA   : 0.144 | 0.526 | 0.446 | 0.888
    A375   : 0.006 | 0.006 | 0.001 | 0.082
    293T   : 0.059 | 0.155 | 0.101 | 0.501
    PC9    : 0.032 | 0.031 | -0.001 | -0.502
    OTHER  : 0.130 | 0.856 | 0.834 | 0.987

  cell-line metrics  [baseline | raw AUPR | norm AUPR | AUPRG]
    strat : 0.078 | 0.570 | 0.533 | 0.972   <- AUPRG selects
    any   : 0.119 | 0.503 | 0.436 | 0.914   (AUROC 0.801)
    macro : 0.066 | 0.360 | 0.328 | 0.730   (per-line avg)
    K562   : 0.091 | 0.537 | 0.490 | 0.953
    JURKAT : 0.046 | 0.394 | 0.365 | 0.975
    A549   : 0.023 | 0.164 | 0.145 | 0.967
    HELA   : 0.144 | 0.716 | 0.669 | 0.957
    A375   : 0.006 | 0.008 | 0.002 | 0.271
    293T   : 0.059 | 0.177 | 0.125 | 0.799
    PC9    : 0.032 | 0.028 | -0.004 | -0.073
    OTHER  : 0.130 | 0.858 | 0.837 | 0.989

Early stopping at epoch 450

  selected on val (auprg=0.9717 @ epoch 150); test scored once

Fold 2 Best (epoch 150): AUROC=0.7500, AUPR=0.5015, F1=0.4636
  Params: 10,998/11,041 nonzero | Weights: 10,261/10,304 nonzero (0.42% sparse)
    cell_emb.weight: 192/192 nonzero (0.0% sparse)
    encoder.hidden_blocks.0.0.weight: 8,534/8,576 nonzero (0.5% sparse)
    encoder.hidden_blocks.1.0.weight: 255/256 nonzero (0.4% sparse)
    encoder.hidden_blocks.2.0.weight: 256/256 nonzero (0.0% sparse)
    encoder.hidden_blocks.3.0.weight: 256/256 nonzero (0.0% sparse)
    encoder.hidden_blocks.4.0.weight: 256/256 nonzero (0.0% sparse)
    encoder.hidden_blocks.5.0.weight: 256/256 nonzero (0.0% sparse)
    encoder.projection.weight: 256/256 nonzero (0.0% sparse)
  [retrieval] index space: n=19397 num_genes=19397 num_p_genes=8844 (P-space differs from full space)
  Saved 8844x8844 shared-space score matrix -> fold_1_cv2_predictions.npy
  [retrieval] universe 19,397 genes (peers rank vs 8,844), 4,702 scored rows, 10,384 test-pos, 9,745 train-pos suppressed | fwd-check 1.34e-05 | NDCG@10 0.0434 NDCG@50 0.0510 R@50 0.0408 MAP@50 0.0475

============================================================
Training Fold 3
============================================================

[fold 2] fitting preprocessing [method=plain: mean → col-standardize+SVD → mean/std; scope=train]
  Fit subset: 15643/19397 rows (80.6%)
  [kg_complex] 512d, 19397 genes, 394 missing
    mean-imputed 394/19397 genes (201728 NaN cells; locations fit on 15643 fit rows)
[fold 2] fold embeddings: (19397, 512)
Fold 3 input_dim: 512
  Trainable parameters: 11,041 (total 11,041) [SiameseSLMultiCell]
  Fold stamp: genes 42ff034debb48f84 all_pos 20be58a407d6aa9a meta 15e1a39cf91a5615
  L1 λ=0.01 for encoder.hidden_blocks.0.0.weight
  L1 λ=0.0075 for encoder.hidden_blocks.1.0.weight
  L1 λ=0.005 for encoder.hidden_blocks.2.0.weight
  L1 λ=0.004 for encoder.hidden_blocks.3.0.weight
  L1 λ=0.0025 for encoder.hidden_blocks.4.0.weight
  L1 λ=0.0015 for encoder.hidden_blocks.5.0.weight
  L1 λ=0.001 for encoder.projection.weight

  cell-line metrics  [baseline | raw AUPR | norm AUPR | AUPRG]
    strat : 0.162 | 0.699 | 0.640 | 0.943   <- AUPRG selects
    any   : 0.233 | 0.671 | 0.572 | 0.859   (AUROC 0.846)
    macro : 0.181 | 0.443 | 0.358 | 0.596   (per-line avg)
    K562   : 0.132 | 0.748 | 0.710 | 0.973
    JURKAT : 0.019 | 0.119 | 0.102 | 0.960
    A549   : 0.046 | 0.047 | 0.000 | -0.108
    HELA   : 0.197 | 0.453 | 0.319 | 0.608
    A375   : 0.339 | 0.987 | 0.980 | 0.995
    293T   : 0.271 | 0.281 | 0.015 | -0.058
    PC9    : 0.051 | 0.103 | 0.054 | 0.566
    OTHER  : 0.391 | 0.808 | 0.685 | 0.827

  cell-line metrics  [baseline | raw AUPR | norm AUPR | AUPRG]
    strat : 0.162 | 0.713 | 0.658 | 0.951   <- AUPRG selects
    any   : 0.233 | 0.724 | 0.640 | 0.895   (AUROC 0.870)
    macro : 0.181 | 0.478 | 0.394 | 0.736   (per-line avg)
    K562   : 0.132 | 0.750 | 0.713 | 0.976
    JURKAT : 0.019 | 0.234 | 0.219 | 0.983
    A549   : 0.046 | 0.087 | 0.042 | 0.670
    HELA   : 0.197 | 0.402 | 0.255 | 0.423
    A375   : 0.339 | 0.990 | 0.985 | 0.997
    293T   : 0.271 | 0.314 | 0.060 | 0.121
    PC9    : 0.051 | 0.241 | 0.199 | 0.912
    OTHER  : 0.391 | 0.806 | 0.682 | 0.805

Early stopping at epoch 390

  selected on val (auprg=0.9507 @ epoch 90); test scored once

Fold 3 Best (epoch 90): AUROC=0.8041, AUPR=0.4777, F1=0.4307
  Params: 10,427/11,041 nonzero | Weights: 9,690/10,304 nonzero (5.96% sparse)
    cell_emb.weight: 192/192 nonzero (0.0% sparse)
    encoder.hidden_blocks.0.0.weight: 7,983/8,576 nonzero (6.9% sparse)
    encoder.hidden_blocks.1.0.weight: 240/256 nonzero (6.2% sparse)
    encoder.hidden_blocks.2.0.weight: 252/256 nonzero (1.6% sparse)
    encoder.hidden_blocks.3.0.weight: 255/256 nonzero (0.4% sparse)
    encoder.hidden_blocks.4.0.weight: 256/256 nonzero (0.0% sparse)
    encoder.hidden_blocks.5.0.weight: 256/256 nonzero (0.0% sparse)
    encoder.projection.weight: 256/256 nonzero (0.0% sparse)
  [retrieval] index space: n=19397 num_genes=19397 num_p_genes=8844 (P-space differs from full space)
  Saved 8844x8844 shared-space score matrix -> fold_2_cv2_predictions.npy
  [retrieval] universe 19,397 genes (peers rank vs 8,844), 2,979 scored rows, 9,728 test-pos, 9,031 train-pos suppressed | fwd-check 5.72e-06 | NDCG@10 0.0974 NDCG@50 0.1167 R@50 0.1355 MAP@50 0.0919

============================================================
Training Fold 4
============================================================

[fold 3] fitting preprocessing [method=plain: mean → col-standardize+SVD → mean/std; scope=train]
  Fit subset: 16343/19397 rows (84.3%)
  [kg_complex] 512d, 19397 genes, 394 missing
    mean-imputed 394/19397 genes (201728 NaN cells; locations fit on 16343 fit rows)
[fold 3] fold embeddings: (19397, 512)
Fold 4 input_dim: 512
  Trainable parameters: 11,041 (total 11,041) [SiameseSLMultiCell]
  Fold stamp: genes 42ff034debb48f84 all_pos 20be58a407d6aa9a meta 15e1a39cf91a5615
  L1 λ=0.01 for encoder.hidden_blocks.0.0.weight
  L1 λ=0.0075 for encoder.hidden_blocks.1.0.weight
  L1 λ=0.005 for encoder.hidden_blocks.2.0.weight
  L1 λ=0.004 for encoder.hidden_blocks.3.0.weight
  L1 λ=0.0025 for encoder.hidden_blocks.4.0.weight
  L1 λ=0.0015 for encoder.hidden_blocks.5.0.weight
  L1 λ=0.001 for encoder.projection.weight

  cell-line metrics  [baseline | raw AUPR | norm AUPR | AUPRG]
    strat : 0.126 | 0.541 | 0.474 | 0.923   <- AUPRG selects
    any   : 0.190 | 0.534 | 0.424 | 0.807   (AUROC 0.774)
    macro : 0.155 | 0.441 | 0.369 | 0.662   (per-line avg)
    K562   : 0.097 | 0.455 | 0.397 | 0.926
    JURKAT : 0.031 | 0.224 | 0.199 | 0.957
    A549   : 0.017 | 0.015 | -0.003 | -0.327
    HELA   : 0.203 | 0.544 | 0.428 | 0.767
    A375   : 0.332 | 0.987 | 0.981 | 0.994
    293T   : 0.120 | 0.233 | 0.128 | 0.571
    PC9    : 0.034 | 0.406 | 0.386 | 0.986
    OTHER  : 0.403 | 0.664 | 0.437 | 0.423

  cell-line metrics  [baseline | raw AUPR | norm AUPR | AUPRG]
    strat : 0.126 | 0.613 | 0.557 | 0.946   <- AUPRG selects
    any   : 0.190 | 0.549 | 0.443 | 0.823   (AUROC 0.757)
    macro : 0.155 | 0.421 | 0.358 | 0.824   (per-line avg)
    K562   : 0.097 | 0.398 | 0.333 | 0.888
    JURKAT : 0.031 | 0.234 | 0.209 | 0.956
    A549   : 0.017 | 0.025 | 0.008 | 0.671
    HELA   : 0.203 | 0.512 | 0.388 | 0.754
    A375   : 0.332 | 0.991 | 0.986 | 0.997
    293T   : 0.120 | 0.212 | 0.104 | 0.612
    PC9    : 0.034 | 0.199 | 0.171 | 0.946
    OTHER  : 0.403 | 0.798 | 0.662 | 0.764

  cell-line metrics  [baseline | raw AUPR | norm AUPR | AUPRG]
    strat : 0.126 | 0.660 | 0.611 | 0.962   <- AUPRG selects
    any   : 0.190 | 0.549 | 0.443 | 0.834   (AUROC 0.787)
    macro : 0.155 | 0.510 | 0.463 | 0.838   (per-line avg)
    K562   : 0.097 | 0.560 | 0.513 | 0.957
    JURKAT : 0.031 | 0.431 | 0.413 | 0.990
    A549   : 0.017 | 0.055 | 0.038 | 0.823
    HELA   : 0.203 | 0.866 | 0.832 | 0.976
    A375   : 0.332 | 0.987 | 0.981 | 0.993
    293T   : 0.120 | 0.323 | 0.231 | 0.797
    PC9    : 0.034 | 0.050 | 0.016 | 0.401
    OTHER  : 0.403 | 0.807 | 0.676 | 0.767

  cell-line metrics  [baseline | raw AUPR | norm AUPR | AUPRG]
    strat : 0.126 | 0.730 | 0.691 | 0.970   <- AUPRG selects
    any   : 0.190 | 0.643 | 0.559 | 0.893   (AUROC 0.839)
    macro : 0.155 | 0.484 | 0.437 | 0.836   (per-line avg)
    K562   : 0.097 | 0.485 | 0.430 | 0.936
    JURKAT : 0.031 | 0.261 | 0.237 | 0.970
    A549   : 0.017 | 0.035 | 0.018 | 0.460
    HELA   : 0.203 | 0.726 | 0.656 | 0.933
    A375   : 0.332 | 0.988 | 0.982 | 0.994
    293T   : 0.120 | 0.187 | 0.076 | 0.517
    PC9    : 0.034 | 0.292 | 0.267 | 0.962
    OTHER  : 0.403 | 0.899 | 0.830 | 0.915

  cell-line metrics  [baseline | raw AUPR | norm AUPR | AUPRG]
    strat : 0.126 | 0.717 | 0.676 | 0.972   <- AUPRG selects
    any   : 0.190 | 0.621 | 0.532 | 0.879   (AUROC 0.842)
    macro : 0.155 | 0.521 | 0.482 | 0.919   (per-line avg)
    K562   : 0.097 | 0.552 | 0.504 | 0.955
    JURKAT : 0.031 | 0.336 | 0.315 | 0.982
    A549   : 0.017 | 0.062 | 0.045 | 0.864
    HELA   : 0.203 | 0.847 | 0.808 | 0.967
    A375   : 0.332 | 0.990 | 0.985 | 0.996
    293T   : 0.120 | 0.390 | 0.307 | 0.853
    PC9    : 0.034 | 0.101 | 0.069 | 0.840
    OTHER  : 0.403 | 0.892 | 0.819 | 0.894

  cell-line metrics  [baseline | raw AUPR | norm AUPR | AUPRG]
    strat : 0.126 | 0.716 | 0.675 | 0.972   <- AUPRG selects
    any   : 0.190 | 0.606 | 0.514 | 0.869   (AUROC 0.797)
    macro : 0.155 | 0.505 | 0.464 | 0.898   (per-line avg)
    K562   : 0.097 | 0.549 | 0.500 | 0.954
    JURKAT : 0.031 | 0.299 | 0.277 | 0.976
    A549   : 0.017 | 0.073 | 0.057 | 0.872
    HELA   : 0.203 | 0.820 | 0.774 | 0.964
    A375   : 0.332 | 0.991 | 0.986 | 0.997
    293T   : 0.120 | 0.307 | 0.212 | 0.700
    PC9    : 0.034 | 0.087 | 0.055 | 0.801
    OTHER  : 0.403 | 0.912 | 0.852 | 0.917

  cell-line metrics  [baseline | raw AUPR | norm AUPR | AUPRG]
    strat : 0.126 | 0.779 | 0.747 | 0.979   <- AUPRG selects
    any   : 0.190 | 0.644 | 0.560 | 0.888   (AUROC 0.851)
    macro : 0.155 | 0.565 | 0.529 | 0.915   (per-line avg)
    K562   : 0.097 | 0.579 | 0.534 | 0.961
    JURKAT : 0.031 | 0.307 | 0.285 | 0.974
    A549   : 0.017 | 0.046 | 0.029 | 0.788
    HELA   : 0.203 | 0.832 | 0.790 | 0.968
    A375   : 0.332 | 0.994 | 0.991 | 0.999
    293T   : 0.120 | 0.315 | 0.221 | 0.712
    PC9    : 0.034 | 0.517 | 0.500 | 0.976
    OTHER  : 0.403 | 0.930 | 0.883 | 0.941

  cell-line metrics  [baseline | raw AUPR | norm AUPR | AUPRG]
    strat : 0.126 | 0.803 | 0.775 | 0.984   <- AUPRG selects
    any   : 0.190 | 0.701 | 0.631 | 0.918   (AUROC 0.861)
    macro : 0.155 | 0.542 | 0.507 | 0.924   (per-line avg)
    K562   : 0.097 | 0.606 | 0.564 | 0.967
    JURKAT : 0.031 | 0.402 | 0.383 | 0.990
    A549   : 0.017 | 0.060 | 0.043 | 0.879
    HELA   : 0.203 | 0.783 | 0.728 | 0.952
    A375   : 0.332 | 0.996 | 0.994 | 0.999
    293T   : 0.120 | 0.367 | 0.281 | 0.784
    PC9    : 0.034 | 0.167 | 0.138 | 0.857
    OTHER  : 0.403 | 0.956 | 0.927 | 0.966

Early stopping at epoch 1020

  selected on val (auprg=0.9835 @ epoch 720); test scored once

Fold 4 Best (epoch 720): AUROC=0.8368, AUPR=0.5884, F1=0.5318
  Params: 10,830/11,041 nonzero | Weights: 10,093/10,304 nonzero (2.05% sparse)
    cell_emb.weight: 192/192 nonzero (0.0% sparse)
    encoder.hidden_blocks.0.0.weight: 8,452/8,576 nonzero (1.4% sparse)
    encoder.hidden_blocks.1.0.weight: 250/256 nonzero (2.3% sparse)
    encoder.hidden_blocks.2.0.weight: 256/256 nonzero (0.0% sparse)
    encoder.hidden_blocks.3.0.weight: 255/256 nonzero (0.4% sparse)
    encoder.hidden_blocks.4.0.weight: 256/256 nonzero (0.0% sparse)
    encoder.hidden_blocks.5.0.weight: 256/256 nonzero (0.0% sparse)
    encoder.projection.weight: 176/256 nonzero (31.2% sparse)
  [retrieval] index space: n=19397 num_genes=19397 num_p_genes=8844 (P-space differs from full space)
  Saved 8844x8844 shared-space score matrix -> fold_3_cv2_predictions.npy
  [retrieval] universe 19,397 genes (peers rank vs 8,844), 2,053 scored rows, 7,218 test-pos, 11,416 train-pos suppressed | fwd-check 7.63e-06 | NDCG@10 0.1759 NDCG@50 0.2078 R@50 0.2766 MAP@50 0.1577

============================================================
Training Fold 5
============================================================

[fold 4] fitting preprocessing [method=plain: mean → col-standardize+SVD → mean/std; scope=train]
  Fit subset: 15873/19397 rows (81.8%)
  [kg_complex] 512d, 19397 genes, 394 missing
    mean-imputed 394/19397 genes (201728 NaN cells; locations fit on 15873 fit rows)
[fold 4] fold embeddings: (19397, 512)
Fold 5 input_dim: 512
  Trainable parameters: 11,041 (total 11,041) [SiameseSLMultiCell]
  Fold stamp: genes 42ff034debb48f84 all_pos 20be58a407d6aa9a meta 15e1a39cf91a5615
  L1 λ=0.01 for encoder.hidden_blocks.0.0.weight
  L1 λ=0.0075 for encoder.hidden_blocks.1.0.weight
  L1 λ=0.005 for encoder.hidden_blocks.2.0.weight
  L1 λ=0.004 for encoder.hidden_blocks.3.0.weight
  L1 λ=0.0025 for encoder.hidden_blocks.4.0.weight
  L1 λ=0.0015 for encoder.hidden_blocks.5.0.weight
  L1 λ=0.001 for encoder.projection.weight

  cell-line metrics  [baseline | raw AUPR | norm AUPR | AUPRG]
    strat : 0.190 | 0.459 | 0.332 | 0.690   <- AUPRG selects
    any   : 0.270 | 0.435 | 0.227 | 0.345   (AUROC 0.607)
    macro : 0.240 | 0.439 | 0.279 | 0.523   (per-line avg)
    K562   : 0.078 | 0.341 | 0.286 | 0.905
    JURKAT : 0.059 | 0.283 | 0.238 | 0.908
    A549   : 0.026 | 0.030 | 0.004 | -0.612
    HELA   : 0.229 | 0.756 | 0.684 | 0.915
    A375   : 0.862 | 0.884 | 0.160 | 0.002
    293T   : 0.150 | 0.325 | 0.206 | 0.671
    PC9    : 0.028 | 0.116 | 0.090 | 0.796
    OTHER  : 0.490 | 0.779 | 0.567 | 0.597

  cell-line metrics  [baseline | raw AUPR | norm AUPR | AUPRG]
    strat : 0.190 | 0.468 | 0.343 | 0.697   <- AUPRG selects
    any   : 0.270 | 0.465 | 0.267 | 0.420   (AUROC 0.631)
    macro : 0.240 | 0.421 | 0.263 | 0.530   (per-line avg)
    K562   : 0.078 | 0.397 | 0.346 | 0.931
    JURKAT : 0.059 | 0.232 | 0.183 | 0.857
    A549   : 0.026 | 0.031 | 0.005 | -0.282
    HELA   : 0.229 | 0.749 | 0.675 | 0.916
    A375   : 0.862 | 0.890 | 0.204 | 0.223
    293T   : 0.150 | 0.213 | 0.074 | 0.381
    PC9    : 0.028 | 0.068 | 0.041 | 0.622
    OTHER  : 0.490 | 0.784 | 0.577 | 0.592

  cell-line metrics  [baseline | raw AUPR | norm AUPR | AUPRG]
    strat : 0.190 | 0.491 | 0.371 | 0.728   <- AUPRG selects
    any   : 0.270 | 0.496 | 0.310 | 0.440   (AUROC 0.668)
    macro : 0.240 | 0.434 | 0.274 | 0.537   (per-line avg)
    K562   : 0.078 | 0.382 | 0.330 | 0.927
    JURKAT : 0.059 | 0.262 | 0.216 | 0.916
    A549   : 0.026 | 0.031 | 0.004 | -0.069
    HELA   : 0.229 | 0.858 | 0.816 | 0.965
    A375   : 0.862 | 0.881 | 0.141 | 0.185
    293T   : 0.150 | 0.213 | 0.074 | 0.393
    PC9    : 0.028 | 0.057 | 0.030 | 0.396
    OTHER  : 0.490 | 0.785 | 0.579 | 0.577

  cell-line metrics  [baseline | raw AUPR | norm AUPR | AUPRG]
    strat : 0.190 | 0.522 | 0.410 | 0.776   <- AUPRG selects
    any   : 0.270 | 0.567 | 0.408 | 0.679   (AUROC 0.744)
    macro : 0.240 | 0.527 | 0.414 | 0.803   (per-line avg)
    K562   : 0.078 | 0.401 | 0.350 | 0.930
    JURKAT : 0.059 | 0.282 | 0.237 | 0.913
    A549   : 0.026 | 0.246 | 0.226 | 0.965
    HELA   : 0.229 | 0.890 | 0.858 | 0.970
    A375   : 0.862 | 0.913 | 0.374 | 0.280
    293T   : 0.150 | 0.261 | 0.131 | 0.488
    PC9    : 0.028 | 0.281 | 0.260 | 0.967
    OTHER  : 0.490 | 0.937 | 0.876 | 0.910

  cell-line metrics  [baseline | raw AUPR | norm AUPR | AUPRG]
    strat : 0.190 | 0.532 | 0.423 | 0.781   <- AUPRG selects
    any   : 0.270 | 0.554 | 0.389 | 0.604   (AUROC 0.698)
    macro : 0.240 | 0.465 | 0.324 | 0.563   (per-line avg)
    K562   : 0.078 | 0.494 | 0.451 | 0.959
    JURKAT : 0.059 | 0.419 | 0.382 | 0.965
    A549   : 0.026 | 0.090 | 0.065 | 0.563
    HELA   : 0.229 | 0.806 | 0.748 | 0.944
    A375   : 0.862 | 0.900 | 0.277 | 0.419
    293T   : 0.150 | 0.136 | -0.017 | -0.228
    PC9    : 0.028 | 0.044 | 0.016 | 0.193
    OTHER  : 0.490 | 0.832 | 0.671 | 0.688

Early stopping at epoch 510

  selected on val (auprg=0.7811 @ epoch 210); test scored once

Fold 5 Best (epoch 210): AUROC=0.8211, AUPR=0.5714, F1=0.5259
  Params: 10,341/11,041 nonzero | Weights: 9,604/10,304 nonzero (6.79% sparse)
    cell_emb.weight: 192/192 nonzero (0.0% sparse)
    encoder.hidden_blocks.0.0.weight: 7,895/8,576 nonzero (7.9% sparse)
    encoder.hidden_blocks.1.0.weight: 243/256 nonzero (5.1% sparse)
    encoder.hidden_blocks.2.0.weight: 254/256 nonzero (0.8% sparse)
    encoder.hidden_blocks.3.0.weight: 253/256 nonzero (1.2% sparse)
    encoder.hidden_blocks.4.0.weight: 255/256 nonzero (0.4% sparse)
    encoder.hidden_blocks.5.0.weight: 256/256 nonzero (0.0% sparse)
    encoder.projection.weight: 256/256 nonzero (0.0% sparse)
  [retrieval] index space: n=19397 num_genes=19397 num_p_genes=8844 (P-space differs from full space)
  Saved 8844x8844 shared-space score matrix -> fold_4_cv2_predictions.npy
  [retrieval] universe 19,397 genes (peers rank vs 8,844), 1,848 scored rows, 6,517 test-pos, 11,309 train-pos suppressed | fwd-check 7.63e-06 | NDCG@10 0.2178 NDCG@50 0.2311 R@50 0.2077 MAP@50 0.2045

============================================================
Cross-Validation Results: CV2 (gene-based)
============================================================

Fold        AUROC       AUPR         F1
----------------------------------------
1          0.8698     0.6244     0.5815
2          0.7500     0.5015     0.4636
3          0.8041     0.4777     0.4307
4          0.8368     0.5884     0.5318
5          0.8211     0.5714     0.5259
----------------------------------------
Mean       0.8164     0.5527     0.5067
Std        0.0396     0.0548     0.0533

============================================================
Summary:
  AUROC: 0.8164 ± 0.0396
  AUPR:  0.5527 ± 0.0548
  F1:    0.5067 ± 0.0533
  Params: 10,714/11,041 nonzero (weight sparsity: 3.17%)
============================================================

Cell-line metrics (mean over folds):
  STRATIFIED (pooled per-cell-line obs; SELECTION basis):
    baseline(pi) 0.1116  AUPR 0.5527  normAUPR 0.4951  AUPRG 0.9308  AUROC 0.8164
  GLOBAL (SL in any cell line; one-time headline):
    AUPRG 0.8351 ± 0.0634   AUPR 0.5296   AUROC 0.7694
  PER-LINE macro (equal weight/line; diagnostic):
    AUPRG 0.6393  AUPR 0.4260
  RETRIEVAL (rank vs the whole 19,397-gene universe; peers rank vs 8,844 -- NOT strictly comparable):
    NDCG@10 0.1542  NDCG@50 0.1739  R@50 0.1939  MAP@50 0.1427

Results saved to results/pcavar0.8_kg_complex_cv2

SUCCESS: kg_complex / cv2  (PCA=0.8)
  AUROC=0.8164 +/- 0.0396  AUPRG=0.9308 +/- 0.0405  Params=10,714/11,041 (3.2% sparse)
  Completed at: Fri Aug 28 10:50:42 EDT 2026
