============================================================================
Job: bestcat_emb | ID: 1177287 | Node: gpu3
Array task: 39 (of job 1166079)
Start: Fri Aug 28 00:53:51 EDT 2026
NVIDIA L40, 46068 MiB, 593 MiB
NVIDIA L40, 46068 MiB, 0 MiB
NVIDIA L40, 46068 MiB, 573 MiB
NVIDIA L40, 46068 MiB, 573 MiB
============================================================================

Task 39: ppi_raw (ppi) / cv1  [PCA=0.8]
  Embedding: /ddn_exa/campbell/kaiyang/SLMGAE-pytorch/data/all_genes_ppi_raw.pt

Cleaning previous results: results/pcavar0.8_ppi_raw_cv1
Training: ppi_raw / cv1  (PCA=0.8)
  Output: results/pcavar0.8_ppi_raw_cv1
  Config: encoder=[16 16 16 16 16 16 16], epochs=2000, patience=10

Using GPU: NVIDIA L40

Loading 1 modality file(s) [raw, preprocessing deferred to per-fold fit]:
Cell-line conditioning: ENABLED (masked multi-label, 8 heads)
    labeled pairs: 128,870 over 8,844 genes (dropped 0 with no known head)
    same-head SL/non-SL conflicts resolved by OR (label=SL): 1,876 pairs -> 2,171 head-cells [JURKAT 1,461, K562 406, HELA 125, OTHER 107, 293T 36, A549 30, A375 6]
    K562     known  91,937  pos  8,705  neg  83,232  (or-resolved   406)
    JURKAT   known  66,122  pos  2,617  neg  63,505  (or-resolved 1,461)
    A549     known   8,889  pos    314  neg   8,575  (or-resolved    30)
    HELA     known   5,931  pos  1,250  neg   4,681  (or-resolved   125)
    A375     known   2,509  pos  1,094  neg   1,415  (or-resolved     6)
    293T     known   2,438  pos    326  neg   2,112  (or-resolved    36)
    PC9      known   1,014  pos     68  neg     946  (or-resolved     0)
    OTHER    known  27,002  pos  8,721  neg  18,281  (or-resolved   107)
Loaded raw tensors for 19397 genes
Loaded 22166 positive SL pairs
SL pairs involve 5257 unique genes
============================================================
Siamese SL Training
Model: siamese
CV Type: cv1
Folds: 5
============================================================

Generating CV1 splits (edge-based, multi-label)...
  Fold 1: train 92,786 pairs/148,298 labels  val 10,309 pairs/16,486 labels  test 25,775 pairs/41,058 labels
  Fold 2: train 92,787 pairs/148,217 labels  val 10,309 pairs/16,456 labels  test 25,774 pairs/41,169 labels
  Fold 3: train 92,787 pairs/148,030 labels  val 10,309 pairs/16,471 labels  test 25,774 pairs/41,341 labels
  Fold 4: train 92,787 pairs/148,273 labels  val 10,309 pairs/16,515 labels  test 25,774 pairs/41,054 labels
  Fold 5: train 92,788 pairs/148,187 labels  val 10,309 pairs/16,435 labels  test 25,773 pairs/41,220 labels

============================================================
Training Fold 1
============================================================

[fold 0] fitting preprocessing [method=plain: mean → col-standardize+SVD → mean/std; scope=train]
  Fit subset: 18162/19397 rows (93.6%)
  [ppi_raw] 1024d, 19397 genes, 3467 missing
    mean-imputed 3467/19397 genes (3550208 NaN cells; locations fit on 18162 fit rows)
[fold 0] fold embeddings: (19397, 1024)
Fold 1 input_dim: 1024
  Trainable parameters: 19,745 (total 19,745) [SiameseSLMultiCell]
  Fold stamp: genes 42ff034debb48f84 all_pos 20be58a407d6aa9a meta 15e1a39cf91a5615
  L1 λ=0.01 for encoder.hidden_blocks.0.0.weight
  L1 λ=0.0075 for encoder.hidden_blocks.1.0.weight
  L1 λ=0.005 for encoder.hidden_blocks.2.0.weight
  L1 λ=0.004 for encoder.hidden_blocks.3.0.weight
  L1 λ=0.0025 for encoder.hidden_blocks.4.0.weight
  L1 λ=0.0015 for encoder.hidden_blocks.5.0.weight
  L1 λ=0.001 for encoder.projection.weight

  cell-line metrics  [baseline | raw AUPR | norm AUPR | AUPRG]
    strat : 0.112 | 0.780 | 0.752 | 0.982   <- AUPRG selects
    any   : 0.172 | 0.789 | 0.745 | 0.963   (AUROC 0.903)
    macro : 0.168 | 0.504 | 0.456 | 0.625   (per-line avg)
    K562   : 0.093 | 0.688 | 0.656 | 0.977
    JURKAT : 0.042 | 0.382 | 0.356 | 0.976
    A549   : 0.028 | 0.072 | 0.046 | 0.602
    HELA   : 0.190 | 0.726 | 0.662 | 0.937
    A375   : 0.478 | 0.966 | 0.935 | 0.982
    293T   : 0.125 | 0.196 | 0.081 | 0.181
    PC9    : 0.061 | 0.054 | -0.008 | -0.638
    OTHER  : 0.331 | 0.949 | 0.924 | 0.979

  cell-line metrics  [baseline | raw AUPR | norm AUPR | AUPRG]
    strat : 0.112 | 0.795 | 0.769 | 0.985   <- AUPRG selects
    any   : 0.172 | 0.806 | 0.766 | 0.970   (AUROC 0.907)
    macro : 0.168 | 0.518 | 0.470 | 0.628   (per-line avg)
    K562   : 0.093 | 0.716 | 0.687 | 0.982
    JURKAT : 0.042 | 0.455 | 0.431 | 0.984
    A549   : 0.028 | 0.073 | 0.046 | 0.676
    HELA   : 0.190 | 0.738 | 0.677 | 0.943
    A375   : 0.478 | 0.953 | 0.909 | 0.983
    293T   : 0.125 | 0.208 | 0.094 | 0.279
    PC9    : 0.061 | 0.051 | -0.011 | -0.801
    OTHER  : 0.331 | 0.949 | 0.924 | 0.980

  cell-line metrics  [baseline | raw AUPR | norm AUPR | AUPRG]
    strat : 0.112 | 0.815 | 0.791 | 0.987   <- AUPRG selects
    any   : 0.172 | 0.818 | 0.780 | 0.971   (AUROC 0.905)
    macro : 0.168 | 0.547 | 0.504 | 0.697   (per-line avg)
    K562   : 0.093 | 0.720 | 0.691 | 0.982
    JURKAT : 0.042 | 0.552 | 0.533 | 0.992
    A549   : 0.028 | 0.079 | 0.053 | 0.687
    HELA   : 0.190 | 0.783 | 0.733 | 0.959
    A375   : 0.478 | 0.966 | 0.935 | 0.982
    293T   : 0.125 | 0.258 | 0.151 | 0.378
    PC9    : 0.061 | 0.060 | -0.001 | -0.388
    OTHER  : 0.331 | 0.959 | 0.939 | 0.983

  cell-line metrics  [baseline | raw AUPR | norm AUPR | AUPRG]
    strat : 0.112 | 0.850 | 0.831 | 0.991   <- AUPRG selects
    any   : 0.172 | 0.812 | 0.773 | 0.968   (AUROC 0.894)
    macro : 0.168 | 0.583 | 0.547 | 0.739   (per-line avg)
    K562   : 0.093 | 0.759 | 0.735 | 0.987
    JURKAT : 0.042 | 0.629 | 0.613 | 0.995
    A549   : 0.028 | 0.158 | 0.133 | 0.933
    HELA   : 0.190 | 0.852 | 0.817 | 0.974
    A375   : 0.478 | 0.988 | 0.978 | 0.983
    293T   : 0.125 | 0.247 | 0.139 | 0.463
    PC9    : 0.061 | 0.058 | -0.003 | -0.414
    OTHER  : 0.331 | 0.974 | 0.961 | 0.990

Early stopping at epoch 450

  selected on val (auprg=0.9910 @ epoch 150); test scored once

Fold 1 Best (epoch 150): AUROC=0.9533, AUPR=0.8615, F1=0.8038
  Params: 19,499/19,745 nonzero | Weights: 18,250/18,496 nonzero (1.33% sparse)
    cell_emb.weight: 192/192 nonzero (0.0% sparse)
    encoder.hidden_blocks.0.0.weight: 16,554/16,768 nonzero (1.3% sparse)
    encoder.hidden_blocks.1.0.weight: 256/256 nonzero (0.0% sparse)
    encoder.hidden_blocks.2.0.weight: 256/256 nonzero (0.0% sparse)
    encoder.hidden_blocks.3.0.weight: 256/256 nonzero (0.0% sparse)
    encoder.hidden_blocks.4.0.weight: 256/256 nonzero (0.0% sparse)
    encoder.hidden_blocks.5.0.weight: 256/256 nonzero (0.0% sparse)
    encoder.projection.weight: 224/256 nonzero (12.5% sparse)
  [retrieval] index space: n=19397 num_genes=19397 num_p_genes=8844 (P-space differs from full space)
  Saved 8844x8844 shared-space score matrix -> fold_0_cv1_predictions.npy
  [retrieval] universe 19,397 genes (peers rank vs 8,844), 2,273 scored rows, 4,434 test-pos, 15,959 train-pos suppressed | fwd-check 3.05e-05 | NDCG@10 0.0959 NDCG@50 0.1668 R@50 0.4457 MAP@50 0.0732

============================================================
Training Fold 2
============================================================

[fold 1] fitting preprocessing [method=plain: mean → col-standardize+SVD → mean/std; scope=train]
  Fit subset: 18161/19397 rows (93.6%)
  [ppi_raw] 1024d, 19397 genes, 3467 missing
    mean-imputed 3467/19397 genes (3550208 NaN cells; locations fit on 18161 fit rows)
[fold 1] fold embeddings: (19397, 1024)
Fold 2 input_dim: 1024
  Trainable parameters: 19,745 (total 19,745) [SiameseSLMultiCell]
  Fold stamp: genes 42ff034debb48f84 all_pos 20be58a407d6aa9a meta 15e1a39cf91a5615
  L1 λ=0.01 for encoder.hidden_blocks.0.0.weight
  L1 λ=0.0075 for encoder.hidden_blocks.1.0.weight
  L1 λ=0.005 for encoder.hidden_blocks.2.0.weight
  L1 λ=0.004 for encoder.hidden_blocks.3.0.weight
  L1 λ=0.0025 for encoder.hidden_blocks.4.0.weight
  L1 λ=0.0015 for encoder.hidden_blocks.5.0.weight
  L1 λ=0.001 for encoder.projection.weight

  cell-line metrics  [baseline | raw AUPR | norm AUPR | AUPRG]
    strat : 0.112 | 0.794 | 0.768 | 0.984   <- AUPRG selects
    any   : 0.172 | 0.804 | 0.763 | 0.967   (AUROC 0.900)
    macro : 0.164 | 0.523 | 0.471 | 0.546   (per-line avg)
    K562   : 0.096 | 0.732 | 0.704 | 0.982
    JURKAT : 0.040 | 0.357 | 0.330 | 0.977
    A549   : 0.047 | 0.148 | 0.106 | 0.811
    HELA   : 0.195 | 0.791 | 0.741 | 0.958
    A375   : 0.410 | 0.936 | 0.892 | 0.971
    293T   : 0.156 | 0.235 | 0.094 | 0.219
    PC9    : 0.051 | 0.036 | -0.016 | -1.530
    OTHER  : 0.320 | 0.946 | 0.921 | 0.981

  cell-line metrics  [baseline | raw AUPR | norm AUPR | AUPRG]
    strat : 0.112 | 0.796 | 0.771 | 0.985   <- AUPRG selects
    any   : 0.172 | 0.808 | 0.769 | 0.970   (AUROC 0.909)
    macro : 0.164 | 0.531 | 0.479 | 0.733   (per-line avg)
    K562   : 0.096 | 0.735 | 0.707 | 0.983
    JURKAT : 0.040 | 0.366 | 0.340 | 0.978
    A549   : 0.047 | 0.244 | 0.206 | 0.886
    HELA   : 0.195 | 0.777 | 0.723 | 0.954
    A375   : 0.410 | 0.937 | 0.893 | 0.971
    293T   : 0.156 | 0.185 | 0.035 | -0.090
    PC9    : 0.051 | 0.056 | 0.005 | 0.198
    OTHER  : 0.320 | 0.948 | 0.924 | 0.981

  cell-line metrics  [baseline | raw AUPR | norm AUPR | AUPRG]
    strat : 0.112 | 0.819 | 0.796 | 0.988   <- AUPRG selects
    any   : 0.172 | 0.823 | 0.787 | 0.973   (AUROC 0.914)
    macro : 0.164 | 0.559 | 0.514 | 0.656   (per-line avg)
    K562   : 0.096 | 0.757 | 0.732 | 0.985
    JURKAT : 0.040 | 0.467 | 0.445 | 0.986
    A549   : 0.047 | 0.227 | 0.189 | 0.855
    HELA   : 0.195 | 0.827 | 0.785 | 0.969
    A375   : 0.410 | 0.976 | 0.960 | 0.985
    293T   : 0.156 | 0.216 | 0.071 | 0.067
    PC9    : 0.051 | 0.058 | 0.007 | -0.581
    OTHER  : 0.320 | 0.947 | 0.922 | 0.981

  cell-line metrics  [baseline | raw AUPR | norm AUPR | AUPRG]
    strat : 0.112 | 0.859 | 0.841 | 0.991   <- AUPRG selects
    any   : 0.172 | 0.825 | 0.789 | 0.973   (AUROC 0.916)
    macro : 0.164 | 0.627 | 0.591 | 0.789   (per-line avg)
    K562   : 0.096 | 0.791 | 0.769 | 0.989
    JURKAT : 0.040 | 0.630 | 0.615 | 0.995
    A549   : 0.047 | 0.331 | 0.298 | 0.964
    HELA   : 0.195 | 0.901 | 0.877 | 0.984
    A375   : 0.410 | 0.991 | 0.984 | 0.994
    293T   : 0.156 | 0.343 | 0.222 | 0.691
    PC9    : 0.051 | 0.062 | 0.011 | -0.293
    OTHER  : 0.320 | 0.966 | 0.951 | 0.988

Early stopping at epoch 450

  selected on val (auprg=0.9914 @ epoch 150); test scored once

Fold 2 Best (epoch 150): AUROC=0.9498, AUPR=0.8548, F1=0.7947
  Params: 19,404/19,745 nonzero | Weights: 18,155/18,496 nonzero (1.84% sparse)
    cell_emb.weight: 192/192 nonzero (0.0% sparse)
    encoder.hidden_blocks.0.0.weight: 16,475/16,768 nonzero (1.7% sparse)
    encoder.hidden_blocks.1.0.weight: 256/256 nonzero (0.0% sparse)
    encoder.hidden_blocks.2.0.weight: 256/256 nonzero (0.0% sparse)
    encoder.hidden_blocks.3.0.weight: 256/256 nonzero (0.0% sparse)
    encoder.hidden_blocks.4.0.weight: 256/256 nonzero (0.0% sparse)
    encoder.hidden_blocks.5.0.weight: 256/256 nonzero (0.0% sparse)
    encoder.projection.weight: 208/256 nonzero (18.8% sparse)
  [retrieval] index space: n=19397 num_genes=19397 num_p_genes=8844 (P-space differs from full space)
  Saved 8844x8844 shared-space score matrix -> fold_1_cv1_predictions.npy
  [retrieval] universe 19,397 genes (peers rank vs 8,844), 2,243 scored rows, 4,433 test-pos, 15,960 train-pos suppressed | fwd-check 1.14e-05 | NDCG@10 0.0863 NDCG@50 0.1685 R@50 0.4603 MAP@50 0.0738

============================================================
Training Fold 3
============================================================

[fold 2] fitting preprocessing [method=plain: mean → col-standardize+SVD → mean/std; scope=train]
  Fit subset: 18181/19397 rows (93.7%)
  [ppi_raw] 1024d, 19397 genes, 3467 missing
    mean-imputed 3467/19397 genes (3550208 NaN cells; locations fit on 18181 fit rows)
[fold 2] fold embeddings: (19397, 1024)
Fold 3 input_dim: 1024
  Trainable parameters: 19,745 (total 19,745) [SiameseSLMultiCell]
  Fold stamp: genes 42ff034debb48f84 all_pos 20be58a407d6aa9a meta 15e1a39cf91a5615
  L1 λ=0.01 for encoder.hidden_blocks.0.0.weight
  L1 λ=0.0075 for encoder.hidden_blocks.1.0.weight
  L1 λ=0.005 for encoder.hidden_blocks.2.0.weight
  L1 λ=0.004 for encoder.hidden_blocks.3.0.weight
  L1 λ=0.0025 for encoder.hidden_blocks.4.0.weight
  L1 λ=0.0015 for encoder.hidden_blocks.5.0.weight
  L1 λ=0.001 for encoder.projection.weight

  cell-line metrics  [baseline | raw AUPR | norm AUPR | AUPRG]
    strat : 0.112 | 0.770 | 0.742 | 0.982   <- AUPRG selects
    any   : 0.172 | 0.783 | 0.738 | 0.962   (AUROC 0.888)
    macro : 0.165 | 0.517 | 0.473 | 0.719   (per-line avg)
    K562   : 0.095 | 0.701 | 0.670 | 0.979
    JURKAT : 0.041 | 0.310 | 0.280 | 0.964
    A549   : 0.047 | 0.063 | 0.017 | 0.336
    HELA   : 0.220 | 0.831 | 0.784 | 0.957
    A375   : 0.410 | 0.997 | 0.995 | 0.999
    293T   : 0.134 | 0.225 | 0.106 | 0.492
    PC9    : 0.053 | 0.057 | 0.005 | 0.048
    OTHER  : 0.320 | 0.954 | 0.932 | 0.980

  cell-line metrics  [baseline | raw AUPR | norm AUPR | AUPRG]
    strat : 0.112 | 0.797 | 0.771 | 0.985   <- AUPRG selects
    any   : 0.172 | 0.798 | 0.756 | 0.968   (AUROC 0.910)
    macro : 0.165 | 0.526 | 0.481 | 0.768   (per-line avg)
    K562   : 0.095 | 0.721 | 0.692 | 0.981
    JURKAT : 0.041 | 0.393 | 0.367 | 0.973
    A549   : 0.047 | 0.138 | 0.095 | 0.765
    HELA   : 0.220 | 0.750 | 0.680 | 0.924
    A375   : 0.410 | 0.997 | 0.995 | 0.999
    293T   : 0.134 | 0.195 | 0.070 | 0.340
    PC9    : 0.053 | 0.060 | 0.008 | 0.180
    OTHER  : 0.320 | 0.957 | 0.937 | 0.983

  cell-line metrics  [baseline | raw AUPR | norm AUPR | AUPRG]
    strat : 0.112 | 0.852 | 0.833 | 0.991   <- AUPRG selects
    any   : 0.172 | 0.799 | 0.757 | 0.967   (AUROC 0.910)
    macro : 0.165 | 0.613 | 0.576 | 0.769   (per-line avg)
    K562   : 0.095 | 0.770 | 0.746 | 0.987
    JURKAT : 0.041 | 0.633 | 0.617 | 0.994
    A549   : 0.047 | 0.344 | 0.312 | 0.939
    HELA   : 0.220 | 0.874 | 0.838 | 0.972
    A375   : 0.410 | 0.997 | 0.995 | 0.999
    293T   : 0.134 | 0.261 | 0.146 | 0.552
    PC9    : 0.053 | 0.054 | 0.002 | -0.283
    OTHER  : 0.320 | 0.970 | 0.956 | 0.989

Early stopping at epoch 450

  selected on val (auprg=0.9910 @ epoch 150); test scored once

Fold 3 Best (epoch 150): AUROC=0.9475, AUPR=0.8491, F1=0.7911
  Params: 19,546/19,745 nonzero | Weights: 18,297/18,496 nonzero (1.08% sparse)
    cell_emb.weight: 192/192 nonzero (0.0% sparse)
    encoder.hidden_blocks.0.0.weight: 16,587/16,768 nonzero (1.1% sparse)
    encoder.hidden_blocks.1.0.weight: 256/256 nonzero (0.0% sparse)
    encoder.hidden_blocks.2.0.weight: 255/256 nonzero (0.4% sparse)
    encoder.hidden_blocks.3.0.weight: 255/256 nonzero (0.4% sparse)
    encoder.hidden_blocks.4.0.weight: 256/256 nonzero (0.0% sparse)
    encoder.hidden_blocks.5.0.weight: 256/256 nonzero (0.0% sparse)
    encoder.projection.weight: 240/256 nonzero (6.2% sparse)
  [retrieval] index space: n=19397 num_genes=19397 num_p_genes=8844 (P-space differs from full space)
  Saved 8844x8844 shared-space score matrix -> fold_2_cv1_predictions.npy
  [retrieval] universe 19,397 genes (peers rank vs 8,844), 2,197 scored rows, 4,433 test-pos, 15,960 train-pos suppressed | fwd-check 2.48e-05 | NDCG@10 0.0665 NDCG@50 0.1321 R@50 0.3160 MAP@50 0.0650

============================================================
Training Fold 4
============================================================

[fold 3] fitting preprocessing [method=plain: mean → col-standardize+SVD → mean/std; scope=train]
  Fit subset: 18132/19397 rows (93.5%)
  [ppi_raw] 1024d, 19397 genes, 3467 missing
    mean-imputed 3467/19397 genes (3550208 NaN cells; locations fit on 18132 fit rows)
[fold 3] fold embeddings: (19397, 1024)
Fold 4 input_dim: 1024
  Trainable parameters: 19,745 (total 19,745) [SiameseSLMultiCell]
  Fold stamp: genes 42ff034debb48f84 all_pos 20be58a407d6aa9a meta 15e1a39cf91a5615
  L1 λ=0.01 for encoder.hidden_blocks.0.0.weight
  L1 λ=0.0075 for encoder.hidden_blocks.1.0.weight
  L1 λ=0.005 for encoder.hidden_blocks.2.0.weight
  L1 λ=0.004 for encoder.hidden_blocks.3.0.weight
  L1 λ=0.0025 for encoder.hidden_blocks.4.0.weight
  L1 λ=0.0015 for encoder.hidden_blocks.5.0.weight
  L1 λ=0.001 for encoder.projection.weight

  cell-line metrics  [baseline | raw AUPR | norm AUPR | AUPRG]
    strat : 0.112 | 0.767 | 0.738 | 0.981   <- AUPRG selects
    any   : 0.172 | 0.789 | 0.745 | 0.966   (AUROC 0.902)
    macro : 0.157 | 0.473 | 0.419 | 0.584   (per-line avg)
    K562   : 0.094 | 0.705 | 0.675 | 0.979
    JURKAT : 0.042 | 0.228 | 0.194 | 0.928
    A549   : 0.045 | 0.105 | 0.063 | 0.705
    HELA   : 0.174 | 0.655 | 0.582 | 0.921
    A375   : 0.387 | 0.918 | 0.866 | 0.966
    293T   : 0.147 | 0.191 | 0.052 | 0.366
    PC9    : 0.039 | 0.029 | -0.011 | -1.173
    OTHER  : 0.325 | 0.955 | 0.934 | 0.984

  cell-line metrics  [baseline | raw AUPR | norm AUPR | AUPRG]
    strat : 0.112 | 0.789 | 0.762 | 0.984   <- AUPRG selects
    any   : 0.172 | 0.797 | 0.755 | 0.969   (AUROC 0.910)
    macro : 0.157 | 0.510 | 0.461 | 0.648   (per-line avg)
    K562   : 0.094 | 0.717 | 0.687 | 0.982
    JURKAT : 0.042 | 0.383 | 0.356 | 0.979
    A549   : 0.045 | 0.108 | 0.066 | 0.683
    HELA   : 0.174 | 0.659 | 0.588 | 0.927
    A375   : 0.387 | 0.947 | 0.913 | 0.970
    293T   : 0.147 | 0.268 | 0.142 | 0.548
    PC9    : 0.039 | 0.035 | -0.005 | -0.888
    OTHER  : 0.325 | 0.959 | 0.939 | 0.985

  cell-line metrics  [baseline | raw AUPR | norm AUPR | AUPRG]
    strat : 0.112 | 0.798 | 0.773 | 0.986   <- AUPRG selects
    any   : 0.172 | 0.816 | 0.778 | 0.972   (AUROC 0.917)
    macro : 0.157 | 0.523 | 0.475 | 0.687   (per-line avg)
    K562   : 0.094 | 0.730 | 0.701 | 0.984
    JURKAT : 0.042 | 0.405 | 0.379 | 0.978
    A549   : 0.045 | 0.188 | 0.150 | 0.884
    HELA   : 0.174 | 0.661 | 0.590 | 0.925
    A375   : 0.387 | 0.935 | 0.894 | 0.969
    293T   : 0.147 | 0.274 | 0.149 | 0.646
    PC9    : 0.039 | 0.029 | -0.010 | -0.877
    OTHER  : 0.325 | 0.962 | 0.944 | 0.985

  cell-line metrics  [baseline | raw AUPR | norm AUPR | AUPRG]
    strat : 0.112 | 0.841 | 0.821 | 0.990   <- AUPRG selects
    any   : 0.172 | 0.817 | 0.780 | 0.972   (AUROC 0.918)
    macro : 0.157 | 0.608 | 0.574 | 0.767   (per-line avg)
    K562   : 0.094 | 0.771 | 0.747 | 0.988
    JURKAT : 0.042 | 0.556 | 0.537 | 0.992
    A549   : 0.045 | 0.231 | 0.195 | 0.912
    HELA   : 0.174 | 0.779 | 0.732 | 0.963
    A375   : 0.387 | 0.984 | 0.975 | 0.984
    293T   : 0.147 | 0.531 | 0.450 | 0.892
    PC9    : 0.039 | 0.035 | -0.005 | -0.584
    OTHER  : 0.325 | 0.976 | 0.964 | 0.991

Early stopping at epoch 450

  selected on val (auprg=0.9900 @ epoch 150); test scored once

Fold 4 Best (epoch 150): AUROC=0.9526, AUPR=0.8644, F1=0.8103
  Params: 19,489/19,745 nonzero | Weights: 18,240/18,496 nonzero (1.38% sparse)
    cell_emb.weight: 192/192 nonzero (0.0% sparse)
    encoder.hidden_blocks.0.0.weight: 16,562/16,768 nonzero (1.2% sparse)
    encoder.hidden_blocks.1.0.weight: 254/256 nonzero (0.8% sparse)
    encoder.hidden_blocks.2.0.weight: 256/256 nonzero (0.0% sparse)
    encoder.hidden_blocks.3.0.weight: 256/256 nonzero (0.0% sparse)
    encoder.hidden_blocks.4.0.weight: 256/256 nonzero (0.0% sparse)
    encoder.hidden_blocks.5.0.weight: 256/256 nonzero (0.0% sparse)
    encoder.projection.weight: 208/256 nonzero (18.8% sparse)
  [retrieval] index space: n=19397 num_genes=19397 num_p_genes=8844 (P-space differs from full space)
  Saved 8844x8844 shared-space score matrix -> fold_3_cv1_predictions.npy
  [retrieval] universe 19,397 genes (peers rank vs 8,844), 2,275 scored rows, 4,433 test-pos, 15,960 train-pos suppressed | fwd-check 1.34e-05 | NDCG@10 0.1019 NDCG@50 0.1756 R@50 0.4042 MAP@50 0.0945

============================================================
Training Fold 5
============================================================

[fold 4] fitting preprocessing [method=plain: mean → col-standardize+SVD → mean/std; scope=train]
  Fit subset: 18216/19397 rows (93.9%)
  [ppi_raw] 1024d, 19397 genes, 3467 missing
    mean-imputed 3467/19397 genes (3550208 NaN cells; locations fit on 18216 fit rows)
[fold 4] fold embeddings: (19397, 1024)
Fold 5 input_dim: 1024
  Trainable parameters: 19,745 (total 19,745) [SiameseSLMultiCell]
  Fold stamp: genes 42ff034debb48f84 all_pos 20be58a407d6aa9a meta 15e1a39cf91a5615
  L1 λ=0.01 for encoder.hidden_blocks.0.0.weight
  L1 λ=0.0075 for encoder.hidden_blocks.1.0.weight
  L1 λ=0.005 for encoder.hidden_blocks.2.0.weight
  L1 λ=0.004 for encoder.hidden_blocks.3.0.weight
  L1 λ=0.0025 for encoder.hidden_blocks.4.0.weight
  L1 λ=0.0015 for encoder.hidden_blocks.5.0.weight
  L1 λ=0.001 for encoder.projection.weight

  cell-line metrics  [baseline | raw AUPR | norm AUPR | AUPRG]
    strat : 0.112 | 0.740 | 0.707 | 0.979   <- AUPRG selects
    any   : 0.172 | 0.767 | 0.719 | 0.959   (AUROC 0.886)
    macro : 0.164 | 0.435 | 0.331 | 0.608   (per-line avg)
    K562   : 0.094 | 0.715 | 0.685 | 0.981
    JURKAT : 0.043 | 0.318 | 0.288 | 0.964
    A549   : 0.043 | 0.141 | 0.103 | 0.706
    HELA   : 0.211 | 0.766 | 0.704 | 0.940
    A375   : 0.383 | 0.294 | -0.144 | -0.404
    293T   : 0.146 | 0.223 | 0.091 | 0.328
    PC9    : 0.071 | 0.086 | 0.017 | 0.371
    OTHER  : 0.323 | 0.938 | 0.908 | 0.975

  cell-line metrics  [baseline | raw AUPR | norm AUPR | AUPRG]
    strat : 0.112 | 0.750 | 0.718 | 0.980   <- AUPRG selects
    any   : 0.172 | 0.791 | 0.747 | 0.966   (AUROC 0.896)
    macro : 0.164 | 0.523 | 0.472 | 0.726   (per-line avg)
    K562   : 0.094 | 0.697 | 0.665 | 0.980
    JURKAT : 0.043 | 0.217 | 0.182 | 0.920
    A549   : 0.043 | 0.087 | 0.047 | 0.483
    HELA   : 0.211 | 0.746 | 0.678 | 0.926
    A375   : 0.383 | 0.968 | 0.947 | 0.984
    293T   : 0.146 | 0.128 | -0.020 | -0.386
    PC9    : 0.071 | 0.394 | 0.348 | 0.920
    OTHER  : 0.323 | 0.952 | 0.928 | 0.980

  cell-line metrics  [baseline | raw AUPR | norm AUPR | AUPRG]
    strat : 0.112 | 0.788 | 0.762 | 0.984   <- AUPRG selects
    any   : 0.172 | 0.815 | 0.777 | 0.971   (AUROC 0.909)
    macro : 0.164 | 0.526 | 0.478 | 0.819   (per-line avg)
    K562   : 0.094 | 0.718 | 0.689 | 0.982
    JURKAT : 0.043 | 0.315 | 0.284 | 0.963
    A549   : 0.043 | 0.141 | 0.103 | 0.795
    HELA   : 0.211 | 0.779 | 0.720 | 0.945
    A375   : 0.383 | 0.985 | 0.975 | 0.984
    293T   : 0.146 | 0.200 | 0.064 | 0.442
    PC9    : 0.071 | 0.107 | 0.039 | 0.451
    OTHER  : 0.323 | 0.966 | 0.949 | 0.987

  cell-line metrics  [baseline | raw AUPR | norm AUPR | AUPRG]
    strat : 0.112 | 0.800 | 0.775 | 0.986   <- AUPRG selects
    any   : 0.172 | 0.821 | 0.784 | 0.972   (AUROC 0.909)
    macro : 0.164 | 0.530 | 0.481 | 0.765   (per-line avg)
    K562   : 0.094 | 0.723 | 0.694 | 0.983
    JURKAT : 0.043 | 0.400 | 0.374 | 0.965
    A549   : 0.043 | 0.130 | 0.091 | 0.698
    HELA   : 0.211 | 0.795 | 0.740 | 0.947
    A375   : 0.383 | 0.964 | 0.942 | 0.978
    293T   : 0.146 | 0.170 | 0.029 | 0.154
    PC9    : 0.071 | 0.089 | 0.019 | 0.405
    OTHER  : 0.323 | 0.970 | 0.955 | 0.989

  cell-line metrics  [baseline | raw AUPR | norm AUPR | AUPRG]
    strat : 0.112 | 0.855 | 0.836 | 0.991   <- AUPRG selects
    any   : 0.172 | 0.835 | 0.801 | 0.974   (AUROC 0.917)
    macro : 0.164 | 0.589 | 0.548 | 0.713   (per-line avg)
    K562   : 0.094 | 0.783 | 0.760 | 0.989
    JURKAT : 0.043 | 0.630 | 0.613 | 0.994
    A549   : 0.043 | 0.216 | 0.181 | 0.862
    HELA   : 0.211 | 0.829 | 0.783 | 0.959
    A375   : 0.383 | 0.999 | 0.998 | 1.000
    293T   : 0.146 | 0.213 | 0.080 | 0.054
    PC9    : 0.071 | 0.064 | -0.007 | -0.143
    OTHER  : 0.323 | 0.981 | 0.972 | 0.992

Early stopping at epoch 450

  selected on val (auprg=0.9911 @ epoch 150); test scored once

Fold 5 Best (epoch 150): AUROC=0.9461, AUPR=0.8484, F1=0.7921
  Params: 19,496/19,745 nonzero | Weights: 18,247/18,496 nonzero (1.35% sparse)
    cell_emb.weight: 192/192 nonzero (0.0% sparse)
    encoder.hidden_blocks.0.0.weight: 16,603/16,768 nonzero (1.0% sparse)
    encoder.hidden_blocks.1.0.weight: 254/256 nonzero (0.8% sparse)
    encoder.hidden_blocks.2.0.weight: 255/256 nonzero (0.4% sparse)
    encoder.hidden_blocks.3.0.weight: 255/256 nonzero (0.4% sparse)
    encoder.hidden_blocks.4.0.weight: 256/256 nonzero (0.0% sparse)
    encoder.hidden_blocks.5.0.weight: 256/256 nonzero (0.0% sparse)
    encoder.projection.weight: 176/256 nonzero (31.2% sparse)
  [retrieval] index space: n=19397 num_genes=19397 num_p_genes=8844 (P-space differs from full space)
  Saved 8844x8844 shared-space score matrix -> fold_4_cv1_predictions.npy
  [retrieval] universe 19,397 genes (peers rank vs 8,844), 2,170 scored rows, 4,433 test-pos, 15,960 train-pos suppressed | fwd-check 1.14e-05 | NDCG@10 0.1851 NDCG@50 0.2678 R@50 0.5062 MAP@50 0.1726

============================================================
Cross-Validation Results: CV1 (edge-based)
============================================================

Fold        AUROC       AUPR         F1
----------------------------------------
1          0.9533     0.8615     0.8038
2          0.9498     0.8548     0.7947
3          0.9475     0.8491     0.7911
4          0.9526     0.8644     0.8103
5          0.9461     0.8484     0.7921
----------------------------------------
Mean       0.9498     0.8556     0.7984
Std        0.0028     0.0064     0.0075

============================================================
Summary:
  AUROC: 0.9498 ± 0.0028
  AUPR:  0.8556 ± 0.0064
  F1:    0.7984 ± 0.0075
  Params: 19,486/19,745 nonzero (weight sparsity: 1.40%)
============================================================

Cell-line metrics (mean over folds):
  STRATIFIED (pooled per-cell-line obs; SELECTION basis):
    baseline(pi) 0.1122  AUPR 0.8556  normAUPR 0.8374  AUPRG 0.9912  AUROC 0.9498
  GLOBAL (SL in any cell line; one-time headline):
    AUPRG 0.9708 ± 0.0026   AUPR 0.8184   AUROC 0.9127
  PER-LINE macro (equal weight/line; diagnostic):
    AUPRG 0.8264  AUPR 0.6018
  RETRIEVAL (rank vs the whole 19,397-gene universe; peers rank vs 8,844 -- NOT strictly comparable):
    NDCG@10 0.1071  NDCG@50 0.1822  R@50 0.4265  MAP@50 0.0958

Results saved to results/pcavar0.8_ppi_raw_cv1

SUCCESS: ppi_raw / cv1  (PCA=0.8)
  AUROC=0.9498 +/- 0.0028  AUPRG=0.9912 +/- 0.0006  Params=19,486/19,745 (1.4% sparse)
  Completed at: Fri Aug 28 02:46:58 EDT 2026
