============================================================================
Job: bestcat_emb | ID: 1177292 | Node: gpu3
Array task: 44 (of job 1166079)
Start: Fri Aug 28 03:42:29 EDT 2026
NVIDIA L40, 46068 MiB, 0 MiB
NVIDIA L40, 46068 MiB, 611 MiB
NVIDIA L40, 46068 MiB, 611 MiB
NVIDIA L40, 46068 MiB, 651 MiB
============================================================================

Task 44: mashup (ppi) / cv3  [PCA=0.8]
  Embedding: /ddn_exa/campbell/kaiyang/SLMGAE-pytorch/data/all_genes_mashup.pt

Cleaning previous results: results/pcavar0.8_mashup_cv3
Training: mashup / cv3  (PCA=0.8)
  Output: results/pcavar0.8_mashup_cv3
  Config: encoder=[16 16 16 16 16 16 16], epochs=2000, patience=10

Using GPU: NVIDIA L40

Loading 1 modality file(s) [raw, preprocessing deferred to per-fold fit]:
Cell-line conditioning: ENABLED (masked multi-label, 8 heads)
    labeled pairs: 128,870 over 8,844 genes (dropped 0 with no known head)
    same-head SL/non-SL conflicts resolved by OR (label=SL): 1,876 pairs -> 2,171 head-cells [JURKAT 1,461, K562 406, HELA 125, OTHER 107, 293T 36, A549 30, A375 6]
    K562     known  91,937  pos  8,705  neg  83,232  (or-resolved   406)
    JURKAT   known  66,122  pos  2,617  neg  63,505  (or-resolved 1,461)
    A549     known   8,889  pos    314  neg   8,575  (or-resolved    30)
    HELA     known   5,931  pos  1,250  neg   4,681  (or-resolved   125)
    A375     known   2,509  pos  1,094  neg   1,415  (or-resolved     6)
    293T     known   2,438  pos    326  neg   2,112  (or-resolved    36)
    PC9      known   1,014  pos     68  neg     946  (or-resolved     0)
    OTHER    known  27,002  pos  8,721  neg  18,281  (or-resolved   107)
Loaded raw tensors for 19397 genes
Loaded 22166 positive SL pairs
SL pairs involve 5257 unique genes
============================================================
Siamese SL Training
Model: siamese
CV Type: cv3
Folds: 5
============================================================

Generating CV3 splits (pair-based, multi-label)...
  Fold 1: train 68,530 pairs/109,228 labels  val 697 pairs/1,128 labels  test 5,006 pairs/7,980 labels
  Fold 2: train 63,092 pairs/101,706 labels  val 1,012 pairs/1,584 labels  test 5,689 pairs/8,792 labels
  Fold 3: train 63,695 pairs/102,423 labels  val 778 pairs/1,071 labels  test 6,142 pairs/10,206 labels
  Fold 4: train 68,487 pairs/110,473 labels  val 1,057 pairs/1,573 labels  test 4,111 pairs/6,512 labels
  Fold 5: train 67,523 pairs/109,717 labels  val 890 pairs/1,213 labels  test 4,809 pairs/7,636 labels

============================================================
Training Fold 1
============================================================

[fold 0] fitting preprocessing [method=plain: mean → col-standardize+SVD → mean/std; scope=train]
  Fit subset: 18641/19397 rows (96.1%)
  [mashup] 500d, 19397 genes, 3467 missing
    mean-imputed 3467/19397 genes (1733500 NaN cells; locations fit on 18641 fit rows)
[fold 0] fold embeddings: (19397, 500)
Fold 1 input_dim: 500
  Trainable parameters: 10,837 (total 10,837) [SiameseSLMultiCell]
  Fold stamp: genes 42ff034debb48f84 all_pos 20be58a407d6aa9a meta 15e1a39cf91a5615
  L1 λ=0.01 for encoder.hidden_blocks.0.0.weight
  L1 λ=0.0075 for encoder.hidden_blocks.1.0.weight
  L1 λ=0.005 for encoder.hidden_blocks.2.0.weight
  L1 λ=0.004 for encoder.hidden_blocks.3.0.weight
  L1 λ=0.0025 for encoder.hidden_blocks.4.0.weight
  L1 λ=0.0015 for encoder.hidden_blocks.5.0.weight
  L1 λ=0.001 for encoder.projection.weight

  cell-line metrics  [baseline | raw AUPR | norm AUPR | AUPRG]
    strat : 0.139 | 0.580 | 0.512 | 0.922   <- AUPRG selects
    any   : 0.220 | 0.513 | 0.377 | 0.740   (AUROC 0.715)
    macro : 0.178 | 0.467 | 0.369 | 0.372   (per-line avg)
    K562   : 0.176 | 0.797 | 0.753 | 0.968
    JURKAT : 0.073 | 0.079 | 0.007 | -0.170
    A549   : 0.000 | nan | nan | nan
    HELA   : 0.263 | 0.900 | 0.864 | 0.978
    A375   : 0.000 | nan | nan | nan
    293T   : 0.190 | 0.191 | 0.001 | -0.416
    PC9    : 0.000 | nan | nan | nan
    OTHER  : 0.188 | 0.366 | 0.220 | 0.498

  cell-line metrics  [baseline | raw AUPR | norm AUPR | AUPRG]
    strat : 0.139 | 0.681 | 0.630 | 0.951   <- AUPRG selects
    any   : 0.220 | 0.615 | 0.506 | 0.844   (AUROC 0.788)
    macro : 0.178 | 0.534 | 0.453 | 0.596   (per-line avg)
    K562   : 0.176 | 0.862 | 0.833 | 0.979
    JURKAT : 0.073 | 0.073 | 0.000 | -0.183
    A549   : 0.000 | nan | nan | nan
    HELA   : 0.263 | 0.936 | 0.913 | 0.987
    A375   : 0.000 | nan | nan | nan
    293T   : 0.190 | 0.385 | 0.241 | 0.663
    PC9    : 0.000 | nan | nan | nan
    OTHER  : 0.188 | 0.416 | 0.281 | 0.534

Early stopping at epoch 360

  selected on val (auprg=0.9505 @ epoch 60); test scored once

Fold 1 Best (epoch 60): AUROC=0.7566, AUPR=0.3467, F1=0.3679
  Params: 6,226/10,837 nonzero | Weights: 5,501/10,112 nonzero (45.60% sparse)
    cell_emb.weight: 192/192 nonzero (0.0% sparse)
    encoder.hidden_blocks.0.0.weight: 3,823/8,384 nonzero (54.4% sparse)
    encoder.hidden_blocks.1.0.weight: 231/256 nonzero (9.8% sparse)
    encoder.hidden_blocks.2.0.weight: 241/256 nonzero (5.9% sparse)
    encoder.hidden_blocks.3.0.weight: 248/256 nonzero (3.1% sparse)
    encoder.hidden_blocks.4.0.weight: 255/256 nonzero (0.4% sparse)
    encoder.hidden_blocks.5.0.weight: 255/256 nonzero (0.4% sparse)
    encoder.projection.weight: 256/256 nonzero (0.0% sparse)
  [retrieval] index space: n=19397 num_genes=19397 num_p_genes=8844 (P-space differs from full space)
  Saved 8844x8844 shared-space score matrix -> fold_0_cv3_predictions.npy
  [retrieval] universe 19,397 genes (peers rank vs 8,844), 213 scored rows, 422 test-pos, 13,369 train-pos suppressed | fwd-check 8.58e-06 | NDCG@10 0.0000 NDCG@50 0.0033 R@50 0.0188 MAP@50 0.0004

============================================================
Training Fold 2
============================================================

[fold 1] fitting preprocessing [method=plain: mean → col-standardize+SVD → mean/std; scope=train]
  Fit subset: 18067/19397 rows (93.1%)
  [mashup] 500d, 19397 genes, 3467 missing
    mean-imputed 3467/19397 genes (1733500 NaN cells; locations fit on 18067 fit rows)
[fold 1] fold embeddings: (19397, 500)
Fold 2 input_dim: 500
  Trainable parameters: 10,837 (total 10,837) [SiameseSLMultiCell]
  Fold stamp: genes 42ff034debb48f84 all_pos 20be58a407d6aa9a meta 15e1a39cf91a5615
  L1 λ=0.01 for encoder.hidden_blocks.0.0.weight
  L1 λ=0.0075 for encoder.hidden_blocks.1.0.weight
  L1 λ=0.005 for encoder.hidden_blocks.2.0.weight
  L1 λ=0.004 for encoder.hidden_blocks.3.0.weight
  L1 λ=0.0025 for encoder.hidden_blocks.4.0.weight
  L1 λ=0.0015 for encoder.hidden_blocks.5.0.weight
  L1 λ=0.001 for encoder.projection.weight

  cell-line metrics  [baseline | raw AUPR | norm AUPR | AUPRG]
    strat : 0.057 | 0.274 | 0.230 | 0.891   <- AUPRG selects
    any   : 0.086 | 0.185 | 0.108 | 0.729   (AUROC 0.648)
    macro : 0.125 | 0.509 | 0.471 | 0.640   (per-line avg)
    K562   : 0.090 | 0.410 | 0.352 | 0.900
    JURKAT : 0.038 | 0.053 | 0.015 | -0.273
    A549   : 0.000 | nan | nan | nan
    HELA   : 0.121 | 0.574 | 0.515 | 0.931
    A375   : 0.000 | nan | nan | nan
    293T   : 0.000 | nan | nan | nan
    PC9    : 0.250 | 1.000 | 1.000 | 1.000
    OTHER  : 0.000 | nan | nan | nan

  cell-line metrics  [baseline | raw AUPR | norm AUPR | AUPRG]
    strat : 0.057 | 0.285 | 0.242 | 0.894   <- AUPRG selects
    any   : 0.086 | 0.234 | 0.162 | 0.799   (AUROC 0.678)
    macro : 0.125 | 0.325 | 0.225 | 0.335   (per-line avg)
    K562   : 0.090 | 0.395 | 0.336 | 0.885
    JURKAT : 0.038 | 0.035 | -0.003 | -0.503
    A549   : 0.000 | nan | nan | nan
    HELA   : 0.121 | 0.620 | 0.568 | 0.956
    A375   : 0.000 | nan | nan | nan
    293T   : 0.000 | nan | nan | nan
    PC9    : 0.250 | 0.250 | 0.000 | 0.000
    OTHER  : 0.000 | nan | nan | nan

Early stopping at epoch 480

  selected on val (auprg=0.8943 @ epoch 180); test scored once

Fold 2 Best (epoch 180): AUROC=0.7471, AUPR=0.6356, F1=0.5796
  Params: 7,650/10,837 nonzero | Weights: 6,925/10,112 nonzero (31.52% sparse)
    cell_emb.weight: 192/192 nonzero (0.0% sparse)
    encoder.hidden_blocks.0.0.weight: 5,282/8,384 nonzero (37.0% sparse)
    encoder.hidden_blocks.1.0.weight: 231/256 nonzero (9.8% sparse)
    encoder.hidden_blocks.2.0.weight: 250/256 nonzero (2.3% sparse)
    encoder.hidden_blocks.3.0.weight: 251/256 nonzero (2.0% sparse)
    encoder.hidden_blocks.4.0.weight: 255/256 nonzero (0.4% sparse)
    encoder.hidden_blocks.5.0.weight: 256/256 nonzero (0.0% sparse)
    encoder.projection.weight: 208/256 nonzero (18.8% sparse)
  [retrieval] index space: n=19397 num_genes=19397 num_p_genes=8844 (P-space differs from full space)
  Saved 8844x8844 shared-space score matrix -> fold_1_cv3_predictions.npy
  [retrieval] universe 19,397 genes (peers rank vs 8,844), 921 scored rows, 1,502 test-pos, 9,745 train-pos suppressed | fwd-check 1.53e-05 | NDCG@10 0.0030 NDCG@50 0.0265 R@50 0.0752 MAP@50 0.0061

============================================================
Training Fold 3
============================================================

[fold 2] fitting preprocessing [method=plain: mean → col-standardize+SVD → mean/std; scope=train]
  Fit subset: 18334/19397 rows (94.5%)
  [mashup] 500d, 19397 genes, 3467 missing
    mean-imputed 3467/19397 genes (1733500 NaN cells; locations fit on 18334 fit rows)
[fold 2] fold embeddings: (19397, 500)
Fold 3 input_dim: 500
  Trainable parameters: 10,837 (total 10,837) [SiameseSLMultiCell]
  Fold stamp: genes 42ff034debb48f84 all_pos 20be58a407d6aa9a meta 15e1a39cf91a5615
  L1 λ=0.01 for encoder.hidden_blocks.0.0.weight
  L1 λ=0.0075 for encoder.hidden_blocks.1.0.weight
  L1 λ=0.005 for encoder.hidden_blocks.2.0.weight
  L1 λ=0.004 for encoder.hidden_blocks.3.0.weight
  L1 λ=0.0025 for encoder.hidden_blocks.4.0.weight
  L1 λ=0.0015 for encoder.hidden_blocks.5.0.weight
  L1 λ=0.001 for encoder.projection.weight

  cell-line metrics  [baseline | raw AUPR | norm AUPR | AUPRG]
    strat : 0.231 | 0.669 | 0.569 | 0.864   <- AUPRG selects
    any   : 0.315 | 0.464 | 0.217 | 0.313   (AUROC 0.629)
    macro : 0.218 | 0.421 | 0.300 | 0.565   (per-line avg)
    K562   : 0.181 | 0.598 | 0.509 | 0.877
    JURKAT : 0.006 | 0.020 | 0.014 | 0.696
    A549   : 0.014 | 0.014 | -0.000 | 0.000
    HELA   : 0.164 | 0.443 | 0.334 | 0.755
    A375   : 0.000 | nan | nan | nan
    293T   : 0.500 | 0.688 | 0.377 | 0.279
    PC9    : 0.000 | nan | nan | nan
    OTHER  : 0.446 | 0.760 | 0.568 | 0.784

  cell-line metrics  [baseline | raw AUPR | norm AUPR | AUPRG]
    strat : 0.231 | 0.684 | 0.589 | 0.870   <- AUPRG selects
    any   : 0.315 | 0.776 | 0.674 | 0.866   (AUROC 0.883)
    macro : 0.218 | 0.521 | 0.402 | 0.634   (per-line avg)
    K562   : 0.181 | 0.785 | 0.738 | 0.961
    JURKAT : 0.006 | 0.062 | 0.057 | 0.905
    A549   : 0.014 | 0.016 | 0.002 | 0.137
    HELA   : 0.164 | 0.959 | 0.951 | 0.999
    A375   : 0.000 | nan | nan | nan
    293T   : 0.500 | 0.609 | 0.217 | 0.170
    PC9    : 0.000 | nan | nan | nan
    OTHER  : 0.446 | 0.692 | 0.445 | 0.634

  cell-line metrics  [baseline | raw AUPR | norm AUPR | AUPRG]
    strat : 0.231 | 0.755 | 0.681 | 0.911   <- AUPRG selects
    any   : 0.315 | 0.711 | 0.579 | 0.798   (AUROC 0.858)
    macro : 0.218 | 0.593 | 0.487 | 0.826   (per-line avg)
    K562   : 0.181 | 0.881 | 0.855 | 0.978
    JURKAT : 0.006 | 0.250 | 0.245 | 0.981
    A549   : 0.014 | 0.100 | 0.088 | 0.877
    HELA   : 0.164 | 0.967 | 0.960 | 0.999
    A375   : 0.000 | nan | nan | nan
    293T   : 0.500 | 0.652 | 0.304 | 0.482
    PC9    : 0.000 | nan | nan | nan
    OTHER  : 0.446 | 0.706 | 0.469 | 0.637

  cell-line metrics  [baseline | raw AUPR | norm AUPR | AUPRG]
    strat : 0.231 | 0.781 | 0.716 | 0.915   <- AUPRG selects
    any   : 0.315 | 0.812 | 0.725 | 0.886   (AUROC 0.878)
    macro : 0.218 | 0.598 | 0.495 | 0.732   (per-line avg)
    K562   : 0.181 | 0.878 | 0.851 | 0.979
    JURKAT : 0.006 | 0.333 | 0.329 | 0.987
    A549   : 0.014 | 0.040 | 0.027 | 0.671
    HELA   : 0.164 | 0.943 | 0.932 | 0.997
    A375   : 0.000 | nan | nan | nan
    293T   : 0.500 | 0.594 | 0.187 | -0.021
    PC9    : 0.000 | nan | nan | nan
    OTHER  : 0.446 | 0.803 | 0.644 | 0.780

  cell-line metrics  [baseline | raw AUPR | norm AUPR | AUPRG]
    strat : 0.231 | 0.780 | 0.713 | 0.917   <- AUPRG selects
    any   : 0.315 | 0.678 | 0.530 | 0.735   (AUROC 0.801)
    macro : 0.218 | 0.543 | 0.434 | 0.699   (per-line avg)
    K562   : 0.181 | 0.896 | 0.873 | 0.985
    JURKAT : 0.006 | 0.018 | 0.012 | 0.658
    A549   : 0.014 | 0.030 | 0.017 | 0.562
    HELA   : 0.164 | 0.963 | 0.955 | 0.999
    A375   : 0.000 | nan | nan | nan
    293T   : 0.500 | 0.568 | 0.135 | 0.216
    PC9    : 0.000 | nan | nan | nan
    OTHER  : 0.446 | 0.786 | 0.613 | 0.775

Early stopping at epoch 720

  selected on val (auprg=0.9175 @ epoch 420); test scored once

Fold 3 Best (epoch 420): AUROC=0.8012, AUPR=0.4092, F1=0.5066
  Params: 7,467/10,837 nonzero | Weights: 6,742/10,112 nonzero (33.33% sparse)
    cell_emb.weight: 192/192 nonzero (0.0% sparse)
    encoder.hidden_blocks.0.0.weight: 5,144/8,384 nonzero (38.6% sparse)
    encoder.hidden_blocks.1.0.weight: 242/256 nonzero (5.5% sparse)
    encoder.hidden_blocks.2.0.weight: 252/256 nonzero (1.6% sparse)
    encoder.hidden_blocks.3.0.weight: 256/256 nonzero (0.0% sparse)
    encoder.hidden_blocks.4.0.weight: 256/256 nonzero (0.0% sparse)
    encoder.hidden_blocks.5.0.weight: 256/256 nonzero (0.0% sparse)
    encoder.projection.weight: 144/256 nonzero (43.8% sparse)
  [retrieval] index space: n=19397 num_genes=19397 num_p_genes=8844 (P-space differs from full space)
  Saved 8844x8844 shared-space score matrix -> fold_2_cv3_predictions.npy
  [retrieval] universe 19,397 genes (peers rank vs 8,844), 499 scored rows, 1,307 test-pos, 9,031 train-pos suppressed | fwd-check 4.77e-06 | NDCG@10 0.0153 NDCG@50 0.0237 R@50 0.0162 MAP@50 0.0074

============================================================
Training Fold 4
============================================================

[fold 3] fitting preprocessing [method=plain: mean → col-standardize+SVD → mean/std; scope=train]
  Fit subset: 18522/19397 rows (95.5%)
  [mashup] 500d, 19397 genes, 3467 missing
    mean-imputed 3467/19397 genes (1733500 NaN cells; locations fit on 18522 fit rows)
[fold 3] fold embeddings: (19397, 500)
Fold 4 input_dim: 500
  Trainable parameters: 10,837 (total 10,837) [SiameseSLMultiCell]
  Fold stamp: genes 42ff034debb48f84 all_pos 20be58a407d6aa9a meta 15e1a39cf91a5615
  L1 λ=0.01 for encoder.hidden_blocks.0.0.weight
  L1 λ=0.0075 for encoder.hidden_blocks.1.0.weight
  L1 λ=0.005 for encoder.hidden_blocks.2.0.weight
  L1 λ=0.004 for encoder.hidden_blocks.3.0.weight
  L1 λ=0.0025 for encoder.hidden_blocks.4.0.weight
  L1 λ=0.0015 for encoder.hidden_blocks.5.0.weight
  L1 λ=0.001 for encoder.projection.weight

  cell-line metrics  [baseline | raw AUPR | norm AUPR | AUPRG]
    strat : 0.133 | 0.785 | 0.752 | 0.977   <- AUPRG selects
    any   : 0.197 | 0.751 | 0.690 | 0.930   (AUROC 0.835)
    macro : 0.160 | 0.470 | 0.423 | 0.627   (per-line avg)
    K562   : 0.100 | 0.515 | 0.461 | 0.945
    JURKAT : 0.024 | 0.036 | 0.013 | -0.038
    A549   : 0.000 | nan | nan | nan
    HELA   : 0.250 | 0.876 | 0.834 | 0.973
    A375   : 0.000 | nan | nan | nan
    293T   : 0.067 | 0.077 | 0.011 | 0.143
    PC9    : 0.111 | 0.333 | 0.250 | 0.750
    OTHER  : 0.407 | 0.983 | 0.971 | 0.989

  cell-line metrics  [baseline | raw AUPR | norm AUPR | AUPRG]
    strat : 0.133 | 0.810 | 0.780 | 0.982   <- AUPRG selects
    any   : 0.197 | 0.770 | 0.714 | 0.940   (AUROC 0.848)
    macro : 0.160 | 0.625 | 0.590 | 0.893   (per-line avg)
    K562   : 0.100 | 0.519 | 0.465 | 0.943
    JURKAT : 0.024 | 0.136 | 0.115 | 0.936
    A549   : 0.000 | nan | nan | nan
    HELA   : 0.250 | 0.909 | 0.878 | 0.983
    A375   : 0.000 | nan | nan | nan
    293T   : 0.067 | 1.000 | 1.000 | 1.000
    PC9    : 0.111 | 0.200 | 0.100 | 0.500
    OTHER  : 0.407 | 0.988 | 0.980 | 0.994

  cell-line metrics  [baseline | raw AUPR | norm AUPR | AUPRG]
    strat : 0.133 | 0.839 | 0.815 | 0.984   <- AUPRG selects
    any   : 0.197 | 0.764 | 0.707 | 0.935   (AUROC 0.843)
    macro : 0.160 | 0.532 | 0.491 | 0.833   (per-line avg)
    K562   : 0.100 | 0.666 | 0.629 | 0.969
    JURKAT : 0.024 | 0.146 | 0.125 | 0.938
    A549   : 0.000 | nan | nan | nan
    HELA   : 0.250 | 0.917 | 0.889 | 0.987
    A375   : 0.000 | nan | nan | nan
    293T   : 0.067 | 0.333 | 0.286 | 0.857
    PC9    : 0.111 | 0.143 | 0.036 | 0.250
    OTHER  : 0.407 | 0.989 | 0.982 | 0.994

  cell-line metrics  [baseline | raw AUPR | norm AUPR | AUPRG]
    strat : 0.133 | 0.838 | 0.813 | 0.986   <- AUPRG selects
    any   : 0.197 | 0.714 | 0.644 | 0.921   (AUROC 0.871)
    macro : 0.160 | 0.584 | 0.542 | 0.887   (per-line avg)
    K562   : 0.100 | 0.656 | 0.618 | 0.968
    JURKAT : 0.024 | 0.299 | 0.282 | 0.990
    A549   : 0.000 | nan | nan | nan
    HELA   : 0.250 | 0.867 | 0.823 | 0.949
    A375   : 0.000 | nan | nan | nan
    293T   : 0.067 | 0.500 | 0.464 | 0.929
    PC9    : 0.111 | 0.200 | 0.100 | 0.500
    OTHER  : 0.407 | 0.980 | 0.966 | 0.987

  cell-line metrics  [baseline | raw AUPR | norm AUPR | AUPRG]
    strat : 0.133 | 0.844 | 0.820 | 0.986   <- AUPRG selects
    any   : 0.197 | 0.793 | 0.743 | 0.950   (AUROC 0.868)
    macro : 0.160 | 0.583 | 0.548 | 0.907   (per-line avg)
    K562   : 0.100 | 0.679 | 0.643 | 0.973
    JURKAT : 0.024 | 0.130 | 0.109 | 0.931
    A549   : 0.000 | nan | nan | nan
    HELA   : 0.250 | 0.956 | 0.942 | 0.995
    A375   : 0.000 | nan | nan | nan
    293T   : 0.067 | 0.500 | 0.464 | 0.929
    PC9    : 0.111 | 0.250 | 0.156 | 0.625
    OTHER  : 0.407 | 0.984 | 0.973 | 0.991

  cell-line metrics  [baseline | raw AUPR | norm AUPR | AUPRG]
    strat : 0.133 | 0.847 | 0.823 | 0.987   <- AUPRG selects
    any   : 0.197 | 0.785 | 0.732 | 0.949   (AUROC 0.873)
    macro : 0.160 | 0.559 | 0.522 | 0.880   (per-line avg)
    K562   : 0.100 | 0.660 | 0.622 | 0.971
    JURKAT : 0.024 | 0.211 | 0.192 | 0.963
    A549   : 0.000 | nan | nan | nan
    HELA   : 0.250 | 0.961 | 0.947 | 0.996
    A375   : 0.000 | nan | nan | nan
    293T   : 0.067 | 0.333 | 0.286 | 0.857
    PC9    : 0.111 | 0.200 | 0.100 | 0.500
    OTHER  : 0.407 | 0.991 | 0.985 | 0.996

  cell-line metrics  [baseline | raw AUPR | norm AUPR | AUPRG]
    strat : 0.133 | 0.857 | 0.835 | 0.988   <- AUPRG selects
    any   : 0.197 | 0.756 | 0.696 | 0.938   (AUROC 0.876)
    macro : 0.160 | 0.583 | 0.547 | 0.872   (per-line avg)
    K562   : 0.100 | 0.690 | 0.656 | 0.976
    JURKAT : 0.024 | 0.208 | 0.188 | 0.964
    A549   : 0.000 | nan | nan | nan
    HELA   : 0.250 | 0.943 | 0.924 | 0.991
    A375   : 0.000 | nan | nan | nan
    293T   : 0.067 | 0.500 | 0.464 | 0.929
    PC9    : 0.111 | 0.167 | 0.062 | 0.375
    OTHER  : 0.407 | 0.991 | 0.986 | 0.996

Early stopping at epoch 990

  selected on val (auprg=0.9881 @ epoch 690); test scored once

Fold 4 Best (epoch 690): AUROC=0.7722, AUPR=0.5620, F1=0.5365
  Params: 7,368/10,837 nonzero | Weights: 6,643/10,112 nonzero (34.31% sparse)
    cell_emb.weight: 192/192 nonzero (0.0% sparse)
    encoder.hidden_blocks.0.0.weight: 5,086/8,384 nonzero (39.3% sparse)
    encoder.hidden_blocks.1.0.weight: 250/256 nonzero (2.3% sparse)
    encoder.hidden_blocks.2.0.weight: 253/256 nonzero (1.2% sparse)
    encoder.hidden_blocks.3.0.weight: 254/256 nonzero (0.8% sparse)
    encoder.hidden_blocks.4.0.weight: 256/256 nonzero (0.0% sparse)
    encoder.hidden_blocks.5.0.weight: 256/256 nonzero (0.0% sparse)
    encoder.projection.weight: 96/256 nonzero (62.5% sparse)
  [retrieval] index space: n=19397 num_genes=19397 num_p_genes=8844 (P-space differs from full space)
  Saved 8844x8844 shared-space score matrix -> fold_3_cv3_predictions.npy
  [retrieval] universe 19,397 genes (peers rank vs 8,844), 261 scored rows, 711 test-pos, 11,416 train-pos suppressed | fwd-check 8.58e-06 | NDCG@10 0.0014 NDCG@50 0.0244 R@50 0.0213 MAP@50 0.0040

============================================================
Training Fold 5
============================================================

[fold 4] fitting preprocessing [method=plain: mean → col-standardize+SVD → mean/std; scope=train]
  Fit subset: 18441/19397 rows (95.1%)
  [mashup] 500d, 19397 genes, 3467 missing
    mean-imputed 3467/19397 genes (1733500 NaN cells; locations fit on 18441 fit rows)
[fold 4] fold embeddings: (19397, 500)
Fold 5 input_dim: 500
  Trainable parameters: 10,837 (total 10,837) [SiameseSLMultiCell]
  Fold stamp: genes 42ff034debb48f84 all_pos 20be58a407d6aa9a meta 15e1a39cf91a5615
  L1 λ=0.01 for encoder.hidden_blocks.0.0.weight
  L1 λ=0.0075 for encoder.hidden_blocks.1.0.weight
  L1 λ=0.005 for encoder.hidden_blocks.2.0.weight
  L1 λ=0.004 for encoder.hidden_blocks.3.0.weight
  L1 λ=0.0025 for encoder.hidden_blocks.4.0.weight
  L1 λ=0.0015 for encoder.hidden_blocks.5.0.weight
  L1 λ=0.001 for encoder.projection.weight

  cell-line metrics  [baseline | raw AUPR | norm AUPR | AUPRG]
    strat : 0.303 | 0.675 | 0.534 | 0.636   <- AUPRG selects
    any   : 0.393 | 0.784 | 0.645 | 0.741   (AUROC 0.820)
    macro : 0.293 | 0.585 | 0.218 | 0.558   (per-line avg)
    K562   : 0.055 | 0.220 | 0.175 | 0.883
    JURKAT : 0.083 | 0.139 | 0.062 | -0.022
    A549   : 0.021 | 0.026 | 0.006 | 0.213
    HELA   : 0.107 | 1.000 | 1.000 | 1.000
    A375   : 0.975 | 0.940 | -1.385 | -0.013
    293T   : 0.190 | 0.803 | 0.756 | 0.965
    PC9    : 0.000 | nan | nan | nan
    OTHER  : 0.617 | 0.966 | 0.912 | 0.877

  cell-line metrics  [baseline | raw AUPR | norm AUPR | AUPRG]
    strat : 0.303 | 0.677 | 0.537 | 0.639   <- AUPRG selects
    any   : 0.393 | 0.789 | 0.652 | 0.728   (AUROC 0.804)
    macro : 0.293 | 0.498 | 0.285 | 0.311   (per-line avg)
    K562   : 0.055 | 0.204 | 0.158 | 0.833
    JURKAT : 0.083 | 0.145 | 0.068 | 0.223
    A549   : 0.021 | 0.024 | 0.004 | 0.149
    HELA   : 0.107 | 1.000 | 1.000 | 1.000
    A375   : 0.975 | 0.971 | -0.135 | -0.013
    293T   : 0.190 | 0.172 | -0.023 | -0.915
    PC9    : 0.000 | nan | nan | nan
    OTHER  : 0.617 | 0.970 | 0.922 | 0.898

Early stopping at epoch 360

  selected on val (auprg=0.6394 @ epoch 60); test scored once

Fold 5 Best (epoch 60): AUROC=0.7959, AUPR=0.4766, F1=0.4475
  Params: 6,467/10,837 nonzero | Weights: 5,742/10,112 nonzero (43.22% sparse)
    cell_emb.weight: 192/192 nonzero (0.0% sparse)
    encoder.hidden_blocks.0.0.weight: 4,050/8,384 nonzero (51.7% sparse)
    encoder.hidden_blocks.1.0.weight: 234/256 nonzero (8.6% sparse)
    encoder.hidden_blocks.2.0.weight: 245/256 nonzero (4.3% sparse)
    encoder.hidden_blocks.3.0.weight: 254/256 nonzero (0.8% sparse)
    encoder.hidden_blocks.4.0.weight: 255/256 nonzero (0.4% sparse)
    encoder.hidden_blocks.5.0.weight: 256/256 nonzero (0.0% sparse)
    encoder.projection.weight: 256/256 nonzero (0.0% sparse)
  [retrieval] index space: n=19397 num_genes=19397 num_p_genes=8844 (P-space differs from full space)
  Saved 8844x8844 shared-space score matrix -> fold_4_cv3_predictions.npy
  [retrieval] universe 19,397 genes (peers rank vs 8,844), 193 scored rows, 518 test-pos, 11,309 train-pos suppressed | fwd-check 7.63e-06 | NDCG@10 0.0186 NDCG@50 0.0343 R@50 0.0450 MAP@50 0.0121

============================================================
Cross-Validation Results: CV3 (pair-based)
============================================================

Fold        AUROC       AUPR         F1
----------------------------------------
1          0.7566     0.3467     0.3679
2          0.7471     0.6356     0.5796
3          0.8012     0.4092     0.5066
4          0.7722     0.5620     0.5365
5          0.7959     0.4766     0.4475
----------------------------------------
Mean       0.7746     0.4860     0.4876
Std        0.0212     0.1035     0.0737

============================================================
Summary:
  AUROC: 0.7746 ± 0.0212
  AUPR:  0.4860 ± 0.1035
  F1:    0.4876 ± 0.0737
  Params: 7,035/10,837 nonzero (weight sparsity: 37.59%)
============================================================

Cell-line metrics (mean over folds):
  STRATIFIED (pooled per-cell-line obs; SELECTION basis):
    baseline(pi) 0.1098  AUPR 0.4860  normAUPR 0.4256  AUPRG 0.9063  AUROC 0.7746
  GLOBAL (SL in any cell line; one-time headline):
    AUPRG 0.7271 ± 0.2098   AUPR 0.4192   AUROC 0.7131
  PER-LINE macro (equal weight/line; diagnostic):
    AUPRG 0.3905  AUPR 0.3119
  RETRIEVAL (rank vs the whole 19,397-gene universe; peers rank vs 8,844 -- NOT strictly comparable):
    NDCG@10 0.0076  NDCG@50 0.0225  R@50 0.0353  MAP@50 0.0060

Results saved to results/pcavar0.8_mashup_cv3

SUCCESS: mashup / cv3  (PCA=0.8)
  AUROC=0.7746 +/- 0.0212  AUPRG=0.9063 +/- 0.0617  Params=7,035/10,837 (37.6% sparse)
  Completed at: Fri Aug 28 05:28:20 EDT 2026
