============================================================================
Job: bestcat_emb | ID: 1177284 | Node: gpu3
Array task: 36 (of job 1166079)
Start: Thu Aug 27 23:35:43 EDT 2026
NVIDIA L40, 46068 MiB, 0 MiB
NVIDIA L40, 46068 MiB, 573 MiB
NVIDIA L40, 46068 MiB, 573 MiB
NVIDIA L40, 46068 MiB, 573 MiB
============================================================================

Task 36: ppi_svd (ppi) / cv1  [PCA=0.8]
  Embedding: /ddn_exa/campbell/kaiyang/SLMGAE-pytorch/data/all_genes_ppi_svd.pt

Cleaning previous results: results/pcavar0.8_ppi_svd_cv1
Training: ppi_svd / cv1  (PCA=0.8)
  Output: results/pcavar0.8_ppi_svd_cv1
  Config: encoder=[16 16 16 16 16 16 16], epochs=2000, patience=10

Using GPU: NVIDIA L40

Loading 1 modality file(s) [raw, preprocessing deferred to per-fold fit]:
Cell-line conditioning: ENABLED (masked multi-label, 8 heads)
    labeled pairs: 128,870 over 8,844 genes (dropped 0 with no known head)
    same-head SL/non-SL conflicts resolved by OR (label=SL): 1,876 pairs -> 2,171 head-cells [JURKAT 1,461, K562 406, HELA 125, OTHER 107, 293T 36, A549 30, A375 6]
    K562     known  91,937  pos  8,705  neg  83,232  (or-resolved   406)
    JURKAT   known  66,122  pos  2,617  neg  63,505  (or-resolved 1,461)
    A549     known   8,889  pos    314  neg   8,575  (or-resolved    30)
    HELA     known   5,931  pos  1,250  neg   4,681  (or-resolved   125)
    A375     known   2,509  pos  1,094  neg   1,415  (or-resolved     6)
    293T     known   2,438  pos    326  neg   2,112  (or-resolved    36)
    PC9      known   1,014  pos     68  neg     946  (or-resolved     0)
    OTHER    known  27,002  pos  8,721  neg  18,281  (or-resolved   107)
Loaded raw tensors for 19397 genes
Loaded 22166 positive SL pairs
SL pairs involve 5257 unique genes
============================================================
Siamese SL Training
Model: siamese
CV Type: cv1
Folds: 5
============================================================

Generating CV1 splits (edge-based, multi-label)...
  Fold 1: train 92,786 pairs/148,298 labels  val 10,309 pairs/16,486 labels  test 25,775 pairs/41,058 labels
  Fold 2: train 92,787 pairs/148,217 labels  val 10,309 pairs/16,456 labels  test 25,774 pairs/41,169 labels
  Fold 3: train 92,787 pairs/148,030 labels  val 10,309 pairs/16,471 labels  test 25,774 pairs/41,341 labels
  Fold 4: train 92,787 pairs/148,273 labels  val 10,309 pairs/16,515 labels  test 25,774 pairs/41,054 labels
  Fold 5: train 92,788 pairs/148,187 labels  val 10,309 pairs/16,435 labels  test 25,773 pairs/41,220 labels

============================================================
Training Fold 1
============================================================

[fold 0] fitting preprocessing [method=plain: mean → col-standardize+SVD → mean/std; scope=train]
  Fit subset: 18162/19397 rows (93.6%)
  [ppi_svd] 256d, 19397 genes, 3467 missing
    mean-imputed 3467/19397 genes (887552 NaN cells; locations fit on 18162 fit rows)
[fold 0] fold embeddings: (19397, 256)
Fold 1 input_dim: 256
  Trainable parameters: 6,689 (total 6,689) [SiameseSLMultiCell]
  Fold stamp: genes 42ff034debb48f84 all_pos 20be58a407d6aa9a meta 15e1a39cf91a5615
  L1 λ=0.01 for encoder.hidden_blocks.0.0.weight
  L1 λ=0.0075 for encoder.hidden_blocks.1.0.weight
  L1 λ=0.005 for encoder.hidden_blocks.2.0.weight
  L1 λ=0.004 for encoder.hidden_blocks.3.0.weight
  L1 λ=0.0025 for encoder.hidden_blocks.4.0.weight
  L1 λ=0.0015 for encoder.hidden_blocks.5.0.weight
  L1 λ=0.001 for encoder.projection.weight

  cell-line metrics  [baseline | raw AUPR | norm AUPR | AUPRG]
    strat : 0.112 | 0.735 | 0.702 | 0.977   <- AUPRG selects
    any   : 0.172 | 0.718 | 0.659 | 0.944   (AUROC 0.866)
    macro : 0.168 | 0.465 | 0.412 | 0.357   (per-line avg)
    K562   : 0.093 | 0.666 | 0.632 | 0.975
    JURKAT : 0.042 | 0.222 | 0.188 | 0.928
    A549   : 0.028 | 0.059 | 0.032 | 0.049
    HELA   : 0.190 | 0.694 | 0.622 | 0.925
    A375   : 0.478 | 0.962 | 0.926 | 0.980
    293T   : 0.125 | 0.148 | 0.027 | 0.358
    PC9    : 0.061 | 0.044 | -0.018 | -2.327
    OTHER  : 0.331 | 0.925 | 0.888 | 0.966

  cell-line metrics  [baseline | raw AUPR | norm AUPR | AUPRG]
    strat : 0.112 | 0.754 | 0.723 | 0.979   <- AUPRG selects
    any   : 0.172 | 0.736 | 0.682 | 0.949   (AUROC 0.876)
    macro : 0.168 | 0.481 | 0.429 | 0.640   (per-line avg)
    K562   : 0.093 | 0.680 | 0.647 | 0.976
    JURKAT : 0.042 | 0.248 | 0.215 | 0.941
    A549   : 0.028 | 0.055 | 0.028 | 0.672
    HELA   : 0.190 | 0.712 | 0.644 | 0.933
    A375   : 0.478 | 0.949 | 0.902 | 0.968
    293T   : 0.125 | 0.227 | 0.117 | 0.516
    PC9    : 0.061 | 0.052 | -0.010 | -0.853
    OTHER  : 0.331 | 0.927 | 0.890 | 0.970

  cell-line metrics  [baseline | raw AUPR | norm AUPR | AUPRG]
    strat : 0.112 | 0.773 | 0.745 | 0.983   <- AUPRG selects
    any   : 0.172 | 0.757 | 0.706 | 0.956   (AUROC 0.880)
    macro : 0.168 | 0.495 | 0.443 | 0.590   (per-line avg)
    K562   : 0.093 | 0.689 | 0.657 | 0.978
    JURKAT : 0.042 | 0.359 | 0.331 | 0.976
    A549   : 0.028 | 0.086 | 0.060 | 0.812
    HELA   : 0.190 | 0.735 | 0.673 | 0.944
    A375   : 0.478 | 0.935 | 0.876 | 0.966
    293T   : 0.125 | 0.161 | 0.041 | 0.269
    PC9    : 0.061 | 0.056 | -0.005 | -1.196
    OTHER  : 0.331 | 0.939 | 0.910 | 0.974

  cell-line metrics  [baseline | raw AUPR | norm AUPR | AUPRG]
    strat : 0.112 | 0.832 | 0.811 | 0.989   <- AUPRG selects
    any   : 0.172 | 0.753 | 0.702 | 0.954   (AUROC 0.891)
    macro : 0.168 | 0.554 | 0.513 | 0.623   (per-line avg)
    K562   : 0.093 | 0.749 | 0.723 | 0.986
    JURKAT : 0.042 | 0.559 | 0.539 | 0.992
    A549   : 0.028 | 0.105 | 0.079 | 0.887
    HELA   : 0.190 | 0.830 | 0.791 | 0.971
    A375   : 0.478 | 0.973 | 0.948 | 0.983
    293T   : 0.125 | 0.208 | 0.095 | 0.565
    PC9    : 0.061 | 0.050 | -0.012 | -1.386
    OTHER  : 0.331 | 0.961 | 0.942 | 0.986

Early stopping at epoch 450

  selected on val (auprg=0.9889 @ epoch 150); test scored once

Fold 1 Best (epoch 150): AUROC=0.9407, AUPR=0.8397, F1=0.7898
  Params: 6,640/6,689 nonzero | Weights: 6,159/6,208 nonzero (0.79% sparse)
    cell_emb.weight: 192/192 nonzero (0.0% sparse)
    encoder.hidden_blocks.0.0.weight: 4,465/4,480 nonzero (0.3% sparse)
    encoder.hidden_blocks.1.0.weight: 255/256 nonzero (0.4% sparse)
    encoder.hidden_blocks.2.0.weight: 255/256 nonzero (0.4% sparse)
    encoder.hidden_blocks.3.0.weight: 256/256 nonzero (0.0% sparse)
    encoder.hidden_blocks.4.0.weight: 256/256 nonzero (0.0% sparse)
    encoder.hidden_blocks.5.0.weight: 256/256 nonzero (0.0% sparse)
    encoder.projection.weight: 224/256 nonzero (12.5% sparse)
  [retrieval] index space: n=19397 num_genes=19397 num_p_genes=8844 (P-space differs from full space)
  Saved 8844x8844 shared-space score matrix -> fold_0_cv1_predictions.npy
  [retrieval] universe 19,397 genes (peers rank vs 8,844), 2,273 scored rows, 4,434 test-pos, 15,959 train-pos suppressed | fwd-check 1.72e-05 | NDCG@10 0.0280 NDCG@50 0.1002 R@50 0.2970 MAP@50 0.0348

============================================================
Training Fold 2
============================================================

[fold 1] fitting preprocessing [method=plain: mean → col-standardize+SVD → mean/std; scope=train]
  Fit subset: 18161/19397 rows (93.6%)
  [ppi_svd] 256d, 19397 genes, 3467 missing
    mean-imputed 3467/19397 genes (887552 NaN cells; locations fit on 18161 fit rows)
[fold 1] fold embeddings: (19397, 256)
Fold 2 input_dim: 256
  Trainable parameters: 6,689 (total 6,689) [SiameseSLMultiCell]
  Fold stamp: genes 42ff034debb48f84 all_pos 20be58a407d6aa9a meta 15e1a39cf91a5615
  L1 λ=0.01 for encoder.hidden_blocks.0.0.weight
  L1 λ=0.0075 for encoder.hidden_blocks.1.0.weight
  L1 λ=0.005 for encoder.hidden_blocks.2.0.weight
  L1 λ=0.004 for encoder.hidden_blocks.3.0.weight
  L1 λ=0.0025 for encoder.hidden_blocks.4.0.weight
  L1 λ=0.0015 for encoder.hidden_blocks.5.0.weight
  L1 λ=0.001 for encoder.projection.weight

  cell-line metrics  [baseline | raw AUPR | norm AUPR | AUPRG]
    strat : 0.112 | 0.748 | 0.716 | 0.979   <- AUPRG selects
    any   : 0.172 | 0.697 | 0.634 | 0.936   (AUROC 0.859)
    macro : 0.164 | 0.505 | 0.453 | 0.540   (per-line avg)
    K562   : 0.096 | 0.703 | 0.672 | 0.978
    JURKAT : 0.040 | 0.247 | 0.216 | 0.946
    A549   : 0.047 | 0.170 | 0.129 | 0.843
    HELA   : 0.195 | 0.777 | 0.723 | 0.952
    A375   : 0.410 | 0.975 | 0.957 | 0.982
    293T   : 0.156 | 0.218 | 0.073 | -0.133
    PC9    : 0.051 | 0.040 | -0.012 | -1.207
    OTHER  : 0.320 | 0.910 | 0.868 | 0.962

  cell-line metrics  [baseline | raw AUPR | norm AUPR | AUPRG]
    strat : 0.112 | 0.762 | 0.732 | 0.981   <- AUPRG selects
    any   : 0.172 | 0.724 | 0.667 | 0.947   (AUROC 0.877)
    macro : 0.164 | 0.508 | 0.455 | 0.693   (per-line avg)
    K562   : 0.096 | 0.714 | 0.684 | 0.980
    JURKAT : 0.040 | 0.264 | 0.233 | 0.956
    A549   : 0.047 | 0.186 | 0.146 | 0.736
    HELA   : 0.195 | 0.763 | 0.706 | 0.947
    A375   : 0.410 | 0.957 | 0.927 | 0.969
    293T   : 0.156 | 0.214 | 0.069 | 0.018
    PC9    : 0.051 | 0.050 | -0.001 | -0.031
    OTHER  : 0.320 | 0.918 | 0.879 | 0.968

  cell-line metrics  [baseline | raw AUPR | norm AUPR | AUPRG]
    strat : 0.112 | 0.774 | 0.745 | 0.983   <- AUPRG selects
    any   : 0.172 | 0.723 | 0.666 | 0.947   (AUROC 0.876)
    macro : 0.164 | 0.501 | 0.440 | 0.636   (per-line avg)
    K562   : 0.096 | 0.719 | 0.689 | 0.980
    JURKAT : 0.040 | 0.341 | 0.314 | 0.971
    A549   : 0.047 | 0.163 | 0.122 | 0.808
    HELA   : 0.195 | 0.782 | 0.729 | 0.954
    A375   : 0.410 | 0.844 | 0.736 | 0.929
    293T   : 0.156 | 0.196 | 0.047 | 0.368
    PC9    : 0.051 | 0.039 | -0.013 | -0.894
    OTHER  : 0.320 | 0.927 | 0.892 | 0.972

  cell-line metrics  [baseline | raw AUPR | norm AUPR | AUPRG]
    strat : 0.112 | 0.831 | 0.810 | 0.989   <- AUPRG selects
    any   : 0.172 | 0.753 | 0.702 | 0.954   (AUROC 0.900)
    macro : 0.164 | 0.583 | 0.542 | 0.657   (per-line avg)
    K562   : 0.096 | 0.765 | 0.740 | 0.986
    JURKAT : 0.040 | 0.572 | 0.554 | 0.993
    A549   : 0.047 | 0.217 | 0.179 | 0.811
    HELA   : 0.195 | 0.891 | 0.864 | 0.982
    A375   : 0.410 | 0.993 | 0.988 | 0.997
    293T   : 0.156 | 0.240 | 0.099 | 0.490
    PC9    : 0.051 | 0.040 | -0.012 | -0.988
    OTHER  : 0.320 | 0.950 | 0.926 | 0.983

Early stopping at epoch 450

  selected on val (auprg=0.9890 @ epoch 150); test scored once

Fold 2 Best (epoch 150): AUROC=0.9344, AUPR=0.8253, F1=0.7697
  Params: 6,650/6,689 nonzero | Weights: 6,169/6,208 nonzero (0.63% sparse)
    cell_emb.weight: 192/192 nonzero (0.0% sparse)
    encoder.hidden_blocks.0.0.weight: 4,459/4,480 nonzero (0.5% sparse)
    encoder.hidden_blocks.1.0.weight: 254/256 nonzero (0.8% sparse)
    encoder.hidden_blocks.2.0.weight: 256/256 nonzero (0.0% sparse)
    encoder.hidden_blocks.3.0.weight: 256/256 nonzero (0.0% sparse)
    encoder.hidden_blocks.4.0.weight: 256/256 nonzero (0.0% sparse)
    encoder.hidden_blocks.5.0.weight: 256/256 nonzero (0.0% sparse)
    encoder.projection.weight: 240/256 nonzero (6.2% sparse)
  [retrieval] index space: n=19397 num_genes=19397 num_p_genes=8844 (P-space differs from full space)
  Saved 8844x8844 shared-space score matrix -> fold_1_cv1_predictions.npy
  [retrieval] universe 19,397 genes (peers rank vs 8,844), 2,243 scored rows, 4,433 test-pos, 15,960 train-pos suppressed | fwd-check 3.43e-05 | NDCG@10 0.0454 NDCG@50 0.1364 R@50 0.4020 MAP@50 0.0508

============================================================
Training Fold 3
============================================================

[fold 2] fitting preprocessing [method=plain: mean → col-standardize+SVD → mean/std; scope=train]
  Fit subset: 18181/19397 rows (93.7%)
  [ppi_svd] 256d, 19397 genes, 3467 missing
    mean-imputed 3467/19397 genes (887552 NaN cells; locations fit on 18181 fit rows)
[fold 2] fold embeddings: (19397, 256)
Fold 3 input_dim: 256
  Trainable parameters: 6,689 (total 6,689) [SiameseSLMultiCell]
  Fold stamp: genes 42ff034debb48f84 all_pos 20be58a407d6aa9a meta 15e1a39cf91a5615
  L1 λ=0.01 for encoder.hidden_blocks.0.0.weight
  L1 λ=0.0075 for encoder.hidden_blocks.1.0.weight
  L1 λ=0.005 for encoder.hidden_blocks.2.0.weight
  L1 λ=0.004 for encoder.hidden_blocks.3.0.weight
  L1 λ=0.0025 for encoder.hidden_blocks.4.0.weight
  L1 λ=0.0015 for encoder.hidden_blocks.5.0.weight
  L1 λ=0.001 for encoder.projection.weight

  cell-line metrics  [baseline | raw AUPR | norm AUPR | AUPRG]
    strat : 0.112 | 0.728 | 0.693 | 0.976   <- AUPRG selects
    any   : 0.172 | 0.716 | 0.657 | 0.943   (AUROC 0.855)
    macro : 0.165 | 0.471 | 0.416 | 0.601   (per-line avg)
    K562   : 0.095 | 0.637 | 0.599 | 0.969
    JURKAT : 0.041 | 0.257 | 0.225 | 0.942
    A549   : 0.047 | 0.081 | 0.036 | 0.437
    HELA   : 0.220 | 0.711 | 0.630 | 0.903
    A375   : 0.410 | 0.970 | 0.950 | 0.969
    293T   : 0.134 | 0.116 | -0.021 | -0.235
    PC9    : 0.053 | 0.055 | 0.003 | -0.157
    OTHER  : 0.320 | 0.938 | 0.909 | 0.977

  cell-line metrics  [baseline | raw AUPR | norm AUPR | AUPRG]
    strat : 0.112 | 0.748 | 0.717 | 0.979   <- AUPRG selects
    any   : 0.172 | 0.713 | 0.653 | 0.943   (AUROC 0.864)
    macro : 0.165 | 0.487 | 0.436 | 0.715   (per-line avg)
    K562   : 0.095 | 0.677 | 0.643 | 0.975
    JURKAT : 0.041 | 0.247 | 0.214 | 0.945
    A549   : 0.047 | 0.076 | 0.031 | 0.262
    HELA   : 0.220 | 0.756 | 0.687 | 0.929
    A375   : 0.410 | 0.977 | 0.961 | 0.979
    293T   : 0.134 | 0.161 | 0.031 | 0.244
    PC9    : 0.053 | 0.072 | 0.020 | 0.413
    OTHER  : 0.320 | 0.934 | 0.903 | 0.974

  cell-line metrics  [baseline | raw AUPR | norm AUPR | AUPRG]
    strat : 0.112 | 0.772 | 0.743 | 0.982   <- AUPRG selects
    any   : 0.172 | 0.731 | 0.676 | 0.946   (AUROC 0.867)
    macro : 0.165 | 0.502 | 0.453 | 0.577   (per-line avg)
    K562   : 0.095 | 0.693 | 0.661 | 0.976
    JURKAT : 0.041 | 0.352 | 0.324 | 0.972
    A549   : 0.047 | 0.071 | 0.026 | 0.213
    HELA   : 0.220 | 0.789 | 0.730 | 0.941
    A375   : 0.410 | 0.975 | 0.958 | 0.981
    293T   : 0.134 | 0.123 | -0.012 | -0.383
    PC9    : 0.053 | 0.070 | 0.019 | -0.063
    OTHER  : 0.320 | 0.943 | 0.916 | 0.979

  cell-line metrics  [baseline | raw AUPR | norm AUPR | AUPRG]
    strat : 0.112 | 0.828 | 0.806 | 0.988   <- AUPRG selects
    any   : 0.172 | 0.749 | 0.697 | 0.953   (AUROC 0.878)
    macro : 0.165 | 0.565 | 0.524 | 0.659   (per-line avg)
    K562   : 0.095 | 0.743 | 0.716 | 0.984
    JURKAT : 0.041 | 0.577 | 0.559 | 0.992
    A549   : 0.047 | 0.170 | 0.129 | 0.863
    HELA   : 0.220 | 0.866 | 0.828 | 0.968
    A375   : 0.410 | 0.997 | 0.996 | 0.999
    293T   : 0.134 | 0.145 | 0.012 | 0.063
    PC9    : 0.053 | 0.054 | 0.002 | -0.587
    OTHER  : 0.320 | 0.966 | 0.951 | 0.988

Early stopping at epoch 450

  selected on val (auprg=0.9882 @ epoch 150); test scored once

Fold 3 Best (epoch 150): AUROC=0.9368, AUPR=0.8297, F1=0.7765
  Params: 6,630/6,689 nonzero | Weights: 6,149/6,208 nonzero (0.95% sparse)
    cell_emb.weight: 192/192 nonzero (0.0% sparse)
    encoder.hidden_blocks.0.0.weight: 4,453/4,480 nonzero (0.6% sparse)
    encoder.hidden_blocks.1.0.weight: 256/256 nonzero (0.0% sparse)
    encoder.hidden_blocks.2.0.weight: 256/256 nonzero (0.0% sparse)
    encoder.hidden_blocks.3.0.weight: 256/256 nonzero (0.0% sparse)
    encoder.hidden_blocks.4.0.weight: 256/256 nonzero (0.0% sparse)
    encoder.hidden_blocks.5.0.weight: 256/256 nonzero (0.0% sparse)
    encoder.projection.weight: 224/256 nonzero (12.5% sparse)
  [retrieval] index space: n=19397 num_genes=19397 num_p_genes=8844 (P-space differs from full space)
  Saved 8844x8844 shared-space score matrix -> fold_2_cv1_predictions.npy
  [retrieval] universe 19,397 genes (peers rank vs 8,844), 2,197 scored rows, 4,433 test-pos, 15,960 train-pos suppressed | fwd-check 1.53e-05 | NDCG@10 0.0639 NDCG@50 0.1301 R@50 0.3179 MAP@50 0.0638

============================================================
Training Fold 4
============================================================

[fold 3] fitting preprocessing [method=plain: mean → col-standardize+SVD → mean/std; scope=train]
  Fit subset: 18132/19397 rows (93.5%)
  [ppi_svd] 256d, 19397 genes, 3467 missing
    mean-imputed 3467/19397 genes (887552 NaN cells; locations fit on 18132 fit rows)
[fold 3] fold embeddings: (19397, 256)
Fold 4 input_dim: 256
  Trainable parameters: 6,689 (total 6,689) [SiameseSLMultiCell]
  Fold stamp: genes 42ff034debb48f84 all_pos 20be58a407d6aa9a meta 15e1a39cf91a5615
  L1 λ=0.01 for encoder.hidden_blocks.0.0.weight
  L1 λ=0.0075 for encoder.hidden_blocks.1.0.weight
  L1 λ=0.005 for encoder.hidden_blocks.2.0.weight
  L1 λ=0.004 for encoder.hidden_blocks.3.0.weight
  L1 λ=0.0025 for encoder.hidden_blocks.4.0.weight
  L1 λ=0.0015 for encoder.hidden_blocks.5.0.weight
  L1 λ=0.001 for encoder.projection.weight

  cell-line metrics  [baseline | raw AUPR | norm AUPR | AUPRG]
    strat : 0.112 | 0.728 | 0.693 | 0.976   <- AUPRG selects
    any   : 0.172 | 0.711 | 0.650 | 0.942   (AUROC 0.869)
    macro : 0.157 | 0.447 | 0.386 | 0.766   (per-line avg)
    K562   : 0.094 | 0.669 | 0.634 | 0.974
    JURKAT : 0.042 | 0.189 | 0.154 | 0.909
    A549   : 0.045 | 0.114 | 0.072 | 0.555
    HELA   : 0.174 | 0.523 | 0.423 | 0.830
    A375   : 0.387 | 0.899 | 0.835 | 0.951
    293T   : 0.147 | 0.207 | 0.070 | 0.403
    PC9    : 0.039 | 0.050 | 0.011 | 0.533
    OTHER  : 0.325 | 0.926 | 0.891 | 0.972

  cell-line metrics  [baseline | raw AUPR | norm AUPR | AUPRG]
    strat : 0.112 | 0.744 | 0.712 | 0.978   <- AUPRG selects
    any   : 0.172 | 0.722 | 0.664 | 0.945   (AUROC 0.865)
    macro : 0.157 | 0.464 | 0.409 | 0.644   (per-line avg)
    K562   : 0.094 | 0.689 | 0.656 | 0.975
    JURKAT : 0.042 | 0.213 | 0.178 | 0.926
    A549   : 0.045 | 0.129 | 0.088 | 0.687
    HELA   : 0.174 | 0.613 | 0.531 | 0.904
    A375   : 0.387 | 0.937 | 0.897 | 0.968
    293T   : 0.147 | 0.158 | 0.013 | -0.214
    PC9    : 0.039 | 0.039 | -0.000 | -0.064
    OTHER  : 0.325 | 0.936 | 0.905 | 0.973

  cell-line metrics  [baseline | raw AUPR | norm AUPR | AUPRG]
    strat : 0.112 | 0.761 | 0.730 | 0.981   <- AUPRG selects
    any   : 0.172 | 0.714 | 0.654 | 0.941   (AUROC 0.870)
    macro : 0.157 | 0.498 | 0.449 | 0.761   (per-line avg)
    K562   : 0.094 | 0.702 | 0.671 | 0.978
    JURKAT : 0.042 | 0.266 | 0.234 | 0.945
    A549   : 0.045 | 0.119 | 0.077 | 0.502
    HELA   : 0.174 | 0.659 | 0.587 | 0.924
    A375   : 0.387 | 0.963 | 0.940 | 0.983
    293T   : 0.147 | 0.287 | 0.164 | 0.586
    PC9    : 0.039 | 0.048 | 0.009 | 0.199
    OTHER  : 0.325 | 0.938 | 0.908 | 0.975

  cell-line metrics  [baseline | raw AUPR | norm AUPR | AUPRG]
    strat : 0.112 | 0.805 | 0.780 | 0.985   <- AUPRG selects
    any   : 0.172 | 0.725 | 0.668 | 0.944   (AUROC 0.877)
    macro : 0.157 | 0.537 | 0.490 | 0.808   (per-line avg)
    K562   : 0.094 | 0.736 | 0.708 | 0.983
    JURKAT : 0.042 | 0.483 | 0.460 | 0.988
    A549   : 0.045 | 0.152 | 0.112 | 0.817
    HELA   : 0.174 | 0.729 | 0.671 | 0.948
    A375   : 0.387 | 0.934 | 0.892 | 0.970
    293T   : 0.147 | 0.259 | 0.132 | 0.480
    PC9    : 0.039 | 0.052 | 0.013 | 0.298
    OTHER  : 0.325 | 0.954 | 0.932 | 0.983

  cell-line metrics  [baseline | raw AUPR | norm AUPR | AUPRG]
    strat : 0.112 | 0.808 | 0.783 | 0.986   <- AUPRG selects
    any   : 0.172 | 0.759 | 0.709 | 0.954   (AUROC 0.879)
    macro : 0.157 | 0.573 | 0.531 | 0.925   (per-line avg)
    K562   : 0.094 | 0.735 | 0.708 | 0.982
    JURKAT : 0.042 | 0.490 | 0.468 | 0.988
    A549   : 0.045 | 0.239 | 0.203 | 0.920
    HELA   : 0.174 | 0.721 | 0.662 | 0.947
    A375   : 0.387 | 0.938 | 0.899 | 0.969
    293T   : 0.147 | 0.415 | 0.315 | 0.809
    PC9    : 0.039 | 0.094 | 0.057 | 0.803
    OTHER  : 0.325 | 0.956 | 0.935 | 0.983

Early stopping at epoch 630

  selected on val (auprg=0.9861 @ epoch 330); test scored once

Fold 4 Best (epoch 330): AUROC=0.9360, AUPR=0.8265, F1=0.7715
  Params: 6,496/6,689 nonzero | Weights: 6,015/6,208 nonzero (3.11% sparse)
    cell_emb.weight: 192/192 nonzero (0.0% sparse)
    encoder.hidden_blocks.0.0.weight: 4,378/4,480 nonzero (2.3% sparse)
    encoder.hidden_blocks.1.0.weight: 251/256 nonzero (2.0% sparse)
    encoder.hidden_blocks.2.0.weight: 254/256 nonzero (0.8% sparse)
    encoder.hidden_blocks.3.0.weight: 253/256 nonzero (1.2% sparse)
    encoder.hidden_blocks.4.0.weight: 256/256 nonzero (0.0% sparse)
    encoder.hidden_blocks.5.0.weight: 256/256 nonzero (0.0% sparse)
    encoder.projection.weight: 175/256 nonzero (31.6% sparse)
  [retrieval] index space: n=19397 num_genes=19397 num_p_genes=8844 (P-space differs from full space)
  Saved 8844x8844 shared-space score matrix -> fold_3_cv1_predictions.npy
  [retrieval] universe 19,397 genes (peers rank vs 8,844), 2,275 scored rows, 4,433 test-pos, 15,960 train-pos suppressed | fwd-check 1.34e-05 | NDCG@10 0.0477 NDCG@50 0.1652 R@50 0.4985 MAP@50 0.0571

============================================================
Training Fold 5
============================================================

[fold 4] fitting preprocessing [method=plain: mean → col-standardize+SVD → mean/std; scope=train]
  Fit subset: 18216/19397 rows (93.9%)
  [ppi_svd] 256d, 19397 genes, 3467 missing
    mean-imputed 3467/19397 genes (887552 NaN cells; locations fit on 18216 fit rows)
[fold 4] fold embeddings: (19397, 256)
Fold 5 input_dim: 256
  Trainable parameters: 6,689 (total 6,689) [SiameseSLMultiCell]
  Fold stamp: genes 42ff034debb48f84 all_pos 20be58a407d6aa9a meta 15e1a39cf91a5615
  L1 λ=0.01 for encoder.hidden_blocks.0.0.weight
  L1 λ=0.0075 for encoder.hidden_blocks.1.0.weight
  L1 λ=0.005 for encoder.hidden_blocks.2.0.weight
  L1 λ=0.004 for encoder.hidden_blocks.3.0.weight
  L1 λ=0.0025 for encoder.hidden_blocks.4.0.weight
  L1 λ=0.0015 for encoder.hidden_blocks.5.0.weight
  L1 λ=0.001 for encoder.projection.weight

  cell-line metrics  [baseline | raw AUPR | norm AUPR | AUPRG]
    strat : 0.112 | 0.734 | 0.700 | 0.976   <- AUPRG selects
    any   : 0.172 | 0.700 | 0.637 | 0.935   (AUROC 0.850)
    macro : 0.164 | 0.491 | 0.431 | 0.749   (per-line avg)
    K562   : 0.094 | 0.691 | 0.659 | 0.977
    JURKAT : 0.043 | 0.189 | 0.152 | 0.909
    A549   : 0.043 | 0.111 | 0.071 | 0.522
    HELA   : 0.211 | 0.681 | 0.596 | 0.904
    A375   : 0.383 | 0.905 | 0.846 | 0.957
    293T   : 0.146 | 0.144 | -0.002 | -0.124
    PC9    : 0.071 | 0.275 | 0.220 | 0.877
    OTHER  : 0.323 | 0.933 | 0.901 | 0.972

  cell-line metrics  [baseline | raw AUPR | norm AUPR | AUPRG]
    strat : 0.112 | 0.734 | 0.701 | 0.976   <- AUPRG selects
    any   : 0.172 | 0.724 | 0.667 | 0.946   (AUROC 0.862)
    macro : 0.164 | 0.498 | 0.443 | 0.750   (per-line avg)
    K562   : 0.094 | 0.674 | 0.640 | 0.975
    JURKAT : 0.043 | 0.213 | 0.178 | 0.919
    A549   : 0.043 | 0.072 | 0.031 | 0.359
    HELA   : 0.211 | 0.615 | 0.512 | 0.869
    A375   : 0.383 | 0.994 | 0.990 | 0.997
    293T   : 0.146 | 0.143 | -0.003 | -0.027
    PC9    : 0.071 | 0.337 | 0.286 | 0.930
    OTHER  : 0.323 | 0.936 | 0.906 | 0.975

  cell-line metrics  [baseline | raw AUPR | norm AUPR | AUPRG]
    strat : 0.112 | 0.757 | 0.726 | 0.979   <- AUPRG selects
    any   : 0.172 | 0.763 | 0.714 | 0.958   (AUROC 0.892)
    macro : 0.164 | 0.527 | 0.473 | 0.792   (per-line avg)
    K562   : 0.094 | 0.714 | 0.684 | 0.980
    JURKAT : 0.043 | 0.284 | 0.252 | 0.957
    A549   : 0.043 | 0.097 | 0.057 | 0.501
    HELA   : 0.211 | 0.652 | 0.559 | 0.887
    A375   : 0.383 | 0.970 | 0.951 | 0.982
    293T   : 0.146 | 0.160 | 0.017 | 0.144
    PC9    : 0.071 | 0.384 | 0.338 | 0.900
    OTHER  : 0.323 | 0.951 | 0.927 | 0.981

  cell-line metrics  [baseline | raw AUPR | norm AUPR | AUPRG]
    strat : 0.112 | 0.771 | 0.742 | 0.982   <- AUPRG selects
    any   : 0.172 | 0.761 | 0.711 | 0.956   (AUROC 0.891)
    macro : 0.164 | 0.521 | 0.464 | 0.822   (per-line avg)
    K562   : 0.094 | 0.716 | 0.687 | 0.981
    JURKAT : 0.043 | 0.363 | 0.334 | 0.972
    A549   : 0.043 | 0.126 | 0.087 | 0.670
    HELA   : 0.211 | 0.640 | 0.544 | 0.881
    A375   : 0.383 | 0.939 | 0.901 | 0.968
    293T   : 0.146 | 0.175 | 0.034 | 0.246
    PC9    : 0.071 | 0.268 | 0.213 | 0.879
    OTHER  : 0.323 | 0.942 | 0.915 | 0.977

  cell-line metrics  [baseline | raw AUPR | norm AUPR | AUPRG]
    strat : 0.112 | 0.821 | 0.799 | 0.987   <- AUPRG selects
    any   : 0.172 | 0.773 | 0.725 | 0.960   (AUROC 0.899)
    macro : 0.164 | 0.603 | 0.560 | 0.894   (per-line avg)
    K562   : 0.094 | 0.762 | 0.737 | 0.987
    JURKAT : 0.043 | 0.551 | 0.530 | 0.991
    A549   : 0.043 | 0.169 | 0.132 | 0.864
    HELA   : 0.211 | 0.773 | 0.712 | 0.938
    A375   : 0.383 | 0.998 | 0.997 | 0.999
    293T   : 0.146 | 0.216 | 0.082 | 0.472
    PC9    : 0.071 | 0.390 | 0.343 | 0.911
    OTHER  : 0.323 | 0.963 | 0.946 | 0.988

  cell-line metrics  [baseline | raw AUPR | norm AUPR | AUPRG]
    strat : 0.112 | 0.819 | 0.796 | 0.987   <- AUPRG selects
    any   : 0.172 | 0.760 | 0.710 | 0.955   (AUROC 0.875)
    macro : 0.164 | 0.599 | 0.557 | 0.906   (per-line avg)
    K562   : 0.094 | 0.753 | 0.728 | 0.985
    JURKAT : 0.043 | 0.488 | 0.465 | 0.985
    A549   : 0.043 | 0.248 | 0.214 | 0.882
    HELA   : 0.211 | 0.803 | 0.751 | 0.951
    A375   : 0.383 | 0.982 | 0.971 | 0.983
    293T   : 0.146 | 0.306 | 0.188 | 0.666
    PC9    : 0.071 | 0.247 | 0.190 | 0.804
    OTHER  : 0.323 | 0.966 | 0.950 | 0.987

Early stopping at epoch 630

  selected on val (auprg=0.9874 @ epoch 330); test scored once

Fold 5 Best (epoch 330): AUROC=0.9284, AUPR=0.8117, F1=0.7561
  Params: 6,560/6,689 nonzero | Weights: 6,079/6,208 nonzero (2.08% sparse)
    cell_emb.weight: 192/192 nonzero (0.0% sparse)
    encoder.hidden_blocks.0.0.weight: 4,418/4,480 nonzero (1.4% sparse)
    encoder.hidden_blocks.1.0.weight: 255/256 nonzero (0.4% sparse)
    encoder.hidden_blocks.2.0.weight: 255/256 nonzero (0.4% sparse)
    encoder.hidden_blocks.3.0.weight: 255/256 nonzero (0.4% sparse)
    encoder.hidden_blocks.4.0.weight: 256/256 nonzero (0.0% sparse)
    encoder.hidden_blocks.5.0.weight: 256/256 nonzero (0.0% sparse)
    encoder.projection.weight: 192/256 nonzero (25.0% sparse)
  [retrieval] index space: n=19397 num_genes=19397 num_p_genes=8844 (P-space differs from full space)
  Saved 8844x8844 shared-space score matrix -> fold_4_cv1_predictions.npy
  [retrieval] universe 19,397 genes (peers rank vs 8,844), 2,170 scored rows, 4,433 test-pos, 15,960 train-pos suppressed | fwd-check 1.38e-05 | NDCG@10 0.0453 NDCG@50 0.1313 R@50 0.4046 MAP@50 0.0449

============================================================
Cross-Validation Results: CV1 (edge-based)
============================================================

Fold        AUROC       AUPR         F1
----------------------------------------
1          0.9407     0.8397     0.7898
2          0.9344     0.8253     0.7697
3          0.9368     0.8297     0.7765
4          0.9360     0.8265     0.7715
5          0.9284     0.8117     0.7561
----------------------------------------
Mean       0.9352     0.8266     0.7727
Std        0.0040     0.0090     0.0109

============================================================
Summary:
  AUROC: 0.9352 ± 0.0040
  AUPR:  0.8266 ± 0.0090
  F1:    0.7727 ± 0.0109
  Params: 6,595/6,689 nonzero (weight sparsity: 1.51%)
============================================================

Cell-line metrics (mean over folds):
  STRATIFIED (pooled per-cell-line obs; SELECTION basis):
    baseline(pi) 0.1122  AUPR 0.8266  normAUPR 0.8047  AUPRG 0.9883  AUROC 0.9352
  GLOBAL (SL in any cell line; one-time headline):
    AUPRG 0.9537 ± 0.0022   AUPR 0.7563   AUROC 0.8869
  PER-LINE macro (equal weight/line; diagnostic):
    AUPRG 0.8195  AUPR 0.5710
  RETRIEVAL (rank vs the whole 19,397-gene universe; peers rank vs 8,844 -- NOT strictly comparable):
    NDCG@10 0.0461  NDCG@50 0.1326  R@50 0.3840  MAP@50 0.0503

Results saved to results/pcavar0.8_ppi_svd_cv1

SUCCESS: ppi_svd / cv1  (PCA=0.8)
  AUROC=0.9352 +/- 0.0040  AUPRG=0.9883 +/- 0.0008  Params=6,595/6,689 (1.5% sparse)
  Completed at: Fri Aug 28 01:43:03 EDT 2026
