============================================================================
Job: bestcat_emb | ID: 1177291 | Node: gpu3
Array task: 43 (of job 1166079)
Start: Fri Aug 28 02:46:59 EDT 2026
NVIDIA L40, 46068 MiB, 651 MiB
NVIDIA L40, 46068 MiB, 0 MiB
NVIDIA L40, 46068 MiB, 593 MiB
NVIDIA L40, 46068 MiB, 613 MiB
============================================================================

Task 43: mashup (ppi) / cv2  [PCA=0.8]
  Embedding: /ddn_exa/campbell/kaiyang/SLMGAE-pytorch/data/all_genes_mashup.pt

Cleaning previous results: results/pcavar0.8_mashup_cv2
Training: mashup / cv2  (PCA=0.8)
  Output: results/pcavar0.8_mashup_cv2
  Config: encoder=[16 16 16 16 16 16 16], epochs=2000, patience=10

Using GPU: NVIDIA L40

Loading 1 modality file(s) [raw, preprocessing deferred to per-fold fit]:
Cell-line conditioning: ENABLED (masked multi-label, 8 heads)
    labeled pairs: 128,870 over 8,844 genes (dropped 0 with no known head)
    same-head SL/non-SL conflicts resolved by OR (label=SL): 1,876 pairs -> 2,171 head-cells [JURKAT 1,461, K562 406, HELA 125, OTHER 107, 293T 36, A549 30, A375 6]
    K562     known  91,937  pos  8,705  neg  83,232  (or-resolved   406)
    JURKAT   known  66,122  pos  2,617  neg  63,505  (or-resolved 1,461)
    A549     known   8,889  pos    314  neg   8,575  (or-resolved    30)
    HELA     known   5,931  pos  1,250  neg   4,681  (or-resolved   125)
    A375     known   2,509  pos  1,094  neg   1,415  (or-resolved     6)
    293T     known   2,438  pos    326  neg   2,112  (or-resolved    36)
    PC9      known   1,014  pos     68  neg     946  (or-resolved     0)
    OTHER    known  27,002  pos  8,721  neg  18,281  (or-resolved   107)
Loaded raw tensors for 19397 genes
Loaded 22166 positive SL pairs
SL pairs involve 5257 unique genes
============================================================
Siamese SL Training
Model: siamese
CV Type: cv2
Folds: 5
============================================================

Generating CV2 splits (gene-based, multi-label)...
  Fold 1: train 68,530 pairs/109,228 labels  val 14,587 pairs/23,646 labels  test 45,753 pairs/72,968 labels
  Fold 2: train 63,092 pairs/101,706 labels  val 17,148 pairs/27,411 labels  test 48,630 pairs/76,725 labels
  Fold 3: train 63,695 pairs/102,423 labels  val 14,637 pairs/21,396 labels  test 50,538 pairs/82,023 labels
  Fold 4: train 68,487 pairs/110,473 labels  val 18,571 pairs/28,710 labels  test 41,812 pairs/66,659 labels
  Fold 5: train 67,523 pairs/109,717 labels  val 16,097 pairs/23,942 labels  test 45,250 pairs/72,183 labels

============================================================
Training Fold 1
============================================================

[fold 0] fitting preprocessing [method=plain: mean → col-standardize+SVD → mean/std; scope=train]
  Fit subset: 16394/19397 rows (84.5%)
  [mashup] 500d, 19397 genes, 3467 missing
    mean-imputed 3467/19397 genes (1733500 NaN cells; locations fit on 16394 fit rows)
[fold 0] fold embeddings: (19397, 500)
Fold 1 input_dim: 500
  Trainable parameters: 10,837 (total 10,837) [SiameseSLMultiCell]
  Fold stamp: genes 42ff034debb48f84 all_pos 20be58a407d6aa9a meta 15e1a39cf91a5615
  L1 λ=0.01 for encoder.hidden_blocks.0.0.weight
  L1 λ=0.0075 for encoder.hidden_blocks.1.0.weight
  L1 λ=0.005 for encoder.hidden_blocks.2.0.weight
  L1 λ=0.004 for encoder.hidden_blocks.3.0.weight
  L1 λ=0.0025 for encoder.hidden_blocks.4.0.weight
  L1 λ=0.0015 for encoder.hidden_blocks.5.0.weight
  L1 λ=0.001 for encoder.projection.weight

  cell-line metrics  [baseline | raw AUPR | norm AUPR | AUPRG]
    strat : 0.122 | 0.691 | 0.648 | 0.961   <- AUPRG selects
    any   : 0.190 | 0.660 | 0.580 | 0.902   (AUROC 0.806)
    macro : 0.157 | 0.447 | 0.390 | 0.339   (per-line avg)
    K562   : 0.124 | 0.758 | 0.724 | 0.975
    JURKAT : 0.056 | 0.070 | 0.015 | 0.324
    A549   : 0.030 | 0.022 | -0.008 | -1.318
    HELA   : 0.218 | 0.699 | 0.615 | 0.905
    A375   : 0.373 | 0.934 | 0.895 | 0.972
    293T   : 0.118 | 0.175 | 0.064 | 0.222
    PC9    : 0.056 | 0.052 | -0.005 | -0.321
    OTHER  : 0.281 | 0.870 | 0.819 | 0.953

  cell-line metrics  [baseline | raw AUPR | norm AUPR | AUPRG]
    strat : 0.122 | 0.694 | 0.651 | 0.961   <- AUPRG selects
    any   : 0.190 | 0.667 | 0.588 | 0.910   (AUROC 0.818)
    macro : 0.157 | 0.471 | 0.422 | 0.548   (per-line avg)
    K562   : 0.124 | 0.739 | 0.702 | 0.969
    JURKAT : 0.056 | 0.071 | 0.016 | 0.376
    A549   : 0.030 | 0.053 | 0.024 | -0.213
    HELA   : 0.218 | 0.807 | 0.754 | 0.951
    A375   : 0.373 | 0.988 | 0.981 | 0.994
    293T   : 0.118 | 0.174 | 0.063 | 0.416
    PC9    : 0.056 | 0.059 | 0.003 | -0.068
    OTHER  : 0.281 | 0.878 | 0.830 | 0.955

  cell-line metrics  [baseline | raw AUPR | norm AUPR | AUPRG]
    strat : 0.122 | 0.711 | 0.671 | 0.967   <- AUPRG selects
    any   : 0.190 | 0.649 | 0.567 | 0.899   (AUROC 0.804)
    macro : 0.157 | 0.461 | 0.408 | 0.547   (per-line avg)
    K562   : 0.124 | 0.769 | 0.737 | 0.977
    JURKAT : 0.056 | 0.085 | 0.030 | 0.510
    A549   : 0.030 | 0.033 | 0.004 | -0.057
    HELA   : 0.218 | 0.750 | 0.680 | 0.923
    A375   : 0.373 | 0.951 | 0.921 | 0.987
    293T   : 0.118 | 0.167 | 0.055 | 0.309
    PC9    : 0.056 | 0.052 | -0.004 | -0.233
    OTHER  : 0.281 | 0.885 | 0.840 | 0.960

  cell-line metrics  [baseline | raw AUPR | norm AUPR | AUPRG]
    strat : 0.122 | 0.743 | 0.707 | 0.973   <- AUPRG selects
    any   : 0.190 | 0.664 | 0.585 | 0.908   (AUROC 0.823)
    macro : 0.157 | 0.476 | 0.424 | 0.571   (per-line avg)
    K562   : 0.124 | 0.805 | 0.778 | 0.981
    JURKAT : 0.056 | 0.176 | 0.126 | 0.825
    A549   : 0.030 | 0.030 | 0.000 | -0.050
    HELA   : 0.218 | 0.725 | 0.648 | 0.919
    A375   : 0.373 | 0.950 | 0.919 | 0.986
    293T   : 0.118 | 0.164 | 0.052 | 0.253
    PC9    : 0.056 | 0.055 | -0.002 | -0.313
    OTHER  : 0.281 | 0.904 | 0.866 | 0.970

  cell-line metrics  [baseline | raw AUPR | norm AUPR | AUPRG]
    strat : 0.122 | 0.734 | 0.697 | 0.973   <- AUPRG selects
    any   : 0.190 | 0.642 | 0.558 | 0.894   (AUROC 0.804)
    macro : 0.157 | 0.481 | 0.430 | 0.562   (per-line avg)
    K562   : 0.124 | 0.779 | 0.748 | 0.979
    JURKAT : 0.056 | 0.218 | 0.172 | 0.885
    A549   : 0.030 | 0.037 | 0.007 | -0.049
    HELA   : 0.218 | 0.760 | 0.694 | 0.932
    A375   : 0.373 | 0.957 | 0.931 | 0.985
    293T   : 0.118 | 0.151 | 0.037 | 0.189
    PC9    : 0.056 | 0.048 | -0.009 | -0.393
    OTHER  : 0.281 | 0.902 | 0.863 | 0.967

Early stopping at epoch 630

  selected on val (auprg=0.9733 @ epoch 330); test scored once

Fold 1 Best (epoch 330): AUROC=0.8564, AUPR=0.6503, F1=0.6307
  Params: 8,039/10,837 nonzero | Weights: 7,314/10,112 nonzero (27.67% sparse)
    cell_emb.weight: 192/192 nonzero (0.0% sparse)
    encoder.hidden_blocks.0.0.weight: 5,735/8,384 nonzero (31.6% sparse)
    encoder.hidden_blocks.1.0.weight: 252/256 nonzero (1.6% sparse)
    encoder.hidden_blocks.2.0.weight: 255/256 nonzero (0.4% sparse)
    encoder.hidden_blocks.3.0.weight: 256/256 nonzero (0.0% sparse)
    encoder.hidden_blocks.4.0.weight: 256/256 nonzero (0.0% sparse)
    encoder.hidden_blocks.5.0.weight: 256/256 nonzero (0.0% sparse)
    encoder.projection.weight: 112/256 nonzero (56.2% sparse)
  [retrieval] index space: n=19397 num_genes=19397 num_p_genes=8844 (P-space differs from full space)
  Saved 8844x8844 shared-space score matrix -> fold_0_cv2_predictions.npy
  [retrieval] universe 19,397 genes (peers rank vs 8,844), 1,886 scored rows, 6,025 test-pos, 13,369 train-pos suppressed | fwd-check 1.53e-05 | NDCG@10 0.0944 NDCG@50 0.1190 R@50 0.1811 MAP@50 0.0908

============================================================
Training Fold 2
============================================================

[fold 1] fitting preprocessing [method=plain: mean → col-standardize+SVD → mean/std; scope=train]
  Fit subset: 15205/19397 rows (78.4%)
  [mashup] 500d, 19397 genes, 3467 missing
    mean-imputed 3467/19397 genes (1733500 NaN cells; locations fit on 15205 fit rows)
[fold 1] fold embeddings: (19397, 500)
Fold 2 input_dim: 500
  Trainable parameters: 10,837 (total 10,837) [SiameseSLMultiCell]
  Fold stamp: genes 42ff034debb48f84 all_pos 20be58a407d6aa9a meta 15e1a39cf91a5615
  L1 λ=0.01 for encoder.hidden_blocks.0.0.weight
  L1 λ=0.0075 for encoder.hidden_blocks.1.0.weight
  L1 λ=0.005 for encoder.hidden_blocks.2.0.weight
  L1 λ=0.004 for encoder.hidden_blocks.3.0.weight
  L1 λ=0.0025 for encoder.hidden_blocks.4.0.weight
  L1 λ=0.0015 for encoder.hidden_blocks.5.0.weight
  L1 λ=0.001 for encoder.projection.weight

  cell-line metrics  [baseline | raw AUPR | norm AUPR | AUPRG]
    strat : 0.078 | 0.463 | 0.417 | 0.946   <- AUPRG selects
    any   : 0.119 | 0.399 | 0.318 | 0.864   (AUROC 0.756)
    macro : 0.066 | 0.285 | 0.249 | 0.518   (per-line avg)
    K562   : 0.091 | 0.480 | 0.428 | 0.934
    JURKAT : 0.046 | 0.076 | 0.031 | 0.331
    A549   : 0.023 | 0.025 | 0.002 | -0.887
    HELA   : 0.144 | 0.778 | 0.741 | 0.967
    A375   : 0.006 | 0.013 | 0.007 | 0.547
    293T   : 0.059 | 0.098 | 0.042 | 0.674
    PC9    : 0.032 | 0.059 | 0.028 | 0.599
    OTHER  : 0.130 | 0.753 | 0.716 | 0.975

  cell-line metrics  [baseline | raw AUPR | norm AUPR | AUPRG]
    strat : 0.078 | 0.474 | 0.430 | 0.947   <- AUPRG selects
    any   : 0.119 | 0.383 | 0.300 | 0.854   (AUROC 0.736)
    macro : 0.066 | 0.314 | 0.280 | 0.503   (per-line avg)
    K562   : 0.091 | 0.461 | 0.407 | 0.927
    JURKAT : 0.046 | 0.150 | 0.108 | 0.847
    A549   : 0.023 | 0.016 | -0.008 | -1.273
    HELA   : 0.144 | 0.798 | 0.764 | 0.972
    A375   : 0.006 | 0.009 | 0.003 | 0.371
    293T   : 0.059 | 0.242 | 0.194 | 0.903
    PC9    : 0.032 | 0.039 | 0.007 | 0.293
    OTHER  : 0.130 | 0.793 | 0.763 | 0.980

  cell-line metrics  [baseline | raw AUPR | norm AUPR | AUPRG]
    strat : 0.078 | 0.467 | 0.422 | 0.947   <- AUPRG selects
    any   : 0.119 | 0.362 | 0.276 | 0.837   (AUROC 0.742)
    macro : 0.066 | 0.308 | 0.274 | 0.753   (per-line avg)
    K562   : 0.091 | 0.460 | 0.406 | 0.932
    JURKAT : 0.046 | 0.144 | 0.103 | 0.825
    A549   : 0.023 | 0.018 | -0.005 | 0.002
    HELA   : 0.144 | 0.763 | 0.723 | 0.957
    A375   : 0.006 | 0.030 | 0.025 | 0.812
    293T   : 0.059 | 0.190 | 0.139 | 0.832
    PC9    : 0.032 | 0.051 | 0.020 | 0.682
    OTHER  : 0.130 | 0.808 | 0.779 | 0.983

  cell-line metrics  [baseline | raw AUPR | norm AUPR | AUPRG]
    strat : 0.078 | 0.497 | 0.455 | 0.950   <- AUPRG selects
    any   : 0.119 | 0.393 | 0.311 | 0.864   (AUROC 0.739)
    macro : 0.066 | 0.322 | 0.289 | 0.516   (per-line avg)
    K562   : 0.091 | 0.471 | 0.418 | 0.928
    JURKAT : 0.046 | 0.162 | 0.121 | 0.867
    A549   : 0.023 | 0.015 | -0.008 | -1.614
    HELA   : 0.144 | 0.786 | 0.750 | 0.969
    A375   : 0.006 | 0.009 | 0.003 | 0.341
    293T   : 0.059 | 0.235 | 0.187 | 0.896
    PC9    : 0.032 | 0.062 | 0.031 | 0.752
    OTHER  : 0.130 | 0.832 | 0.807 | 0.985

  cell-line metrics  [baseline | raw AUPR | norm AUPR | AUPRG]
    strat : 0.078 | 0.496 | 0.454 | 0.952   <- AUPRG selects
    any   : 0.119 | 0.397 | 0.316 | 0.862   (AUROC 0.734)
    macro : 0.066 | 0.314 | 0.280 | 0.143   (per-line avg)
    K562   : 0.091 | 0.478 | 0.426 | 0.929
    JURKAT : 0.046 | 0.195 | 0.156 | 0.898
    A549   : 0.023 | 0.014 | -0.009 | -4.495
    HELA   : 0.144 | 0.780 | 0.742 | 0.963
    A375   : 0.006 | 0.008 | 0.002 | 0.253
    293T   : 0.059 | 0.161 | 0.108 | 0.832
    PC9    : 0.032 | 0.078 | 0.048 | 0.785
    OTHER  : 0.130 | 0.798 | 0.768 | 0.980

Early stopping at epoch 720

  selected on val (auprg=0.9518 @ epoch 420); test scored once

Fold 2 Best (epoch 420): AUROC=0.7870, AUPR=0.6420, F1=0.5862
  Params: 6,913/10,837 nonzero | Weights: 6,188/10,112 nonzero (38.81% sparse)
    cell_emb.weight: 192/192 nonzero (0.0% sparse)
    encoder.hidden_blocks.0.0.weight: 4,621/8,384 nonzero (44.9% sparse)
    encoder.hidden_blocks.1.0.weight: 246/256 nonzero (3.9% sparse)
    encoder.hidden_blocks.2.0.weight: 252/256 nonzero (1.6% sparse)
    encoder.hidden_blocks.3.0.weight: 255/256 nonzero (0.4% sparse)
    encoder.hidden_blocks.4.0.weight: 255/256 nonzero (0.4% sparse)
    encoder.hidden_blocks.5.0.weight: 255/256 nonzero (0.4% sparse)
    encoder.projection.weight: 112/256 nonzero (56.2% sparse)
  [retrieval] index space: n=19397 num_genes=19397 num_p_genes=8844 (P-space differs from full space)
  Saved 8844x8844 shared-space score matrix -> fold_1_cv2_predictions.npy
  [retrieval] universe 19,397 genes (peers rank vs 8,844), 4,702 scored rows, 10,384 test-pos, 9,745 train-pos suppressed | fwd-check 5.25e-06 | NDCG@10 0.0036 NDCG@50 0.0111 R@50 0.0154 MAP@50 0.0049

============================================================
Training Fold 3
============================================================

[fold 2] fitting preprocessing [method=plain: mean → col-standardize+SVD → mean/std; scope=train]
  Fit subset: 15643/19397 rows (80.6%)
  [mashup] 500d, 19397 genes, 3467 missing
    mean-imputed 3467/19397 genes (1733500 NaN cells; locations fit on 15643 fit rows)
[fold 2] fold embeddings: (19397, 500)
Fold 3 input_dim: 500
  Trainable parameters: 10,837 (total 10,837) [SiameseSLMultiCell]
  Fold stamp: genes 42ff034debb48f84 all_pos 20be58a407d6aa9a meta 15e1a39cf91a5615
  L1 λ=0.01 for encoder.hidden_blocks.0.0.weight
  L1 λ=0.0075 for encoder.hidden_blocks.1.0.weight
  L1 λ=0.005 for encoder.hidden_blocks.2.0.weight
  L1 λ=0.004 for encoder.hidden_blocks.3.0.weight
  L1 λ=0.0025 for encoder.hidden_blocks.4.0.weight
  L1 λ=0.0015 for encoder.hidden_blocks.5.0.weight
  L1 λ=0.001 for encoder.projection.weight

  cell-line metrics  [baseline | raw AUPR | norm AUPR | AUPRG]
    strat : 0.162 | 0.658 | 0.591 | 0.930   <- AUPRG selects
    any   : 0.233 | 0.662 | 0.559 | 0.864   (AUROC 0.812)
    macro : 0.181 | 0.474 | 0.384 | 0.370   (per-line avg)
    K562   : 0.132 | 0.821 | 0.794 | 0.983
    JURKAT : 0.019 | 0.029 | 0.010 | 0.502
    A549   : 0.046 | 0.034 | -0.013 | -2.034
    HELA   : 0.197 | 0.841 | 0.802 | 0.967
    A375   : 0.339 | 0.872 | 0.807 | 0.930
    293T   : 0.271 | 0.431 | 0.219 | 0.406
    PC9    : 0.051 | 0.189 | 0.145 | 0.793
    OTHER  : 0.391 | 0.578 | 0.306 | 0.413

  cell-line metrics  [baseline | raw AUPR | norm AUPR | AUPRG]
    strat : 0.162 | 0.684 | 0.623 | 0.944   <- AUPRG selects
    any   : 0.233 | 0.728 | 0.645 | 0.909   (AUROC 0.893)
    macro : 0.181 | 0.493 | 0.414 | 0.361   (per-line avg)
    K562   : 0.132 | 0.819 | 0.792 | 0.981
    JURKAT : 0.019 | 0.100 | 0.082 | 0.951
    A549   : 0.046 | 0.047 | 0.001 | -1.578
    HELA   : 0.197 | 0.879 | 0.849 | 0.972
    A375   : 0.339 | 0.978 | 0.967 | 0.992
    293T   : 0.271 | 0.478 | 0.285 | 0.535
    PC9    : 0.051 | 0.050 | -0.001 | -0.378
    OTHER  : 0.391 | 0.594 | 0.333 | 0.414

  cell-line metrics  [baseline | raw AUPR | norm AUPR | AUPRG]
    strat : 0.162 | 0.776 | 0.733 | 0.966   <- AUPRG selects
    any   : 0.233 | 0.681 | 0.585 | 0.876   (AUROC 0.867)
    macro : 0.181 | 0.512 | 0.443 | 0.396   (per-line avg)
    K562   : 0.132 | 0.827 | 0.801 | 0.982
    JURKAT : 0.019 | 0.143 | 0.126 | 0.965
    A549   : 0.046 | 0.043 | -0.004 | -1.778
    HELA   : 0.197 | 0.874 | 0.843 | 0.968
    A375   : 0.339 | 0.987 | 0.980 | 0.996
    293T   : 0.271 | 0.403 | 0.181 | 0.291
    PC9    : 0.051 | 0.053 | 0.002 | -0.029
    OTHER  : 0.391 | 0.763 | 0.611 | 0.770

Early stopping at epoch 510

  selected on val (auprg=0.9665 @ epoch 210); test scored once

Fold 3 Best (epoch 210): AUROC=0.8510, AUPR=0.6333, F1=0.6253
  Params: 7,483/10,837 nonzero | Weights: 6,758/10,112 nonzero (33.17% sparse)
    cell_emb.weight: 192/192 nonzero (0.0% sparse)
    encoder.hidden_blocks.0.0.weight: 5,168/8,384 nonzero (38.4% sparse)
    encoder.hidden_blocks.1.0.weight: 239/256 nonzero (6.6% sparse)
    encoder.hidden_blocks.2.0.weight: 250/256 nonzero (2.3% sparse)
    encoder.hidden_blocks.3.0.weight: 253/256 nonzero (1.2% sparse)
    encoder.hidden_blocks.4.0.weight: 256/256 nonzero (0.0% sparse)
    encoder.hidden_blocks.5.0.weight: 256/256 nonzero (0.0% sparse)
    encoder.projection.weight: 144/256 nonzero (43.8% sparse)
  [retrieval] index space: n=19397 num_genes=19397 num_p_genes=8844 (P-space differs from full space)
  Saved 8844x8844 shared-space score matrix -> fold_2_cv2_predictions.npy
  [retrieval] universe 19,397 genes (peers rank vs 8,844), 2,979 scored rows, 9,728 test-pos, 9,031 train-pos suppressed | fwd-check 9.54e-06 | NDCG@10 0.0364 NDCG@50 0.0601 R@50 0.0818 MAP@50 0.0377

============================================================
Training Fold 4
============================================================

[fold 3] fitting preprocessing [method=plain: mean → col-standardize+SVD → mean/std; scope=train]
  Fit subset: 16343/19397 rows (84.3%)
  [mashup] 500d, 19397 genes, 3467 missing
    mean-imputed 3467/19397 genes (1733500 NaN cells; locations fit on 16343 fit rows)
[fold 3] fold embeddings: (19397, 500)
Fold 4 input_dim: 500
  Trainable parameters: 10,837 (total 10,837) [SiameseSLMultiCell]
  Fold stamp: genes 42ff034debb48f84 all_pos 20be58a407d6aa9a meta 15e1a39cf91a5615
  L1 λ=0.01 for encoder.hidden_blocks.0.0.weight
  L1 λ=0.0075 for encoder.hidden_blocks.1.0.weight
  L1 λ=0.005 for encoder.hidden_blocks.2.0.weight
  L1 λ=0.004 for encoder.hidden_blocks.3.0.weight
  L1 λ=0.0025 for encoder.hidden_blocks.4.0.weight
  L1 λ=0.0015 for encoder.hidden_blocks.5.0.weight
  L1 λ=0.001 for encoder.projection.weight

  cell-line metrics  [baseline | raw AUPR | norm AUPR | AUPRG]
    strat : 0.126 | 0.785 | 0.754 | 0.977   <- AUPRG selects
    any   : 0.190 | 0.742 | 0.681 | 0.941   (AUROC 0.873)
    macro : 0.155 | 0.476 | 0.437 | 0.743   (per-line avg)
    K562   : 0.097 | 0.642 | 0.604 | 0.965
    JURKAT : 0.031 | 0.069 | 0.039 | 0.759
    A549   : 0.017 | 0.016 | -0.001 | 0.181
    HELA   : 0.203 | 0.792 | 0.738 | 0.953
    A375   : 0.332 | 0.986 | 0.980 | 0.995
    293T   : 0.120 | 0.141 | 0.024 | 0.170
    PC9    : 0.034 | 0.194 | 0.165 | 0.940
    OTHER  : 0.403 | 0.967 | 0.945 | 0.978

  cell-line metrics  [baseline | raw AUPR | norm AUPR | AUPRG]
    strat : 0.126 | 0.799 | 0.770 | 0.980   <- AUPRG selects
    any   : 0.190 | 0.746 | 0.687 | 0.941   (AUROC 0.866)
    macro : 0.155 | 0.486 | 0.449 | 0.707   (per-line avg)
    K562   : 0.097 | 0.640 | 0.601 | 0.965
    JURKAT : 0.031 | 0.099 | 0.070 | 0.827
    A549   : 0.017 | 0.013 | -0.004 | -0.515
    HELA   : 0.203 | 0.819 | 0.773 | 0.963
    A375   : 0.332 | 0.991 | 0.987 | 0.997
    293T   : 0.120 | 0.191 | 0.080 | 0.518
    PC9    : 0.034 | 0.158 | 0.129 | 0.916
    OTHER  : 0.403 | 0.975 | 0.958 | 0.984

  cell-line metrics  [baseline | raw AUPR | norm AUPR | AUPRG]
    strat : 0.126 | 0.803 | 0.775 | 0.981   <- AUPRG selects
    any   : 0.190 | 0.740 | 0.679 | 0.933   (AUROC 0.849)
    macro : 0.155 | 0.494 | 0.459 | 0.735   (per-line avg)
    K562   : 0.097 | 0.595 | 0.552 | 0.960
    JURKAT : 0.031 | 0.238 | 0.213 | 0.960
    A549   : 0.017 | 0.017 | -0.000 | -0.442
    HELA   : 0.203 | 0.813 | 0.766 | 0.964
    A375   : 0.332 | 0.994 | 0.992 | 0.999
    293T   : 0.120 | 0.239 | 0.135 | 0.646
    PC9    : 0.034 | 0.079 | 0.047 | 0.809
    OTHER  : 0.403 | 0.981 | 0.968 | 0.987

  cell-line metrics  [baseline | raw AUPR | norm AUPR | AUPRG]
    strat : 0.126 | 0.804 | 0.775 | 0.982   <- AUPRG selects
    any   : 0.190 | 0.751 | 0.692 | 0.942   (AUROC 0.868)
    macro : 0.155 | 0.515 | 0.483 | 0.781   (per-line avg)
    K562   : 0.097 | 0.612 | 0.570 | 0.965
    JURKAT : 0.031 | 0.148 | 0.121 | 0.911
    A549   : 0.017 | 0.022 | 0.004 | -0.187
    HELA   : 0.203 | 0.839 | 0.798 | 0.970
    A375   : 0.332 | 0.994 | 0.991 | 0.998
    293T   : 0.120 | 0.396 | 0.314 | 0.845
    PC9    : 0.034 | 0.132 | 0.101 | 0.758
    OTHER  : 0.403 | 0.981 | 0.968 | 0.988

  cell-line metrics  [baseline | raw AUPR | norm AUPR | AUPRG]
    strat : 0.126 | 0.801 | 0.772 | 0.982   <- AUPRG selects
    any   : 0.190 | 0.701 | 0.630 | 0.918   (AUROC 0.844)
    macro : 0.155 | 0.471 | 0.433 | 0.640   (per-line avg)
    K562   : 0.097 | 0.618 | 0.577 | 0.967
    JURKAT : 0.031 | 0.109 | 0.081 | 0.824
    A549   : 0.017 | 0.025 | 0.008 | -0.734
    HELA   : 0.203 | 0.770 | 0.712 | 0.944
    A375   : 0.332 | 0.984 | 0.977 | 0.990
    293T   : 0.120 | 0.235 | 0.130 | 0.649
    PC9    : 0.034 | 0.052 | 0.018 | 0.496
    OTHER  : 0.403 | 0.977 | 0.962 | 0.985

  cell-line metrics  [baseline | raw AUPR | norm AUPR | AUPRG]
    strat : 0.126 | 0.809 | 0.781 | 0.983   <- AUPRG selects
    any   : 0.190 | 0.735 | 0.672 | 0.936   (AUROC 0.862)
    macro : 0.155 | 0.497 | 0.462 | 0.787   (per-line avg)
    K562   : 0.097 | 0.630 | 0.590 | 0.970
    JURKAT : 0.031 | 0.183 | 0.157 | 0.939
    A549   : 0.017 | 0.029 | 0.012 | 0.016
    HELA   : 0.203 | 0.826 | 0.782 | 0.967
    A375   : 0.332 | 0.992 | 0.987 | 0.997
    293T   : 0.120 | 0.228 | 0.123 | 0.640
    PC9    : 0.034 | 0.112 | 0.081 | 0.782
    OTHER  : 0.403 | 0.978 | 0.963 | 0.986

  cell-line metrics  [baseline | raw AUPR | norm AUPR | AUPRG]
    strat : 0.126 | 0.811 | 0.784 | 0.983   <- AUPRG selects
    any   : 0.190 | 0.725 | 0.661 | 0.933   (AUROC 0.857)
    macro : 0.155 | 0.498 | 0.464 | 0.836   (per-line avg)
    K562   : 0.097 | 0.633 | 0.593 | 0.970
    JURKAT : 0.031 | 0.121 | 0.093 | 0.858
    A549   : 0.017 | 0.028 | 0.010 | 0.397
    HELA   : 0.203 | 0.855 | 0.818 | 0.974
    A375   : 0.332 | 0.990 | 0.985 | 0.997
    293T   : 0.120 | 0.264 | 0.163 | 0.717
    PC9    : 0.034 | 0.114 | 0.083 | 0.786
    OTHER  : 0.403 | 0.982 | 0.970 | 0.989

  cell-line metrics  [baseline | raw AUPR | norm AUPR | AUPRG]
    strat : 0.126 | 0.822 | 0.796 | 0.985   <- AUPRG selects
    any   : 0.190 | 0.746 | 0.687 | 0.937   (AUROC 0.855)
    macro : 0.155 | 0.502 | 0.468 | 0.791   (per-line avg)
    K562   : 0.097 | 0.645 | 0.607 | 0.972
    JURKAT : 0.031 | 0.210 | 0.185 | 0.950
    A549   : 0.017 | 0.030 | 0.012 | 0.109
    HELA   : 0.203 | 0.828 | 0.784 | 0.968
    A375   : 0.332 | 0.990 | 0.986 | 0.997
    293T   : 0.120 | 0.258 | 0.157 | 0.673
    PC9    : 0.034 | 0.073 | 0.041 | 0.674
    OTHER  : 0.403 | 0.982 | 0.971 | 0.989

Early stopping at epoch 1020

  selected on val (auprg=0.9846 @ epoch 720); test scored once

Fold 4 Best (epoch 720): AUROC=0.8399, AUPR=0.6704, F1=0.6291
  Params: 8,665/10,837 nonzero | Weights: 7,940/10,112 nonzero (21.48% sparse)
    cell_emb.weight: 192/192 nonzero (0.0% sparse)
    encoder.hidden_blocks.0.0.weight: 6,425/8,384 nonzero (23.4% sparse)
    encoder.hidden_blocks.1.0.weight: 253/256 nonzero (1.2% sparse)
    encoder.hidden_blocks.2.0.weight: 256/256 nonzero (0.0% sparse)
    encoder.hidden_blocks.3.0.weight: 255/256 nonzero (0.4% sparse)
    encoder.hidden_blocks.4.0.weight: 255/256 nonzero (0.4% sparse)
    encoder.hidden_blocks.5.0.weight: 256/256 nonzero (0.0% sparse)
    encoder.projection.weight: 48/256 nonzero (81.2% sparse)
  [retrieval] index space: n=19397 num_genes=19397 num_p_genes=8844 (P-space differs from full space)
  Saved 8844x8844 shared-space score matrix -> fold_3_cv2_predictions.npy
  [retrieval] universe 19,397 genes (peers rank vs 8,844), 2,053 scored rows, 7,218 test-pos, 11,416 train-pos suppressed | fwd-check 2.29e-05 | NDCG@10 0.0248 NDCG@50 0.0692 R@50 0.1534 MAP@50 0.0270

============================================================
Training Fold 5
============================================================

[fold 4] fitting preprocessing [method=plain: mean → col-standardize+SVD → mean/std; scope=train]
  Fit subset: 15873/19397 rows (81.8%)
  [mashup] 500d, 19397 genes, 3467 missing
    mean-imputed 3467/19397 genes (1733500 NaN cells; locations fit on 15873 fit rows)
[fold 4] fold embeddings: (19397, 500)
Fold 5 input_dim: 500
  Trainable parameters: 10,837 (total 10,837) [SiameseSLMultiCell]
  Fold stamp: genes 42ff034debb48f84 all_pos 20be58a407d6aa9a meta 15e1a39cf91a5615
  L1 λ=0.01 for encoder.hidden_blocks.0.0.weight
  L1 λ=0.0075 for encoder.hidden_blocks.1.0.weight
  L1 λ=0.005 for encoder.hidden_blocks.2.0.weight
  L1 λ=0.004 for encoder.hidden_blocks.3.0.weight
  L1 λ=0.0025 for encoder.hidden_blocks.4.0.weight
  L1 λ=0.0015 for encoder.hidden_blocks.5.0.weight
  L1 λ=0.001 for encoder.projection.weight

  cell-line metrics  [baseline | raw AUPR | norm AUPR | AUPRG]
    strat : 0.190 | 0.659 | 0.579 | 0.875   <- AUPRG selects
    any   : 0.270 | 0.659 | 0.533 | 0.795   (AUROC 0.761)
    macro : 0.240 | 0.437 | 0.282 | 0.573   (per-line avg)
    K562   : 0.078 | 0.488 | 0.445 | 0.951
    JURKAT : 0.059 | 0.089 | 0.032 | 0.478
    A549   : 0.026 | 0.038 | 0.012 | -0.036
    HELA   : 0.229 | 0.743 | 0.667 | 0.920
    A375   : 0.862 | 0.870 | 0.062 | 0.071
    293T   : 0.150 | 0.279 | 0.152 | 0.655
    PC9    : 0.028 | 0.064 | 0.037 | 0.648
    OTHER  : 0.490 | 0.924 | 0.852 | 0.897

  cell-line metrics  [baseline | raw AUPR | norm AUPR | AUPRG]
    strat : 0.190 | 0.680 | 0.605 | 0.879   <- AUPRG selects
    any   : 0.270 | 0.719 | 0.616 | 0.869   (AUROC 0.830)
    macro : 0.240 | 0.444 | 0.246 | 0.564   (per-line avg)
    K562   : 0.078 | 0.487 | 0.443 | 0.952
    JURKAT : 0.059 | 0.147 | 0.093 | 0.747
    A549   : 0.026 | 0.025 | -0.001 | -0.270
    HELA   : 0.229 | 0.768 | 0.699 | 0.923
    A375   : 0.862 | 0.809 | -0.377 | 0.055
    293T   : 0.150 | 0.215 | 0.077 | 0.332
    PC9    : 0.028 | 0.149 | 0.125 | 0.825
    OTHER  : 0.490 | 0.954 | 0.910 | 0.946

  cell-line metrics  [baseline | raw AUPR | norm AUPR | AUPRG]
    strat : 0.190 | 0.680 | 0.605 | 0.881   <- AUPRG selects
    any   : 0.270 | 0.688 | 0.572 | 0.847   (AUROC 0.812)
    macro : 0.240 | 0.464 | 0.299 | 0.607   (per-line avg)
    K562   : 0.078 | 0.492 | 0.449 | 0.953
    JURKAT : 0.059 | 0.162 | 0.109 | 0.802
    A549   : 0.026 | 0.030 | 0.004 | -0.397
    HELA   : 0.229 | 0.804 | 0.746 | 0.943
    A375   : 0.862 | 0.847 | -0.102 | 0.135
    293T   : 0.150 | 0.246 | 0.113 | 0.550
    PC9    : 0.028 | 0.172 | 0.148 | 0.909
    OTHER  : 0.490 | 0.962 | 0.925 | 0.957

Early stopping at epoch 600

  selected on val (auprg=0.8812 @ epoch 300); test scored once

Fold 5 Best (epoch 300): AUROC=0.8203, AUPR=0.5456, F1=0.5412
  Params: 6,892/10,837 nonzero | Weights: 6,167/10,112 nonzero (39.01% sparse)
    cell_emb.weight: 192/192 nonzero (0.0% sparse)
    encoder.hidden_blocks.0.0.weight: 4,545/8,384 nonzero (45.8% sparse)
    encoder.hidden_blocks.1.0.weight: 251/256 nonzero (2.0% sparse)
    encoder.hidden_blocks.2.0.weight: 254/256 nonzero (0.8% sparse)
    encoder.hidden_blocks.3.0.weight: 254/256 nonzero (0.8% sparse)
    encoder.hidden_blocks.4.0.weight: 255/256 nonzero (0.4% sparse)
    encoder.hidden_blocks.5.0.weight: 256/256 nonzero (0.0% sparse)
    encoder.projection.weight: 160/256 nonzero (37.5% sparse)
  [retrieval] index space: n=19397 num_genes=19397 num_p_genes=8844 (P-space differs from full space)
  Saved 8844x8844 shared-space score matrix -> fold_4_cv2_predictions.npy
  [retrieval] universe 19,397 genes (peers rank vs 8,844), 1,848 scored rows, 6,517 test-pos, 11,309 train-pos suppressed | fwd-check 7.63e-06 | NDCG@10 0.0226 NDCG@50 0.0589 R@50 0.0920 MAP@50 0.0249

============================================================
Cross-Validation Results: CV2 (gene-based)
============================================================

Fold        AUROC       AUPR         F1
----------------------------------------
1          0.8564     0.6503     0.6307
2          0.7870     0.6420     0.5862
3          0.8510     0.6333     0.6253
4          0.8399     0.6704     0.6291
5          0.8203     0.5456     0.5412
----------------------------------------
Mean       0.8309     0.6283     0.6025
Std        0.0252     0.0431     0.0348

============================================================
Summary:
  AUROC: 0.8309 ± 0.0252
  AUPR:  0.6283 ± 0.0431
  F1:    0.6025 ± 0.0348
  Params: 7,598/10,837 nonzero (weight sparsity: 32.03%)
============================================================

Cell-line metrics (mean over folds):
  STRATIFIED (pooled per-cell-line obs; SELECTION basis):
    baseline(pi) 0.1116  AUPR 0.6283  normAUPR 0.5818  AUPRG 0.9554  AUROC 0.8309
  GLOBAL (SL in any cell line; one-time headline):
    AUPRG 0.8726 ± 0.0384   AUPR 0.5655   AUROC 0.7858
  PER-LINE macro (equal weight/line; diagnostic):
    AUPRG 0.5388  AUPR 0.4273
  RETRIEVAL (rank vs the whole 19,397-gene universe; peers rank vs 8,844 -- NOT strictly comparable):
    NDCG@10 0.0364  NDCG@50 0.0636  R@50 0.1047  MAP@50 0.0371

Results saved to results/pcavar0.8_mashup_cv2

SUCCESS: mashup / cv2  (PCA=0.8)
  AUROC=0.8309 +/- 0.0252  AUPRG=0.9554 +/- 0.0142  Params=7,598/10,837 (32.0% sparse)
  Completed at: Fri Aug 28 04:56:32 EDT 2026
