============================================================================
Job: bestcat_emb | ID: 1177283 | Node: gpu3
Array task: 35 (of job 1166079)
Start: Thu Aug 27 23:30:50 EDT 2026
NVIDIA L40, 46068 MiB, 575 MiB
NVIDIA L40, 46068 MiB, 573 MiB
NVIDIA L40, 46068 MiB, 0 MiB
NVIDIA L40, 46068 MiB, 573 MiB
============================================================================

Task 35: node2vec_ppi (ppi) / cv3  [PCA=0.8]
  Embedding: /ddn_exa/campbell/kaiyang/SLMGAE-pytorch/data/all_genes_node2vec_ppi.pt

Cleaning previous results: results/pcavar0.8_node2vec_ppi_cv3
Training: node2vec_ppi / cv3  (PCA=0.8)
  Output: results/pcavar0.8_node2vec_ppi_cv3
  Config: encoder=[16 16 16 16 16 16 16], epochs=2000, patience=10

Using GPU: NVIDIA L40

Loading 1 modality file(s) [raw, preprocessing deferred to per-fold fit]:
Cell-line conditioning: ENABLED (masked multi-label, 8 heads)
    labeled pairs: 128,870 over 8,844 genes (dropped 0 with no known head)
    same-head SL/non-SL conflicts resolved by OR (label=SL): 1,876 pairs -> 2,171 head-cells [JURKAT 1,461, K562 406, HELA 125, OTHER 107, 293T 36, A549 30, A375 6]
    K562     known  91,937  pos  8,705  neg  83,232  (or-resolved   406)
    JURKAT   known  66,122  pos  2,617  neg  63,505  (or-resolved 1,461)
    A549     known   8,889  pos    314  neg   8,575  (or-resolved    30)
    HELA     known   5,931  pos  1,250  neg   4,681  (or-resolved   125)
    A375     known   2,509  pos  1,094  neg   1,415  (or-resolved     6)
    293T     known   2,438  pos    326  neg   2,112  (or-resolved    36)
    PC9      known   1,014  pos     68  neg     946  (or-resolved     0)
    OTHER    known  27,002  pos  8,721  neg  18,281  (or-resolved   107)
Loaded raw tensors for 19397 genes
Loaded 22166 positive SL pairs
SL pairs involve 5257 unique genes
============================================================
Siamese SL Training
Model: siamese
CV Type: cv3
Folds: 5
============================================================

Generating CV3 splits (pair-based, multi-label)...
  Fold 1: train 68,530 pairs/109,228 labels  val 697 pairs/1,128 labels  test 5,006 pairs/7,980 labels
  Fold 2: train 63,092 pairs/101,706 labels  val 1,012 pairs/1,584 labels  test 5,689 pairs/8,792 labels
  Fold 3: train 63,695 pairs/102,423 labels  val 778 pairs/1,071 labels  test 6,142 pairs/10,206 labels
  Fold 4: train 68,487 pairs/110,473 labels  val 1,057 pairs/1,573 labels  test 4,111 pairs/6,512 labels
  Fold 5: train 67,523 pairs/109,717 labels  val 890 pairs/1,213 labels  test 4,809 pairs/7,636 labels

============================================================
Training Fold 1
============================================================

[fold 0] fitting preprocessing [method=plain: mean → col-standardize+SVD → mean/std; scope=train]
  Fit subset: 18641/19397 rows (96.1%)
  [node2vec_ppi] 128d, 19397 genes, 3467 missing
    mean-imputed 3467/19397 genes (443776 NaN cells; locations fit on 18641 fit rows)
[fold 0] fold embeddings: (19397, 128)
Fold 1 input_dim: 128
  Trainable parameters: 4,513 (total 4,513) [SiameseSLMultiCell]
  Fold stamp: genes 42ff034debb48f84 all_pos 20be58a407d6aa9a meta 15e1a39cf91a5615
  L1 λ=0.01 for encoder.hidden_blocks.0.0.weight
  L1 λ=0.0075 for encoder.hidden_blocks.1.0.weight
  L1 λ=0.005 for encoder.hidden_blocks.2.0.weight
  L1 λ=0.004 for encoder.hidden_blocks.3.0.weight
  L1 λ=0.0025 for encoder.hidden_blocks.4.0.weight
  L1 λ=0.0015 for encoder.hidden_blocks.5.0.weight
  L1 λ=0.001 for encoder.projection.weight

  cell-line metrics  [baseline | raw AUPR | norm AUPR | AUPRG]
    strat : 0.139 | 0.650 | 0.594 | 0.940   <- AUPRG selects
    any   : 0.220 | 0.629 | 0.525 | 0.841   (AUROC 0.739)
    macro : 0.178 | 0.481 | 0.389 | 0.496   (per-line avg)
    K562   : 0.176 | 0.822 | 0.783 | 0.972
    JURKAT : 0.073 | 0.053 | -0.022 | -0.347
    A549   : 0.000 | nan | nan | nan
    HELA   : 0.263 | 0.931 | 0.907 | 0.984
    A375   : 0.000 | nan | nan | nan
    293T   : 0.190 | 0.238 | 0.059 | 0.338
    PC9    : 0.000 | nan | nan | nan
    OTHER  : 0.188 | 0.364 | 0.217 | 0.532

  cell-line metrics  [baseline | raw AUPR | norm AUPR | AUPRG]
    strat : 0.139 | 0.666 | 0.612 | 0.944   <- AUPRG selects
    any   : 0.220 | 0.604 | 0.493 | 0.811   (AUROC 0.706)
    macro : 0.178 | 0.471 | 0.376 | 0.483   (per-line avg)
    K562   : 0.176 | 0.837 | 0.802 | 0.972
    JURKAT : 0.073 | 0.062 | -0.012 | -0.160
    A549   : 0.000 | nan | nan | nan
    HELA   : 0.263 | 0.934 | 0.911 | 0.987
    A375   : 0.000 | nan | nan | nan
    293T   : 0.190 | 0.231 | 0.050 | 0.232
    PC9    : 0.000 | nan | nan | nan
    OTHER  : 0.188 | 0.291 | 0.127 | 0.382

  cell-line metrics  [baseline | raw AUPR | norm AUPR | AUPRG]
    strat : 0.139 | 0.702 | 0.653 | 0.948   <- AUPRG selects
    any   : 0.220 | 0.649 | 0.550 | 0.846   (AUROC 0.738)
    macro : 0.178 | 0.488 | 0.397 | 0.358   (per-line avg)
    K562   : 0.176 | 0.881 | 0.855 | 0.979
    JURKAT : 0.073 | 0.049 | -0.025 | -1.009
    A549   : 0.000 | nan | nan | nan
    HELA   : 0.263 | 0.936 | 0.913 | 0.987
    A375   : 0.000 | nan | nan | nan
    293T   : 0.190 | 0.249 | 0.073 | 0.340
    PC9    : 0.000 | nan | nan | nan
    OTHER  : 0.188 | 0.324 | 0.168 | 0.491

  cell-line metrics  [baseline | raw AUPR | norm AUPR | AUPRG]
    strat : 0.139 | 0.692 | 0.642 | 0.950   <- AUPRG selects
    any   : 0.220 | 0.620 | 0.513 | 0.843   (AUROC 0.744)
    macro : 0.178 | 0.496 | 0.407 | 0.444   (per-line avg)
    K562   : 0.176 | 0.873 | 0.846 | 0.979
    JURKAT : 0.073 | 0.063 | -0.010 | -0.523
    A549   : 0.000 | nan | nan | nan
    HELA   : 0.263 | 0.937 | 0.915 | 0.988
    A375   : 0.000 | nan | nan | nan
    293T   : 0.190 | 0.219 | 0.035 | 0.146
    PC9    : 0.000 | nan | nan | nan
    OTHER  : 0.188 | 0.390 | 0.249 | 0.627

  cell-line metrics  [baseline | raw AUPR | norm AUPR | AUPRG]
    strat : 0.139 | 0.705 | 0.657 | 0.951   <- AUPRG selects
    any   : 0.220 | 0.676 | 0.584 | 0.878   (AUROC 0.797)
    macro : 0.178 | 0.479 | 0.383 | 0.457   (per-line avg)
    K562   : 0.176 | 0.874 | 0.847 | 0.978
    JURKAT : 0.073 | 0.069 | -0.004 | -0.657
    A549   : 0.000 | nan | nan | nan
    HELA   : 0.263 | 0.873 | 0.828 | 0.970
    A375   : 0.000 | nan | nan | nan
    293T   : 0.190 | 0.254 | 0.079 | 0.405
    PC9    : 0.000 | nan | nan | nan
    OTHER  : 0.188 | 0.322 | 0.166 | 0.587

Early stopping at epoch 720

  selected on val (auprg=0.9508 @ epoch 420); test scored once

Fold 1 Best (epoch 420): AUROC=0.7344, AUPR=0.2603, F1=0.2895
  Params: 4,064/4,513 nonzero | Weights: 3,711/4,160 nonzero (10.79% sparse)
    cell_emb.weight: 192/192 nonzero (0.0% sparse)
    encoder.hidden_blocks.0.0.weight: 2,105/2,432 nonzero (13.4% sparse)
    encoder.hidden_blocks.1.0.weight: 237/256 nonzero (7.4% sparse)
    encoder.hidden_blocks.2.0.weight: 253/256 nonzero (1.2% sparse)
    encoder.hidden_blocks.3.0.weight: 252/256 nonzero (1.6% sparse)
    encoder.hidden_blocks.4.0.weight: 256/256 nonzero (0.0% sparse)
    encoder.hidden_blocks.5.0.weight: 256/256 nonzero (0.0% sparse)
    encoder.projection.weight: 160/256 nonzero (37.5% sparse)
  [retrieval] index space: n=19397 num_genes=19397 num_p_genes=8844 (P-space differs from full space)
  Saved 8844x8844 shared-space score matrix -> fold_0_cv3_predictions.npy
  [retrieval] universe 19,397 genes (peers rank vs 8,844), 213 scored rows, 422 test-pos, 13,369 train-pos suppressed | fwd-check 1.05e-05 | NDCG@10 0.0030 NDCG@50 0.0396 R@50 0.1485 MAP@50 0.0097

============================================================
Training Fold 2
============================================================

[fold 1] fitting preprocessing [method=plain: mean → col-standardize+SVD → mean/std; scope=train]
  Fit subset: 18067/19397 rows (93.1%)
  [node2vec_ppi] 128d, 19397 genes, 3467 missing
    mean-imputed 3467/19397 genes (443776 NaN cells; locations fit on 18067 fit rows)
[fold 1] fold embeddings: (19397, 128)
Fold 2 input_dim: 128
  Trainable parameters: 4,513 (total 4,513) [SiameseSLMultiCell]
  Fold stamp: genes 42ff034debb48f84 all_pos 20be58a407d6aa9a meta 15e1a39cf91a5615
  L1 λ=0.01 for encoder.hidden_blocks.0.0.weight
  L1 λ=0.0075 for encoder.hidden_blocks.1.0.weight
  L1 λ=0.005 for encoder.hidden_blocks.2.0.weight
  L1 λ=0.004 for encoder.hidden_blocks.3.0.weight
  L1 λ=0.0025 for encoder.hidden_blocks.4.0.weight
  L1 λ=0.0015 for encoder.hidden_blocks.5.0.weight
  L1 λ=0.001 for encoder.projection.weight

  cell-line metrics  [baseline | raw AUPR | norm AUPR | AUPRG]
    strat : 0.057 | 0.290 | 0.247 | 0.920   <- AUPRG selects
    any   : 0.086 | 0.221 | 0.147 | 0.765   (AUROC 0.675)
    macro : 0.125 | 0.286 | 0.180 | 0.610   (per-line avg)
    K562   : 0.090 | 0.400 | 0.341 | 0.909
    JURKAT : 0.038 | 0.068 | 0.031 | 0.631
    A549   : 0.000 | nan | nan | nan
    HELA   : 0.121 | 0.427 | 0.348 | 0.898
    A375   : 0.000 | nan | nan | nan
    293T   : 0.000 | nan | nan | nan
    PC9    : 0.250 | 0.250 | 0.000 | 0.000
    OTHER  : 0.000 | nan | nan | nan

  cell-line metrics  [baseline | raw AUPR | norm AUPR | AUPRG]
    strat : 0.057 | 0.318 | 0.277 | 0.928   <- AUPRG selects
    any   : 0.086 | 0.190 | 0.114 | 0.743   (AUROC 0.622)
    macro : 0.125 | 0.287 | 0.180 | 0.604   (per-line avg)
    K562   : 0.090 | 0.436 | 0.381 | 0.921
    JURKAT : 0.038 | 0.094 | 0.058 | 0.673
    A549   : 0.000 | nan | nan | nan
    HELA   : 0.121 | 0.369 | 0.282 | 0.823
    A375   : 0.000 | nan | nan | nan
    293T   : 0.000 | nan | nan | nan
    PC9    : 0.250 | 0.250 | 0.000 | 0.000
    OTHER  : 0.000 | nan | nan | nan

  cell-line metrics  [baseline | raw AUPR | norm AUPR | AUPRG]
    strat : 0.057 | 0.337 | 0.296 | 0.929   <- AUPRG selects
    any   : 0.086 | 0.185 | 0.108 | 0.741   (AUROC 0.644)
    macro : 0.125 | 0.338 | 0.238 | 0.602   (per-line avg)
    K562   : 0.090 | 0.479 | 0.427 | 0.923
    JURKAT : 0.038 | 0.055 | 0.017 | 0.570
    A549   : 0.000 | nan | nan | nan
    HELA   : 0.121 | 0.567 | 0.507 | 0.917
    A375   : 0.000 | nan | nan | nan
    293T   : 0.000 | nan | nan | nan
    PC9    : 0.250 | 0.250 | 0.000 | 0.000
    OTHER  : 0.000 | nan | nan | nan

  cell-line metrics  [baseline | raw AUPR | norm AUPR | AUPRG]
    strat : 0.057 | 0.336 | 0.296 | 0.937   <- AUPRG selects
    any   : 0.086 | 0.217 | 0.144 | 0.756   (AUROC 0.678)
    macro : 0.125 | 0.340 | 0.240 | 0.642   (per-line avg)
    K562   : 0.090 | 0.442 | 0.387 | 0.927
    JURKAT : 0.038 | 0.102 | 0.066 | 0.719
    A549   : 0.000 | nan | nan | nan
    HELA   : 0.121 | 0.568 | 0.508 | 0.923
    A375   : 0.000 | nan | nan | nan
    293T   : 0.000 | nan | nan | nan
    PC9    : 0.250 | 0.250 | 0.000 | 0.000
    OTHER  : 0.000 | nan | nan | nan

Early stopping at epoch 810

  selected on val (auprg=0.9366 @ epoch 510); test scored once

Fold 2 Best (epoch 510): AUROC=0.7441, AUPR=0.6004, F1=0.5545
  Params: 4,181/4,513 nonzero | Weights: 3,828/4,160 nonzero (7.98% sparse)
    cell_emb.weight: 192/192 nonzero (0.0% sparse)
    encoder.hidden_blocks.0.0.weight: 2,221/2,432 nonzero (8.7% sparse)
    encoder.hidden_blocks.1.0.weight: 237/256 nonzero (7.4% sparse)
    encoder.hidden_blocks.2.0.weight: 252/256 nonzero (1.6% sparse)
    encoder.hidden_blocks.3.0.weight: 256/256 nonzero (0.0% sparse)
    encoder.hidden_blocks.4.0.weight: 254/256 nonzero (0.8% sparse)
    encoder.hidden_blocks.5.0.weight: 256/256 nonzero (0.0% sparse)
    encoder.projection.weight: 160/256 nonzero (37.5% sparse)
  [retrieval] index space: n=19397 num_genes=19397 num_p_genes=8844 (P-space differs from full space)
  Saved 8844x8844 shared-space score matrix -> fold_1_cv3_predictions.npy
  [retrieval] universe 19,397 genes (peers rank vs 8,844), 921 scored rows, 1,502 test-pos, 9,745 train-pos suppressed | fwd-check 7.63e-06 | NDCG@10 0.0011 NDCG@50 0.0094 R@50 0.0131 MAP@50 0.0034

============================================================
Training Fold 3
============================================================

[fold 2] fitting preprocessing [method=plain: mean → col-standardize+SVD → mean/std; scope=train]
  Fit subset: 18334/19397 rows (94.5%)
  [node2vec_ppi] 128d, 19397 genes, 3467 missing
    mean-imputed 3467/19397 genes (443776 NaN cells; locations fit on 18334 fit rows)
[fold 2] fold embeddings: (19397, 128)
Fold 3 input_dim: 128
  Trainable parameters: 4,513 (total 4,513) [SiameseSLMultiCell]
  Fold stamp: genes 42ff034debb48f84 all_pos 20be58a407d6aa9a meta 15e1a39cf91a5615
  L1 λ=0.01 for encoder.hidden_blocks.0.0.weight
  L1 λ=0.0075 for encoder.hidden_blocks.1.0.weight
  L1 λ=0.005 for encoder.hidden_blocks.2.0.weight
  L1 λ=0.004 for encoder.hidden_blocks.3.0.weight
  L1 λ=0.0025 for encoder.hidden_blocks.4.0.weight
  L1 λ=0.0015 for encoder.hidden_blocks.5.0.weight
  L1 λ=0.001 for encoder.projection.weight

  cell-line metrics  [baseline | raw AUPR | norm AUPR | AUPRG]
    strat : 0.231 | 0.869 | 0.830 | 0.964   <- AUPRG selects
    any   : 0.315 | 0.832 | 0.755 | 0.912   (AUROC 0.912)
    macro : 0.218 | 0.528 | 0.445 | 0.673   (per-line avg)
    K562   : 0.181 | 0.815 | 0.775 | 0.956
    JURKAT : 0.006 | 0.023 | 0.017 | 0.728
    A549   : 0.014 | 0.014 | 0.001 | 0.055
    HELA   : 0.164 | 0.704 | 0.646 | 0.943
    A375   : 0.000 | nan | nan | nan
    293T   : 0.500 | 0.654 | 0.308 | 0.402
    PC9    : 0.000 | nan | nan | nan
    OTHER  : 0.446 | 0.958 | 0.925 | 0.954

Early stopping at epoch 330

  selected on val (auprg=0.9636 @ epoch 30); test scored once

Fold 3 Best (epoch 30): AUROC=0.8117, AUPR=0.5774, F1=0.5978
  Params: 4,231/4,513 nonzero | Weights: 3,878/4,160 nonzero (6.78% sparse)
    cell_emb.weight: 192/192 nonzero (0.0% sparse)
    encoder.hidden_blocks.0.0.weight: 2,165/2,432 nonzero (11.0% sparse)
    encoder.hidden_blocks.1.0.weight: 244/256 nonzero (4.7% sparse)
    encoder.hidden_blocks.2.0.weight: 254/256 nonzero (0.8% sparse)
    encoder.hidden_blocks.3.0.weight: 256/256 nonzero (0.0% sparse)
    encoder.hidden_blocks.4.0.weight: 255/256 nonzero (0.4% sparse)
    encoder.hidden_blocks.5.0.weight: 256/256 nonzero (0.0% sparse)
    encoder.projection.weight: 256/256 nonzero (0.0% sparse)
  [retrieval] index space: n=19397 num_genes=19397 num_p_genes=8844 (P-space differs from full space)
  Saved 8844x8844 shared-space score matrix -> fold_2_cv3_predictions.npy
  [retrieval] universe 19,397 genes (peers rank vs 8,844), 499 scored rows, 1,307 test-pos, 9,031 train-pos suppressed | fwd-check 1.14e-05 | NDCG@10 0.0012 NDCG@50 0.0041 R@50 0.0026 MAP@50 0.0009

============================================================
Training Fold 4
============================================================

[fold 3] fitting preprocessing [method=plain: mean → col-standardize+SVD → mean/std; scope=train]
  Fit subset: 18522/19397 rows (95.5%)
  [node2vec_ppi] 128d, 19397 genes, 3467 missing
    mean-imputed 3467/19397 genes (443776 NaN cells; locations fit on 18522 fit rows)
[fold 3] fold embeddings: (19397, 128)
Fold 4 input_dim: 128
  Trainable parameters: 4,513 (total 4,513) [SiameseSLMultiCell]
  Fold stamp: genes 42ff034debb48f84 all_pos 20be58a407d6aa9a meta 15e1a39cf91a5615
  L1 λ=0.01 for encoder.hidden_blocks.0.0.weight
  L1 λ=0.0075 for encoder.hidden_blocks.1.0.weight
  L1 λ=0.005 for encoder.hidden_blocks.2.0.weight
  L1 λ=0.004 for encoder.hidden_blocks.3.0.weight
  L1 λ=0.0025 for encoder.hidden_blocks.4.0.weight
  L1 λ=0.0015 for encoder.hidden_blocks.5.0.weight
  L1 λ=0.001 for encoder.projection.weight

  cell-line metrics  [baseline | raw AUPR | norm AUPR | AUPRG]
    strat : 0.133 | 0.743 | 0.703 | 0.969   <- AUPRG selects
    any   : 0.197 | 0.679 | 0.600 | 0.904   (AUROC 0.839)
    macro : 0.160 | 0.437 | 0.382 | 0.628   (per-line avg)
    K562   : 0.100 | 0.469 | 0.410 | 0.926
    JURKAT : 0.024 | 0.024 | 0.001 | 0.195
    A549   : 0.000 | nan | nan | nan
    HELA   : 0.250 | 0.850 | 0.800 | 0.964
    A375   : 0.000 | nan | nan | nan
    293T   : 0.067 | 0.200 | 0.143 | 0.714
    PC9    : 0.111 | 0.111 | -0.000 | 0.000
    OTHER  : 0.407 | 0.965 | 0.941 | 0.972

  cell-line metrics  [baseline | raw AUPR | norm AUPR | AUPRG]
    strat : 0.133 | 0.804 | 0.774 | 0.979   <- AUPRG selects
    any   : 0.197 | 0.779 | 0.725 | 0.950   (AUROC 0.879)
    macro : 0.160 | 0.602 | 0.571 | 0.846   (per-line avg)
    K562   : 0.100 | 0.590 | 0.544 | 0.959
    JURKAT : 0.024 | 0.039 | 0.016 | 0.592
    A549   : 0.000 | nan | nan | nan
    HELA   : 0.250 | 0.866 | 0.821 | 0.969
    A375   : 0.000 | nan | nan | nan
    293T   : 0.067 | 0.143 | 0.082 | 0.571
    PC9    : 0.111 | 1.000 | 1.000 | 1.000
    OTHER  : 0.407 | 0.977 | 0.961 | 0.985

Early stopping at epoch 360

  selected on val (auprg=0.9795 @ epoch 60); test scored once

Fold 4 Best (epoch 60): AUROC=0.7847, AUPR=0.4997, F1=0.5389
  Params: 3,984/4,513 nonzero | Weights: 3,631/4,160 nonzero (12.72% sparse)
    cell_emb.weight: 192/192 nonzero (0.0% sparse)
    encoder.hidden_blocks.0.0.weight: 1,950/2,432 nonzero (19.8% sparse)
    encoder.hidden_blocks.1.0.weight: 224/256 nonzero (12.5% sparse)
    encoder.hidden_blocks.2.0.weight: 246/256 nonzero (3.9% sparse)
    encoder.hidden_blocks.3.0.weight: 251/256 nonzero (2.0% sparse)
    encoder.hidden_blocks.4.0.weight: 256/256 nonzero (0.0% sparse)
    encoder.hidden_blocks.5.0.weight: 256/256 nonzero (0.0% sparse)
    encoder.projection.weight: 256/256 nonzero (0.0% sparse)
  [retrieval] index space: n=19397 num_genes=19397 num_p_genes=8844 (P-space differs from full space)
  Saved 8844x8844 shared-space score matrix -> fold_3_cv3_predictions.npy
  [retrieval] universe 19,397 genes (peers rank vs 8,844), 261 scored rows, 711 test-pos, 11,416 train-pos suppressed | fwd-check 5.72e-06 | NDCG@10 0.0021 NDCG@50 0.0073 R@50 0.0069 MAP@50 0.0025

============================================================
Training Fold 5
============================================================

[fold 4] fitting preprocessing [method=plain: mean → col-standardize+SVD → mean/std; scope=train]
  Fit subset: 18441/19397 rows (95.1%)
  [node2vec_ppi] 128d, 19397 genes, 3467 missing
    mean-imputed 3467/19397 genes (443776 NaN cells; locations fit on 18441 fit rows)
[fold 4] fold embeddings: (19397, 128)
Fold 5 input_dim: 128
  Trainable parameters: 4,513 (total 4,513) [SiameseSLMultiCell]
  Fold stamp: genes 42ff034debb48f84 all_pos 20be58a407d6aa9a meta 15e1a39cf91a5615
  L1 λ=0.01 for encoder.hidden_blocks.0.0.weight
  L1 λ=0.0075 for encoder.hidden_blocks.1.0.weight
  L1 λ=0.005 for encoder.hidden_blocks.2.0.weight
  L1 λ=0.004 for encoder.hidden_blocks.3.0.weight
  L1 λ=0.0025 for encoder.hidden_blocks.4.0.weight
  L1 λ=0.0015 for encoder.hidden_blocks.5.0.weight
  L1 λ=0.001 for encoder.projection.weight

  cell-line metrics  [baseline | raw AUPR | norm AUPR | AUPRG]
    strat : 0.303 | 0.654 | 0.503 | 0.629   <- AUPRG selects
    any   : 0.393 | 0.645 | 0.416 | 0.396   (AUROC 0.679)
    macro : 0.293 | 0.469 | 0.222 | 0.534   (per-line avg)
    K562   : 0.055 | 0.217 | 0.172 | 0.876
    JURKAT : 0.083 | 0.120 | 0.041 | 0.182
    A549   : 0.021 | 0.029 | 0.009 | 0.298
    HELA   : 0.107 | 0.681 | 0.642 | 0.987
    A375   : 0.975 | 0.966 | -0.339 | -0.013
    293T   : 0.190 | 0.323 | 0.164 | 0.587
    PC9    : 0.000 | nan | nan | nan
    OTHER  : 0.617 | 0.949 | 0.868 | 0.821

Early stopping at epoch 330

  selected on val (auprg=0.6288 @ epoch 30); test scored once

Fold 5 Best (epoch 30): AUROC=0.7588, AUPR=0.4497, F1=0.4690
  Params: 4,325/4,513 nonzero | Weights: 3,972/4,160 nonzero (4.52% sparse)
    cell_emb.weight: 192/192 nonzero (0.0% sparse)
    encoder.hidden_blocks.0.0.weight: 2,254/2,432 nonzero (7.3% sparse)
    encoder.hidden_blocks.1.0.weight: 249/256 nonzero (2.7% sparse)
    encoder.hidden_blocks.2.0.weight: 254/256 nonzero (0.8% sparse)
    encoder.hidden_blocks.3.0.weight: 256/256 nonzero (0.0% sparse)
    encoder.hidden_blocks.4.0.weight: 256/256 nonzero (0.0% sparse)
    encoder.hidden_blocks.5.0.weight: 256/256 nonzero (0.0% sparse)
    encoder.projection.weight: 255/256 nonzero (0.4% sparse)
  [retrieval] index space: n=19397 num_genes=19397 num_p_genes=8844 (P-space differs from full space)
  Saved 8844x8844 shared-space score matrix -> fold_4_cv3_predictions.npy
  [retrieval] universe 19,397 genes (peers rank vs 8,844), 193 scored rows, 518 test-pos, 11,309 train-pos suppressed | fwd-check 9.54e-06 | NDCG@10 0.0338 NDCG@50 0.0727 R@50 0.0967 MAP@50 0.0219

============================================================
Cross-Validation Results: CV3 (pair-based)
============================================================

Fold        AUROC       AUPR         F1
----------------------------------------
1          0.7344     0.2603     0.2895
2          0.7441     0.6004     0.5545
3          0.8117     0.5774     0.5978
4          0.7847     0.4997     0.5389
5          0.7588     0.4497     0.4690
----------------------------------------
Mean       0.7667     0.4775     0.4899
Std        0.0282     0.1213     0.1085

============================================================
Summary:
  AUROC: 0.7667 ± 0.0282
  AUPR:  0.4775 ± 0.1213
  F1:    0.4899 ± 0.1085
  Params: 4,157/4,513 nonzero (weight sparsity: 8.56%)
============================================================

Cell-line metrics (mean over folds):
  STRATIFIED (pooled per-cell-line obs; SELECTION basis):
    baseline(pi) 0.1098  AUPR 0.4775  normAUPR 0.4176  AUPRG 0.9129  AUROC 0.7667
  GLOBAL (SL in any cell line; one-time headline):
    AUPRG 0.8146 ± 0.0588   AUPR 0.4623   AUROC 0.7264
  PER-LINE macro (equal weight/line; diagnostic):
    AUPRG 0.3625  AUPR 0.2845
  RETRIEVAL (rank vs the whole 19,397-gene universe; peers rank vs 8,844 -- NOT strictly comparable):
    NDCG@10 0.0082  NDCG@50 0.0266  R@50 0.0536  MAP@50 0.0077

Results saved to results/pcavar0.8_node2vec_ppi_cv3

SUCCESS: node2vec_ppi / cv3  (PCA=0.8)
  AUROC=0.7667 +/- 0.0282  AUPRG=0.9129 +/- 0.0248  Params=4,157/4,513 (8.6% sparse)
  Completed at: Fri Aug 28 00:40:38 EDT 2026
