============================================================================
Job: bestcat_emb | ID: 1176971 | Node: gpu3
Array task: 14 (of job 1166079)
Start: Thu Aug 27 17:47:47 EDT 2026
NVIDIA L40, 46068 MiB, 619 MiB
NVIDIA L40, 46068 MiB, 649 MiB
NVIDIA L40, 46068 MiB, 619 MiB
NVIDIA L40, 46068 MiB, 0 MiB
============================================================================

Task 14: esm1b (protein_seq) / cv3  [PCA=0.8]
  Embedding: /ddn_exa/campbell/kaiyang/SLMGAE-pytorch/data/all_genes_esm1b.pt

Cleaning previous results: results/pcavar0.8_esm1b_cv3
Training: esm1b / cv3  (PCA=0.8)
  Output: results/pcavar0.8_esm1b_cv3
  Config: encoder=[16 16 16 16 16 16 16], epochs=2000, patience=10

Using GPU: NVIDIA L40

Loading 1 modality file(s) [raw, preprocessing deferred to per-fold fit]:
Cell-line conditioning: ENABLED (masked multi-label, 8 heads)
    labeled pairs: 128,870 over 8,844 genes (dropped 0 with no known head)
    same-head SL/non-SL conflicts resolved by OR (label=SL): 1,876 pairs -> 2,171 head-cells [JURKAT 1,461, K562 406, HELA 125, OTHER 107, 293T 36, A549 30, A375 6]
    K562     known  91,937  pos  8,705  neg  83,232  (or-resolved   406)
    JURKAT   known  66,122  pos  2,617  neg  63,505  (or-resolved 1,461)
    A549     known   8,889  pos    314  neg   8,575  (or-resolved    30)
    HELA     known   5,931  pos  1,250  neg   4,681  (or-resolved   125)
    A375     known   2,509  pos  1,094  neg   1,415  (or-resolved     6)
    293T     known   2,438  pos    326  neg   2,112  (or-resolved    36)
    PC9      known   1,014  pos     68  neg     946  (or-resolved     0)
    OTHER    known  27,002  pos  8,721  neg  18,281  (or-resolved   107)
Loaded raw tensors for 19397 genes
Loaded 22166 positive SL pairs
SL pairs involve 5257 unique genes
============================================================
Siamese SL Training
Model: siamese
CV Type: cv3
Folds: 5
============================================================

Generating CV3 splits (pair-based, multi-label)...
  Fold 1: train 68,530 pairs/109,228 labels  val 697 pairs/1,128 labels  test 5,006 pairs/7,980 labels
  Fold 2: train 63,092 pairs/101,706 labels  val 1,012 pairs/1,584 labels  test 5,689 pairs/8,792 labels
  Fold 3: train 63,695 pairs/102,423 labels  val 778 pairs/1,071 labels  test 6,142 pairs/10,206 labels
  Fold 4: train 68,487 pairs/110,473 labels  val 1,057 pairs/1,573 labels  test 4,111 pairs/6,512 labels
  Fold 5: train 67,523 pairs/109,717 labels  val 890 pairs/1,213 labels  test 4,809 pairs/7,636 labels

============================================================
Training Fold 1
============================================================

[fold 0] fitting preprocessing [method=plain: mean → col-standardize+SVD → mean/std; scope=train]
  Fit subset: 18641/19397 rows (96.1%)
  [esm1b] 1280d, 19397 genes, 317 missing
    mean-imputed 317/19397 genes (405760 NaN cells; locations fit on 18641 fit rows)
[fold 0] fold embeddings: (19397, 1280)
Fold 1 input_dim: 1280
  Trainable parameters: 24,097 (total 24,097) [SiameseSLMultiCell]
  Fold stamp: genes 42ff034debb48f84 all_pos 20be58a407d6aa9a meta 15e1a39cf91a5615
  L1 λ=0.01 for encoder.hidden_blocks.0.0.weight
  L1 λ=0.0075 for encoder.hidden_blocks.1.0.weight
  L1 λ=0.005 for encoder.hidden_blocks.2.0.weight
  L1 λ=0.004 for encoder.hidden_blocks.3.0.weight
  L1 λ=0.0025 for encoder.hidden_blocks.4.0.weight
  L1 λ=0.0015 for encoder.hidden_blocks.5.0.weight
  L1 λ=0.001 for encoder.projection.weight

  cell-line metrics  [baseline | raw AUPR | norm AUPR | AUPRG]
    strat : 0.139 | 0.528 | 0.451 | 0.893   <- AUPRG selects
    any   : 0.220 | 0.544 | 0.415 | 0.801   (AUROC 0.757)
    macro : 0.178 | 0.442 | 0.337 | -0.052   (per-line avg)
    K562   : 0.176 | 0.656 | 0.583 | 0.907
    JURKAT : 0.073 | 0.060 | -0.014 | -1.145
    A549   : 0.000 | nan | nan | nan
    HELA   : 0.263 | 0.807 | 0.738 | 0.938
    A375   : 0.000 | nan | nan | nan
    293T   : 0.190 | 0.132 | -0.072 | -1.768
    PC9    : 0.000 | nan | nan | nan
    OTHER  : 0.188 | 0.555 | 0.453 | 0.806

  cell-line metrics  [baseline | raw AUPR | norm AUPR | AUPRG]
    strat : 0.139 | 0.576 | 0.508 | 0.921   <- AUPRG selects
    any   : 0.220 | 0.558 | 0.434 | 0.744   (AUROC 0.741)
    macro : 0.178 | 0.397 | 0.274 | 0.133   (per-line avg)
    K562   : 0.176 | 0.790 | 0.745 | 0.967
    JURKAT : 0.073 | 0.092 | 0.021 | 0.263
    A549   : 0.000 | nan | nan | nan
    HELA   : 0.263 | 0.537 | 0.372 | 0.524
    A375   : 0.000 | nan | nan | nan
    293T   : 0.190 | 0.130 | -0.075 | -1.770
    PC9    : 0.000 | nan | nan | nan
    OTHER  : 0.188 | 0.436 | 0.306 | 0.680

  cell-line metrics  [baseline | raw AUPR | norm AUPR | AUPRG]
    strat : 0.139 | 0.644 | 0.587 | 0.944   <- AUPRG selects
    any   : 0.220 | 0.563 | 0.440 | 0.797   (AUROC 0.763)
    macro : 0.178 | 0.436 | 0.330 | 0.164   (per-line avg)
    K562   : 0.176 | 0.824 | 0.786 | 0.975
    JURKAT : 0.073 | 0.084 | 0.012 | 0.198
    A549   : 0.000 | nan | nan | nan
    HELA   : 0.263 | 0.855 | 0.804 | 0.963
    A375   : 0.000 | nan | nan | nan
    293T   : 0.190 | 0.126 | -0.079 | -1.817
    PC9    : 0.000 | nan | nan | nan
    OTHER  : 0.188 | 0.292 | 0.128 | 0.501

  cell-line metrics  [baseline | raw AUPR | norm AUPR | AUPRG]
    strat : 0.139 | 0.660 | 0.605 | 0.948   <- AUPRG selects
    any   : 0.220 | 0.603 | 0.492 | 0.828   (AUROC 0.792)
    macro : 0.178 | 0.420 | 0.307 | 0.247   (per-line avg)
    K562   : 0.176 | 0.853 | 0.822 | 0.981
    JURKAT : 0.073 | 0.092 | 0.020 | 0.353
    A549   : 0.000 | nan | nan | nan
    HELA   : 0.263 | 0.739 | 0.646 | 0.873
    A375   : 0.000 | nan | nan | nan
    293T   : 0.190 | 0.135 | -0.069 | -1.448
    PC9    : 0.000 | nan | nan | nan
    OTHER  : 0.188 | 0.283 | 0.118 | 0.474

Early stopping at epoch 540

  selected on val (auprg=0.9476 @ epoch 240); test scored once

Fold 1 Best (epoch 240): AUROC=0.7066, AUPR=0.2105, F1=0.2264
  Params: 22,013/24,097 nonzero | Weights: 20,508/22,592 nonzero (9.22% sparse)
    cell_emb.weight: 192/192 nonzero (0.0% sparse)
    encoder.hidden_blocks.0.0.weight: 18,816/20,864 nonzero (9.8% sparse)
    encoder.hidden_blocks.1.0.weight: 245/256 nonzero (4.3% sparse)
    encoder.hidden_blocks.2.0.weight: 250/256 nonzero (2.3% sparse)
    encoder.hidden_blocks.3.0.weight: 254/256 nonzero (0.8% sparse)
    encoder.hidden_blocks.4.0.weight: 256/256 nonzero (0.0% sparse)
    encoder.hidden_blocks.5.0.weight: 256/256 nonzero (0.0% sparse)
    encoder.projection.weight: 239/256 nonzero (6.6% sparse)
  [retrieval] index space: n=19397 num_genes=19397 num_p_genes=8844 (P-space differs from full space)
  Saved 8844x8844 shared-space score matrix -> fold_0_cv3_predictions.npy
  [retrieval] universe 19,397 genes (peers rank vs 8,844), 213 scored rows, 422 test-pos, 13,369 train-pos suppressed | fwd-check 7.15e-06 | NDCG@10 0.0000 NDCG@50 0.0373 R@50 0.0824 MAP@50 0.0064

============================================================
Training Fold 2
============================================================

[fold 1] fitting preprocessing [method=plain: mean → col-standardize+SVD → mean/std; scope=train]
  Fit subset: 18067/19397 rows (93.1%)
  [esm1b] 1280d, 19397 genes, 317 missing
    mean-imputed 317/19397 genes (405760 NaN cells; locations fit on 18067 fit rows)
[fold 1] fold embeddings: (19397, 1280)
Fold 2 input_dim: 1280
  Trainable parameters: 24,097 (total 24,097) [SiameseSLMultiCell]
  Fold stamp: genes 42ff034debb48f84 all_pos 20be58a407d6aa9a meta 15e1a39cf91a5615
  L1 λ=0.01 for encoder.hidden_blocks.0.0.weight
  L1 λ=0.0075 for encoder.hidden_blocks.1.0.weight
  L1 λ=0.005 for encoder.hidden_blocks.2.0.weight
  L1 λ=0.004 for encoder.hidden_blocks.3.0.weight
  L1 λ=0.0025 for encoder.hidden_blocks.4.0.weight
  L1 λ=0.0015 for encoder.hidden_blocks.5.0.weight
  L1 λ=0.001 for encoder.projection.weight

  cell-line metrics  [baseline | raw AUPR | norm AUPR | AUPRG]
    strat : 0.057 | 0.218 | 0.171 | 0.859   <- AUPRG selects
    any   : 0.086 | 0.245 | 0.174 | 0.768   (AUROC 0.613)
    macro : 0.125 | 0.302 | 0.198 | 0.592   (per-line avg)
    K562   : 0.090 | 0.340 | 0.275 | 0.857
    JURKAT : 0.038 | 0.055 | 0.017 | 0.600
    A549   : 0.000 | nan | nan | nan
    HELA   : 0.121 | 0.562 | 0.501 | 0.910
    A375   : 0.000 | nan | nan | nan
    293T   : 0.000 | nan | nan | nan
    PC9    : 0.250 | 0.250 | 0.000 | 0.000
    OTHER  : 0.000 | nan | nan | nan

  cell-line metrics  [baseline | raw AUPR | norm AUPR | AUPRG]
    strat : 0.057 | 0.258 | 0.213 | 0.880   <- AUPRG selects
    any   : 0.086 | 0.200 | 0.125 | 0.736   (AUROC 0.591)
    macro : 0.125 | 0.474 | 0.431 | 0.769   (per-line avg)
    K562   : 0.090 | 0.388 | 0.328 | 0.874
    JURKAT : 0.038 | 0.039 | 0.000 | 0.297
    A549   : 0.000 | nan | nan | nan
    HELA   : 0.121 | 0.468 | 0.394 | 0.906
    A375   : 0.000 | nan | nan | nan
    293T   : 0.000 | nan | nan | nan
    PC9    : 0.250 | 1.000 | 1.000 | 1.000
    OTHER  : 0.000 | nan | nan | nan

Early stopping at epoch 600

  selected on val (auprg=0.8804 @ epoch 300); test scored once

Fold 2 Best (epoch 300): AUROC=0.7257, AUPR=0.6312, F1=0.5977
  Params: 21,735/24,097 nonzero | Weights: 20,230/22,592 nonzero (10.46% sparse)
    cell_emb.weight: 192/192 nonzero (0.0% sparse)
    encoder.hidden_blocks.0.0.weight: 18,559/20,864 nonzero (11.0% sparse)
    encoder.hidden_blocks.1.0.weight: 238/256 nonzero (7.0% sparse)
    encoder.hidden_blocks.2.0.weight: 252/256 nonzero (1.6% sparse)
    encoder.hidden_blocks.3.0.weight: 256/256 nonzero (0.0% sparse)
    encoder.hidden_blocks.4.0.weight: 253/256 nonzero (1.2% sparse)
    encoder.hidden_blocks.5.0.weight: 256/256 nonzero (0.0% sparse)
    encoder.projection.weight: 224/256 nonzero (12.5% sparse)
  [retrieval] index space: n=19397 num_genes=19397 num_p_genes=8844 (P-space differs from full space)
  Saved 8844x8844 shared-space score matrix -> fold_1_cv3_predictions.npy
  [retrieval] universe 19,397 genes (peers rank vs 8,844), 921 scored rows, 1,502 test-pos, 9,745 train-pos suppressed | fwd-check 5.72e-05 | NDCG@10 0.0093 NDCG@50 0.0390 R@50 0.1295 MAP@50 0.0126

============================================================
Training Fold 3
============================================================

[fold 2] fitting preprocessing [method=plain: mean → col-standardize+SVD → mean/std; scope=train]
  Fit subset: 18334/19397 rows (94.5%)
  [esm1b] 1280d, 19397 genes, 317 missing
    mean-imputed 317/19397 genes (405760 NaN cells; locations fit on 18334 fit rows)
[fold 2] fold embeddings: (19397, 1280)
Fold 3 input_dim: 1280
  Trainable parameters: 24,097 (total 24,097) [SiameseSLMultiCell]
  Fold stamp: genes 42ff034debb48f84 all_pos 20be58a407d6aa9a meta 15e1a39cf91a5615
  L1 λ=0.01 for encoder.hidden_blocks.0.0.weight
  L1 λ=0.0075 for encoder.hidden_blocks.1.0.weight
  L1 λ=0.005 for encoder.hidden_blocks.2.0.weight
  L1 λ=0.004 for encoder.hidden_blocks.3.0.weight
  L1 λ=0.0025 for encoder.hidden_blocks.4.0.weight
  L1 λ=0.0015 for encoder.hidden_blocks.5.0.weight
  L1 λ=0.001 for encoder.projection.weight

  cell-line metrics  [baseline | raw AUPR | norm AUPR | AUPRG]
    strat : 0.231 | 0.554 | 0.420 | 0.643   <- AUPRG selects
    any   : 0.315 | 0.506 | 0.279 | 0.310   (AUROC 0.651)
    macro : 0.218 | 0.462 | 0.284 | 0.446   (per-line avg)
    K562   : 0.181 | 0.767 | 0.715 | 0.960
    JURKAT : 0.006 | 0.333 | 0.329 | 0.987
    A549   : 0.014 | 0.015 | 0.001 | 0.082
    HELA   : 0.164 | 0.695 | 0.635 | 0.936
    A375   : 0.000 | nan | nan | nan
    293T   : 0.500 | 0.468 | -0.064 | -0.355
    PC9    : 0.000 | nan | nan | nan
    OTHER  : 0.446 | 0.495 | 0.088 | 0.067

  cell-line metrics  [baseline | raw AUPR | norm AUPR | AUPRG]
    strat : 0.231 | 0.525 | 0.383 | 0.665   <- AUPRG selects
    any   : 0.315 | 0.591 | 0.403 | 0.673   (AUROC 0.775)
    macro : 0.218 | 0.602 | 0.439 | 0.695   (per-line avg)
    K562   : 0.181 | 0.681 | 0.611 | 0.929
    JURKAT : 0.006 | 0.143 | 0.137 | 0.962
    A549   : 0.014 | 1.000 | 1.000 | 1.000
    HELA   : 0.164 | 0.733 | 0.681 | 0.960
    A375   : 0.000 | nan | nan | nan
    293T   : 0.500 | 0.526 | 0.053 | 0.066
    PC9    : 0.000 | nan | nan | nan
    OTHER  : 0.446 | 0.530 | 0.152 | 0.253

  cell-line metrics  [baseline | raw AUPR | norm AUPR | AUPRG]
    strat : 0.231 | 0.553 | 0.419 | 0.677   <- AUPRG selects
    any   : 0.315 | 0.529 | 0.313 | 0.537   (AUROC 0.687)
    macro : 0.218 | 0.434 | 0.260 | 0.613   (per-line avg)
    K562   : 0.181 | 0.720 | 0.658 | 0.936
    JURKAT : 0.006 | 0.100 | 0.094 | 0.943
    A549   : 0.014 | 0.091 | 0.078 | 0.863
    HELA   : 0.164 | 0.701 | 0.642 | 0.940
    A375   : 0.000 | nan | nan | nan
    293T   : 0.500 | 0.490 | -0.021 | -0.151
    PC9    : 0.000 | nan | nan | nan
    OTHER  : 0.446 | 0.506 | 0.108 | 0.147

  cell-line metrics  [baseline | raw AUPR | norm AUPR | AUPRG]
    strat : 0.231 | 0.601 | 0.481 | 0.776   <- AUPRG selects
    any   : 0.315 | 0.474 | 0.233 | 0.269   (AUROC 0.588)
    macro : 0.218 | 0.464 | 0.316 | 0.597   (per-line avg)
    K562   : 0.181 | 0.777 | 0.728 | 0.957
    JURKAT : 0.006 | 0.091 | 0.085 | 0.937
    A549   : 0.014 | 0.026 | 0.012 | 0.479
    HELA   : 0.164 | 0.756 | 0.708 | 0.955
    A375   : 0.000 | nan | nan | nan
    293T   : 0.500 | 0.599 | 0.198 | 0.191
    PC9    : 0.000 | nan | nan | nan
    OTHER  : 0.446 | 0.537 | 0.165 | 0.064

  cell-line metrics  [baseline | raw AUPR | norm AUPR | AUPRG]
    strat : 0.231 | 0.610 | 0.493 | 0.784   <- AUPRG selects
    any   : 0.315 | 0.518 | 0.296 | 0.371   (AUROC 0.614)
    macro : 0.218 | 0.495 | 0.346 | 0.625   (per-line avg)
    K562   : 0.181 | 0.851 | 0.818 | 0.982
    JURKAT : 0.006 | 0.200 | 0.195 | 0.975
    A549   : 0.014 | 0.045 | 0.032 | 0.712
    HELA   : 0.164 | 0.753 | 0.705 | 0.969
    A375   : 0.000 | nan | nan | nan
    293T   : 0.500 | 0.589 | 0.178 | 0.077
    PC9    : 0.000 | nan | nan | nan
    OTHER  : 0.446 | 0.529 | 0.150 | 0.037

Early stopping at epoch 780

  selected on val (auprg=0.7840 @ epoch 480); test scored once

Fold 3 Best (epoch 480): AUROC=0.7677, AUPR=0.3957, F1=0.4108
  Params: 21,138/24,097 nonzero | Weights: 19,633/22,592 nonzero (13.10% sparse)
    cell_emb.weight: 192/192 nonzero (0.0% sparse)
    encoder.hidden_blocks.0.0.weight: 18,020/20,864 nonzero (13.6% sparse)
    encoder.hidden_blocks.1.0.weight: 244/256 nonzero (4.7% sparse)
    encoder.hidden_blocks.2.0.weight: 250/256 nonzero (2.3% sparse)
    encoder.hidden_blocks.3.0.weight: 255/256 nonzero (0.4% sparse)
    encoder.hidden_blocks.4.0.weight: 256/256 nonzero (0.0% sparse)
    encoder.hidden_blocks.5.0.weight: 256/256 nonzero (0.0% sparse)
    encoder.projection.weight: 160/256 nonzero (37.5% sparse)
  [retrieval] index space: n=19397 num_genes=19397 num_p_genes=8844 (P-space differs from full space)
  Saved 8844x8844 shared-space score matrix -> fold_2_cv3_predictions.npy
  [retrieval] universe 19,397 genes (peers rank vs 8,844), 499 scored rows, 1,307 test-pos, 9,031 train-pos suppressed | fwd-check 1.53e-05 | NDCG@10 0.0306 NDCG@50 0.0339 R@50 0.0175 MAP@50 0.0319

============================================================
Training Fold 4
============================================================

[fold 3] fitting preprocessing [method=plain: mean → col-standardize+SVD → mean/std; scope=train]
  Fit subset: 18522/19397 rows (95.5%)
  [esm1b] 1280d, 19397 genes, 317 missing
    mean-imputed 317/19397 genes (405760 NaN cells; locations fit on 18522 fit rows)
[fold 3] fold embeddings: (19397, 1280)
Fold 4 input_dim: 1280
  Trainable parameters: 24,097 (total 24,097) [SiameseSLMultiCell]
  Fold stamp: genes 42ff034debb48f84 all_pos 20be58a407d6aa9a meta 15e1a39cf91a5615
  L1 λ=0.01 for encoder.hidden_blocks.0.0.weight
  L1 λ=0.0075 for encoder.hidden_blocks.1.0.weight
  L1 λ=0.005 for encoder.hidden_blocks.2.0.weight
  L1 λ=0.004 for encoder.hidden_blocks.3.0.weight
  L1 λ=0.0025 for encoder.hidden_blocks.4.0.weight
  L1 λ=0.0015 for encoder.hidden_blocks.5.0.weight
  L1 λ=0.001 for encoder.projection.weight

  cell-line metrics  [baseline | raw AUPR | norm AUPR | AUPRG]
    strat : 0.133 | 0.769 | 0.733 | 0.969   <- AUPRG selects
    any   : 0.197 | 0.805 | 0.757 | 0.948   (AUROC 0.849)
    macro : 0.160 | 0.547 | 0.492 | 0.572   (per-line avg)
    K562   : 0.100 | 0.518 | 0.464 | 0.934
    JURKAT : 0.024 | 0.028 | 0.004 | -0.474
    A549   : 0.000 | nan | nan | nan
    HELA   : 0.250 | 0.618 | 0.490 | 0.740
    A375   : 0.000 | nan | nan | nan
    293T   : 0.067 | 1.000 | 1.000 | 1.000
    PC9    : 0.111 | 0.143 | 0.036 | 0.250
    OTHER  : 0.407 | 0.975 | 0.958 | 0.980

  cell-line metrics  [baseline | raw AUPR | norm AUPR | AUPRG]
    strat : 0.133 | 0.804 | 0.775 | 0.975   <- AUPRG selects
    any   : 0.197 | 0.827 | 0.784 | 0.955   (AUROC 0.865)
    macro : 0.160 | 0.573 | 0.521 | 0.314   (per-line avg)
    K562   : 0.100 | 0.637 | 0.597 | 0.960
    JURKAT : 0.024 | 0.019 | -0.005 | -2.263
    A549   : 0.000 | nan | nan | nan
    HELA   : 0.250 | 0.599 | 0.466 | 0.698
    A375   : 0.000 | nan | nan | nan
    293T   : 0.067 | 1.000 | 1.000 | 1.000
    PC9    : 0.111 | 0.200 | 0.100 | 0.500
    OTHER  : 0.407 | 0.981 | 0.968 | 0.986

  cell-line metrics  [baseline | raw AUPR | norm AUPR | AUPRG]
    strat : 0.133 | 0.802 | 0.771 | 0.977   <- AUPRG selects
    any   : 0.197 | 0.806 | 0.758 | 0.951   (AUROC 0.877)
    macro : 0.160 | 0.571 | 0.516 | 0.785   (per-line avg)
    K562   : 0.100 | 0.638 | 0.598 | 0.961
    JURKAT : 0.024 | 0.047 | 0.024 | 0.677
    A549   : 0.000 | nan | nan | nan
    HELA   : 0.250 | 0.516 | 0.355 | 0.467
    A375   : 0.000 | nan | nan | nan
    293T   : 0.067 | 1.000 | 1.000 | 1.000
    PC9    : 0.111 | 0.250 | 0.156 | 0.625
    OTHER  : 0.407 | 0.977 | 0.960 | 0.982

  cell-line metrics  [baseline | raw AUPR | norm AUPR | AUPRG]
    strat : 0.133 | 0.808 | 0.779 | 0.977   <- AUPRG selects
    any   : 0.197 | 0.848 | 0.810 | 0.969   (AUROC 0.903)
    macro : 0.160 | 0.589 | 0.540 | 0.829   (per-line avg)
    K562   : 0.100 | 0.654 | 0.615 | 0.964
    JURKAT : 0.024 | 0.062 | 0.040 | 0.800
    A549   : 0.000 | nan | nan | nan
    HELA   : 0.250 | 0.636 | 0.515 | 0.724
    A375   : 0.000 | nan | nan | nan
    293T   : 0.067 | 1.000 | 1.000 | 1.000
    PC9    : 0.111 | 0.200 | 0.100 | 0.500
    OTHER  : 0.407 | 0.981 | 0.968 | 0.985

Early stopping at epoch 540

  selected on val (auprg=0.9775 @ epoch 240); test scored once

Fold 4 Best (epoch 240): AUROC=0.7371, AUPR=0.4369, F1=0.4394
  Params: 22,335/24,097 nonzero | Weights: 20,830/22,592 nonzero (7.80% sparse)
    cell_emb.weight: 192/192 nonzero (0.0% sparse)
    encoder.hidden_blocks.0.0.weight: 19,144/20,864 nonzero (8.2% sparse)
    encoder.hidden_blocks.1.0.weight: 243/256 nonzero (5.1% sparse)
    encoder.hidden_blocks.2.0.weight: 249/256 nonzero (2.7% sparse)
    encoder.hidden_blocks.3.0.weight: 254/256 nonzero (0.8% sparse)
    encoder.hidden_blocks.4.0.weight: 253/256 nonzero (1.2% sparse)
    encoder.hidden_blocks.5.0.weight: 255/256 nonzero (0.4% sparse)
    encoder.projection.weight: 240/256 nonzero (6.2% sparse)
  [retrieval] index space: n=19397 num_genes=19397 num_p_genes=8844 (P-space differs from full space)
  Saved 8844x8844 shared-space score matrix -> fold_3_cv3_predictions.npy
  [retrieval] universe 19,397 genes (peers rank vs 8,844), 261 scored rows, 711 test-pos, 11,416 train-pos suppressed | fwd-check 2.29e-05 | NDCG@10 0.0000 NDCG@50 0.0499 R@50 0.0332 MAP@50 0.0109

============================================================
Training Fold 5
============================================================

[fold 4] fitting preprocessing [method=plain: mean → col-standardize+SVD → mean/std; scope=train]
  Fit subset: 18441/19397 rows (95.1%)
  [esm1b] 1280d, 19397 genes, 317 missing
    mean-imputed 317/19397 genes (405760 NaN cells; locations fit on 18441 fit rows)
[fold 4] fold embeddings: (19397, 1280)
Fold 5 input_dim: 1280
  Trainable parameters: 24,097 (total 24,097) [SiameseSLMultiCell]
  Fold stamp: genes 42ff034debb48f84 all_pos 20be58a407d6aa9a meta 15e1a39cf91a5615
  L1 λ=0.01 for encoder.hidden_blocks.0.0.weight
  L1 λ=0.0075 for encoder.hidden_blocks.1.0.weight
  L1 λ=0.005 for encoder.hidden_blocks.2.0.weight
  L1 λ=0.004 for encoder.hidden_blocks.3.0.weight
  L1 λ=0.0025 for encoder.hidden_blocks.4.0.weight
  L1 λ=0.0015 for encoder.hidden_blocks.5.0.weight
  L1 λ=0.001 for encoder.projection.weight

  cell-line metrics  [baseline | raw AUPR | norm AUPR | AUPRG]
    strat : 0.303 | 0.596 | 0.421 | 0.485   <- AUPRG selects
    any   : 0.393 | 0.636 | 0.400 | 0.224   (AUROC 0.625)
    macro : 0.293 | 0.506 | 0.039 | 0.535   (per-line avg)
    K562   : 0.055 | 0.089 | 0.036 | 0.557
    JURKAT : 0.083 | 0.167 | 0.092 | 0.462
    A549   : 0.021 | 0.167 | 0.149 | 0.894
    HELA   : 0.107 | 1.000 | 1.000 | 1.000
    A375   : 0.975 | 0.928 | -1.842 | -0.013
    293T   : 0.190 | 0.315 | 0.153 | 0.541
    PC9    : 0.000 | nan | nan | nan
    OTHER  : 0.617 | 0.880 | 0.686 | 0.307

  cell-line metrics  [baseline | raw AUPR | norm AUPR | AUPRG]
    strat : 0.303 | 0.620 | 0.456 | 0.544   <- AUPRG selects
    any   : 0.393 | 0.724 | 0.545 | 0.577   (AUROC 0.754)
    macro : 0.293 | 0.488 | 0.301 | 0.289   (per-line avg)
    K562   : 0.055 | 0.186 | 0.139 | 0.835
    JURKAT : 0.083 | 0.076 | -0.007 | -0.514
    A549   : 0.021 | 0.333 | 0.319 | 0.957
    HELA   : 0.107 | 0.778 | 0.751 | 0.993
    A375   : 0.975 | 0.979 | 0.179 | -0.013
    293T   : 0.190 | 0.150 | -0.051 | -0.811
    PC9    : 0.000 | nan | nan | nan
    OTHER  : 0.617 | 0.914 | 0.775 | 0.577

  cell-line metrics  [baseline | raw AUPR | norm AUPR | AUPRG]
    strat : 0.303 | 0.630 | 0.469 | 0.561   <- AUPRG selects
    any   : 0.393 | 0.742 | 0.574 | 0.602   (AUROC 0.767)
    macro : 0.293 | 0.529 | 0.461 | 0.608   (per-line avg)
    K562   : 0.055 | 0.212 | 0.166 | 0.890
    JURKAT : 0.083 | 0.167 | 0.092 | 0.306
    A549   : 0.021 | 0.200 | 0.183 | 0.915
    HELA   : 0.107 | 1.000 | 1.000 | 1.000
    A375   : 0.975 | 0.999 | 0.976 | 0.662
    293T   : 0.190 | 0.209 | 0.023 | -0.116
    PC9    : 0.000 | nan | nan | nan
    OTHER  : 0.617 | 0.917 | 0.784 | 0.601

  cell-line metrics  [baseline | raw AUPR | norm AUPR | AUPRG]
    strat : 0.303 | 0.630 | 0.469 | 0.567   <- AUPRG selects
    any   : 0.393 | 0.756 | 0.598 | 0.633   (AUROC 0.791)
    macro : 0.293 | 0.526 | 0.458 | 0.472   (per-line avg)
    K562   : 0.055 | 0.163 | 0.115 | 0.820
    JURKAT : 0.083 | 0.068 | -0.016 | -0.662
    A549   : 0.021 | 0.040 | 0.020 | 0.489
    HELA   : 0.107 | 1.000 | 1.000 | 1.000
    A375   : 0.975 | 0.997 | 0.894 | 0.155
    293T   : 0.190 | 0.475 | 0.351 | 0.760
    PC9    : 0.000 | nan | nan | nan
    OTHER  : 0.617 | 0.941 | 0.845 | 0.745

Early stopping at epoch 630

  selected on val (auprg=0.5674 @ epoch 330); test scored once

Fold 5 Best (epoch 330): AUROC=0.7284, AUPR=0.3211, F1=0.3211
  Params: 22,844/24,097 nonzero | Weights: 21,339/22,592 nonzero (5.55% sparse)
    cell_emb.weight: 192/192 nonzero (0.0% sparse)
    encoder.hidden_blocks.0.0.weight: 19,623/20,864 nonzero (5.9% sparse)
    encoder.hidden_blocks.1.0.weight: 246/256 nonzero (3.9% sparse)
    encoder.hidden_blocks.2.0.weight: 255/256 nonzero (0.4% sparse)
    encoder.hidden_blocks.3.0.weight: 255/256 nonzero (0.4% sparse)
    encoder.hidden_blocks.4.0.weight: 256/256 nonzero (0.0% sparse)
    encoder.hidden_blocks.5.0.weight: 256/256 nonzero (0.0% sparse)
    encoder.projection.weight: 256/256 nonzero (0.0% sparse)
  [retrieval] index space: n=19397 num_genes=19397 num_p_genes=8844 (P-space differs from full space)
  Saved 8844x8844 shared-space score matrix -> fold_4_cv3_predictions.npy
  [retrieval] universe 19,397 genes (peers rank vs 8,844), 193 scored rows, 518 test-pos, 11,309 train-pos suppressed | fwd-check 1.53e-05 | NDCG@10 0.0000 NDCG@50 0.0337 R@50 0.0335 MAP@50 0.0056

============================================================
Cross-Validation Results: CV3 (pair-based)
============================================================

Fold        AUROC       AUPR         F1
----------------------------------------
1          0.7066     0.2105     0.2264
2          0.7257     0.6312     0.5977
3          0.7677     0.3957     0.4108
4          0.7371     0.4369     0.4394
5          0.7284     0.3211     0.3211
----------------------------------------
Mean       0.7331     0.3991     0.3991
Std        0.0200     0.1393     0.1242

============================================================
Summary:
  AUROC: 0.7331 ± 0.0200
  AUPR:  0.3991 ± 0.1393
  F1:    0.3991 ± 0.1242
  Params: 22,013/24,097 nonzero (weight sparsity: 9.22%)
============================================================

Cell-line metrics (mean over folds):
  STRATIFIED (pooled per-cell-line obs; SELECTION basis):
    baseline(pi) 0.1098  AUPR 0.3991  normAUPR 0.3309  AUPRG 0.8703  AUROC 0.7331
  GLOBAL (SL in any cell line; one-time headline):
    AUPRG 0.6822 ± 0.1872   AUPR 0.3830   AUROC 0.6778
  PER-LINE macro (equal weight/line; diagnostic):
    AUPRG 0.3653  AUPR 0.2617
  RETRIEVAL (rank vs the whole 19,397-gene universe; peers rank vs 8,844 -- NOT strictly comparable):
    NDCG@10 0.0080  NDCG@50 0.0388  R@50 0.0592  MAP@50 0.0135

Results saved to results/pcavar0.8_esm1b_cv3

SUCCESS: esm1b / cv3  (PCA=0.8)
  AUROC=0.7331 +/- 0.0200  AUPRG=0.8703 +/- 0.0404  Params=22,013/24,097 (9.2% sparse)
  Completed at: Thu Aug 27 19:41:10 EDT 2026
