============================================================================
Job: bestcat_emb | ID: 1169987 | Node: gpu3
Array task: 2 (of job 1166079)
Start: Thu Aug 27 10:27:26 EDT 2026
NVIDIA L40, 46068 MiB, 43931 MiB
NVIDIA L40, 46068 MiB, 0 MiB
NVIDIA L40, 46068 MiB, 0 MiB
NVIDIA L40, 46068 MiB, 613 MiB
============================================================================

Task 2: geneformer (expression) / cv3  [PCA=0.8]
  Embedding: /ddn_exa/campbell/kaiyang/SLMGAE-pytorch/data/all_genes_geneformer.pt

Cleaning previous results: results/pcavar0.8_geneformer_cv3
Training: geneformer / cv3  (PCA=0.8)
  Output: results/pcavar0.8_geneformer_cv3
  Config: encoder=[16 16 16 16 16 16 16], epochs=2000, patience=10

Using GPU: NVIDIA L40

Loading 1 modality file(s) [raw, preprocessing deferred to per-fold fit]:
Cell-line conditioning: ENABLED (masked multi-label, 8 heads)
    labeled pairs: 128,870 over 8,844 genes (dropped 0 with no known head)
    same-head SL/non-SL conflicts resolved by OR (label=SL): 1,876 pairs -> 2,171 head-cells [JURKAT 1,461, K562 406, HELA 125, OTHER 107, 293T 36, A549 30, A375 6]
    K562     known  91,937  pos  8,705  neg  83,232  (or-resolved   406)
    JURKAT   known  66,122  pos  2,617  neg  63,505  (or-resolved 1,461)
    A549     known   8,889  pos    314  neg   8,575  (or-resolved    30)
    HELA     known   5,931  pos  1,250  neg   4,681  (or-resolved   125)
    A375     known   2,509  pos  1,094  neg   1,415  (or-resolved     6)
    293T     known   2,438  pos    326  neg   2,112  (or-resolved    36)
    PC9      known   1,014  pos     68  neg     946  (or-resolved     0)
    OTHER    known  27,002  pos  8,721  neg  18,281  (or-resolved   107)
Loaded raw tensors for 19397 genes
Loaded 22166 positive SL pairs
SL pairs involve 5257 unique genes
============================================================
Siamese SL Training
Model: siamese
CV Type: cv3
Folds: 5
============================================================

Generating CV3 splits (pair-based, multi-label)...
  Fold 1: train 68,530 pairs/109,228 labels  val 697 pairs/1,128 labels  test 5,006 pairs/7,980 labels
  Fold 2: train 63,092 pairs/101,706 labels  val 1,012 pairs/1,584 labels  test 5,689 pairs/8,792 labels
  Fold 3: train 63,695 pairs/102,423 labels  val 778 pairs/1,071 labels  test 6,142 pairs/10,206 labels
  Fold 4: train 68,487 pairs/110,473 labels  val 1,057 pairs/1,573 labels  test 4,111 pairs/6,512 labels
  Fold 5: train 67,523 pairs/109,717 labels  val 890 pairs/1,213 labels  test 4,809 pairs/7,636 labels

============================================================
Training Fold 1
============================================================

[fold 0] fitting preprocessing [method=plain: mean → col-standardize+SVD → mean/std; scope=train]
  Fit subset: 18641/19397 rows (96.1%)
  [geneformer] 1152d, 19397 genes, 135 missing
    mean-imputed 135/19397 genes (155520 NaN cells; locations fit on 18641 fit rows)
[fold 0] fold embeddings: (19397, 1152)
Fold 1 input_dim: 1152
  Trainable parameters: 21,921 (total 21,921) [SiameseSLMultiCell]
  Fold stamp: genes 42ff034debb48f84 all_pos 20be58a407d6aa9a meta 15e1a39cf91a5615
  L1 λ=0.01 for encoder.hidden_blocks.0.0.weight
  L1 λ=0.0075 for encoder.hidden_blocks.1.0.weight
  L1 λ=0.005 for encoder.hidden_blocks.2.0.weight
  L1 λ=0.004 for encoder.hidden_blocks.3.0.weight
  L1 λ=0.0025 for encoder.hidden_blocks.4.0.weight
  L1 λ=0.0015 for encoder.hidden_blocks.5.0.weight
  L1 λ=0.001 for encoder.projection.weight

  cell-line metrics  [baseline | raw AUPR | norm AUPR | AUPRG]
    strat : 0.139 | 0.619 | 0.557 | 0.932   <- AUPRG selects
    any   : 0.220 | 0.612 | 0.503 | 0.824   (AUROC 0.727)
    macro : 0.178 | 0.414 | 0.297 | 0.327   (per-line avg)
    K562   : 0.176 | 0.816 | 0.776 | 0.965
    JURKAT : 0.073 | 0.151 | 0.085 | 0.154
    A549   : 0.000 | nan | nan | nan
    HELA   : 0.263 | 0.697 | 0.589 | 0.851
    A375   : 0.000 | nan | nan | nan
    293T   : 0.190 | 0.204 | 0.017 | -0.105
    PC9    : 0.000 | nan | nan | nan
    OTHER  : 0.188 | 0.202 | 0.018 | -0.229

Early stopping at epoch 330

  selected on val (auprg=0.9323 @ epoch 30); test scored once

Fold 1 Best (epoch 30): AUROC=0.6703, AUPR=0.1940, F1=0.1886
  Params: 21,012/21,921 nonzero | Weights: 19,635/20,544 nonzero (4.42% sparse)
    cell_emb.weight: 192/192 nonzero (0.0% sparse)
    encoder.hidden_blocks.0.0.weight: 17,913/18,816 nonzero (4.8% sparse)
    encoder.hidden_blocks.1.0.weight: 254/256 nonzero (0.8% sparse)
    encoder.hidden_blocks.2.0.weight: 253/256 nonzero (1.2% sparse)
    encoder.hidden_blocks.3.0.weight: 256/256 nonzero (0.0% sparse)
    encoder.hidden_blocks.4.0.weight: 255/256 nonzero (0.4% sparse)
    encoder.hidden_blocks.5.0.weight: 256/256 nonzero (0.0% sparse)
    encoder.projection.weight: 256/256 nonzero (0.0% sparse)
  [retrieval] index space: n=19397 num_genes=19397 num_p_genes=8844 (P-space differs from full space)
  Saved 8844x8844 shared-space score matrix -> fold_0_cv3_predictions.npy
  [retrieval] universe 19,397 genes (peers rank vs 8,844), 213 scored rows, 422 test-pos, 13,369 train-pos suppressed | fwd-check 1.72e-05 | NDCG@10 0.0000 NDCG@50 0.0267 R@50 0.0613 MAP@50 0.0045

============================================================
Training Fold 2
============================================================

[fold 1] fitting preprocessing [method=plain: mean → col-standardize+SVD → mean/std; scope=train]
  Fit subset: 18067/19397 rows (93.1%)
  [geneformer] 1152d, 19397 genes, 135 missing
    mean-imputed 135/19397 genes (155520 NaN cells; locations fit on 18067 fit rows)
[fold 1] fold embeddings: (19397, 1152)
Fold 2 input_dim: 1152
  Trainable parameters: 21,921 (total 21,921) [SiameseSLMultiCell]
  Fold stamp: genes 42ff034debb48f84 all_pos 20be58a407d6aa9a meta 15e1a39cf91a5615
  L1 λ=0.01 for encoder.hidden_blocks.0.0.weight
  L1 λ=0.0075 for encoder.hidden_blocks.1.0.weight
  L1 λ=0.005 for encoder.hidden_blocks.2.0.weight
  L1 λ=0.004 for encoder.hidden_blocks.3.0.weight
  L1 λ=0.0025 for encoder.hidden_blocks.4.0.weight
  L1 λ=0.0015 for encoder.hidden_blocks.5.0.weight
  L1 λ=0.001 for encoder.projection.weight

  cell-line metrics  [baseline | raw AUPR | norm AUPR | AUPRG]
    strat : 0.057 | 0.148 | 0.096 | 0.745   <- AUPRG selects
    any   : 0.086 | 0.146 | 0.066 | 0.482   (AUROC 0.588)
    macro : 0.125 | 0.150 | 0.028 | -0.835   (per-line avg)
    K562   : 0.090 | 0.239 | 0.164 | 0.739
    JURKAT : 0.038 | 0.025 | -0.014 | -2.952
    A549   : 0.000 | nan | nan | nan
    HELA   : 0.121 | 0.087 | -0.039 | -1.127
    A375   : 0.000 | nan | nan | nan
    293T   : 0.000 | nan | nan | nan
    PC9    : 0.250 | 0.250 | 0.000 | 0.000
    OTHER  : 0.000 | nan | nan | nan

  cell-line metrics  [baseline | raw AUPR | norm AUPR | AUPRG]
    strat : 0.057 | 0.165 | 0.114 | 0.784   <- AUPRG selects
    any   : 0.086 | 0.143 | 0.062 | 0.516   (AUROC 0.540)
    macro : 0.125 | 0.237 | 0.137 | 0.154   (per-line avg)
    K562   : 0.090 | 0.299 | 0.230 | 0.829
    JURKAT : 0.038 | 0.041 | 0.003 | -0.091
    A549   : 0.000 | nan | nan | nan
    HELA   : 0.121 | 0.106 | -0.017 | -0.790
    A375   : 0.000 | nan | nan | nan
    293T   : 0.000 | nan | nan | nan
    PC9    : 0.250 | 0.500 | 0.333 | 0.667
    OTHER  : 0.000 | nan | nan | nan

  cell-line metrics  [baseline | raw AUPR | norm AUPR | AUPRG]
    strat : 0.057 | 0.160 | 0.109 | 0.799   <- AUPRG selects
    any   : 0.086 | 0.161 | 0.083 | 0.570   (AUROC 0.591)
    macro : 0.125 | 0.247 | 0.149 | 0.284   (per-line avg)
    K562   : 0.090 | 0.306 | 0.238 | 0.827
    JURKAT : 0.038 | 0.044 | 0.006 | -0.681
    A549   : 0.000 | nan | nan | nan
    HELA   : 0.121 | 0.138 | 0.019 | 0.324
    A375   : 0.000 | nan | nan | nan
    293T   : 0.000 | nan | nan | nan
    PC9    : 0.250 | 0.500 | 0.333 | 0.667
    OTHER  : 0.000 | nan | nan | nan

  cell-line metrics  [baseline | raw AUPR | norm AUPR | AUPRG]
    strat : 0.057 | 0.245 | 0.199 | 0.889   <- AUPRG selects
    any   : 0.086 | 0.109 | 0.025 | 0.431   (AUROC 0.517)
    macro : 0.125 | 0.222 | 0.112 | 0.331   (per-line avg)
    K562   : 0.090 | 0.352 | 0.288 | 0.878
    JURKAT : 0.038 | 0.047 | 0.009 | -0.143
    A549   : 0.000 | nan | nan | nan
    HELA   : 0.121 | 0.158 | 0.042 | 0.256
    A375   : 0.000 | nan | nan | nan
    293T   : 0.000 | nan | nan | nan
    PC9    : 0.250 | 0.333 | 0.111 | 0.333
    OTHER  : 0.000 | nan | nan | nan

  cell-line metrics  [baseline | raw AUPR | norm AUPR | AUPRG]
    strat : 0.057 | 0.286 | 0.243 | 0.921   <- AUPRG selects
    any   : 0.086 | 0.132 | 0.050 | 0.566   (AUROC 0.547)
    macro : 0.125 | 0.287 | 0.193 | -0.105   (per-line avg)
    K562   : 0.090 | 0.422 | 0.365 | 0.923
    JURKAT : 0.038 | 0.030 | -0.009 | -2.550
    A549   : 0.000 | nan | nan | nan
    HELA   : 0.121 | 0.196 | 0.085 | 0.541
    A375   : 0.000 | nan | nan | nan
    293T   : 0.000 | nan | nan | nan
    PC9    : 0.250 | 0.500 | 0.333 | 0.667
    OTHER  : 0.000 | nan | nan | nan

Early stopping at epoch 630

  selected on val (auprg=0.9209 @ epoch 330); test scored once

Fold 2 Best (epoch 330): AUROC=0.6296, AUPR=0.2966, F1=0.3751
  Params: 21,388/21,921 nonzero | Weights: 20,011/20,544 nonzero (2.59% sparse)
    cell_emb.weight: 192/192 nonzero (0.0% sparse)
    encoder.hidden_blocks.0.0.weight: 18,293/18,816 nonzero (2.8% sparse)
    encoder.hidden_blocks.1.0.weight: 251/256 nonzero (2.0% sparse)
    encoder.hidden_blocks.2.0.weight: 254/256 nonzero (0.8% sparse)
    encoder.hidden_blocks.3.0.weight: 253/256 nonzero (1.2% sparse)
    encoder.hidden_blocks.4.0.weight: 256/256 nonzero (0.0% sparse)
    encoder.hidden_blocks.5.0.weight: 256/256 nonzero (0.0% sparse)
    encoder.projection.weight: 256/256 nonzero (0.0% sparse)
  [retrieval] index space: n=19397 num_genes=19397 num_p_genes=8844 (P-space differs from full space)
  Saved 8844x8844 shared-space score matrix -> fold_1_cv3_predictions.npy
  [retrieval] universe 19,397 genes (peers rank vs 8,844), 921 scored rows, 1,502 test-pos, 9,745 train-pos suppressed | fwd-check 1.53e-05 | NDCG@10 0.0000 NDCG@50 0.0005 R@50 0.0000 MAP@50 0.0001

============================================================
Training Fold 3
============================================================

[fold 2] fitting preprocessing [method=plain: mean → col-standardize+SVD → mean/std; scope=train]
  Fit subset: 18334/19397 rows (94.5%)
  [geneformer] 1152d, 19397 genes, 135 missing
    mean-imputed 135/19397 genes (155520 NaN cells; locations fit on 18334 fit rows)
[fold 2] fold embeddings: (19397, 1152)
Fold 3 input_dim: 1152
  Trainable parameters: 21,921 (total 21,921) [SiameseSLMultiCell]
  Fold stamp: genes 42ff034debb48f84 all_pos 20be58a407d6aa9a meta 15e1a39cf91a5615
  L1 λ=0.01 for encoder.hidden_blocks.0.0.weight
  L1 λ=0.0075 for encoder.hidden_blocks.1.0.weight
  L1 λ=0.005 for encoder.hidden_blocks.2.0.weight
  L1 λ=0.004 for encoder.hidden_blocks.3.0.weight
  L1 λ=0.0025 for encoder.hidden_blocks.4.0.weight
  L1 λ=0.0015 for encoder.hidden_blocks.5.0.weight
  L1 λ=0.001 for encoder.projection.weight

  cell-line metrics  [baseline | raw AUPR | norm AUPR | AUPRG]
    strat : 0.231 | 0.568 | 0.438 | 0.697   <- AUPRG selects
    any   : 0.315 | 0.633 | 0.464 | 0.664   (AUROC 0.760)
    macro : 0.218 | 0.444 | 0.277 | 0.631   (per-line avg)
    K562   : 0.181 | 0.833 | 0.796 | 0.969
    JURKAT : 0.006 | 0.018 | 0.012 | 0.658
    A549   : 0.014 | 0.200 | 0.189 | 0.945
    HELA   : 0.164 | 0.603 | 0.525 | 0.920
    A375   : 0.000 | nan | nan | nan
    293T   : 0.500 | 0.595 | 0.191 | 0.343
    PC9    : 0.000 | nan | nan | nan
    OTHER  : 0.446 | 0.417 | -0.052 | -0.048

  cell-line metrics  [baseline | raw AUPR | norm AUPR | AUPRG]
    strat : 0.231 | 0.560 | 0.428 | 0.704   <- AUPRG selects
    any   : 0.315 | 0.648 | 0.486 | 0.710   (AUROC 0.814)
    macro : 0.218 | 0.468 | 0.293 | 0.675   (per-line avg)
    K562   : 0.181 | 0.797 | 0.752 | 0.963
    JURKAT : 0.006 | 0.167 | 0.161 | 0.968
    A549   : 0.014 | 0.250 | 0.240 | 0.959
    HELA   : 0.164 | 0.599 | 0.521 | 0.905
    A375   : 0.000 | nan | nan | nan
    293T   : 0.500 | 0.469 | -0.062 | -0.099
    PC9    : 0.000 | nan | nan | nan
    OTHER  : 0.446 | 0.528 | 0.149 | 0.354

  cell-line metrics  [baseline | raw AUPR | norm AUPR | AUPRG]
    strat : 0.231 | 0.627 | 0.516 | 0.815   <- AUPRG selects
    any   : 0.315 | 0.456 | 0.206 | 0.370   (AUROC 0.675)
    macro : 0.218 | 0.481 | 0.335 | 0.710   (per-line avg)
    K562   : 0.181 | 0.867 | 0.837 | 0.983
    JURKAT : 0.006 | 0.071 | 0.066 | 0.918
    A549   : 0.014 | 0.200 | 0.189 | 0.945
    HELA   : 0.164 | 0.578 | 0.496 | 0.907
    A375   : 0.000 | nan | nan | nan
    293T   : 0.500 | 0.597 | 0.193 | 0.255
    PC9    : 0.000 | nan | nan | nan
    OTHER  : 0.446 | 0.574 | 0.231 | 0.253

Early stopping at epoch 480

  selected on val (auprg=0.8145 @ epoch 180); test scored once

Fold 3 Best (epoch 180): AUROC=0.7181, AUPR=0.3227, F1=0.3572
  Params: 18,590/21,921 nonzero | Weights: 17,213/20,544 nonzero (16.21% sparse)
    cell_emb.weight: 192/192 nonzero (0.0% sparse)
    encoder.hidden_blocks.0.0.weight: 15,513/18,816 nonzero (17.6% sparse)
    encoder.hidden_blocks.1.0.weight: 242/256 nonzero (5.5% sparse)
    encoder.hidden_blocks.2.0.weight: 249/256 nonzero (2.7% sparse)
    encoder.hidden_blocks.3.0.weight: 250/256 nonzero (2.3% sparse)
    encoder.hidden_blocks.4.0.weight: 255/256 nonzero (0.4% sparse)
    encoder.hidden_blocks.5.0.weight: 256/256 nonzero (0.0% sparse)
    encoder.projection.weight: 256/256 nonzero (0.0% sparse)
  [retrieval] index space: n=19397 num_genes=19397 num_p_genes=8844 (P-space differs from full space)
  Saved 8844x8844 shared-space score matrix -> fold_2_cv3_predictions.npy
  [retrieval] universe 19,397 genes (peers rank vs 8,844), 499 scored rows, 1,307 test-pos, 9,031 train-pos suppressed | fwd-check 4.77e-06 | NDCG@10 0.0047 NDCG@50 0.0165 R@50 0.0114 MAP@50 0.0044

============================================================
Training Fold 4
============================================================

[fold 3] fitting preprocessing [method=plain: mean → col-standardize+SVD → mean/std; scope=train]
  Fit subset: 18522/19397 rows (95.5%)
  [geneformer] 1152d, 19397 genes, 135 missing
    mean-imputed 135/19397 genes (155520 NaN cells; locations fit on 18522 fit rows)
[fold 3] fold embeddings: (19397, 1152)
Fold 4 input_dim: 1152
  Trainable parameters: 21,921 (total 21,921) [SiameseSLMultiCell]
  Fold stamp: genes 42ff034debb48f84 all_pos 20be58a407d6aa9a meta 15e1a39cf91a5615
  L1 λ=0.01 for encoder.hidden_blocks.0.0.weight
  L1 λ=0.0075 for encoder.hidden_blocks.1.0.weight
  L1 λ=0.005 for encoder.hidden_blocks.2.0.weight
  L1 λ=0.004 for encoder.hidden_blocks.3.0.weight
  L1 λ=0.0025 for encoder.hidden_blocks.4.0.weight
  L1 λ=0.0015 for encoder.hidden_blocks.5.0.weight
  L1 λ=0.001 for encoder.projection.weight

  cell-line metrics  [baseline | raw AUPR | norm AUPR | AUPRG]
    strat : 0.133 | 0.458 | 0.375 | 0.831   <- AUPRG selects
    any   : 0.197 | 0.404 | 0.258 | 0.600   (AUROC 0.631)
    macro : 0.160 | 0.318 | 0.210 | -0.199   (per-line avg)
    K562   : 0.100 | 0.289 | 0.210 | 0.766
    JURKAT : 0.024 | 0.015 | -0.009 | -4.288
    A549   : 0.000 | nan | nan | nan
    HELA   : 0.250 | 0.712 | 0.616 | 0.881
    A375   : 0.000 | nan | nan | nan
    293T   : 0.067 | 0.111 | 0.048 | 0.429
    PC9    : 0.111 | 0.200 | 0.100 | 0.500
    OTHER  : 0.407 | 0.581 | 0.295 | 0.520

  cell-line metrics  [baseline | raw AUPR | norm AUPR | AUPRG]
    strat : 0.133 | 0.534 | 0.462 | 0.894   <- AUPRG selects
    any   : 0.197 | 0.483 | 0.356 | 0.737   (AUROC 0.716)
    macro : 0.160 | 0.314 | 0.209 | 0.243   (per-line avg)
    K562   : 0.100 | 0.341 | 0.267 | 0.840
    JURKAT : 0.024 | 0.016 | -0.008 | -1.426
    A549   : 0.000 | nan | nan | nan
    HELA   : 0.250 | 0.490 | 0.320 | 0.622
    A375   : 0.000 | nan | nan | nan
    293T   : 0.067 | 0.200 | 0.143 | 0.714
    PC9    : 0.111 | 0.111 | -0.000 | 0.000
    OTHER  : 0.407 | 0.723 | 0.534 | 0.706

  cell-line metrics  [baseline | raw AUPR | norm AUPR | AUPRG]
    strat : 0.133 | 0.657 | 0.604 | 0.938   <- AUPRG selects
    any   : 0.197 | 0.374 | 0.221 | 0.673   (AUROC 0.692)
    macro : 0.160 | 0.405 | 0.325 | 0.191   (per-line avg)
    K562   : 0.100 | 0.480 | 0.422 | 0.916
    JURKAT : 0.024 | 0.017 | -0.007 | -2.317
    A549   : 0.000 | nan | nan | nan
    HELA   : 0.250 | 0.700 | 0.600 | 0.880
    A375   : 0.000 | nan | nan | nan
    293T   : 0.067 | 0.333 | 0.286 | 0.857
    PC9    : 0.111 | 0.111 | -0.000 | 0.000
    OTHER  : 0.407 | 0.791 | 0.648 | 0.812

Early stopping at epoch 510

  selected on val (auprg=0.9382 @ epoch 210); test scored once

Fold 4 Best (epoch 210): AUROC=0.7044, AUPR=0.3098, F1=0.3321
  Params: 20,065/21,921 nonzero | Weights: 18,688/20,544 nonzero (9.03% sparse)
    cell_emb.weight: 192/192 nonzero (0.0% sparse)
    encoder.hidden_blocks.0.0.weight: 16,977/18,816 nonzero (9.8% sparse)
    encoder.hidden_blocks.1.0.weight: 247/256 nonzero (3.5% sparse)
    encoder.hidden_blocks.2.0.weight: 252/256 nonzero (1.6% sparse)
    encoder.hidden_blocks.3.0.weight: 254/256 nonzero (0.8% sparse)
    encoder.hidden_blocks.4.0.weight: 254/256 nonzero (0.8% sparse)
    encoder.hidden_blocks.5.0.weight: 256/256 nonzero (0.0% sparse)
    encoder.projection.weight: 256/256 nonzero (0.0% sparse)
  [retrieval] index space: n=19397 num_genes=19397 num_p_genes=8844 (P-space differs from full space)
  Saved 8844x8844 shared-space score matrix -> fold_3_cv3_predictions.npy
  [retrieval] universe 19,397 genes (peers rank vs 8,844), 261 scored rows, 711 test-pos, 11,416 train-pos suppressed | fwd-check 6.68e-06 | NDCG@10 0.0000 NDCG@50 0.0000 R@50 0.0000 MAP@50 0.0000

============================================================
Training Fold 5
============================================================

[fold 4] fitting preprocessing [method=plain: mean → col-standardize+SVD → mean/std; scope=train]
  Fit subset: 18441/19397 rows (95.1%)
  [geneformer] 1152d, 19397 genes, 135 missing
    mean-imputed 135/19397 genes (155520 NaN cells; locations fit on 18441 fit rows)
[fold 4] fold embeddings: (19397, 1152)
Fold 5 input_dim: 1152
  Trainable parameters: 21,921 (total 21,921) [SiameseSLMultiCell]
  Fold stamp: genes 42ff034debb48f84 all_pos 20be58a407d6aa9a meta 15e1a39cf91a5615
  L1 λ=0.01 for encoder.hidden_blocks.0.0.weight
  L1 λ=0.0075 for encoder.hidden_blocks.1.0.weight
  L1 λ=0.005 for encoder.hidden_blocks.2.0.weight
  L1 λ=0.004 for encoder.hidden_blocks.3.0.weight
  L1 λ=0.0025 for encoder.hidden_blocks.4.0.weight
  L1 λ=0.0015 for encoder.hidden_blocks.5.0.weight
  L1 λ=0.001 for encoder.projection.weight

  cell-line metrics  [baseline | raw AUPR | norm AUPR | AUPRG]
    strat : 0.303 | 0.393 | 0.130 | 0.318   <- AUPRG selects
    any   : 0.393 | 0.517 | 0.204 | 0.351   (AUROC 0.633)
    macro : 0.293 | 0.364 | 0.175 | 0.310   (per-line avg)
    K562   : 0.055 | 0.124 | 0.073 | 0.546
    JURKAT : 0.083 | 0.217 | 0.146 | 0.679
    A549   : 0.021 | 0.021 | 0.000 | 0.021
    HELA   : 0.107 | 0.285 | 0.199 | 0.810
    A375   : 0.975 | 0.988 | 0.534 | -0.013
    293T   : 0.190 | 0.195 | 0.006 | -0.133
    PC9    : 0.000 | nan | nan | nan
    OTHER  : 0.617 | 0.718 | 0.264 | 0.259

Early stopping at epoch 330

  selected on val (auprg=0.3185 @ epoch 30); test scored once

Fold 5 Best (epoch 30): AUROC=0.6481, AUPR=0.1958, F1=0.2321
  Params: 20,673/21,921 nonzero | Weights: 19,296/20,544 nonzero (6.07% sparse)
    cell_emb.weight: 192/192 nonzero (0.0% sparse)
    encoder.hidden_blocks.0.0.weight: 17,580/18,816 nonzero (6.6% sparse)
    encoder.hidden_blocks.1.0.weight: 248/256 nonzero (3.1% sparse)
    encoder.hidden_blocks.2.0.weight: 253/256 nonzero (1.2% sparse)
    encoder.hidden_blocks.3.0.weight: 255/256 nonzero (0.4% sparse)
    encoder.hidden_blocks.4.0.weight: 256/256 nonzero (0.0% sparse)
    encoder.hidden_blocks.5.0.weight: 256/256 nonzero (0.0% sparse)
    encoder.projection.weight: 256/256 nonzero (0.0% sparse)
  [retrieval] index space: n=19397 num_genes=19397 num_p_genes=8844 (P-space differs from full space)
  Saved 8844x8844 shared-space score matrix -> fold_4_cv3_predictions.npy
  [retrieval] universe 19,397 genes (peers rank vs 8,844), 193 scored rows, 518 test-pos, 11,309 train-pos suppressed | fwd-check 1.43e-05 | NDCG@10 0.0000 NDCG@50 0.0000 R@50 0.0000 MAP@50 0.0000

============================================================
Cross-Validation Results: CV3 (pair-based)
============================================================

Fold        AUROC       AUPR         F1
----------------------------------------
1          0.6703     0.1940     0.1886
2          0.6296     0.2966     0.3751
3          0.7181     0.3227     0.3572
4          0.7044     0.3098     0.3321
5          0.6481     0.1958     0.2321
----------------------------------------
Mean       0.6741     0.2638     0.2970
Std        0.0332     0.0569     0.0734

============================================================
Summary:
  AUROC: 0.6741 ± 0.0332
  AUPR:  0.2638 ± 0.0569
  F1:    0.2970 ± 0.0734
  Params: 20,345/21,921 nonzero (weight sparsity: 7.67%)
============================================================

Cell-line metrics (mean over folds):
  STRATIFIED (pooled per-cell-line obs; SELECTION basis):
    baseline(pi) 0.1098  AUPR 0.2638  normAUPR 0.1735  AUPRG 0.7087  AUROC 0.6741
  GLOBAL (SL in any cell line; one-time headline):
    AUPRG 0.4298 ± 0.1671   AUPR 0.2499   AUROC 0.5796
  PER-LINE macro (equal weight/line; diagnostic):
    AUPRG 0.2441  AUPR 0.2124
  RETRIEVAL (rank vs the whole 19,397-gene universe; peers rank vs 8,844 -- NOT strictly comparable):
    NDCG@10 0.0009  NDCG@50 0.0087  R@50 0.0146  MAP@50 0.0018

Results saved to results/pcavar0.8_geneformer_cv3

SUCCESS: geneformer / cv3  (PCA=0.8)
  AUROC=0.6741 +/- 0.0332  AUPRG=0.7087 +/- 0.1194  Params=20,345/21,921 (7.7% sparse)
  Completed at: Thu Aug 27 11:51:21 EDT 2026
