============================================================================
Job: bestcat_emb | ID: 1169986 | Node: gpu3
Array task: 1 (of job 1166079)
Start: Thu Aug 27 10:27:31 EDT 2026
NVIDIA L40, 46068 MiB, 43931 MiB
NVIDIA L40, 46068 MiB, 0 MiB
NVIDIA L40, 46068 MiB, 0 MiB
NVIDIA L40, 46068 MiB, 613 MiB
============================================================================

Task 1: geneformer (expression) / cv2  [PCA=0.8]
  Embedding: /ddn_exa/campbell/kaiyang/SLMGAE-pytorch/data/all_genes_geneformer.pt

Cleaning previous results: results/pcavar0.8_geneformer_cv2
Training: geneformer / cv2  (PCA=0.8)
  Output: results/pcavar0.8_geneformer_cv2
  Config: encoder=[16 16 16 16 16 16 16], epochs=2000, patience=10

Using GPU: NVIDIA L40

Loading 1 modality file(s) [raw, preprocessing deferred to per-fold fit]:
Cell-line conditioning: ENABLED (masked multi-label, 8 heads)
    labeled pairs: 128,870 over 8,844 genes (dropped 0 with no known head)
    same-head SL/non-SL conflicts resolved by OR (label=SL): 1,876 pairs -> 2,171 head-cells [JURKAT 1,461, K562 406, HELA 125, OTHER 107, 293T 36, A549 30, A375 6]
    K562     known  91,937  pos  8,705  neg  83,232  (or-resolved   406)
    JURKAT   known  66,122  pos  2,617  neg  63,505  (or-resolved 1,461)
    A549     known   8,889  pos    314  neg   8,575  (or-resolved    30)
    HELA     known   5,931  pos  1,250  neg   4,681  (or-resolved   125)
    A375     known   2,509  pos  1,094  neg   1,415  (or-resolved     6)
    293T     known   2,438  pos    326  neg   2,112  (or-resolved    36)
    PC9      known   1,014  pos     68  neg     946  (or-resolved     0)
    OTHER    known  27,002  pos  8,721  neg  18,281  (or-resolved   107)
Loaded raw tensors for 19397 genes
Loaded 22166 positive SL pairs
SL pairs involve 5257 unique genes
============================================================
Siamese SL Training
Model: siamese
CV Type: cv2
Folds: 5
============================================================

Generating CV2 splits (gene-based, multi-label)...
  Fold 1: train 68,530 pairs/109,228 labels  val 14,587 pairs/23,646 labels  test 45,753 pairs/72,968 labels
  Fold 2: train 63,092 pairs/101,706 labels  val 17,148 pairs/27,411 labels  test 48,630 pairs/76,725 labels
  Fold 3: train 63,695 pairs/102,423 labels  val 14,637 pairs/21,396 labels  test 50,538 pairs/82,023 labels
  Fold 4: train 68,487 pairs/110,473 labels  val 18,571 pairs/28,710 labels  test 41,812 pairs/66,659 labels
  Fold 5: train 67,523 pairs/109,717 labels  val 16,097 pairs/23,942 labels  test 45,250 pairs/72,183 labels

============================================================
Training Fold 1
============================================================

[fold 0] fitting preprocessing [method=plain: mean → col-standardize+SVD → mean/std; scope=train]
  Fit subset: 16394/19397 rows (84.5%)
  [geneformer] 1152d, 19397 genes, 135 missing
    mean-imputed 135/19397 genes (155520 NaN cells; locations fit on 16394 fit rows)
[fold 0] fold embeddings: (19397, 1152)
Fold 1 input_dim: 1152
  Trainable parameters: 21,921 (total 21,921) [SiameseSLMultiCell]
  Fold stamp: genes 42ff034debb48f84 all_pos 20be58a407d6aa9a meta 15e1a39cf91a5615
  L1 λ=0.01 for encoder.hidden_blocks.0.0.weight
  L1 λ=0.0075 for encoder.hidden_blocks.1.0.weight
  L1 λ=0.005 for encoder.hidden_blocks.2.0.weight
  L1 λ=0.004 for encoder.hidden_blocks.3.0.weight
  L1 λ=0.0025 for encoder.hidden_blocks.4.0.weight
  L1 λ=0.0015 for encoder.hidden_blocks.5.0.weight
  L1 λ=0.001 for encoder.projection.weight

  cell-line metrics  [baseline | raw AUPR | norm AUPR | AUPRG]
    strat : 0.122 | 0.684 | 0.640 | 0.964   <- AUPRG selects
    any   : 0.190 | 0.670 | 0.593 | 0.909   (AUROC 0.831)
    macro : 0.157 | 0.455 | 0.399 | 0.688   (per-line avg)
    K562   : 0.124 | 0.718 | 0.678 | 0.971
    JURKAT : 0.056 | 0.130 | 0.078 | 0.731
    A549   : 0.030 | 0.030 | 0.000 | -0.006
    HELA   : 0.218 | 0.601 | 0.490 | 0.832
    A375   : 0.373 | 0.990 | 0.985 | 0.996
    293T   : 0.118 | 0.167 | 0.055 | 0.309
    PC9    : 0.056 | 0.106 | 0.053 | 0.708
    OTHER  : 0.281 | 0.895 | 0.854 | 0.962

  cell-line metrics  [baseline | raw AUPR | norm AUPR | AUPRG]
    strat : 0.122 | 0.678 | 0.633 | 0.964   <- AUPRG selects
    any   : 0.190 | 0.658 | 0.578 | 0.902   (AUROC 0.834)
    macro : 0.157 | 0.432 | 0.369 | 0.568   (per-line avg)
    K562   : 0.124 | 0.719 | 0.679 | 0.971
    JURKAT : 0.056 | 0.173 | 0.124 | 0.836
    A549   : 0.030 | 0.043 | 0.013 | 0.182
    HELA   : 0.218 | 0.498 | 0.358 | 0.678
    A375   : 0.373 | 0.966 | 0.945 | 0.986
    293T   : 0.118 | 0.133 | 0.016 | 0.125
    PC9    : 0.056 | 0.065 | 0.009 | -0.175
    OTHER  : 0.281 | 0.860 | 0.806 | 0.944

  cell-line metrics  [baseline | raw AUPR | norm AUPR | AUPRG]
    strat : 0.122 | 0.711 | 0.670 | 0.967   <- AUPRG selects
    any   : 0.190 | 0.645 | 0.562 | 0.899   (AUROC 0.832)
    macro : 0.157 | 0.463 | 0.408 | 0.712   (per-line avg)
    K562   : 0.124 | 0.781 | 0.750 | 0.980
    JURKAT : 0.056 | 0.124 | 0.072 | 0.718
    A549   : 0.030 | 0.097 | 0.069 | 0.866
    HELA   : 0.218 | 0.670 | 0.578 | 0.871
    A375   : 0.373 | 0.946 | 0.914 | 0.985
    293T   : 0.118 | 0.132 | 0.016 | 0.060
    PC9    : 0.056 | 0.058 | 0.001 | 0.248
    OTHER  : 0.281 | 0.900 | 0.861 | 0.964

  cell-line metrics  [baseline | raw AUPR | norm AUPR | AUPRG]
    strat : 0.122 | 0.745 | 0.710 | 0.973   <- AUPRG selects
    any   : 0.190 | 0.663 | 0.584 | 0.903   (AUROC 0.832)
    macro : 0.157 | 0.510 | 0.463 | 0.779   (per-line avg)
    K562   : 0.124 | 0.803 | 0.775 | 0.984
    JURKAT : 0.056 | 0.257 | 0.212 | 0.911
    A549   : 0.030 | 0.087 | 0.059 | 0.778
    HELA   : 0.218 | 0.754 | 0.686 | 0.924
    A375   : 0.373 | 0.995 | 0.992 | 0.998
    293T   : 0.118 | 0.217 | 0.111 | 0.559
    PC9    : 0.056 | 0.070 | 0.014 | 0.119
    OTHER  : 0.281 | 0.895 | 0.853 | 0.958

  cell-line metrics  [baseline | raw AUPR | norm AUPR | AUPRG]
    strat : 0.122 | 0.775 | 0.744 | 0.977   <- AUPRG selects
    any   : 0.190 | 0.521 | 0.408 | 0.821   (AUROC 0.800)
    macro : 0.157 | 0.539 | 0.497 | 0.836   (per-line avg)
    K562   : 0.124 | 0.825 | 0.800 | 0.986
    JURKAT : 0.056 | 0.285 | 0.242 | 0.922
    A549   : 0.030 | 0.219 | 0.195 | 0.962
    HELA   : 0.218 | 0.810 | 0.757 | 0.950
    A375   : 0.373 | 0.993 | 0.989 | 0.997
    293T   : 0.118 | 0.176 | 0.065 | 0.452
    PC9    : 0.056 | 0.068 | 0.012 | 0.435
    OTHER  : 0.281 | 0.938 | 0.914 | 0.982

Early stopping at epoch 450

  selected on val (auprg=0.9772 @ epoch 150); test scored once

Fold 1 Best (epoch 150): AUROC=0.8750, AUPR=0.6783, F1=0.6451
  Params: 21,804/21,921 nonzero | Weights: 20,427/20,544 nonzero (0.57% sparse)
    cell_emb.weight: 192/192 nonzero (0.0% sparse)
    encoder.hidden_blocks.0.0.weight: 18,700/18,816 nonzero (0.6% sparse)
    encoder.hidden_blocks.1.0.weight: 255/256 nonzero (0.4% sparse)
    encoder.hidden_blocks.2.0.weight: 256/256 nonzero (0.0% sparse)
    encoder.hidden_blocks.3.0.weight: 256/256 nonzero (0.0% sparse)
    encoder.hidden_blocks.4.0.weight: 256/256 nonzero (0.0% sparse)
    encoder.hidden_blocks.5.0.weight: 256/256 nonzero (0.0% sparse)
    encoder.projection.weight: 256/256 nonzero (0.0% sparse)
  [retrieval] index space: n=19397 num_genes=19397 num_p_genes=8844 (P-space differs from full space)
  Saved 8844x8844 shared-space score matrix -> fold_0_cv2_predictions.npy
  [retrieval] universe 19,397 genes (peers rank vs 8,844), 1,886 scored rows, 6,025 test-pos, 13,369 train-pos suppressed | fwd-check 2.29e-05 | NDCG@10 0.1346 NDCG@50 0.1555 R@50 0.1971 MAP@50 0.1170

============================================================
Training Fold 2
============================================================

[fold 1] fitting preprocessing [method=plain: mean → col-standardize+SVD → mean/std; scope=train]
  Fit subset: 15205/19397 rows (78.4%)
  [geneformer] 1152d, 19397 genes, 135 missing
    mean-imputed 135/19397 genes (155520 NaN cells; locations fit on 15205 fit rows)
[fold 1] fold embeddings: (19397, 1152)
Fold 2 input_dim: 1152
  Trainable parameters: 21,921 (total 21,921) [SiameseSLMultiCell]
  Fold stamp: genes 42ff034debb48f84 all_pos 20be58a407d6aa9a meta 15e1a39cf91a5615
  L1 λ=0.01 for encoder.hidden_blocks.0.0.weight
  L1 λ=0.0075 for encoder.hidden_blocks.1.0.weight
  L1 λ=0.005 for encoder.hidden_blocks.2.0.weight
  L1 λ=0.004 for encoder.hidden_blocks.3.0.weight
  L1 λ=0.0025 for encoder.hidden_blocks.4.0.weight
  L1 λ=0.0015 for encoder.hidden_blocks.5.0.weight
  L1 λ=0.001 for encoder.projection.weight

  cell-line metrics  [baseline | raw AUPR | norm AUPR | AUPRG]
    strat : 0.078 | 0.450 | 0.404 | 0.944   <- AUPRG selects
    any   : 0.119 | 0.500 | 0.432 | 0.908   (AUROC 0.758)
    macro : 0.066 | 0.232 | 0.186 | 0.587   (per-line avg)
    K562   : 0.091 | 0.439 | 0.383 | 0.921
    JURKAT : 0.046 | 0.162 | 0.121 | 0.851
    A549   : 0.023 | 0.023 | -0.000 | 0.402
    HELA   : 0.144 | 0.245 | 0.118 | 0.475
    A375   : 0.006 | 0.007 | 0.001 | 0.112
    293T   : 0.059 | 0.067 | 0.008 | 0.371
    PC9    : 0.032 | 0.077 | 0.047 | 0.580
    OTHER  : 0.130 | 0.836 | 0.812 | 0.985

  cell-line metrics  [baseline | raw AUPR | norm AUPR | AUPRG]
    strat : 0.078 | 0.488 | 0.445 | 0.953   <- AUPRG selects
    any   : 0.119 | 0.427 | 0.350 | 0.872   (AUROC 0.737)
    macro : 0.066 | 0.256 | 0.212 | 0.656   (per-line avg)
    K562   : 0.091 | 0.531 | 0.484 | 0.953
    JURKAT : 0.046 | 0.132 | 0.090 | 0.833
    A549   : 0.023 | 0.055 | 0.033 | 0.714
    HELA   : 0.144 | 0.263 | 0.139 | 0.300
    A375   : 0.006 | 0.008 | 0.003 | 0.312
    293T   : 0.059 | 0.132 | 0.077 | 0.400
    PC9    : 0.032 | 0.071 | 0.041 | 0.751
    OTHER  : 0.130 | 0.852 | 0.830 | 0.986

  cell-line metrics  [baseline | raw AUPR | norm AUPR | AUPRG]
    strat : 0.078 | 0.518 | 0.477 | 0.960   <- AUPRG selects
    any   : 0.119 | 0.441 | 0.366 | 0.878   (AUROC 0.733)
    macro : 0.066 | 0.279 | 0.237 | 0.653   (per-line avg)
    K562   : 0.091 | 0.529 | 0.482 | 0.955
    JURKAT : 0.046 | 0.208 | 0.169 | 0.896
    A549   : 0.023 | 0.104 | 0.083 | 0.929
    HELA   : 0.144 | 0.349 | 0.239 | 0.696
    A375   : 0.006 | 0.010 | 0.005 | 0.441
    293T   : 0.059 | 0.135 | 0.081 | 0.594
    PC9    : 0.032 | 0.035 | 0.004 | -0.278
    OTHER  : 0.130 | 0.858 | 0.837 | 0.988

  cell-line metrics  [baseline | raw AUPR | norm AUPR | AUPRG]
    strat : 0.078 | 0.541 | 0.503 | 0.965   <- AUPRG selects
    any   : 0.119 | 0.415 | 0.336 | 0.867   (AUROC 0.742)
    macro : 0.066 | 0.294 | 0.256 | 0.801   (per-line avg)
    K562   : 0.091 | 0.544 | 0.498 | 0.958
    JURKAT : 0.046 | 0.178 | 0.138 | 0.876
    A549   : 0.023 | 0.067 | 0.045 | 0.869
    HELA   : 0.144 | 0.479 | 0.391 | 0.858
    A375   : 0.006 | 0.011 | 0.005 | 0.459
    293T   : 0.059 | 0.134 | 0.080 | 0.732
    PC9    : 0.032 | 0.068 | 0.038 | 0.665
    OTHER  : 0.130 | 0.872 | 0.852 | 0.989

  cell-line metrics  [baseline | raw AUPR | norm AUPR | AUPRG]
    strat : 0.078 | 0.577 | 0.542 | 0.972   <- AUPRG selects
    any   : 0.119 | 0.479 | 0.408 | 0.901   (AUROC 0.771)
    macro : 0.066 | 0.315 | 0.280 | 0.785   (per-line avg)
    K562   : 0.091 | 0.585 | 0.544 | 0.967
    JURKAT : 0.046 | 0.271 | 0.235 | 0.945
    A549   : 0.023 | 0.062 | 0.040 | 0.878
    HELA   : 0.144 | 0.540 | 0.462 | 0.896
    A375   : 0.006 | 0.010 | 0.004 | 0.412
    293T   : 0.059 | 0.099 | 0.042 | 0.565
    PC9    : 0.032 | 0.060 | 0.030 | 0.628
    OTHER  : 0.130 | 0.896 | 0.880 | 0.992

Early stopping at epoch 600

  selected on val (auprg=0.9717 @ epoch 300); test scored once

Fold 2 Best (epoch 300): AUROC=0.7699, AUPR=0.5400, F1=0.5074
  Params: 20,716/21,921 nonzero | Weights: 19,339/20,544 nonzero (5.87% sparse)
    cell_emb.weight: 192/192 nonzero (0.0% sparse)
    encoder.hidden_blocks.0.0.weight: 17,628/18,816 nonzero (6.3% sparse)
    encoder.hidden_blocks.1.0.weight: 245/256 nonzero (4.3% sparse)
    encoder.hidden_blocks.2.0.weight: 253/256 nonzero (1.2% sparse)
    encoder.hidden_blocks.3.0.weight: 254/256 nonzero (0.8% sparse)
    encoder.hidden_blocks.4.0.weight: 256/256 nonzero (0.0% sparse)
    encoder.hidden_blocks.5.0.weight: 255/256 nonzero (0.4% sparse)
    encoder.projection.weight: 256/256 nonzero (0.0% sparse)
  [retrieval] index space: n=19397 num_genes=19397 num_p_genes=8844 (P-space differs from full space)
  Saved 8844x8844 shared-space score matrix -> fold_1_cv2_predictions.npy
  [retrieval] universe 19,397 genes (peers rank vs 8,844), 4,702 scored rows, 10,384 test-pos, 9,745 train-pos suppressed | fwd-check 9.06e-06 | NDCG@10 0.0278 NDCG@50 0.0393 R@50 0.0387 MAP@50 0.0251

============================================================
Training Fold 3
============================================================

[fold 2] fitting preprocessing [method=plain: mean → col-standardize+SVD → mean/std; scope=train]
  Fit subset: 15643/19397 rows (80.6%)
  [geneformer] 1152d, 19397 genes, 135 missing
    mean-imputed 135/19397 genes (155520 NaN cells; locations fit on 15643 fit rows)
[fold 2] fold embeddings: (19397, 1152)
Fold 3 input_dim: 1152
  Trainable parameters: 21,921 (total 21,921) [SiameseSLMultiCell]
  Fold stamp: genes 42ff034debb48f84 all_pos 20be58a407d6aa9a meta 15e1a39cf91a5615
  L1 λ=0.01 for encoder.hidden_blocks.0.0.weight
  L1 λ=0.0075 for encoder.hidden_blocks.1.0.weight
  L1 λ=0.005 for encoder.hidden_blocks.2.0.weight
  L1 λ=0.004 for encoder.hidden_blocks.3.0.weight
  L1 λ=0.0025 for encoder.hidden_blocks.4.0.weight
  L1 λ=0.0015 for encoder.hidden_blocks.5.0.weight
  L1 λ=0.001 for encoder.projection.weight

  cell-line metrics  [baseline | raw AUPR | norm AUPR | AUPRG]
    strat : 0.162 | 0.573 | 0.490 | 0.888   <- AUPRG selects
    any   : 0.233 | 0.602 | 0.482 | 0.788   (AUROC 0.789)
    macro : 0.181 | 0.426 | 0.317 | 0.603   (per-line avg)
    K562   : 0.132 | 0.757 | 0.721 | 0.976
    JURKAT : 0.019 | 0.179 | 0.163 | 0.977
    A549   : 0.046 | 0.056 | 0.010 | 0.363
    HELA   : 0.197 | 0.554 | 0.444 | 0.819
    A375   : 0.339 | 0.982 | 0.973 | 0.993
    293T   : 0.271 | 0.238 | -0.044 | -0.137
    PC9    : 0.051 | 0.138 | 0.091 | 0.815
    OTHER  : 0.391 | 0.502 | 0.182 | 0.015

  cell-line metrics  [baseline | raw AUPR | norm AUPR | AUPRG]
    strat : 0.162 | 0.613 | 0.538 | 0.907   <- AUPRG selects
    any   : 0.233 | 0.616 | 0.499 | 0.800   (AUROC 0.808)
    macro : 0.181 | 0.497 | 0.408 | 0.728   (per-line avg)
    K562   : 0.132 | 0.692 | 0.645 | 0.963
    JURKAT : 0.019 | 0.277 | 0.263 | 0.989
    A549   : 0.046 | 0.080 | 0.036 | 0.547
    HELA   : 0.197 | 0.544 | 0.431 | 0.780
    A375   : 0.339 | 0.981 | 0.971 | 0.991
    293T   : 0.271 | 0.248 | -0.031 | -0.093
    PC9    : 0.051 | 0.429 | 0.398 | 0.956
    OTHER  : 0.391 | 0.728 | 0.553 | 0.694

  cell-line metrics  [baseline | raw AUPR | norm AUPR | AUPRG]
    strat : 0.162 | 0.633 | 0.562 | 0.923   <- AUPRG selects
    any   : 0.233 | 0.549 | 0.412 | 0.725   (AUROC 0.771)
    macro : 0.181 | 0.466 | 0.373 | 0.646   (per-line avg)
    K562   : 0.132 | 0.844 | 0.820 | 0.987
    JURKAT : 0.019 | 0.204 | 0.189 | 0.975
    A549   : 0.046 | 0.072 | 0.027 | 0.463
    HELA   : 0.197 | 0.686 | 0.609 | 0.912
    A375   : 0.339 | 0.981 | 0.971 | 0.991
    293T   : 0.271 | 0.278 | 0.010 | 0.080
    PC9    : 0.051 | 0.069 | 0.018 | 0.424
    OTHER  : 0.391 | 0.597 | 0.338 | 0.339

  cell-line metrics  [baseline | raw AUPR | norm AUPR | AUPRG]
    strat : 0.162 | 0.647 | 0.579 | 0.928   <- AUPRG selects
    any   : 0.233 | 0.583 | 0.457 | 0.777   (AUROC 0.810)
    macro : 0.181 | 0.511 | 0.421 | 0.731   (per-line avg)
    K562   : 0.132 | 0.870 | 0.851 | 0.990
    JURKAT : 0.019 | 0.321 | 0.308 | 0.986
    A549   : 0.046 | 0.084 | 0.040 | 0.611
    HELA   : 0.197 | 0.717 | 0.647 | 0.921
    A375   : 0.339 | 0.983 | 0.974 | 0.993
    293T   : 0.271 | 0.308 | 0.051 | 0.127
    PC9    : 0.051 | 0.213 | 0.170 | 0.890
    OTHER  : 0.391 | 0.593 | 0.331 | 0.326

  cell-line metrics  [baseline | raw AUPR | norm AUPR | AUPRG]
    strat : 0.162 | 0.664 | 0.599 | 0.935   <- AUPRG selects
    any   : 0.233 | 0.602 | 0.482 | 0.798   (AUROC 0.828)
    macro : 0.181 | 0.479 | 0.395 | 0.676   (per-line avg)
    K562   : 0.132 | 0.844 | 0.821 | 0.987
    JURKAT : 0.019 | 0.226 | 0.211 | 0.943
    A549   : 0.046 | 0.115 | 0.072 | 0.816
    HELA   : 0.197 | 0.452 | 0.318 | 0.698
    A375   : 0.339 | 0.982 | 0.973 | 0.992
    293T   : 0.271 | 0.420 | 0.205 | 0.395
    PC9    : 0.051 | 0.064 | 0.013 | -0.105
    OTHER  : 0.391 | 0.725 | 0.549 | 0.680

  cell-line metrics  [baseline | raw AUPR | norm AUPR | AUPRG]
    strat : 0.162 | 0.695 | 0.636 | 0.947   <- AUPRG selects
    any   : 0.233 | 0.556 | 0.421 | 0.741   (AUROC 0.772)
    macro : 0.181 | 0.500 | 0.412 | 0.705   (per-line avg)
    K562   : 0.132 | 0.837 | 0.813 | 0.987
    JURKAT : 0.019 | 0.431 | 0.420 | 0.993
    A549   : 0.046 | 0.102 | 0.059 | 0.600
    HELA   : 0.197 | 0.584 | 0.482 | 0.828
    A375   : 0.339 | 0.983 | 0.975 | 0.993
    293T   : 0.271 | 0.275 | 0.006 | 0.079
    PC9    : 0.051 | 0.089 | 0.040 | 0.556
    OTHER  : 0.391 | 0.697 | 0.503 | 0.605

Early stopping at epoch 630

  selected on val (auprg=0.9473 @ epoch 330); test scored once

Fold 3 Best (epoch 330): AUROC=0.8251, AUPR=0.5505, F1=0.4858
  Params: 21,242/21,921 nonzero | Weights: 19,865/20,544 nonzero (3.31% sparse)
    cell_emb.weight: 192/192 nonzero (0.0% sparse)
    encoder.hidden_blocks.0.0.weight: 18,145/18,816 nonzero (3.6% sparse)
    encoder.hidden_blocks.1.0.weight: 253/256 nonzero (1.2% sparse)
    encoder.hidden_blocks.2.0.weight: 255/256 nonzero (0.4% sparse)
    encoder.hidden_blocks.3.0.weight: 254/256 nonzero (0.8% sparse)
    encoder.hidden_blocks.4.0.weight: 254/256 nonzero (0.8% sparse)
    encoder.hidden_blocks.5.0.weight: 256/256 nonzero (0.0% sparse)
    encoder.projection.weight: 256/256 nonzero (0.0% sparse)
  [retrieval] index space: n=19397 num_genes=19397 num_p_genes=8844 (P-space differs from full space)
  Saved 8844x8844 shared-space score matrix -> fold_2_cv2_predictions.npy
  [retrieval] universe 19,397 genes (peers rank vs 8,844), 2,979 scored rows, 9,728 test-pos, 9,031 train-pos suppressed | fwd-check 1.53e-05 | NDCG@10 0.1129 NDCG@50 0.1220 R@50 0.1133 MAP@50 0.1098

============================================================
Training Fold 4
============================================================

[fold 3] fitting preprocessing [method=plain: mean → col-standardize+SVD → mean/std; scope=train]
  Fit subset: 16343/19397 rows (84.3%)
  [geneformer] 1152d, 19397 genes, 135 missing
    mean-imputed 135/19397 genes (155520 NaN cells; locations fit on 16343 fit rows)
[fold 3] fold embeddings: (19397, 1152)
Fold 4 input_dim: 1152
  Trainable parameters: 21,921 (total 21,921) [SiameseSLMultiCell]
  Fold stamp: genes 42ff034debb48f84 all_pos 20be58a407d6aa9a meta 15e1a39cf91a5615
  L1 λ=0.01 for encoder.hidden_blocks.0.0.weight
  L1 λ=0.0075 for encoder.hidden_blocks.1.0.weight
  L1 λ=0.005 for encoder.hidden_blocks.2.0.weight
  L1 λ=0.004 for encoder.hidden_blocks.3.0.weight
  L1 λ=0.0025 for encoder.hidden_blocks.4.0.weight
  L1 λ=0.0015 for encoder.hidden_blocks.5.0.weight
  L1 λ=0.001 for encoder.projection.weight

  cell-line metrics  [baseline | raw AUPR | norm AUPR | AUPRG]
    strat : 0.126 | 0.581 | 0.520 | 0.936   <- AUPRG selects
    any   : 0.190 | 0.627 | 0.540 | 0.876   (AUROC 0.804)
    macro : 0.155 | 0.409 | 0.350 | 0.531   (per-line avg)
    K562   : 0.097 | 0.426 | 0.364 | 0.912
    JURKAT : 0.031 | 0.065 | 0.035 | 0.723
    A549   : 0.017 | 0.013 | -0.004 | -1.154
    HELA   : 0.203 | 0.772 | 0.714 | 0.945
    A375   : 0.332 | 0.987 | 0.981 | 0.994
    293T   : 0.120 | 0.156 | 0.041 | 0.328
    PC9    : 0.034 | 0.072 | 0.039 | 0.780
    OTHER  : 0.403 | 0.779 | 0.630 | 0.717

  cell-line metrics  [baseline | raw AUPR | norm AUPR | AUPRG]
    strat : 0.126 | 0.590 | 0.531 | 0.940   <- AUPRG selects
    any   : 0.190 | 0.518 | 0.405 | 0.774   (AUROC 0.711)
    macro : 0.155 | 0.442 | 0.376 | 0.481   (per-line avg)
    K562   : 0.097 | 0.493 | 0.439 | 0.933
    JURKAT : 0.031 | 0.121 | 0.093 | 0.888
    A549   : 0.017 | 0.013 | -0.005 | -1.573
    HELA   : 0.203 | 0.721 | 0.650 | 0.924
    A375   : 0.332 | 0.990 | 0.985 | 0.997
    293T   : 0.120 | 0.173 | 0.060 | 0.238
    PC9    : 0.034 | 0.353 | 0.331 | 0.977
    OTHER  : 0.403 | 0.676 | 0.457 | 0.462

  cell-line metrics  [baseline | raw AUPR | norm AUPR | AUPRG]
    strat : 0.126 | 0.633 | 0.580 | 0.955   <- AUPRG selects
    any   : 0.190 | 0.520 | 0.407 | 0.786   (AUROC 0.722)
    macro : 0.155 | 0.496 | 0.435 | 0.824   (per-line avg)
    K562   : 0.097 | 0.580 | 0.534 | 0.958
    JURKAT : 0.031 | 0.255 | 0.231 | 0.969
    A549   : 0.017 | 0.022 | 0.005 | 0.602
    HELA   : 0.203 | 0.658 | 0.571 | 0.884
    A375   : 0.332 | 0.991 | 0.986 | 0.997
    293T   : 0.120 | 0.252 | 0.149 | 0.612
    PC9    : 0.034 | 0.483 | 0.465 | 0.991
    OTHER  : 0.403 | 0.725 | 0.539 | 0.578

  cell-line metrics  [baseline | raw AUPR | norm AUPR | AUPRG]
    strat : 0.126 | 0.687 | 0.642 | 0.965   <- AUPRG selects
    any   : 0.190 | 0.570 | 0.469 | 0.840   (AUROC 0.767)
    macro : 0.155 | 0.503 | 0.457 | 0.822   (per-line avg)
    K562   : 0.097 | 0.567 | 0.520 | 0.957
    JURKAT : 0.031 | 0.277 | 0.254 | 0.965
    A549   : 0.017 | 0.026 | 0.009 | 0.162
    HELA   : 0.203 | 0.690 | 0.612 | 0.906
    A375   : 0.332 | 0.994 | 0.992 | 0.999
    293T   : 0.120 | 0.271 | 0.171 | 0.730
    PC9    : 0.034 | 0.309 | 0.285 | 0.969
    OTHER  : 0.403 | 0.890 | 0.816 | 0.889

  cell-line metrics  [baseline | raw AUPR | norm AUPR | AUPRG]
    strat : 0.126 | 0.688 | 0.643 | 0.967   <- AUPRG selects
    any   : 0.190 | 0.510 | 0.395 | 0.785   (AUROC 0.754)
    macro : 0.155 | 0.527 | 0.481 | 0.887   (per-line avg)
    K562   : 0.097 | 0.621 | 0.580 | 0.967
    JURKAT : 0.031 | 0.296 | 0.273 | 0.974
    A549   : 0.017 | 0.036 | 0.019 | 0.647
    HELA   : 0.203 | 0.694 | 0.616 | 0.909
    A375   : 0.332 | 0.994 | 0.992 | 0.999
    293T   : 0.120 | 0.314 | 0.220 | 0.747
    PC9    : 0.034 | 0.384 | 0.362 | 0.986
    OTHER  : 0.403 | 0.872 | 0.786 | 0.864

Early stopping at epoch 450

  selected on val (auprg=0.9669 @ epoch 150); test scored once

Fold 4 Best (epoch 150): AUROC=0.8458, AUPR=0.6306, F1=0.5755
  Params: 21,725/21,921 nonzero | Weights: 20,348/20,544 nonzero (0.95% sparse)
    cell_emb.weight: 192/192 nonzero (0.0% sparse)
    encoder.hidden_blocks.0.0.weight: 18,622/18,816 nonzero (1.0% sparse)
    encoder.hidden_blocks.1.0.weight: 256/256 nonzero (0.0% sparse)
    encoder.hidden_blocks.2.0.weight: 255/256 nonzero (0.4% sparse)
    encoder.hidden_blocks.3.0.weight: 255/256 nonzero (0.4% sparse)
    encoder.hidden_blocks.4.0.weight: 256/256 nonzero (0.0% sparse)
    encoder.hidden_blocks.5.0.weight: 256/256 nonzero (0.0% sparse)
    encoder.projection.weight: 256/256 nonzero (0.0% sparse)
  [retrieval] index space: n=19397 num_genes=19397 num_p_genes=8844 (P-space differs from full space)
  Saved 8844x8844 shared-space score matrix -> fold_3_cv2_predictions.npy
  [retrieval] universe 19,397 genes (peers rank vs 8,844), 2,053 scored rows, 7,218 test-pos, 11,416 train-pos suppressed | fwd-check 1.91e-05 | NDCG@10 0.0551 NDCG@50 0.1000 R@50 0.1911 MAP@50 0.0485

============================================================
Training Fold 5
============================================================

[fold 4] fitting preprocessing [method=plain: mean → col-standardize+SVD → mean/std; scope=train]
  Fit subset: 15873/19397 rows (81.8%)
  [geneformer] 1152d, 19397 genes, 135 missing
    mean-imputed 135/19397 genes (155520 NaN cells; locations fit on 15873 fit rows)
[fold 4] fold embeddings: (19397, 1152)
Fold 5 input_dim: 1152
  Trainable parameters: 21,921 (total 21,921) [SiameseSLMultiCell]
  Fold stamp: genes 42ff034debb48f84 all_pos 20be58a407d6aa9a meta 15e1a39cf91a5615
  L1 λ=0.01 for encoder.hidden_blocks.0.0.weight
  L1 λ=0.0075 for encoder.hidden_blocks.1.0.weight
  L1 λ=0.005 for encoder.hidden_blocks.2.0.weight
  L1 λ=0.004 for encoder.hidden_blocks.3.0.weight
  L1 λ=0.0025 for encoder.hidden_blocks.4.0.weight
  L1 λ=0.0015 for encoder.hidden_blocks.5.0.weight
  L1 λ=0.001 for encoder.projection.weight

  cell-line metrics  [baseline | raw AUPR | norm AUPR | AUPRG]
    strat : 0.190 | 0.462 | 0.336 | 0.675   <- AUPRG selects
    any   : 0.270 | 0.506 | 0.323 | 0.499   (AUROC 0.656)
    macro : 0.240 | 0.387 | 0.158 | 0.522   (per-line avg)
    K562   : 0.078 | 0.483 | 0.439 | 0.956
    JURKAT : 0.059 | 0.179 | 0.127 | 0.824
    A549   : 0.026 | 0.033 | 0.007 | 0.317
    HELA   : 0.229 | 0.686 | 0.593 | 0.881
    A375   : 0.862 | 0.820 | -0.301 | 0.306
    293T   : 0.150 | 0.168 | 0.022 | 0.032
    PC9    : 0.028 | 0.053 | 0.025 | 0.707
    OTHER  : 0.490 | 0.671 | 0.355 | 0.154

  cell-line metrics  [baseline | raw AUPR | norm AUPR | AUPRG]
    strat : 0.190 | 0.494 | 0.375 | 0.734   <- AUPRG selects
    any   : 0.270 | 0.484 | 0.293 | 0.482   (AUROC 0.653)
    macro : 0.240 | 0.410 | 0.151 | 0.457   (per-line avg)
    K562   : 0.078 | 0.488 | 0.445 | 0.958
    JURKAT : 0.059 | 0.238 | 0.191 | 0.895
    A549   : 0.026 | 0.030 | 0.003 | 0.464
    HELA   : 0.229 | 0.736 | 0.658 | 0.880
    A375   : 0.862 | 0.765 | -0.695 | -0.064
    293T   : 0.150 | 0.252 | 0.121 | 0.445
    PC9    : 0.028 | 0.030 | 0.001 | -0.349
    OTHER  : 0.490 | 0.736 | 0.483 | 0.428

  cell-line metrics  [baseline | raw AUPR | norm AUPR | AUPRG]
    strat : 0.190 | 0.516 | 0.402 | 0.764   <- AUPRG selects
    any   : 0.270 | 0.510 | 0.329 | 0.521   (AUROC 0.638)
    macro : 0.240 | 0.432 | 0.153 | 0.509   (per-line avg)
    K562   : 0.078 | 0.521 | 0.480 | 0.965
    JURKAT : 0.059 | 0.315 | 0.272 | 0.930
    A549   : 0.026 | 0.048 | 0.022 | 0.257
    HELA   : 0.229 | 0.792 | 0.730 | 0.924
    A375   : 0.862 | 0.730 | -0.949 | -0.037
    293T   : 0.150 | 0.235 | 0.100 | 0.363
    PC9    : 0.028 | 0.040 | 0.012 | 0.163
    OTHER  : 0.490 | 0.773 | 0.554 | 0.507

  cell-line metrics  [baseline | raw AUPR | norm AUPR | AUPRG]
    strat : 0.190 | 0.515 | 0.401 | 0.765   <- AUPRG selects
    any   : 0.270 | 0.506 | 0.323 | 0.543   (AUROC 0.699)
    macro : 0.240 | 0.464 | 0.232 | 0.659   (per-line avg)
    K562   : 0.078 | 0.476 | 0.432 | 0.954
    JURKAT : 0.059 | 0.297 | 0.253 | 0.927
    A549   : 0.026 | 0.045 | 0.020 | 0.567
    HELA   : 0.229 | 0.734 | 0.655 | 0.903
    A375   : 0.862 | 0.793 | -0.496 | -0.012
    293T   : 0.150 | 0.240 | 0.106 | 0.386
    PC9    : 0.028 | 0.352 | 0.333 | 0.962
    OTHER  : 0.490 | 0.773 | 0.556 | 0.586

Early stopping at epoch 660

  selected on val (auprg=0.7648 @ epoch 360); test scored once

Fold 5 Best (epoch 360): AUROC=0.8215, AUPR=0.5899, F1=0.5515
  Params: 15,773/21,921 nonzero | Weights: 14,396/20,544 nonzero (29.93% sparse)
    cell_emb.weight: 192/192 nonzero (0.0% sparse)
    encoder.hidden_blocks.0.0.weight: 12,744/18,816 nonzero (32.3% sparse)
    encoder.hidden_blocks.1.0.weight: 220/256 nonzero (14.1% sparse)
    encoder.hidden_blocks.2.0.weight: 225/256 nonzero (12.1% sparse)
    encoder.hidden_blocks.3.0.weight: 248/256 nonzero (3.1% sparse)
    encoder.hidden_blocks.4.0.weight: 255/256 nonzero (0.4% sparse)
    encoder.hidden_blocks.5.0.weight: 256/256 nonzero (0.0% sparse)
    encoder.projection.weight: 256/256 nonzero (0.0% sparse)
  [retrieval] index space: n=19397 num_genes=19397 num_p_genes=8844 (P-space differs from full space)
  Saved 8844x8844 shared-space score matrix -> fold_4_cv2_predictions.npy
  [retrieval] universe 19,397 genes (peers rank vs 8,844), 1,848 scored rows, 6,517 test-pos, 11,309 train-pos suppressed | fwd-check 5.72e-06 | NDCG@10 0.0596 NDCG@50 0.0754 R@50 0.0825 MAP@50 0.0496

============================================================
Cross-Validation Results: CV2 (gene-based)
============================================================

Fold        AUROC       AUPR         F1
----------------------------------------
1          0.8750     0.6783     0.6451
2          0.7699     0.5400     0.5074
3          0.8251     0.5505     0.4858
4          0.8458     0.6306     0.5755
5          0.8215     0.5899     0.5515
----------------------------------------
Mean       0.8275     0.5978     0.5530
Std        0.0345     0.0514     0.0558

============================================================
Summary:
  AUROC: 0.8275 ± 0.0345
  AUPR:  0.5978 ± 0.0514
  F1:    0.5530 ± 0.0558
  Params: 20,252/21,921 nonzero (weight sparsity: 8.12%)
============================================================

Cell-line metrics (mean over folds):
  STRATIFIED (pooled per-cell-line obs; SELECTION basis):
    baseline(pi) 0.1116  AUPR 0.5978  normAUPR 0.5460  AUPRG 0.9454  AUROC 0.8275
  GLOBAL (SL in any cell line; one-time headline):
    AUPRG 0.7861 ± 0.1091   AUPR 0.4830   AUROC 0.7432
  PER-LINE macro (equal weight/line; diagnostic):
    AUPRG 0.7034  AUPR 0.4338
  RETRIEVAL (rank vs the whole 19,397-gene universe; peers rank vs 8,844 -- NOT strictly comparable):
    NDCG@10 0.0780  NDCG@50 0.0984  R@50 0.1245  MAP@50 0.0700

Results saved to results/pcavar0.8_geneformer_cv2

SUCCESS: geneformer / cv2  (PCA=0.8)
  AUROC=0.8275 +/- 0.0345  AUPRG=0.9454 +/- 0.0305  Params=20,252/21,921 (8.1% sparse)
  Completed at: Thu Aug 27 12:11:59 EDT 2026
