============================================================================
Job: bestcat_emb | ID: 1175666 | Node: gpu3
Array task: 9 (of job 1166079)
Start: Thu Aug 27 15:47:25 EDT 2026
NVIDIA L40, 46068 MiB, 43931 MiB
NVIDIA L40, 46068 MiB, 589 MiB
NVIDIA L40, 46068 MiB, 0 MiB
NVIDIA L40, 46068 MiB, 589 MiB
============================================================================

Task 9: esm2 (protein_seq) / cv1  [PCA=0.8]
  Embedding: /ddn_exa/campbell/kaiyang/SLMGAE-pytorch/data/all_genes_esm2.pt

Cleaning previous results: results/pcavar0.8_esm2_cv1
Training: esm2 / cv1  (PCA=0.8)
  Output: results/pcavar0.8_esm2_cv1
  Config: encoder=[16 16 16 16 16 16 16], epochs=2000, patience=10

Using GPU: NVIDIA L40

Loading 1 modality file(s) [raw, preprocessing deferred to per-fold fit]:
Cell-line conditioning: ENABLED (masked multi-label, 8 heads)
    labeled pairs: 128,870 over 8,844 genes (dropped 0 with no known head)
    same-head SL/non-SL conflicts resolved by OR (label=SL): 1,876 pairs -> 2,171 head-cells [JURKAT 1,461, K562 406, HELA 125, OTHER 107, 293T 36, A549 30, A375 6]
    K562     known  91,937  pos  8,705  neg  83,232  (or-resolved   406)
    JURKAT   known  66,122  pos  2,617  neg  63,505  (or-resolved 1,461)
    A549     known   8,889  pos    314  neg   8,575  (or-resolved    30)
    HELA     known   5,931  pos  1,250  neg   4,681  (or-resolved   125)
    A375     known   2,509  pos  1,094  neg   1,415  (or-resolved     6)
    293T     known   2,438  pos    326  neg   2,112  (or-resolved    36)
    PC9      known   1,014  pos     68  neg     946  (or-resolved     0)
    OTHER    known  27,002  pos  8,721  neg  18,281  (or-resolved   107)
Loaded raw tensors for 19397 genes
Loaded 22166 positive SL pairs
SL pairs involve 5257 unique genes
============================================================
Siamese SL Training
Model: siamese
CV Type: cv1
Folds: 5
============================================================

Generating CV1 splits (edge-based, multi-label)...
  Fold 1: train 92,786 pairs/148,298 labels  val 10,309 pairs/16,486 labels  test 25,775 pairs/41,058 labels
  Fold 2: train 92,787 pairs/148,217 labels  val 10,309 pairs/16,456 labels  test 25,774 pairs/41,169 labels
  Fold 3: train 92,787 pairs/148,030 labels  val 10,309 pairs/16,471 labels  test 25,774 pairs/41,341 labels
  Fold 4: train 92,787 pairs/148,273 labels  val 10,309 pairs/16,515 labels  test 25,774 pairs/41,054 labels
  Fold 5: train 92,788 pairs/148,187 labels  val 10,309 pairs/16,435 labels  test 25,773 pairs/41,220 labels

============================================================
Training Fold 1
============================================================

[fold 0] fitting preprocessing [method=plain: mean → col-standardize+SVD → mean/std; scope=train]
  Fit subset: 18162/19397 rows (93.6%)
  [esm2] 1280d, 19397 genes, 117 missing
    mean-imputed 117/19397 genes (149760 NaN cells; locations fit on 18162 fit rows)
[fold 0] fold embeddings: (19397, 1280)
Fold 1 input_dim: 1280
  Trainable parameters: 24,097 (total 24,097) [SiameseSLMultiCell]
  Fold stamp: genes 42ff034debb48f84 all_pos 20be58a407d6aa9a meta 15e1a39cf91a5615
  L1 λ=0.01 for encoder.hidden_blocks.0.0.weight
  L1 λ=0.0075 for encoder.hidden_blocks.1.0.weight
  L1 λ=0.005 for encoder.hidden_blocks.2.0.weight
  L1 λ=0.004 for encoder.hidden_blocks.3.0.weight
  L1 λ=0.0025 for encoder.hidden_blocks.4.0.weight
  L1 λ=0.0015 for encoder.hidden_blocks.5.0.weight
  L1 λ=0.001 for encoder.projection.weight

  cell-line metrics  [baseline | raw AUPR | norm AUPR | AUPRG]
    strat : 0.112 | 0.736 | 0.703 | 0.976   <- AUPRG selects
    any   : 0.172 | 0.699 | 0.636 | 0.931   (AUROC 0.847)
    macro : 0.168 | 0.482 | 0.431 | 0.595   (per-line avg)
    K562   : 0.093 | 0.675 | 0.642 | 0.976
    JURKAT : 0.042 | 0.304 | 0.274 | 0.959
    A549   : 0.028 | 0.026 | -0.002 | -0.457
    HELA   : 0.190 | 0.747 | 0.688 | 0.946
    A375   : 0.478 | 0.961 | 0.925 | 0.980
    293T   : 0.125 | 0.132 | 0.008 | -0.026
    PC9    : 0.061 | 0.095 | 0.036 | 0.419
    OTHER  : 0.331 | 0.916 | 0.875 | 0.961

  cell-line metrics  [baseline | raw AUPR | norm AUPR | AUPRG]
    strat : 0.112 | 0.764 | 0.734 | 0.979   <- AUPRG selects
    any   : 0.172 | 0.711 | 0.651 | 0.940   (AUROC 0.878)
    macro : 0.168 | 0.530 | 0.482 | 0.749   (per-line avg)
    K562   : 0.093 | 0.679 | 0.646 | 0.976
    JURKAT : 0.042 | 0.427 | 0.402 | 0.981
    A549   : 0.028 | 0.043 | 0.015 | -0.285
    HELA   : 0.190 | 0.709 | 0.641 | 0.931
    A375   : 0.478 | 0.966 | 0.934 | 0.982
    293T   : 0.125 | 0.247 | 0.140 | 0.645
    PC9    : 0.061 | 0.256 | 0.207 | 0.799
    OTHER  : 0.331 | 0.914 | 0.872 | 0.960

  cell-line metrics  [baseline | raw AUPR | norm AUPR | AUPRG]
    strat : 0.112 | 0.826 | 0.804 | 0.988   <- AUPRG selects
    any   : 0.172 | 0.756 | 0.705 | 0.955   (AUROC 0.894)
    macro : 0.168 | 0.577 | 0.536 | 0.766   (per-line avg)
    K562   : 0.093 | 0.745 | 0.719 | 0.985
    JURKAT : 0.042 | 0.605 | 0.588 | 0.994
    A549   : 0.028 | 0.035 | 0.007 | 0.022
    HELA   : 0.190 | 0.826 | 0.785 | 0.968
    A375   : 0.478 | 0.962 | 0.927 | 0.981
    293T   : 0.125 | 0.249 | 0.141 | 0.479
    PC9    : 0.061 | 0.242 | 0.193 | 0.725
    OTHER  : 0.331 | 0.949 | 0.924 | 0.977

Early stopping at epoch 450

  selected on val (auprg=0.9876 @ epoch 150); test scored once

Fold 1 Best (epoch 150): AUROC=0.9395, AUPR=0.8381, F1=0.7860
  Params: 23,483/24,097 nonzero | Weights: 21,978/22,592 nonzero (2.72% sparse)
    cell_emb.weight: 192/192 nonzero (0.0% sparse)
    encoder.hidden_blocks.0.0.weight: 20,266/20,864 nonzero (2.9% sparse)
    encoder.hidden_blocks.1.0.weight: 256/256 nonzero (0.0% sparse)
    encoder.hidden_blocks.2.0.weight: 256/256 nonzero (0.0% sparse)
    encoder.hidden_blocks.3.0.weight: 256/256 nonzero (0.0% sparse)
    encoder.hidden_blocks.4.0.weight: 256/256 nonzero (0.0% sparse)
    encoder.hidden_blocks.5.0.weight: 256/256 nonzero (0.0% sparse)
    encoder.projection.weight: 240/256 nonzero (6.2% sparse)
  [retrieval] index space: n=19397 num_genes=19397 num_p_genes=8844 (P-space differs from full space)
  Saved 8844x8844 shared-space score matrix -> fold_0_cv1_predictions.npy
  [retrieval] universe 19,397 genes (peers rank vs 8,844), 2,273 scored rows, 4,434 test-pos, 15,959 train-pos suppressed | fwd-check 2.48e-05 | NDCG@10 0.1051 NDCG@50 0.1556 R@50 0.3408 MAP@50 0.0979

============================================================
Training Fold 2
============================================================

[fold 1] fitting preprocessing [method=plain: mean → col-standardize+SVD → mean/std; scope=train]
  Fit subset: 18161/19397 rows (93.6%)
  [esm2] 1280d, 19397 genes, 117 missing
    mean-imputed 117/19397 genes (149760 NaN cells; locations fit on 18161 fit rows)
[fold 1] fold embeddings: (19397, 1280)
Fold 2 input_dim: 1280
  Trainable parameters: 24,097 (total 24,097) [SiameseSLMultiCell]
  Fold stamp: genes 42ff034debb48f84 all_pos 20be58a407d6aa9a meta 15e1a39cf91a5615
  L1 λ=0.01 for encoder.hidden_blocks.0.0.weight
  L1 λ=0.0075 for encoder.hidden_blocks.1.0.weight
  L1 λ=0.005 for encoder.hidden_blocks.2.0.weight
  L1 λ=0.004 for encoder.hidden_blocks.3.0.weight
  L1 λ=0.0025 for encoder.hidden_blocks.4.0.weight
  L1 λ=0.0015 for encoder.hidden_blocks.5.0.weight
  L1 λ=0.001 for encoder.projection.weight

  cell-line metrics  [baseline | raw AUPR | norm AUPR | AUPRG]
    strat : 0.112 | 0.731 | 0.697 | 0.975   <- AUPRG selects
    any   : 0.172 | 0.712 | 0.653 | 0.938   (AUROC 0.860)
    macro : 0.164 | 0.491 | 0.437 | 0.628   (per-line avg)
    K562   : 0.096 | 0.678 | 0.644 | 0.973
    JURKAT : 0.040 | 0.290 | 0.260 | 0.961
    A549   : 0.047 | 0.069 | 0.022 | -0.095
    HELA   : 0.195 | 0.748 | 0.686 | 0.947
    A375   : 0.410 | 0.971 | 0.950 | 0.971
    293T   : 0.156 | 0.173 | 0.020 | -0.180
    PC9    : 0.051 | 0.082 | 0.032 | 0.486
    OTHER  : 0.320 | 0.921 | 0.883 | 0.964

  cell-line metrics  [baseline | raw AUPR | norm AUPR | AUPRG]
    strat : 0.112 | 0.758 | 0.727 | 0.979   <- AUPRG selects
    any   : 0.172 | 0.748 | 0.695 | 0.951   (AUROC 0.880)
    macro : 0.164 | 0.517 | 0.465 | 0.620   (per-line avg)
    K562   : 0.096 | 0.714 | 0.684 | 0.978
    JURKAT : 0.040 | 0.417 | 0.393 | 0.983
    A549   : 0.047 | 0.055 | 0.009 | 0.101
    HELA   : 0.195 | 0.850 | 0.813 | 0.970
    A375   : 0.410 | 0.958 | 0.928 | 0.953
    293T   : 0.156 | 0.178 | 0.026 | 0.249
    PC9    : 0.051 | 0.046 | -0.005 | -0.237
    OTHER  : 0.320 | 0.915 | 0.875 | 0.961

  cell-line metrics  [baseline | raw AUPR | norm AUPR | AUPRG]
    strat : 0.112 | 0.765 | 0.735 | 0.980   <- AUPRG selects
    any   : 0.172 | 0.770 | 0.722 | 0.959   (AUROC 0.898)
    macro : 0.164 | 0.518 | 0.464 | 0.613   (per-line avg)
    K562   : 0.096 | 0.703 | 0.671 | 0.978
    JURKAT : 0.040 | 0.450 | 0.427 | 0.985
    A549   : 0.047 | 0.049 | 0.001 | -0.886
    HELA   : 0.195 | 0.749 | 0.688 | 0.951
    A375   : 0.410 | 0.922 | 0.868 | 0.943
    293T   : 0.156 | 0.293 | 0.163 | 0.548
    PC9    : 0.051 | 0.058 | 0.007 | 0.420
    OTHER  : 0.320 | 0.923 | 0.887 | 0.964

  cell-line metrics  [baseline | raw AUPR | norm AUPR | AUPRG]
    strat : 0.112 | 0.836 | 0.815 | 0.989   <- AUPRG selects
    any   : 0.172 | 0.760 | 0.710 | 0.954   (AUROC 0.904)
    macro : 0.164 | 0.578 | 0.539 | 0.701   (per-line avg)
    K562   : 0.096 | 0.762 | 0.737 | 0.986
    JURKAT : 0.040 | 0.584 | 0.566 | 0.993
    A549   : 0.047 | 0.098 | 0.053 | 0.643
    HELA   : 0.195 | 0.900 | 0.876 | 0.985
    A375   : 0.410 | 0.993 | 0.988 | 0.996
    293T   : 0.156 | 0.284 | 0.152 | 0.500
    PC9    : 0.051 | 0.044 | -0.008 | -0.483
    OTHER  : 0.320 | 0.962 | 0.944 | 0.985

Early stopping at epoch 450

  selected on val (auprg=0.9890 @ epoch 150); test scored once

Fold 2 Best (epoch 150): AUROC=0.9349, AUPR=0.8223, F1=0.7656
  Params: 23,472/24,097 nonzero | Weights: 21,967/22,592 nonzero (2.77% sparse)
    cell_emb.weight: 192/192 nonzero (0.0% sparse)
    encoder.hidden_blocks.0.0.weight: 20,257/20,864 nonzero (2.9% sparse)
    encoder.hidden_blocks.1.0.weight: 254/256 nonzero (0.8% sparse)
    encoder.hidden_blocks.2.0.weight: 256/256 nonzero (0.0% sparse)
    encoder.hidden_blocks.3.0.weight: 256/256 nonzero (0.0% sparse)
    encoder.hidden_blocks.4.0.weight: 256/256 nonzero (0.0% sparse)
    encoder.hidden_blocks.5.0.weight: 256/256 nonzero (0.0% sparse)
    encoder.projection.weight: 240/256 nonzero (6.2% sparse)
  [retrieval] index space: n=19397 num_genes=19397 num_p_genes=8844 (P-space differs from full space)
  Saved 8844x8844 shared-space score matrix -> fold_1_cv1_predictions.npy
  [retrieval] universe 19,397 genes (peers rank vs 8,844), 2,243 scored rows, 4,433 test-pos, 15,960 train-pos suppressed | fwd-check 1.53e-05 | NDCG@10 0.0073 NDCG@50 0.0650 R@50 0.2318 MAP@50 0.0136

============================================================
Training Fold 3
============================================================

[fold 2] fitting preprocessing [method=plain: mean → col-standardize+SVD → mean/std; scope=train]
  Fit subset: 18181/19397 rows (93.7%)
  [esm2] 1280d, 19397 genes, 117 missing
    mean-imputed 117/19397 genes (149760 NaN cells; locations fit on 18181 fit rows)
[fold 2] fold embeddings: (19397, 1280)
Fold 3 input_dim: 1280
  Trainable parameters: 24,097 (total 24,097) [SiameseSLMultiCell]
  Fold stamp: genes 42ff034debb48f84 all_pos 20be58a407d6aa9a meta 15e1a39cf91a5615
  L1 λ=0.01 for encoder.hidden_blocks.0.0.weight
  L1 λ=0.0075 for encoder.hidden_blocks.1.0.weight
  L1 λ=0.005 for encoder.hidden_blocks.2.0.weight
  L1 λ=0.004 for encoder.hidden_blocks.3.0.weight
  L1 λ=0.0025 for encoder.hidden_blocks.4.0.weight
  L1 λ=0.0015 for encoder.hidden_blocks.5.0.weight
  L1 λ=0.001 for encoder.projection.weight

  cell-line metrics  [baseline | raw AUPR | norm AUPR | AUPRG]
    strat : 0.112 | 0.735 | 0.702 | 0.976   <- AUPRG selects
    any   : 0.172 | 0.702 | 0.640 | 0.936   (AUROC 0.865)
    macro : 0.165 | 0.496 | 0.446 | 0.571   (per-line avg)
    K562   : 0.095 | 0.671 | 0.636 | 0.974
    JURKAT : 0.041 | 0.333 | 0.305 | 0.970
    A549   : 0.047 | 0.052 | 0.005 | -0.142
    HELA   : 0.220 | 0.800 | 0.744 | 0.947
    A375   : 0.410 | 0.990 | 0.983 | 0.994
    293T   : 0.134 | 0.126 | -0.010 | -0.170
    PC9    : 0.053 | 0.062 | 0.010 | 0.026
    OTHER  : 0.320 | 0.931 | 0.898 | 0.972

  cell-line metrics  [baseline | raw AUPR | norm AUPR | AUPRG]
    strat : 0.112 | 0.740 | 0.707 | 0.978   <- AUPRG selects
    any   : 0.172 | 0.713 | 0.653 | 0.944   (AUROC 0.863)
    macro : 0.165 | 0.496 | 0.445 | 0.718   (per-line avg)
    K562   : 0.095 | 0.651 | 0.614 | 0.973
    JURKAT : 0.041 | 0.359 | 0.332 | 0.970
    A549   : 0.047 | 0.065 | 0.019 | 0.203
    HELA   : 0.220 | 0.705 | 0.622 | 0.912
    A375   : 0.410 | 0.981 | 0.968 | 0.983
    293T   : 0.134 | 0.198 | 0.074 | 0.412
    PC9    : 0.053 | 0.076 | 0.025 | 0.323
    OTHER  : 0.320 | 0.935 | 0.904 | 0.973

  cell-line metrics  [baseline | raw AUPR | norm AUPR | AUPRG]
    strat : 0.112 | 0.775 | 0.746 | 0.982   <- AUPRG selects
    any   : 0.172 | 0.713 | 0.654 | 0.942   (AUROC 0.880)
    macro : 0.165 | 0.523 | 0.475 | 0.634   (per-line avg)
    K562   : 0.095 | 0.696 | 0.664 | 0.978
    JURKAT : 0.041 | 0.510 | 0.489 | 0.988
    A549   : 0.047 | 0.060 | 0.014 | -0.369
    HELA   : 0.220 | 0.681 | 0.592 | 0.876
    A375   : 0.410 | 0.995 | 0.992 | 0.998
    293T   : 0.134 | 0.234 | 0.116 | 0.570
    PC9    : 0.053 | 0.063 | 0.011 | 0.056
    OTHER  : 0.320 | 0.945 | 0.919 | 0.979

  cell-line metrics  [baseline | raw AUPR | norm AUPR | AUPRG]
    strat : 0.112 | 0.831 | 0.810 | 0.988   <- AUPRG selects
    any   : 0.172 | 0.729 | 0.672 | 0.947   (AUROC 0.882)
    macro : 0.165 | 0.580 | 0.542 | 0.765   (per-line avg)
    K562   : 0.095 | 0.742 | 0.715 | 0.984
    JURKAT : 0.041 | 0.630 | 0.615 | 0.994
    A549   : 0.047 | 0.109 | 0.066 | 0.731
    HELA   : 0.220 | 0.862 | 0.823 | 0.964
    A375   : 0.410 | 0.996 | 0.994 | 0.999
    293T   : 0.134 | 0.265 | 0.152 | 0.628
    PC9    : 0.053 | 0.069 | 0.017 | -0.166
    OTHER  : 0.320 | 0.968 | 0.953 | 0.988

Early stopping at epoch 450

  selected on val (auprg=0.9882 @ epoch 150); test scored once

Fold 3 Best (epoch 150): AUROC=0.9345, AUPR=0.8294, F1=0.7762
  Params: 23,282/24,097 nonzero | Weights: 21,777/22,592 nonzero (3.61% sparse)
    cell_emb.weight: 192/192 nonzero (0.0% sparse)
    encoder.hidden_blocks.0.0.weight: 20,066/20,864 nonzero (3.8% sparse)
    encoder.hidden_blocks.1.0.weight: 255/256 nonzero (0.4% sparse)
    encoder.hidden_blocks.2.0.weight: 256/256 nonzero (0.0% sparse)
    encoder.hidden_blocks.3.0.weight: 256/256 nonzero (0.0% sparse)
    encoder.hidden_blocks.4.0.weight: 256/256 nonzero (0.0% sparse)
    encoder.hidden_blocks.5.0.weight: 256/256 nonzero (0.0% sparse)
    encoder.projection.weight: 240/256 nonzero (6.2% sparse)
  [retrieval] index space: n=19397 num_genes=19397 num_p_genes=8844 (P-space differs from full space)
  Saved 8844x8844 shared-space score matrix -> fold_2_cv1_predictions.npy
  [retrieval] universe 19,397 genes (peers rank vs 8,844), 2,197 scored rows, 4,433 test-pos, 15,960 train-pos suppressed | fwd-check 3.05e-05 | NDCG@10 0.0345 NDCG@50 0.1313 R@50 0.4507 MAP@50 0.0393

============================================================
Training Fold 4
============================================================

[fold 3] fitting preprocessing [method=plain: mean → col-standardize+SVD → mean/std; scope=train]
  Fit subset: 18132/19397 rows (93.5%)
  [esm2] 1280d, 19397 genes, 117 missing
    mean-imputed 117/19397 genes (149760 NaN cells; locations fit on 18132 fit rows)
[fold 3] fold embeddings: (19397, 1280)
Fold 4 input_dim: 1280
  Trainable parameters: 24,097 (total 24,097) [SiameseSLMultiCell]
  Fold stamp: genes 42ff034debb48f84 all_pos 20be58a407d6aa9a meta 15e1a39cf91a5615
  L1 λ=0.01 for encoder.hidden_blocks.0.0.weight
  L1 λ=0.0075 for encoder.hidden_blocks.1.0.weight
  L1 λ=0.005 for encoder.hidden_blocks.2.0.weight
  L1 λ=0.004 for encoder.hidden_blocks.3.0.weight
  L1 λ=0.0025 for encoder.hidden_blocks.4.0.weight
  L1 λ=0.0015 for encoder.hidden_blocks.5.0.weight
  L1 λ=0.001 for encoder.projection.weight

  cell-line metrics  [baseline | raw AUPR | norm AUPR | AUPRG]
    strat : 0.112 | 0.735 | 0.701 | 0.976   <- AUPRG selects
    any   : 0.172 | 0.707 | 0.646 | 0.939   (AUROC 0.854)
    macro : 0.157 | 0.493 | 0.444 | 0.725   (per-line avg)
    K562   : 0.094 | 0.690 | 0.658 | 0.978
    JURKAT : 0.042 | 0.263 | 0.231 | 0.949
    A549   : 0.045 | 0.054 | 0.009 | 0.266
    HELA   : 0.174 | 0.718 | 0.659 | 0.943
    A375   : 0.387 | 0.942 | 0.906 | 0.955
    293T   : 0.147 | 0.283 | 0.159 | 0.538
    PC9    : 0.039 | 0.058 | 0.020 | 0.200
    OTHER  : 0.325 | 0.938 | 0.909 | 0.971

  cell-line metrics  [baseline | raw AUPR | norm AUPR | AUPRG]
    strat : 0.112 | 0.762 | 0.731 | 0.980   <- AUPRG selects
    any   : 0.172 | 0.724 | 0.667 | 0.942   (AUROC 0.876)
    macro : 0.157 | 0.534 | 0.487 | 0.777   (per-line avg)
    K562   : 0.094 | 0.686 | 0.654 | 0.976
    JURKAT : 0.042 | 0.370 | 0.342 | 0.976
    A549   : 0.045 | 0.043 | -0.002 | -0.143
    HELA   : 0.174 | 0.680 | 0.613 | 0.923
    A375   : 0.387 | 0.948 | 0.915 | 0.967
    293T   : 0.147 | 0.323 | 0.206 | 0.639
    PC9    : 0.039 | 0.280 | 0.250 | 0.905
    OTHER  : 0.325 | 0.943 | 0.916 | 0.973

  cell-line metrics  [baseline | raw AUPR | norm AUPR | AUPRG]
    strat : 0.112 | 0.823 | 0.801 | 0.988   <- AUPRG selects
    any   : 0.172 | 0.722 | 0.664 | 0.945   (AUROC 0.876)
    macro : 0.157 | 0.560 | 0.522 | 0.732   (per-line avg)
    K562   : 0.094 | 0.754 | 0.728 | 0.985
    JURKAT : 0.042 | 0.525 | 0.505 | 0.990
    A549   : 0.045 | 0.064 | 0.019 | 0.240
    HELA   : 0.174 | 0.831 | 0.795 | 0.971
    A375   : 0.387 | 0.995 | 0.992 | 0.998
    293T   : 0.147 | 0.297 | 0.176 | 0.580
    PC9    : 0.039 | 0.047 | 0.008 | 0.109
    OTHER  : 0.325 | 0.968 | 0.952 | 0.987

Early stopping at epoch 450

  selected on val (auprg=0.9879 @ epoch 150); test scored once

Fold 4 Best (epoch 150): AUROC=0.9407, AUPR=0.8422, F1=0.7891
  Params: 23,614/24,097 nonzero | Weights: 22,109/22,592 nonzero (2.14% sparse)
    cell_emb.weight: 192/192 nonzero (0.0% sparse)
    encoder.hidden_blocks.0.0.weight: 20,382/20,864 nonzero (2.3% sparse)
    encoder.hidden_blocks.1.0.weight: 255/256 nonzero (0.4% sparse)
    encoder.hidden_blocks.2.0.weight: 256/256 nonzero (0.0% sparse)
    encoder.hidden_blocks.3.0.weight: 256/256 nonzero (0.0% sparse)
    encoder.hidden_blocks.4.0.weight: 256/256 nonzero (0.0% sparse)
    encoder.hidden_blocks.5.0.weight: 256/256 nonzero (0.0% sparse)
    encoder.projection.weight: 256/256 nonzero (0.0% sparse)
  [retrieval] index space: n=19397 num_genes=19397 num_p_genes=8844 (P-space differs from full space)
  Saved 8844x8844 shared-space score matrix -> fold_3_cv1_predictions.npy
  [retrieval] universe 19,397 genes (peers rank vs 8,844), 2,275 scored rows, 4,433 test-pos, 15,960 train-pos suppressed | fwd-check 4.58e-05 | NDCG@10 0.0097 NDCG@50 0.0329 R@50 0.0710 MAP@50 0.0128

============================================================
Training Fold 5
============================================================

[fold 4] fitting preprocessing [method=plain: mean → col-standardize+SVD → mean/std; scope=train]
  Fit subset: 18216/19397 rows (93.9%)
  [esm2] 1280d, 19397 genes, 117 missing
    mean-imputed 117/19397 genes (149760 NaN cells; locations fit on 18216 fit rows)
[fold 4] fold embeddings: (19397, 1280)
Fold 5 input_dim: 1280
  Trainable parameters: 24,097 (total 24,097) [SiameseSLMultiCell]
  Fold stamp: genes 42ff034debb48f84 all_pos 20be58a407d6aa9a meta 15e1a39cf91a5615
  L1 λ=0.01 for encoder.hidden_blocks.0.0.weight
  L1 λ=0.0075 for encoder.hidden_blocks.1.0.weight
  L1 λ=0.005 for encoder.hidden_blocks.2.0.weight
  L1 λ=0.004 for encoder.hidden_blocks.3.0.weight
  L1 λ=0.0025 for encoder.hidden_blocks.4.0.weight
  L1 λ=0.0015 for encoder.hidden_blocks.5.0.weight
  L1 λ=0.001 for encoder.projection.weight

  cell-line metrics  [baseline | raw AUPR | norm AUPR | AUPRG]
    strat : 0.112 | 0.734 | 0.700 | 0.974   <- AUPRG selects
    any   : 0.172 | 0.698 | 0.636 | 0.938   (AUROC 0.858)
    macro : 0.164 | 0.494 | 0.442 | 0.725   (per-line avg)
    K562   : 0.094 | 0.686 | 0.654 | 0.977
    JURKAT : 0.043 | 0.150 | 0.112 | 0.864
    A549   : 0.043 | 0.041 | -0.001 | -0.239
    HELA   : 0.211 | 0.740 | 0.670 | 0.930
    A375   : 0.383 | 0.970 | 0.952 | 0.972
    293T   : 0.146 | 0.237 | 0.108 | 0.525
    PC9    : 0.071 | 0.191 | 0.129 | 0.796
    OTHER  : 0.323 | 0.939 | 0.910 | 0.972

  cell-line metrics  [baseline | raw AUPR | norm AUPR | AUPRG]
    strat : 0.112 | 0.740 | 0.707 | 0.976   <- AUPRG selects
    any   : 0.172 | 0.734 | 0.679 | 0.948   (AUROC 0.867)
    macro : 0.164 | 0.495 | 0.439 | 0.782   (per-line avg)
    K562   : 0.094 | 0.695 | 0.664 | 0.977
    JURKAT : 0.043 | 0.256 | 0.223 | 0.941
    A549   : 0.043 | 0.049 | 0.007 | 0.401
    HELA   : 0.211 | 0.618 | 0.516 | 0.877
    A375   : 0.383 | 0.972 | 0.955 | 0.982
    293T   : 0.146 | 0.258 | 0.131 | 0.328
    PC9    : 0.071 | 0.166 | 0.103 | 0.783
    OTHER  : 0.323 | 0.943 | 0.915 | 0.970

  cell-line metrics  [baseline | raw AUPR | norm AUPR | AUPRG]
    strat : 0.112 | 0.773 | 0.744 | 0.982   <- AUPRG selects
    any   : 0.172 | 0.715 | 0.656 | 0.940   (AUROC 0.885)
    macro : 0.164 | 0.518 | 0.467 | 0.790   (per-line avg)
    K562   : 0.094 | 0.699 | 0.667 | 0.979
    JURKAT : 0.043 | 0.348 | 0.319 | 0.966
    A549   : 0.043 | 0.066 | 0.024 | 0.554
    HELA   : 0.211 | 0.765 | 0.702 | 0.932
    A375   : 0.383 | 0.954 | 0.925 | 0.974
    293T   : 0.146 | 0.274 | 0.151 | 0.599
    PC9    : 0.071 | 0.087 | 0.018 | 0.340
    OTHER  : 0.323 | 0.953 | 0.931 | 0.979

  cell-line metrics  [baseline | raw AUPR | norm AUPR | AUPRG]
    strat : 0.112 | 0.826 | 0.804 | 0.988   <- AUPRG selects
    any   : 0.172 | 0.752 | 0.701 | 0.952   (AUROC 0.903)
    macro : 0.164 | 0.569 | 0.527 | 0.806   (per-line avg)
    K562   : 0.094 | 0.764 | 0.739 | 0.986
    JURKAT : 0.043 | 0.553 | 0.533 | 0.992
    A549   : 0.043 | 0.075 | 0.034 | 0.684
    HELA   : 0.211 | 0.836 | 0.793 | 0.958
    A375   : 0.383 | 1.000 | 1.000 | 1.000
    293T   : 0.146 | 0.287 | 0.166 | 0.538
    PC9    : 0.071 | 0.076 | 0.006 | 0.304
    OTHER  : 0.323 | 0.964 | 0.946 | 0.983

Early stopping at epoch 450

  selected on val (auprg=0.9879 @ epoch 150); test scored once

Fold 5 Best (epoch 150): AUROC=0.9288, AUPR=0.8207, F1=0.7743
  Params: 23,601/24,097 nonzero | Weights: 22,096/22,592 nonzero (2.20% sparse)
    cell_emb.weight: 192/192 nonzero (0.0% sparse)
    encoder.hidden_blocks.0.0.weight: 20,370/20,864 nonzero (2.4% sparse)
    encoder.hidden_blocks.1.0.weight: 254/256 nonzero (0.8% sparse)
    encoder.hidden_blocks.2.0.weight: 256/256 nonzero (0.0% sparse)
    encoder.hidden_blocks.3.0.weight: 256/256 nonzero (0.0% sparse)
    encoder.hidden_blocks.4.0.weight: 256/256 nonzero (0.0% sparse)
    encoder.hidden_blocks.5.0.weight: 256/256 nonzero (0.0% sparse)
    encoder.projection.weight: 256/256 nonzero (0.0% sparse)
  [retrieval] index space: n=19397 num_genes=19397 num_p_genes=8844 (P-space differs from full space)
  Saved 8844x8844 shared-space score matrix -> fold_4_cv1_predictions.npy
  [retrieval] universe 19,397 genes (peers rank vs 8,844), 2,170 scored rows, 4,433 test-pos, 15,960 train-pos suppressed | fwd-check 3.05e-05 | NDCG@10 0.0208 NDCG@50 0.1288 R@50 0.4705 MAP@50 0.0318

============================================================
Cross-Validation Results: CV1 (edge-based)
============================================================

Fold        AUROC       AUPR         F1
----------------------------------------
1          0.9395     0.8381     0.7860
2          0.9349     0.8223     0.7656
3          0.9345     0.8294     0.7762
4          0.9407     0.8422     0.7891
5          0.9288     0.8207     0.7743
----------------------------------------
Mean       0.9357     0.8305     0.7782
Std        0.0042     0.0085     0.0085

============================================================
Summary:
  AUROC: 0.9357 ± 0.0042
  AUPR:  0.8305 ± 0.0085
  F1:    0.7782 ± 0.0085
  Params: 23,490/24,097 nonzero (weight sparsity: 2.69%)
============================================================

Cell-line metrics (mean over folds):
  STRATIFIED (pooled per-cell-line obs; SELECTION basis):
    baseline(pi) 0.1122  AUPR 0.8305  normAUPR 0.8091  AUPRG 0.9883  AUROC 0.9357
  GLOBAL (SL in any cell line; one-time headline):
    AUPRG 0.9501 ± 0.0040   AUPR 0.7436   AUROC 0.8913
  PER-LINE macro (equal weight/line; diagnostic):
    AUPRG 0.7984  AUPR 0.5663
  RETRIEVAL (rank vs the whole 19,397-gene universe; peers rank vs 8,844 -- NOT strictly comparable):
    NDCG@10 0.0355  NDCG@50 0.1027  R@50 0.3130  MAP@50 0.0391

Results saved to results/pcavar0.8_esm2_cv1

SUCCESS: esm2 / cv1  (PCA=0.8)
  AUROC=0.9357 +/- 0.0042  AUPRG=0.9883 +/- 0.0009  Params=23,490/24,097 (2.7% sparse)
  Completed at: Thu Aug 27 17:45:16 EDT 2026
