============================================================================
Job: bestcat_emb | ID: 1177126 | Node: gpu3
Array task: 18 (of job 1166079)
Start: Thu Aug 27 17:53:08 EDT 2026
NVIDIA L40, 46068 MiB, 619 MiB
NVIDIA L40, 46068 MiB, 0 MiB
NVIDIA L40, 46068 MiB, 619 MiB
NVIDIA L40, 46068 MiB, 619 MiB
============================================================================

Task 18: prot_t5 (protein_seq) / cv1  [PCA=0.8]
  Embedding: /ddn_exa/campbell/kaiyang/SLMGAE-pytorch/data/all_genes_prot_t5.pt

Cleaning previous results: results/pcavar0.8_prot_t5_cv1
Training: prot_t5 / cv1  (PCA=0.8)
  Output: results/pcavar0.8_prot_t5_cv1
  Config: encoder=[16 16 16 16 16 16 16], epochs=2000, patience=10

Using GPU: NVIDIA L40

Loading 1 modality file(s) [raw, preprocessing deferred to per-fold fit]:
Cell-line conditioning: ENABLED (masked multi-label, 8 heads)
    labeled pairs: 128,870 over 8,844 genes (dropped 0 with no known head)
    same-head SL/non-SL conflicts resolved by OR (label=SL): 1,876 pairs -> 2,171 head-cells [JURKAT 1,461, K562 406, HELA 125, OTHER 107, 293T 36, A549 30, A375 6]
    K562     known  91,937  pos  8,705  neg  83,232  (or-resolved   406)
    JURKAT   known  66,122  pos  2,617  neg  63,505  (or-resolved 1,461)
    A549     known   8,889  pos    314  neg   8,575  (or-resolved    30)
    HELA     known   5,931  pos  1,250  neg   4,681  (or-resolved   125)
    A375     known   2,509  pos  1,094  neg   1,415  (or-resolved     6)
    293T     known   2,438  pos    326  neg   2,112  (or-resolved    36)
    PC9      known   1,014  pos     68  neg     946  (or-resolved     0)
    OTHER    known  27,002  pos  8,721  neg  18,281  (or-resolved   107)
Loaded raw tensors for 19397 genes
Loaded 22166 positive SL pairs
SL pairs involve 5257 unique genes
============================================================
Siamese SL Training
Model: siamese
CV Type: cv1
Folds: 5
============================================================

Generating CV1 splits (edge-based, multi-label)...
  Fold 1: train 92,786 pairs/148,298 labels  val 10,309 pairs/16,486 labels  test 25,775 pairs/41,058 labels
  Fold 2: train 92,787 pairs/148,217 labels  val 10,309 pairs/16,456 labels  test 25,774 pairs/41,169 labels
  Fold 3: train 92,787 pairs/148,030 labels  val 10,309 pairs/16,471 labels  test 25,774 pairs/41,341 labels
  Fold 4: train 92,787 pairs/148,273 labels  val 10,309 pairs/16,515 labels  test 25,774 pairs/41,054 labels
  Fold 5: train 92,788 pairs/148,187 labels  val 10,309 pairs/16,435 labels  test 25,773 pairs/41,220 labels

============================================================
Training Fold 1
============================================================

[fold 0] fitting preprocessing [method=plain: mean → col-standardize+SVD → mean/std; scope=train]
  Fit subset: 18162/19397 rows (93.6%)
  [prot_t5] 1024d, 19397 genes, 317 missing
    mean-imputed 317/19397 genes (324608 NaN cells; locations fit on 18162 fit rows)
[fold 0] fold embeddings: (19397, 1024)
Fold 1 input_dim: 1024
  Trainable parameters: 19,745 (total 19,745) [SiameseSLMultiCell]
  Fold stamp: genes 42ff034debb48f84 all_pos 20be58a407d6aa9a meta 15e1a39cf91a5615
  L1 λ=0.01 for encoder.hidden_blocks.0.0.weight
  L1 λ=0.0075 for encoder.hidden_blocks.1.0.weight
  L1 λ=0.005 for encoder.hidden_blocks.2.0.weight
  L1 λ=0.004 for encoder.hidden_blocks.3.0.weight
  L1 λ=0.0025 for encoder.hidden_blocks.4.0.weight
  L1 λ=0.0015 for encoder.hidden_blocks.5.0.weight
  L1 λ=0.001 for encoder.projection.weight

  cell-line metrics  [baseline | raw AUPR | norm AUPR | AUPRG]
    strat : 0.112 | 0.721 | 0.686 | 0.974   <- AUPRG selects
    any   : 0.172 | 0.674 | 0.607 | 0.925   (AUROC 0.859)
    macro : 0.168 | 0.486 | 0.436 | 0.635   (per-line avg)
    K562   : 0.093 | 0.644 | 0.608 | 0.971
    JURKAT : 0.042 | 0.236 | 0.203 | 0.936
    A549   : 0.028 | 0.027 | -0.001 | -0.465
    HELA   : 0.190 | 0.677 | 0.601 | 0.925
    A375   : 0.478 | 0.998 | 0.996 | 0.999
    293T   : 0.125 | 0.132 | 0.008 | -0.131
    PC9    : 0.061 | 0.270 | 0.222 | 0.893
    OTHER  : 0.331 | 0.901 | 0.852 | 0.951

  cell-line metrics  [baseline | raw AUPR | norm AUPR | AUPRG]
    strat : 0.112 | 0.753 | 0.721 | 0.978   <- AUPRG selects
    any   : 0.172 | 0.722 | 0.664 | 0.944   (AUROC 0.885)
    macro : 0.168 | 0.504 | 0.452 | 0.618   (per-line avg)
    K562   : 0.093 | 0.687 | 0.655 | 0.976
    JURKAT : 0.042 | 0.402 | 0.376 | 0.981
    A549   : 0.028 | 0.034 | 0.006 | 0.342
    HELA   : 0.190 | 0.665 | 0.586 | 0.910
    A375   : 0.478 | 0.962 | 0.928 | 0.981
    293T   : 0.125 | 0.100 | -0.029 | -1.095
    PC9    : 0.061 | 0.263 | 0.216 | 0.883
    OTHER  : 0.331 | 0.917 | 0.877 | 0.964

  cell-line metrics  [baseline | raw AUPR | norm AUPR | AUPRG]
    strat : 0.112 | 0.764 | 0.734 | 0.980   <- AUPRG selects
    any   : 0.172 | 0.735 | 0.680 | 0.949   (AUROC 0.893)
    macro : 0.168 | 0.542 | 0.499 | 0.795   (per-line avg)
    K562   : 0.093 | 0.692 | 0.660 | 0.979
    JURKAT : 0.042 | 0.530 | 0.510 | 0.990
    A549   : 0.028 | 0.053 | 0.026 | 0.514
    HELA   : 0.190 | 0.726 | 0.661 | 0.944
    A375   : 0.478 | 0.998 | 0.996 | 0.999
    293T   : 0.125 | 0.147 | 0.025 | 0.116
    PC9    : 0.061 | 0.253 | 0.205 | 0.846
    OTHER  : 0.331 | 0.938 | 0.907 | 0.973

  cell-line metrics  [baseline | raw AUPR | norm AUPR | AUPRG]
    strat : 0.112 | 0.841 | 0.821 | 0.990   <- AUPRG selects
    any   : 0.172 | 0.745 | 0.692 | 0.951   (AUROC 0.902)
    macro : 0.168 | 0.599 | 0.563 | 0.907   (per-line avg)
    K562   : 0.093 | 0.758 | 0.733 | 0.987
    JURKAT : 0.042 | 0.632 | 0.616 | 0.995
    A549   : 0.028 | 0.074 | 0.047 | 0.786
    HELA   : 0.190 | 0.805 | 0.759 | 0.963
    A375   : 0.478 | 0.997 | 0.995 | 0.998
    293T   : 0.125 | 0.241 | 0.132 | 0.597
    PC9    : 0.061 | 0.319 | 0.275 | 0.946
    OTHER  : 0.331 | 0.965 | 0.947 | 0.986

Early stopping at epoch 450

  selected on val (auprg=0.9896 @ epoch 150); test scored once

Fold 1 Best (epoch 150): AUROC=0.9465, AUPR=0.8526, F1=0.7974
  Params: 19,490/19,745 nonzero | Weights: 18,241/18,496 nonzero (1.38% sparse)
    cell_emb.weight: 192/192 nonzero (0.0% sparse)
    encoder.hidden_blocks.0.0.weight: 16,515/16,768 nonzero (1.5% sparse)
    encoder.hidden_blocks.1.0.weight: 255/256 nonzero (0.4% sparse)
    encoder.hidden_blocks.2.0.weight: 255/256 nonzero (0.4% sparse)
    encoder.hidden_blocks.3.0.weight: 256/256 nonzero (0.0% sparse)
    encoder.hidden_blocks.4.0.weight: 256/256 nonzero (0.0% sparse)
    encoder.hidden_blocks.5.0.weight: 256/256 nonzero (0.0% sparse)
    encoder.projection.weight: 256/256 nonzero (0.0% sparse)
  [retrieval] index space: n=19397 num_genes=19397 num_p_genes=8844 (P-space differs from full space)
  Saved 8844x8844 shared-space score matrix -> fold_0_cv1_predictions.npy
  [retrieval] universe 19,397 genes (peers rank vs 8,844), 2,273 scored rows, 4,434 test-pos, 15,959 train-pos suppressed | fwd-check 1.72e-05 | NDCG@10 0.0854 NDCG@50 0.1582 R@50 0.3394 MAP@50 0.0926

============================================================
Training Fold 2
============================================================

[fold 1] fitting preprocessing [method=plain: mean → col-standardize+SVD → mean/std; scope=train]
  Fit subset: 18161/19397 rows (93.6%)
  [prot_t5] 1024d, 19397 genes, 317 missing
    mean-imputed 317/19397 genes (324608 NaN cells; locations fit on 18161 fit rows)
[fold 1] fold embeddings: (19397, 1024)
Fold 2 input_dim: 1024
  Trainable parameters: 19,745 (total 19,745) [SiameseSLMultiCell]
  Fold stamp: genes 42ff034debb48f84 all_pos 20be58a407d6aa9a meta 15e1a39cf91a5615
  L1 λ=0.01 for encoder.hidden_blocks.0.0.weight
  L1 λ=0.0075 for encoder.hidden_blocks.1.0.weight
  L1 λ=0.005 for encoder.hidden_blocks.2.0.weight
  L1 λ=0.004 for encoder.hidden_blocks.3.0.weight
  L1 λ=0.0025 for encoder.hidden_blocks.4.0.weight
  L1 λ=0.0015 for encoder.hidden_blocks.5.0.weight
  L1 λ=0.001 for encoder.projection.weight

  cell-line metrics  [baseline | raw AUPR | norm AUPR | AUPRG]
    strat : 0.112 | 0.744 | 0.712 | 0.976   <- AUPRG selects
    any   : 0.172 | 0.721 | 0.663 | 0.939   (AUROC 0.868)
    macro : 0.164 | 0.492 | 0.437 | 0.613   (per-line avg)
    K562   : 0.096 | 0.693 | 0.661 | 0.975
    JURKAT : 0.040 | 0.322 | 0.294 | 0.966
    A549   : 0.047 | 0.058 | 0.011 | -0.129
    HELA   : 0.195 | 0.744 | 0.682 | 0.936
    A375   : 0.410 | 0.952 | 0.919 | 0.965
    293T   : 0.156 | 0.182 | 0.031 | 0.219
    PC9    : 0.051 | 0.067 | 0.016 | 0.011
    OTHER  : 0.320 | 0.920 | 0.883 | 0.964

  cell-line metrics  [baseline | raw AUPR | norm AUPR | AUPRG]
    strat : 0.112 | 0.789 | 0.762 | 0.983   <- AUPRG selects
    any   : 0.172 | 0.693 | 0.629 | 0.930   (AUROC 0.877)
    macro : 0.164 | 0.535 | 0.487 | 0.568   (per-line avg)
    K562   : 0.096 | 0.729 | 0.700 | 0.981
    JURKAT : 0.040 | 0.488 | 0.467 | 0.990
    A549   : 0.047 | 0.052 | 0.005 | -0.549
    HELA   : 0.195 | 0.802 | 0.753 | 0.958
    A375   : 0.410 | 0.980 | 0.965 | 0.985
    293T   : 0.156 | 0.183 | 0.032 | -0.027
    PC9    : 0.051 | 0.112 | 0.064 | 0.234
    OTHER  : 0.320 | 0.938 | 0.909 | 0.972

  cell-line metrics  [baseline | raw AUPR | norm AUPR | AUPRG]
    strat : 0.112 | 0.815 | 0.791 | 0.986   <- AUPRG selects
    any   : 0.172 | 0.707 | 0.646 | 0.939   (AUROC 0.884)
    macro : 0.164 | 0.555 | 0.510 | 0.809   (per-line avg)
    K562   : 0.096 | 0.743 | 0.716 | 0.984
    JURKAT : 0.040 | 0.525 | 0.506 | 0.985
    A549   : 0.047 | 0.077 | 0.032 | 0.573
    HELA   : 0.195 | 0.798 | 0.749 | 0.953
    A375   : 0.410 | 0.992 | 0.987 | 0.996
    293T   : 0.156 | 0.232 | 0.090 | 0.385
    PC9    : 0.051 | 0.122 | 0.075 | 0.616
    OTHER  : 0.320 | 0.951 | 0.929 | 0.979

  cell-line metrics  [baseline | raw AUPR | norm AUPR | AUPRG]
    strat : 0.112 | 0.850 | 0.831 | 0.990   <- AUPRG selects
    any   : 0.172 | 0.717 | 0.658 | 0.940   (AUROC 0.894)
    macro : 0.164 | 0.601 | 0.563 | 0.840   (per-line avg)
    K562   : 0.096 | 0.776 | 0.752 | 0.987
    JURKAT : 0.040 | 0.659 | 0.645 | 0.996
    A549   : 0.047 | 0.125 | 0.082 | 0.721
    HELA   : 0.195 | 0.840 | 0.802 | 0.969
    A375   : 0.410 | 0.994 | 0.989 | 0.997
    293T   : 0.156 | 0.356 | 0.237 | 0.605
    PC9    : 0.051 | 0.083 | 0.034 | 0.459
    OTHER  : 0.320 | 0.972 | 0.959 | 0.989

Early stopping at epoch 450

  selected on val (auprg=0.9900 @ epoch 150); test scored once

Fold 2 Best (epoch 150): AUROC=0.9406, AUPR=0.8379, F1=0.7847
  Params: 19,544/19,745 nonzero | Weights: 18,295/18,496 nonzero (1.09% sparse)
    cell_emb.weight: 192/192 nonzero (0.0% sparse)
    encoder.hidden_blocks.0.0.weight: 16,567/16,768 nonzero (1.2% sparse)
    encoder.hidden_blocks.1.0.weight: 256/256 nonzero (0.0% sparse)
    encoder.hidden_blocks.2.0.weight: 256/256 nonzero (0.0% sparse)
    encoder.hidden_blocks.3.0.weight: 256/256 nonzero (0.0% sparse)
    encoder.hidden_blocks.4.0.weight: 256/256 nonzero (0.0% sparse)
    encoder.hidden_blocks.5.0.weight: 256/256 nonzero (0.0% sparse)
    encoder.projection.weight: 256/256 nonzero (0.0% sparse)
  [retrieval] index space: n=19397 num_genes=19397 num_p_genes=8844 (P-space differs from full space)
  Saved 8844x8844 shared-space score matrix -> fold_1_cv1_predictions.npy
  [retrieval] universe 19,397 genes (peers rank vs 8,844), 2,243 scored rows, 4,433 test-pos, 15,960 train-pos suppressed | fwd-check 4.20e-05 | NDCG@10 0.0526 NDCG@50 0.1101 R@50 0.2600 MAP@50 0.0522

============================================================
Training Fold 3
============================================================

[fold 2] fitting preprocessing [method=plain: mean → col-standardize+SVD → mean/std; scope=train]
  Fit subset: 18181/19397 rows (93.7%)
  [prot_t5] 1024d, 19397 genes, 317 missing
    mean-imputed 317/19397 genes (324608 NaN cells; locations fit on 18181 fit rows)
[fold 2] fold embeddings: (19397, 1024)
Fold 3 input_dim: 1024
  Trainable parameters: 19,745 (total 19,745) [SiameseSLMultiCell]
  Fold stamp: genes 42ff034debb48f84 all_pos 20be58a407d6aa9a meta 15e1a39cf91a5615
  L1 λ=0.01 for encoder.hidden_blocks.0.0.weight
  L1 λ=0.0075 for encoder.hidden_blocks.1.0.weight
  L1 λ=0.005 for encoder.hidden_blocks.2.0.weight
  L1 λ=0.004 for encoder.hidden_blocks.3.0.weight
  L1 λ=0.0025 for encoder.hidden_blocks.4.0.weight
  L1 λ=0.0015 for encoder.hidden_blocks.5.0.weight
  L1 λ=0.001 for encoder.projection.weight

  cell-line metrics  [baseline | raw AUPR | norm AUPR | AUPRG]
    strat : 0.112 | 0.726 | 0.692 | 0.974   <- AUPRG selects
    any   : 0.172 | 0.723 | 0.666 | 0.943   (AUROC 0.872)
    macro : 0.165 | 0.489 | 0.438 | 0.478   (per-line avg)
    K562   : 0.095 | 0.689 | 0.656 | 0.975
    JURKAT : 0.041 | 0.294 | 0.263 | 0.963
    A549   : 0.047 | 0.038 | -0.009 | -1.418
    HELA   : 0.220 | 0.711 | 0.630 | 0.916
    A375   : 0.410 | 0.993 | 0.989 | 0.997
    293T   : 0.134 | 0.207 | 0.084 | 0.438
    PC9    : 0.053 | 0.064 | 0.012 | -0.012
    OTHER  : 0.320 | 0.915 | 0.875 | 0.967

  cell-line metrics  [baseline | raw AUPR | norm AUPR | AUPRG]
    strat : 0.112 | 0.761 | 0.731 | 0.980   <- AUPRG selects
    any   : 0.172 | 0.746 | 0.693 | 0.951   (AUROC 0.873)
    macro : 0.165 | 0.539 | 0.494 | 0.771   (per-line avg)
    K562   : 0.095 | 0.677 | 0.643 | 0.975
    JURKAT : 0.041 | 0.481 | 0.459 | 0.987
    A549   : 0.047 | 0.044 | -0.003 | 0.031
    HELA   : 0.220 | 0.775 | 0.711 | 0.933
    A375   : 0.410 | 0.997 | 0.996 | 0.999
    293T   : 0.134 | 0.266 | 0.152 | 0.604
    PC9    : 0.053 | 0.123 | 0.074 | 0.659
    OTHER  : 0.320 | 0.946 | 0.920 | 0.977

  cell-line metrics  [baseline | raw AUPR | norm AUPR | AUPRG]
    strat : 0.112 | 0.787 | 0.760 | 0.983   <- AUPRG selects
    any   : 0.172 | 0.772 | 0.724 | 0.959   (AUROC 0.885)
    macro : 0.165 | 0.541 | 0.497 | 0.749   (per-line avg)
    K562   : 0.095 | 0.700 | 0.669 | 0.979
    JURKAT : 0.041 | 0.515 | 0.494 | 0.990
    A549   : 0.047 | 0.063 | 0.017 | 0.321
    HELA   : 0.220 | 0.784 | 0.723 | 0.943
    A375   : 0.410 | 0.992 | 0.987 | 0.996
    293T   : 0.134 | 0.256 | 0.141 | 0.558
    PC9    : 0.053 | 0.065 | 0.013 | 0.226
    OTHER  : 0.320 | 0.955 | 0.934 | 0.981

  cell-line metrics  [baseline | raw AUPR | norm AUPR | AUPRG]
    strat : 0.112 | 0.844 | 0.825 | 0.990   <- AUPRG selects
    any   : 0.172 | 0.750 | 0.698 | 0.951   (AUROC 0.897)
    macro : 0.165 | 0.586 | 0.548 | 0.759   (per-line avg)
    K562   : 0.095 | 0.760 | 0.735 | 0.987
    JURKAT : 0.041 | 0.657 | 0.642 | 0.995
    A549   : 0.047 | 0.083 | 0.038 | 0.364
    HELA   : 0.220 | 0.866 | 0.828 | 0.963
    A375   : 0.410 | 0.998 | 0.996 | 0.999
    293T   : 0.134 | 0.275 | 0.162 | 0.680
    PC9    : 0.053 | 0.072 | 0.020 | 0.091
    OTHER  : 0.320 | 0.975 | 0.963 | 0.989

Early stopping at epoch 450

  selected on val (auprg=0.9897 @ epoch 150); test scored once

Fold 3 Best (epoch 150): AUROC=0.9434, AUPR=0.8463, F1=0.7898
  Params: 19,437/19,745 nonzero | Weights: 18,188/18,496 nonzero (1.67% sparse)
    cell_emb.weight: 192/192 nonzero (0.0% sparse)
    encoder.hidden_blocks.0.0.weight: 16,461/16,768 nonzero (1.8% sparse)
    encoder.hidden_blocks.1.0.weight: 255/256 nonzero (0.4% sparse)
    encoder.hidden_blocks.2.0.weight: 256/256 nonzero (0.0% sparse)
    encoder.hidden_blocks.3.0.weight: 256/256 nonzero (0.0% sparse)
    encoder.hidden_blocks.4.0.weight: 256/256 nonzero (0.0% sparse)
    encoder.hidden_blocks.5.0.weight: 256/256 nonzero (0.0% sparse)
    encoder.projection.weight: 256/256 nonzero (0.0% sparse)
  [retrieval] index space: n=19397 num_genes=19397 num_p_genes=8844 (P-space differs from full space)
  Saved 8844x8844 shared-space score matrix -> fold_2_cv1_predictions.npy
  [retrieval] universe 19,397 genes (peers rank vs 8,844), 2,197 scored rows, 4,433 test-pos, 15,960 train-pos suppressed | fwd-check 1.91e-05 | NDCG@10 0.1096 NDCG@50 0.1658 R@50 0.2859 MAP@50 0.1131

============================================================
Training Fold 4
============================================================

[fold 3] fitting preprocessing [method=plain: mean → col-standardize+SVD → mean/std; scope=train]
  Fit subset: 18132/19397 rows (93.5%)
  [prot_t5] 1024d, 19397 genes, 317 missing
    mean-imputed 317/19397 genes (324608 NaN cells; locations fit on 18132 fit rows)
[fold 3] fold embeddings: (19397, 1024)
Fold 4 input_dim: 1024
  Trainable parameters: 19,745 (total 19,745) [SiameseSLMultiCell]
  Fold stamp: genes 42ff034debb48f84 all_pos 20be58a407d6aa9a meta 15e1a39cf91a5615
  L1 λ=0.01 for encoder.hidden_blocks.0.0.weight
  L1 λ=0.0075 for encoder.hidden_blocks.1.0.weight
  L1 λ=0.005 for encoder.hidden_blocks.2.0.weight
  L1 λ=0.004 for encoder.hidden_blocks.3.0.weight
  L1 λ=0.0025 for encoder.hidden_blocks.4.0.weight
  L1 λ=0.0015 for encoder.hidden_blocks.5.0.weight
  L1 λ=0.001 for encoder.projection.weight

  cell-line metrics  [baseline | raw AUPR | norm AUPR | AUPRG]
    strat : 0.112 | 0.734 | 0.700 | 0.973   <- AUPRG selects
    any   : 0.172 | 0.666 | 0.597 | 0.915   (AUROC 0.855)
    macro : 0.157 | 0.476 | 0.423 | 0.729   (per-line avg)
    K562   : 0.094 | 0.684 | 0.651 | 0.974
    JURKAT : 0.042 | 0.247 | 0.214 | 0.944
    A549   : 0.045 | 0.047 | 0.002 | 0.249
    HELA   : 0.174 | 0.733 | 0.677 | 0.949
    A375   : 0.387 | 0.940 | 0.901 | 0.968
    293T   : 0.147 | 0.167 | 0.023 | 0.135
    PC9    : 0.039 | 0.065 | 0.027 | 0.643
    OTHER  : 0.325 | 0.925 | 0.889 | 0.966

  cell-line metrics  [baseline | raw AUPR | norm AUPR | AUPRG]
    strat : 0.112 | 0.753 | 0.722 | 0.978   <- AUPRG selects
    any   : 0.172 | 0.709 | 0.649 | 0.938   (AUROC 0.867)
    macro : 0.157 | 0.498 | 0.448 | 0.507   (per-line avg)
    K562   : 0.094 | 0.679 | 0.645 | 0.975
    JURKAT : 0.042 | 0.395 | 0.368 | 0.975
    A549   : 0.045 | 0.036 | -0.010 | -0.597
    HELA   : 0.174 | 0.694 | 0.630 | 0.933
    A375   : 0.387 | 0.941 | 0.905 | 0.962
    293T   : 0.147 | 0.273 | 0.148 | 0.492
    PC9    : 0.039 | 0.031 | -0.008 | -0.652
    OTHER  : 0.325 | 0.937 | 0.906 | 0.970

  cell-line metrics  [baseline | raw AUPR | norm AUPR | AUPRG]
    strat : 0.112 | 0.783 | 0.756 | 0.983   <- AUPRG selects
    any   : 0.172 | 0.741 | 0.687 | 0.950   (AUROC 0.888)
    macro : 0.157 | 0.572 | 0.527 | 0.851   (per-line avg)
    K562   : 0.094 | 0.715 | 0.685 | 0.981
    JURKAT : 0.042 | 0.501 | 0.479 | 0.988
    A549   : 0.045 | 0.064 | 0.020 | 0.393
    HELA   : 0.174 | 0.702 | 0.640 | 0.938
    A375   : 0.387 | 0.955 | 0.926 | 0.963
    293T   : 0.147 | 0.295 | 0.174 | 0.589
    PC9    : 0.039 | 0.404 | 0.380 | 0.981
    OTHER  : 0.325 | 0.942 | 0.914 | 0.973

  cell-line metrics  [baseline | raw AUPR | norm AUPR | AUPRG]
    strat : 0.112 | 0.834 | 0.813 | 0.989   <- AUPRG selects
    any   : 0.172 | 0.760 | 0.710 | 0.956   (AUROC 0.904)
    macro : 0.157 | 0.561 | 0.520 | 0.738   (per-line avg)
    K562   : 0.094 | 0.767 | 0.743 | 0.987
    JURKAT : 0.042 | 0.564 | 0.544 | 0.992
    A549   : 0.045 | 0.071 | 0.027 | 0.524
    HELA   : 0.174 | 0.806 | 0.765 | 0.970
    A375   : 0.387 | 0.970 | 0.952 | 0.982
    293T   : 0.147 | 0.289 | 0.167 | 0.545
    PC9    : 0.039 | 0.045 | 0.006 | -0.080
    OTHER  : 0.325 | 0.972 | 0.959 | 0.988

Early stopping at epoch 450

  selected on val (auprg=0.9887 @ epoch 150); test scored once

Fold 4 Best (epoch 150): AUROC=0.9449, AUPR=0.8534, F1=0.8018
  Params: 19,379/19,745 nonzero | Weights: 18,130/18,496 nonzero (1.98% sparse)
    cell_emb.weight: 192/192 nonzero (0.0% sparse)
    encoder.hidden_blocks.0.0.weight: 16,466/16,768 nonzero (1.8% sparse)
    encoder.hidden_blocks.1.0.weight: 256/256 nonzero (0.0% sparse)
    encoder.hidden_blocks.2.0.weight: 256/256 nonzero (0.0% sparse)
    encoder.hidden_blocks.3.0.weight: 256/256 nonzero (0.0% sparse)
    encoder.hidden_blocks.4.0.weight: 256/256 nonzero (0.0% sparse)
    encoder.hidden_blocks.5.0.weight: 256/256 nonzero (0.0% sparse)
    encoder.projection.weight: 192/256 nonzero (25.0% sparse)
  [retrieval] index space: n=19397 num_genes=19397 num_p_genes=8844 (P-space differs from full space)
  Saved 8844x8844 shared-space score matrix -> fold_3_cv1_predictions.npy
  [retrieval] universe 19,397 genes (peers rank vs 8,844), 2,275 scored rows, 4,433 test-pos, 15,960 train-pos suppressed | fwd-check 1.91e-05 | NDCG@10 0.0938 NDCG@50 0.1476 R@50 0.2921 MAP@50 0.0958

============================================================
Training Fold 5
============================================================

[fold 4] fitting preprocessing [method=plain: mean → col-standardize+SVD → mean/std; scope=train]
  Fit subset: 18216/19397 rows (93.9%)
  [prot_t5] 1024d, 19397 genes, 317 missing
    mean-imputed 317/19397 genes (324608 NaN cells; locations fit on 18216 fit rows)
[fold 4] fold embeddings: (19397, 1024)
Fold 5 input_dim: 1024
  Trainable parameters: 19,745 (total 19,745) [SiameseSLMultiCell]
  Fold stamp: genes 42ff034debb48f84 all_pos 20be58a407d6aa9a meta 15e1a39cf91a5615
  L1 λ=0.01 for encoder.hidden_blocks.0.0.weight
  L1 λ=0.0075 for encoder.hidden_blocks.1.0.weight
  L1 λ=0.005 for encoder.hidden_blocks.2.0.weight
  L1 λ=0.004 for encoder.hidden_blocks.3.0.weight
  L1 λ=0.0025 for encoder.hidden_blocks.4.0.weight
  L1 λ=0.0015 for encoder.hidden_blocks.5.0.weight
  L1 λ=0.001 for encoder.projection.weight

  cell-line metrics  [baseline | raw AUPR | norm AUPR | AUPRG]
    strat : 0.112 | 0.746 | 0.714 | 0.978   <- AUPRG selects
    any   : 0.172 | 0.730 | 0.674 | 0.945   (AUROC 0.882)
    macro : 0.164 | 0.509 | 0.459 | 0.604   (per-line avg)
    K562   : 0.094 | 0.702 | 0.671 | 0.979
    JURKAT : 0.043 | 0.299 | 0.268 | 0.956
    A549   : 0.043 | 0.052 | 0.010 | -0.168
    HELA   : 0.211 | 0.774 | 0.714 | 0.938
    A375   : 0.383 | 0.988 | 0.980 | 0.992
    293T   : 0.146 | 0.201 | 0.065 | 0.178
    PC9    : 0.071 | 0.110 | 0.043 | -0.016
    OTHER  : 0.323 | 0.945 | 0.918 | 0.975

  cell-line metrics  [baseline | raw AUPR | norm AUPR | AUPRG]
    strat : 0.112 | 0.761 | 0.730 | 0.979   <- AUPRG selects
    any   : 0.172 | 0.696 | 0.633 | 0.935   (AUROC 0.879)
    macro : 0.164 | 0.504 | 0.450 | 0.290   (per-line avg)
    K562   : 0.094 | 0.700 | 0.669 | 0.978
    JURKAT : 0.043 | 0.373 | 0.345 | 0.976
    A549   : 0.043 | 0.042 | -0.001 | -0.306
    HELA   : 0.211 | 0.745 | 0.678 | 0.925
    A375   : 0.383 | 0.960 | 0.935 | 0.984
    293T   : 0.146 | 0.205 | 0.070 | 0.210
    PC9    : 0.071 | 0.052 | -0.020 | -2.422
    OTHER  : 0.323 | 0.950 | 0.927 | 0.978

  cell-line metrics  [baseline | raw AUPR | norm AUPR | AUPRG]
    strat : 0.112 | 0.776 | 0.747 | 0.982   <- AUPRG selects
    any   : 0.172 | 0.740 | 0.686 | 0.948   (AUROC 0.892)
    macro : 0.164 | 0.523 | 0.471 | 0.622   (per-line avg)
    K562   : 0.094 | 0.705 | 0.674 | 0.978
    JURKAT : 0.043 | 0.477 | 0.453 | 0.987
    A549   : 0.043 | 0.062 | 0.020 | 0.478
    HELA   : 0.211 | 0.742 | 0.673 | 0.922
    A375   : 0.383 | 0.949 | 0.917 | 0.982
    293T   : 0.146 | 0.237 | 0.108 | 0.408
    PC9    : 0.071 | 0.064 | -0.007 | -0.759
    OTHER  : 0.323 | 0.951 | 0.928 | 0.978

  cell-line metrics  [baseline | raw AUPR | norm AUPR | AUPRG]
    strat : 0.112 | 0.842 | 0.822 | 0.989   <- AUPRG selects
    any   : 0.172 | 0.721 | 0.663 | 0.941   (AUROC 0.901)
    macro : 0.164 | 0.578 | 0.536 | 0.633   (per-line avg)
    K562   : 0.094 | 0.781 | 0.758 | 0.988
    JURKAT : 0.043 | 0.621 | 0.604 | 0.994
    A549   : 0.043 | 0.078 | 0.037 | 0.602
    HELA   : 0.211 | 0.822 | 0.775 | 0.955
    A375   : 0.383 | 1.000 | 1.000 | 1.000
    293T   : 0.146 | 0.272 | 0.148 | 0.430
    PC9    : 0.071 | 0.074 | 0.004 | -0.892
    OTHER  : 0.323 | 0.973 | 0.960 | 0.989

Early stopping at epoch 450

  selected on val (auprg=0.9892 @ epoch 150); test scored once

Fold 5 Best (epoch 150): AUROC=0.9385, AUPR=0.8344, F1=0.7878
  Params: 19,503/19,745 nonzero | Weights: 18,254/18,496 nonzero (1.31% sparse)
    cell_emb.weight: 192/192 nonzero (0.0% sparse)
    encoder.hidden_blocks.0.0.weight: 16,558/16,768 nonzero (1.3% sparse)
    encoder.hidden_blocks.1.0.weight: 256/256 nonzero (0.0% sparse)
    encoder.hidden_blocks.2.0.weight: 256/256 nonzero (0.0% sparse)
    encoder.hidden_blocks.3.0.weight: 256/256 nonzero (0.0% sparse)
    encoder.hidden_blocks.4.0.weight: 256/256 nonzero (0.0% sparse)
    encoder.hidden_blocks.5.0.weight: 256/256 nonzero (0.0% sparse)
    encoder.projection.weight: 224/256 nonzero (12.5% sparse)
  [retrieval] index space: n=19397 num_genes=19397 num_p_genes=8844 (P-space differs from full space)
  Saved 8844x8844 shared-space score matrix -> fold_4_cv1_predictions.npy
  [retrieval] universe 19,397 genes (peers rank vs 8,844), 2,170 scored rows, 4,433 test-pos, 15,960 train-pos suppressed | fwd-check 2.29e-05 | NDCG@10 0.1175 NDCG@50 0.1616 R@50 0.2949 MAP@50 0.1045

============================================================
Cross-Validation Results: CV1 (edge-based)
============================================================

Fold        AUROC       AUPR         F1
----------------------------------------
1          0.9465     0.8526     0.7974
2          0.9406     0.8379     0.7847
3          0.9434     0.8463     0.7898
4          0.9449     0.8534     0.8018
5          0.9385     0.8344     0.7878
----------------------------------------
Mean       0.9428     0.8449     0.7923
Std        0.0029     0.0076     0.0063

============================================================
Summary:
  AUROC: 0.9428 ± 0.0029
  AUPR:  0.8449 ± 0.0076
  F1:    0.7923 ± 0.0063
  Params: 19,470/19,745 nonzero (weight sparsity: 1.48%)
============================================================

Cell-line metrics (mean over folds):
  STRATIFIED (pooled per-cell-line obs; SELECTION basis):
    baseline(pi) 0.1122  AUPR 0.8449  normAUPR 0.8253  AUPRG 0.9897  AUROC 0.9428
  GLOBAL (SL in any cell line; one-time headline):
    AUPRG 0.9478 ± 0.0058   AUPR 0.7401   AUROC 0.8998
  PER-LINE macro (equal weight/line; diagnostic):
    AUPRG 0.7711  AUPR 0.5737
  RETRIEVAL (rank vs the whole 19,397-gene universe; peers rank vs 8,844 -- NOT strictly comparable):
    NDCG@10 0.0918  NDCG@50 0.1487  R@50 0.2945  MAP@50 0.0916

Results saved to results/pcavar0.8_prot_t5_cv1

SUCCESS: prot_t5 / cv1  (PCA=0.8)
  AUROC=0.9428 +/- 0.0029  AUPRG=0.9897 +/- 0.0007  Params=19,470/19,745 (1.5% sparse)
  Completed at: Thu Aug 27 19:47:22 EDT 2026
