============================================================================
Job: bestcat_emb | ID: 1171071 | Node: gpu3
Array task: 3 (of job 1166079)
Start: Thu Aug 27 11:51:26 EDT 2026
NVIDIA L40, 46068 MiB, 43931 MiB
NVIDIA L40, 46068 MiB, 639 MiB
NVIDIA L40, 46068 MiB, 0 MiB
NVIDIA L40, 46068 MiB, 639 MiB
============================================================================

Task 3: scgpt (expression) / cv1  [PCA=0.8]
  Embedding: /ddn_exa/campbell/kaiyang/SLMGAE-pytorch/data/all_genes_scgpt.pt

Cleaning previous results: results/pcavar0.8_scgpt_cv1
Training: scgpt / cv1  (PCA=0.8)
  Output: results/pcavar0.8_scgpt_cv1
  Config: encoder=[16 16 16 16 16 16 16], epochs=2000, patience=10

Using GPU: NVIDIA L40

Loading 1 modality file(s) [raw, preprocessing deferred to per-fold fit]:
Cell-line conditioning: ENABLED (masked multi-label, 8 heads)
    labeled pairs: 128,870 over 8,844 genes (dropped 0 with no known head)
    same-head SL/non-SL conflicts resolved by OR (label=SL): 1,876 pairs -> 2,171 head-cells [JURKAT 1,461, K562 406, HELA 125, OTHER 107, 293T 36, A549 30, A375 6]
    K562     known  91,937  pos  8,705  neg  83,232  (or-resolved   406)
    JURKAT   known  66,122  pos  2,617  neg  63,505  (or-resolved 1,461)
    A549     known   8,889  pos    314  neg   8,575  (or-resolved    30)
    HELA     known   5,931  pos  1,250  neg   4,681  (or-resolved   125)
    A375     known   2,509  pos  1,094  neg   1,415  (or-resolved     6)
    293T     known   2,438  pos    326  neg   2,112  (or-resolved    36)
    PC9      known   1,014  pos     68  neg     946  (or-resolved     0)
    OTHER    known  27,002  pos  8,721  neg  18,281  (or-resolved   107)
Loaded raw tensors for 19397 genes
Loaded 22166 positive SL pairs
SL pairs involve 5257 unique genes
============================================================
Siamese SL Training
Model: siamese
CV Type: cv1
Folds: 5
============================================================

Generating CV1 splits (edge-based, multi-label)...
  Fold 1: train 92,786 pairs/148,298 labels  val 10,309 pairs/16,486 labels  test 25,775 pairs/41,058 labels
  Fold 2: train 92,787 pairs/148,217 labels  val 10,309 pairs/16,456 labels  test 25,774 pairs/41,169 labels
  Fold 3: train 92,787 pairs/148,030 labels  val 10,309 pairs/16,471 labels  test 25,774 pairs/41,341 labels
  Fold 4: train 92,787 pairs/148,273 labels  val 10,309 pairs/16,515 labels  test 25,774 pairs/41,054 labels
  Fold 5: train 92,788 pairs/148,187 labels  val 10,309 pairs/16,435 labels  test 25,773 pairs/41,220 labels

============================================================
Training Fold 1
============================================================

[fold 0] fitting preprocessing [method=plain: mean → col-standardize+SVD → mean/std; scope=train]
  Fit subset: 18162/19397 rows (93.6%)
  [scgpt] 512d, 19397 genes, 131 missing
    mean-imputed 131/19397 genes (67072 NaN cells; locations fit on 18162 fit rows)
[fold 0] fold embeddings: (19397, 512)
Fold 1 input_dim: 512
  Trainable parameters: 11,041 (total 11,041) [SiameseSLMultiCell]
  Fold stamp: genes 42ff034debb48f84 all_pos 20be58a407d6aa9a meta 15e1a39cf91a5615
  L1 λ=0.01 for encoder.hidden_blocks.0.0.weight
  L1 λ=0.0075 for encoder.hidden_blocks.1.0.weight
  L1 λ=0.005 for encoder.hidden_blocks.2.0.weight
  L1 λ=0.004 for encoder.hidden_blocks.3.0.weight
  L1 λ=0.0025 for encoder.hidden_blocks.4.0.weight
  L1 λ=0.0015 for encoder.hidden_blocks.5.0.weight
  L1 λ=0.001 for encoder.projection.weight

  cell-line metrics  [baseline | raw AUPR | norm AUPR | AUPRG]
    strat : 0.112 | 0.765 | 0.735 | 0.980   <- AUPRG selects
    any   : 0.172 | 0.691 | 0.627 | 0.930   (AUROC 0.851)
    macro : 0.168 | 0.508 | 0.460 | 0.752   (per-line avg)
    K562   : 0.093 | 0.700 | 0.669 | 0.978
    JURKAT : 0.042 | 0.369 | 0.342 | 0.971
    A549   : 0.028 | 0.037 | 0.009 | 0.509
    HELA   : 0.190 | 0.817 | 0.774 | 0.962
    A375   : 0.478 | 0.956 | 0.916 | 0.982
    293T   : 0.125 | 0.118 | -0.008 | -0.073
    PC9    : 0.061 | 0.147 | 0.092 | 0.726
    OTHER  : 0.331 | 0.924 | 0.886 | 0.962

  cell-line metrics  [baseline | raw AUPR | norm AUPR | AUPRG]
    strat : 0.112 | 0.798 | 0.773 | 0.984   <- AUPRG selects
    any   : 0.172 | 0.680 | 0.614 | 0.926   (AUROC 0.865)
    macro : 0.168 | 0.535 | 0.490 | 0.752   (per-line avg)
    K562   : 0.093 | 0.703 | 0.672 | 0.980
    JURKAT : 0.042 | 0.487 | 0.465 | 0.988
    A549   : 0.028 | 0.039 | 0.012 | 0.352
    HELA   : 0.190 | 0.870 | 0.840 | 0.976
    A375   : 0.478 | 0.955 | 0.914 | 0.980
    293T   : 0.125 | 0.199 | 0.085 | 0.473
    PC9    : 0.061 | 0.090 | 0.031 | 0.298
    OTHER  : 0.331 | 0.934 | 0.901 | 0.967

  cell-line metrics  [baseline | raw AUPR | norm AUPR | AUPRG]
    strat : 0.112 | 0.807 | 0.782 | 0.986   <- AUPRG selects
    any   : 0.172 | 0.721 | 0.663 | 0.940   (AUROC 0.883)
    macro : 0.168 | 0.574 | 0.532 | 0.822   (per-line avg)
    K562   : 0.093 | 0.724 | 0.695 | 0.983
    JURKAT : 0.042 | 0.524 | 0.503 | 0.991
    A549   : 0.028 | 0.048 | 0.021 | 0.248
    HELA   : 0.190 | 0.862 | 0.830 | 0.972
    A375   : 0.478 | 0.949 | 0.903 | 0.980
    293T   : 0.125 | 0.207 | 0.093 | 0.485
    PC9    : 0.061 | 0.330 | 0.287 | 0.943
    OTHER  : 0.331 | 0.947 | 0.920 | 0.975

  cell-line metrics  [baseline | raw AUPR | norm AUPR | AUPRG]
    strat : 0.112 | 0.866 | 0.849 | 0.991   <- AUPRG selects
    any   : 0.172 | 0.679 | 0.612 | 0.924   (AUROC 0.885)
    macro : 0.168 | 0.595 | 0.561 | 0.853   (per-line avg)
    K562   : 0.093 | 0.777 | 0.755 | 0.989
    JURKAT : 0.042 | 0.670 | 0.656 | 0.996
    A549   : 0.028 | 0.074 | 0.047 | 0.701
    HELA   : 0.190 | 0.867 | 0.835 | 0.969
    A375   : 0.478 | 0.994 | 0.989 | 0.996
    293T   : 0.125 | 0.306 | 0.207 | 0.589
    PC9    : 0.061 | 0.100 | 0.042 | 0.592
    OTHER  : 0.331 | 0.973 | 0.960 | 0.991

  cell-line metrics  [baseline | raw AUPR | norm AUPR | AUPRG]
    strat : 0.112 | 0.860 | 0.842 | 0.991   <- AUPRG selects
    any   : 0.172 | 0.715 | 0.656 | 0.939   (AUROC 0.902)
    macro : 0.168 | 0.592 | 0.559 | 0.863   (per-line avg)
    K562   : 0.093 | 0.778 | 0.755 | 0.989
    JURKAT : 0.042 | 0.638 | 0.622 | 0.995
    A549   : 0.028 | 0.079 | 0.053 | 0.802
    HELA   : 0.190 | 0.901 | 0.877 | 0.981
    A375   : 0.478 | 0.999 | 0.997 | 0.999
    293T   : 0.125 | 0.273 | 0.169 | 0.586
    PC9    : 0.061 | 0.097 | 0.038 | 0.563
    OTHER  : 0.331 | 0.973 | 0.960 | 0.988

Early stopping at epoch 630

  selected on val (auprg=0.9914 @ epoch 330); test scored once

Fold 1 Best (epoch 330): AUROC=0.9535, AUPR=0.8694, F1=0.8094
  Params: 10,870/11,041 nonzero | Weights: 10,133/10,304 nonzero (1.66% sparse)
    cell_emb.weight: 192/192 nonzero (0.0% sparse)
    encoder.hidden_blocks.0.0.weight: 8,433/8,576 nonzero (1.7% sparse)
    encoder.hidden_blocks.1.0.weight: 248/256 nonzero (3.1% sparse)
    encoder.hidden_blocks.2.0.weight: 253/256 nonzero (1.2% sparse)
    encoder.hidden_blocks.3.0.weight: 255/256 nonzero (0.4% sparse)
    encoder.hidden_blocks.4.0.weight: 256/256 nonzero (0.0% sparse)
    encoder.hidden_blocks.5.0.weight: 256/256 nonzero (0.0% sparse)
    encoder.projection.weight: 240/256 nonzero (6.2% sparse)
  [retrieval] index space: n=19397 num_genes=19397 num_p_genes=8844 (P-space differs from full space)
  Saved 8844x8844 shared-space score matrix -> fold_0_cv1_predictions.npy
  [retrieval] universe 19,397 genes (peers rank vs 8,844), 2,273 scored rows, 4,434 test-pos, 15,959 train-pos suppressed | fwd-check 1.72e-05 | NDCG@10 0.1396 NDCG@50 0.1641 R@50 0.2435 MAP@50 0.1163

============================================================
Training Fold 2
============================================================

[fold 1] fitting preprocessing [method=plain: mean → col-standardize+SVD → mean/std; scope=train]
  Fit subset: 18161/19397 rows (93.6%)
  [scgpt] 512d, 19397 genes, 131 missing
    mean-imputed 131/19397 genes (67072 NaN cells; locations fit on 18161 fit rows)
[fold 1] fold embeddings: (19397, 512)
Fold 2 input_dim: 512
  Trainable parameters: 11,041 (total 11,041) [SiameseSLMultiCell]
  Fold stamp: genes 42ff034debb48f84 all_pos 20be58a407d6aa9a meta 15e1a39cf91a5615
  L1 λ=0.01 for encoder.hidden_blocks.0.0.weight
  L1 λ=0.0075 for encoder.hidden_blocks.1.0.weight
  L1 λ=0.005 for encoder.hidden_blocks.2.0.weight
  L1 λ=0.004 for encoder.hidden_blocks.3.0.weight
  L1 λ=0.0025 for encoder.hidden_blocks.4.0.weight
  L1 λ=0.0015 for encoder.hidden_blocks.5.0.weight
  L1 λ=0.001 for encoder.projection.weight

  cell-line metrics  [baseline | raw AUPR | norm AUPR | AUPRG]
    strat : 0.112 | 0.784 | 0.756 | 0.983   <- AUPRG selects
    any   : 0.172 | 0.701 | 0.639 | 0.932   (AUROC 0.883)
    macro : 0.164 | 0.539 | 0.496 | 0.577   (per-line avg)
    K562   : 0.096 | 0.722 | 0.692 | 0.981
    JURKAT : 0.040 | 0.416 | 0.392 | 0.983
    A549   : 0.047 | 0.040 | -0.008 | -1.043
    HELA   : 0.195 | 0.885 | 0.857 | 0.980
    A375   : 0.410 | 0.991 | 0.984 | 0.995
    293T   : 0.156 | 0.265 | 0.129 | 0.434
    PC9    : 0.051 | 0.053 | 0.002 | 0.314
    OTHER  : 0.320 | 0.944 | 0.918 | 0.974

  cell-line metrics  [baseline | raw AUPR | norm AUPR | AUPRG]
    strat : 0.112 | 0.809 | 0.785 | 0.986   <- AUPRG selects
    any   : 0.172 | 0.779 | 0.733 | 0.962   (AUROC 0.903)
    macro : 0.164 | 0.557 | 0.515 | 0.796   (per-line avg)
    K562   : 0.096 | 0.739 | 0.711 | 0.983
    JURKAT : 0.040 | 0.481 | 0.459 | 0.984
    A549   : 0.047 | 0.097 | 0.052 | 0.691
    HELA   : 0.195 | 0.876 | 0.846 | 0.978
    A375   : 0.410 | 0.996 | 0.993 | 0.998
    293T   : 0.156 | 0.258 | 0.121 | 0.375
    PC9    : 0.051 | 0.057 | 0.006 | 0.376
    OTHER  : 0.320 | 0.952 | 0.930 | 0.982

  cell-line metrics  [baseline | raw AUPR | norm AUPR | AUPRG]
    strat : 0.112 | 0.823 | 0.801 | 0.988   <- AUPRG selects
    any   : 0.172 | 0.708 | 0.647 | 0.937   (AUROC 0.898)
    macro : 0.164 | 0.568 | 0.527 | 0.776   (per-line avg)
    K562   : 0.096 | 0.750 | 0.723 | 0.985
    JURKAT : 0.040 | 0.534 | 0.515 | 0.989
    A549   : 0.047 | 0.114 | 0.070 | 0.634
    HELA   : 0.195 | 0.909 | 0.887 | 0.986
    A375   : 0.410 | 0.992 | 0.987 | 0.996
    293T   : 0.156 | 0.226 | 0.083 | 0.345
    PC9    : 0.051 | 0.066 | 0.016 | 0.297
    OTHER  : 0.320 | 0.955 | 0.934 | 0.980

  cell-line metrics  [baseline | raw AUPR | norm AUPR | AUPRG]
    strat : 0.112 | 0.872 | 0.856 | 0.993   <- AUPRG selects
    any   : 0.172 | 0.752 | 0.701 | 0.951   (AUROC 0.916)
    macro : 0.164 | 0.642 | 0.610 | 0.760   (per-line avg)
    K562   : 0.096 | 0.800 | 0.778 | 0.990
    JURKAT : 0.040 | 0.683 | 0.669 | 0.997
    A549   : 0.047 | 0.254 | 0.218 | 0.933
    HELA   : 0.195 | 0.941 | 0.926 | 0.992
    A375   : 0.410 | 0.993 | 0.988 | 0.997
    293T   : 0.156 | 0.450 | 0.348 | 0.797
    PC9    : 0.051 | 0.045 | -0.006 | -0.614
    OTHER  : 0.320 | 0.974 | 0.962 | 0.991

Early stopping at epoch 450

  selected on val (auprg=0.9926 @ epoch 150); test scored once

Fold 2 Best (epoch 150): AUROC=0.9515, AUPR=0.8645, F1=0.7987
  Params: 10,963/11,041 nonzero | Weights: 10,226/10,304 nonzero (0.76% sparse)
    cell_emb.weight: 192/192 nonzero (0.0% sparse)
    encoder.hidden_blocks.0.0.weight: 8,502/8,576 nonzero (0.9% sparse)
    encoder.hidden_blocks.1.0.weight: 252/256 nonzero (1.6% sparse)
    encoder.hidden_blocks.2.0.weight: 256/256 nonzero (0.0% sparse)
    encoder.hidden_blocks.3.0.weight: 256/256 nonzero (0.0% sparse)
    encoder.hidden_blocks.4.0.weight: 256/256 nonzero (0.0% sparse)
    encoder.hidden_blocks.5.0.weight: 256/256 nonzero (0.0% sparse)
    encoder.projection.weight: 256/256 nonzero (0.0% sparse)
  [retrieval] index space: n=19397 num_genes=19397 num_p_genes=8844 (P-space differs from full space)
  Saved 8844x8844 shared-space score matrix -> fold_1_cv1_predictions.npy
  [retrieval] universe 19,397 genes (peers rank vs 8,844), 2,243 scored rows, 4,433 test-pos, 15,960 train-pos suppressed | fwd-check 2.48e-05 | NDCG@10 0.1349 NDCG@50 0.1593 R@50 0.2531 MAP@50 0.1105

============================================================
Training Fold 3
============================================================

[fold 2] fitting preprocessing [method=plain: mean → col-standardize+SVD → mean/std; scope=train]
  Fit subset: 18181/19397 rows (93.7%)
  [scgpt] 512d, 19397 genes, 131 missing
    mean-imputed 131/19397 genes (67072 NaN cells; locations fit on 18181 fit rows)
[fold 2] fold embeddings: (19397, 512)
Fold 3 input_dim: 512
  Trainable parameters: 11,041 (total 11,041) [SiameseSLMultiCell]
  Fold stamp: genes 42ff034debb48f84 all_pos 20be58a407d6aa9a meta 15e1a39cf91a5615
  L1 λ=0.01 for encoder.hidden_blocks.0.0.weight
  L1 λ=0.0075 for encoder.hidden_blocks.1.0.weight
  L1 λ=0.005 for encoder.hidden_blocks.2.0.weight
  L1 λ=0.004 for encoder.hidden_blocks.3.0.weight
  L1 λ=0.0025 for encoder.hidden_blocks.4.0.weight
  L1 λ=0.0015 for encoder.hidden_blocks.5.0.weight
  L1 λ=0.001 for encoder.projection.weight

  cell-line metrics  [baseline | raw AUPR | norm AUPR | AUPRG]
    strat : 0.112 | 0.781 | 0.753 | 0.982   <- AUPRG selects
    any   : 0.172 | 0.712 | 0.652 | 0.938   (AUROC 0.878)
    macro : 0.165 | 0.536 | 0.494 | 0.786   (per-line avg)
    K562   : 0.095 | 0.700 | 0.669 | 0.978
    JURKAT : 0.041 | 0.373 | 0.346 | 0.966
    A549   : 0.047 | 0.065 | 0.019 | 0.157
    HELA   : 0.220 | 0.864 | 0.826 | 0.966
    A375   : 0.410 | 0.998 | 0.996 | 0.999
    293T   : 0.134 | 0.197 | 0.073 | 0.474
    PC9    : 0.053 | 0.138 | 0.090 | 0.761
    OTHER  : 0.320 | 0.956 | 0.935 | 0.983

  cell-line metrics  [baseline | raw AUPR | norm AUPR | AUPRG]
    strat : 0.112 | 0.785 | 0.758 | 0.983   <- AUPRG selects
    any   : 0.172 | 0.706 | 0.646 | 0.938   (AUROC 0.875)
    macro : 0.165 | 0.532 | 0.488 | 0.708   (per-line avg)
    K562   : 0.095 | 0.706 | 0.675 | 0.979
    JURKAT : 0.041 | 0.404 | 0.379 | 0.974
    A549   : 0.047 | 0.059 | 0.013 | -0.018
    HELA   : 0.220 | 0.831 | 0.783 | 0.955
    A375   : 0.410 | 0.992 | 0.987 | 0.996
    293T   : 0.134 | 0.191 | 0.066 | 0.017
    PC9    : 0.053 | 0.121 | 0.072 | 0.784
    OTHER  : 0.320 | 0.952 | 0.929 | 0.978

  cell-line metrics  [baseline | raw AUPR | norm AUPR | AUPRG]
    strat : 0.112 | 0.800 | 0.775 | 0.985   <- AUPRG selects
    any   : 0.172 | 0.723 | 0.665 | 0.945   (AUROC 0.890)
    macro : 0.165 | 0.577 | 0.535 | 0.833   (per-line avg)
    K562   : 0.095 | 0.723 | 0.694 | 0.982
    JURKAT : 0.041 | 0.535 | 0.515 | 0.989
    A549   : 0.047 | 0.103 | 0.060 | 0.700
    HELA   : 0.220 | 0.822 | 0.772 | 0.952
    A375   : 0.410 | 0.997 | 0.995 | 0.999
    293T   : 0.134 | 0.153 | 0.022 | 0.120
    PC9    : 0.053 | 0.330 | 0.292 | 0.942
    OTHER  : 0.320 | 0.955 | 0.934 | 0.981

  cell-line metrics  [baseline | raw AUPR | norm AUPR | AUPRG]
    strat : 0.112 | 0.860 | 0.842 | 0.992   <- AUPRG selects
    any   : 0.172 | 0.719 | 0.660 | 0.942   (AUROC 0.890)
    macro : 0.165 | 0.599 | 0.563 | 0.861   (per-line avg)
    K562   : 0.095 | 0.773 | 0.749 | 0.988
    JURKAT : 0.041 | 0.692 | 0.678 | 0.996
    A549   : 0.047 | 0.158 | 0.117 | 0.862
    HELA   : 0.220 | 0.901 | 0.873 | 0.977
    A375   : 0.410 | 0.999 | 0.999 | 1.000
    293T   : 0.134 | 0.186 | 0.060 | 0.379
    PC9    : 0.053 | 0.107 | 0.057 | 0.695
    OTHER  : 0.320 | 0.978 | 0.967 | 0.990

Early stopping at epoch 450

  selected on val (auprg=0.9917 @ epoch 150); test scored once

Fold 3 Best (epoch 150): AUROC=0.9490, AUPR=0.8588, F1=0.7976
  Params: 10,984/11,041 nonzero | Weights: 10,247/10,304 nonzero (0.55% sparse)
    cell_emb.weight: 192/192 nonzero (0.0% sparse)
    encoder.hidden_blocks.0.0.weight: 8,520/8,576 nonzero (0.7% sparse)
    encoder.hidden_blocks.1.0.weight: 255/256 nonzero (0.4% sparse)
    encoder.hidden_blocks.2.0.weight: 256/256 nonzero (0.0% sparse)
    encoder.hidden_blocks.3.0.weight: 256/256 nonzero (0.0% sparse)
    encoder.hidden_blocks.4.0.weight: 256/256 nonzero (0.0% sparse)
    encoder.hidden_blocks.5.0.weight: 256/256 nonzero (0.0% sparse)
    encoder.projection.weight: 256/256 nonzero (0.0% sparse)
  [retrieval] index space: n=19397 num_genes=19397 num_p_genes=8844 (P-space differs from full space)
  Saved 8844x8844 shared-space score matrix -> fold_2_cv1_predictions.npy
  [retrieval] universe 19,397 genes (peers rank vs 8,844), 2,197 scored rows, 4,433 test-pos, 15,960 train-pos suppressed | fwd-check 1.53e-05 | NDCG@10 0.0925 NDCG@50 0.1140 R@50 0.1784 MAP@50 0.0784

============================================================
Training Fold 4
============================================================

[fold 3] fitting preprocessing [method=plain: mean → col-standardize+SVD → mean/std; scope=train]
  Fit subset: 18132/19397 rows (93.5%)
  [scgpt] 512d, 19397 genes, 131 missing
    mean-imputed 131/19397 genes (67072 NaN cells; locations fit on 18132 fit rows)
[fold 3] fold embeddings: (19397, 512)
Fold 4 input_dim: 512
  Trainable parameters: 11,041 (total 11,041) [SiameseSLMultiCell]
  Fold stamp: genes 42ff034debb48f84 all_pos 20be58a407d6aa9a meta 15e1a39cf91a5615
  L1 λ=0.01 for encoder.hidden_blocks.0.0.weight
  L1 λ=0.0075 for encoder.hidden_blocks.1.0.weight
  L1 λ=0.005 for encoder.hidden_blocks.2.0.weight
  L1 λ=0.004 for encoder.hidden_blocks.3.0.weight
  L1 λ=0.0025 for encoder.hidden_blocks.4.0.weight
  L1 λ=0.0015 for encoder.hidden_blocks.5.0.weight
  L1 λ=0.001 for encoder.projection.weight

  cell-line metrics  [baseline | raw AUPR | norm AUPR | AUPRG]
    strat : 0.112 | 0.782 | 0.755 | 0.983   <- AUPRG selects
    any   : 0.172 | 0.710 | 0.650 | 0.941   (AUROC 0.875)
    macro : 0.157 | 0.514 | 0.470 | 0.538   (per-line avg)
    K562   : 0.094 | 0.722 | 0.693 | 0.981
    JURKAT : 0.042 | 0.399 | 0.372 | 0.979
    A549   : 0.045 | 0.067 | 0.023 | 0.031
    HELA   : 0.174 | 0.765 | 0.715 | 0.959
    A375   : 0.387 | 1.000 | 1.000 | 1.000
    293T   : 0.147 | 0.175 | 0.033 | 0.138
    PC9    : 0.039 | 0.040 | 0.001 | -0.758
    OTHER  : 0.325 | 0.947 | 0.922 | 0.975

  cell-line metrics  [baseline | raw AUPR | norm AUPR | AUPRG]
    strat : 0.112 | 0.802 | 0.776 | 0.985   <- AUPRG selects
    any   : 0.172 | 0.679 | 0.613 | 0.931   (AUROC 0.887)
    macro : 0.157 | 0.560 | 0.521 | 0.882   (per-line avg)
    K562   : 0.094 | 0.730 | 0.701 | 0.983
    JURKAT : 0.042 | 0.460 | 0.436 | 0.985
    A549   : 0.045 | 0.083 | 0.039 | 0.689
    HELA   : 0.174 | 0.823 | 0.786 | 0.968
    A375   : 0.387 | 1.000 | 1.000 | 1.000
    293T   : 0.147 | 0.305 | 0.185 | 0.609
    PC9    : 0.039 | 0.116 | 0.080 | 0.841
    OTHER  : 0.325 | 0.960 | 0.941 | 0.982

  cell-line metrics  [baseline | raw AUPR | norm AUPR | AUPRG]
    strat : 0.112 | 0.850 | 0.832 | 0.990   <- AUPRG selects
    any   : 0.172 | 0.714 | 0.655 | 0.940   (AUROC 0.901)
    macro : 0.157 | 0.600 | 0.568 | 0.841   (per-line avg)
    K562   : 0.094 | 0.787 | 0.765 | 0.989
    JURKAT : 0.042 | 0.579 | 0.560 | 0.992
    A549   : 0.045 | 0.107 | 0.065 | 0.728
    HELA   : 0.174 | 0.856 | 0.826 | 0.975
    A375   : 0.387 | 1.000 | 1.000 | 1.000
    293T   : 0.147 | 0.452 | 0.357 | 0.847
    PC9    : 0.039 | 0.043 | 0.004 | 0.205
    OTHER  : 0.325 | 0.976 | 0.965 | 0.991

  cell-line metrics  [baseline | raw AUPR | norm AUPR | AUPRG]
    strat : 0.112 | 0.847 | 0.828 | 0.990   <- AUPRG selects
    any   : 0.172 | 0.742 | 0.689 | 0.953   (AUROC 0.901)
    macro : 0.157 | 0.610 | 0.580 | 0.884   (per-line avg)
    K562   : 0.094 | 0.779 | 0.756 | 0.989
    JURKAT : 0.042 | 0.560 | 0.540 | 0.992
    A549   : 0.045 | 0.114 | 0.072 | 0.803
    HELA   : 0.174 | 0.859 | 0.829 | 0.972
    A375   : 0.387 | 1.000 | 1.000 | 1.000
    293T   : 0.147 | 0.541 | 0.462 | 0.886
    PC9    : 0.039 | 0.056 | 0.017 | 0.441
    OTHER  : 0.325 | 0.975 | 0.964 | 0.989

Early stopping at epoch 630

  selected on val (auprg=0.9904 @ epoch 330); test scored once

Fold 4 Best (epoch 330): AUROC=0.9505, AUPR=0.8652, F1=0.8084
  Params: 10,832/11,041 nonzero | Weights: 10,095/10,304 nonzero (2.03% sparse)
    cell_emb.weight: 192/192 nonzero (0.0% sparse)
    encoder.hidden_blocks.0.0.weight: 8,404/8,576 nonzero (2.0% sparse)
    encoder.hidden_blocks.1.0.weight: 252/256 nonzero (1.6% sparse)
    encoder.hidden_blocks.2.0.weight: 255/256 nonzero (0.4% sparse)
    encoder.hidden_blocks.3.0.weight: 256/256 nonzero (0.0% sparse)
    encoder.hidden_blocks.4.0.weight: 256/256 nonzero (0.0% sparse)
    encoder.hidden_blocks.5.0.weight: 256/256 nonzero (0.0% sparse)
    encoder.projection.weight: 224/256 nonzero (12.5% sparse)
  [retrieval] index space: n=19397 num_genes=19397 num_p_genes=8844 (P-space differs from full space)
  Saved 8844x8844 shared-space score matrix -> fold_3_cv1_predictions.npy
  [retrieval] universe 19,397 genes (peers rank vs 8,844), 2,275 scored rows, 4,433 test-pos, 15,960 train-pos suppressed | fwd-check 1.14e-05 | NDCG@10 0.1184 NDCG@50 0.1392 R@50 0.2092 MAP@50 0.1009

============================================================
Training Fold 5
============================================================

[fold 4] fitting preprocessing [method=plain: mean → col-standardize+SVD → mean/std; scope=train]
  Fit subset: 18216/19397 rows (93.9%)
  [scgpt] 512d, 19397 genes, 131 missing
    mean-imputed 131/19397 genes (67072 NaN cells; locations fit on 18216 fit rows)
[fold 4] fold embeddings: (19397, 512)
Fold 5 input_dim: 512
  Trainable parameters: 11,041 (total 11,041) [SiameseSLMultiCell]
  Fold stamp: genes 42ff034debb48f84 all_pos 20be58a407d6aa9a meta 15e1a39cf91a5615
  L1 λ=0.01 for encoder.hidden_blocks.0.0.weight
  L1 λ=0.0075 for encoder.hidden_blocks.1.0.weight
  L1 λ=0.005 for encoder.hidden_blocks.2.0.weight
  L1 λ=0.004 for encoder.hidden_blocks.3.0.weight
  L1 λ=0.0025 for encoder.hidden_blocks.4.0.weight
  L1 λ=0.0015 for encoder.hidden_blocks.5.0.weight
  L1 λ=0.001 for encoder.projection.weight

  cell-line metrics  [baseline | raw AUPR | norm AUPR | AUPRG]
    strat : 0.112 | 0.791 | 0.764 | 0.984   <- AUPRG selects
    any   : 0.172 | 0.713 | 0.654 | 0.939   (AUROC 0.878)
    macro : 0.164 | 0.537 | 0.489 | 0.695   (per-line avg)
    K562   : 0.094 | 0.732 | 0.704 | 0.984
    JURKAT : 0.043 | 0.417 | 0.391 | 0.979
    A549   : 0.043 | 0.063 | 0.021 | 0.231
    HELA   : 0.211 | 0.799 | 0.746 | 0.947
    A375   : 0.383 | 0.965 | 0.943 | 0.981
    293T   : 0.146 | 0.276 | 0.152 | 0.526
    PC9    : 0.071 | 0.096 | 0.027 | -0.064
    OTHER  : 0.323 | 0.950 | 0.926 | 0.975

  cell-line metrics  [baseline | raw AUPR | norm AUPR | AUPRG]
    strat : 0.112 | 0.801 | 0.776 | 0.985   <- AUPRG selects
    any   : 0.172 | 0.742 | 0.688 | 0.950   (AUROC 0.894)
    macro : 0.164 | 0.557 | 0.513 | 0.786   (per-line avg)
    K562   : 0.094 | 0.734 | 0.707 | 0.984
    JURKAT : 0.043 | 0.471 | 0.448 | 0.984
    A549   : 0.043 | 0.144 | 0.106 | 0.854
    HELA   : 0.211 | 0.803 | 0.750 | 0.948
    A375   : 0.383 | 1.000 | 1.000 | 1.000
    293T   : 0.146 | 0.275 | 0.152 | 0.584
    PC9    : 0.071 | 0.077 | 0.007 | -0.046
    OTHER  : 0.323 | 0.955 | 0.933 | 0.982

  cell-line metrics  [baseline | raw AUPR | norm AUPR | AUPRG]
    strat : 0.112 | 0.813 | 0.790 | 0.987   <- AUPRG selects
    any   : 0.172 | 0.709 | 0.649 | 0.938   (AUROC 0.884)
    macro : 0.164 | 0.566 | 0.523 | 0.625   (per-line avg)
    K562   : 0.094 | 0.738 | 0.711 | 0.984
    JURKAT : 0.043 | 0.533 | 0.512 | 0.990
    A549   : 0.043 | 0.098 | 0.058 | 0.742
    HELA   : 0.211 | 0.787 | 0.730 | 0.947
    A375   : 0.383 | 1.000 | 1.000 | 1.000
    293T   : 0.146 | 0.353 | 0.243 | 0.720
    PC9    : 0.071 | 0.055 | -0.017 | -1.370
    OTHER  : 0.323 | 0.965 | 0.948 | 0.986

  cell-line metrics  [baseline | raw AUPR | norm AUPR | AUPRG]
    strat : 0.112 | 0.869 | 0.853 | 0.992   <- AUPRG selects
    any   : 0.172 | 0.701 | 0.639 | 0.935   (AUROC 0.899)
    macro : 0.164 | 0.628 | 0.593 | 0.823   (per-line avg)
    K562   : 0.094 | 0.802 | 0.781 | 0.991
    JURKAT : 0.043 | 0.668 | 0.653 | 0.996
    A549   : 0.043 | 0.242 | 0.208 | 0.893
    HELA   : 0.211 | 0.883 | 0.851 | 0.976
    A375   : 0.383 | 1.000 | 1.000 | 1.000
    293T   : 0.146 | 0.384 | 0.279 | 0.777
    PC9    : 0.071 | 0.069 | -0.002 | -0.044
    OTHER  : 0.323 | 0.979 | 0.969 | 0.993

Early stopping at epoch 450

  selected on val (auprg=0.9924 @ epoch 150); test scored once

Fold 5 Best (epoch 150): AUROC=0.9522, AUPR=0.8662, F1=0.8068
  Params: 11,025/11,041 nonzero | Weights: 10,288/10,304 nonzero (0.16% sparse)
    cell_emb.weight: 192/192 nonzero (0.0% sparse)
    encoder.hidden_blocks.0.0.weight: 8,563/8,576 nonzero (0.2% sparse)
    encoder.hidden_blocks.1.0.weight: 255/256 nonzero (0.4% sparse)
    encoder.hidden_blocks.2.0.weight: 255/256 nonzero (0.4% sparse)
    encoder.hidden_blocks.3.0.weight: 255/256 nonzero (0.4% sparse)
    encoder.hidden_blocks.4.0.weight: 256/256 nonzero (0.0% sparse)
    encoder.hidden_blocks.5.0.weight: 256/256 nonzero (0.0% sparse)
    encoder.projection.weight: 256/256 nonzero (0.0% sparse)
  [retrieval] index space: n=19397 num_genes=19397 num_p_genes=8844 (P-space differs from full space)
  Saved 8844x8844 shared-space score matrix -> fold_4_cv1_predictions.npy
  [retrieval] universe 19,397 genes (peers rank vs 8,844), 2,170 scored rows, 4,433 test-pos, 15,960 train-pos suppressed | fwd-check 9.54e-06 | NDCG@10 0.1461 NDCG@50 0.1747 R@50 0.2758 MAP@50 0.1162

============================================================
Cross-Validation Results: CV1 (edge-based)
============================================================

Fold        AUROC       AUPR         F1
----------------------------------------
1          0.9535     0.8694     0.8094
2          0.9515     0.8645     0.7987
3          0.9490     0.8588     0.7976
4          0.9505     0.8652     0.8084
5          0.9522     0.8662     0.8068
----------------------------------------
Mean       0.9514     0.8648     0.8042
Std        0.0015     0.0035     0.0050

============================================================
Summary:
  AUROC: 0.9514 ± 0.0015
  AUPR:  0.8648 ± 0.0035
  F1:    0.8042 ± 0.0050
  Params: 10,934/11,041 nonzero (weight sparsity: 1.03%)
============================================================

Cell-line metrics (mean over folds):
  STRATIFIED (pooled per-cell-line obs; SELECTION basis):
    baseline(pi) 0.1122  AUPR 0.8648  normAUPR 0.8478  AUPRG 0.9919  AUROC 0.9514
  GLOBAL (SL in any cell line; one-time headline):
    AUPRG 0.9430 ± 0.0099   AUPR 0.7253   AUROC 0.9017
  PER-LINE macro (equal weight/line; diagnostic):
    AUPRG 0.8460  AUPR 0.6067
  RETRIEVAL (rank vs the whole 19,397-gene universe; peers rank vs 8,844 -- NOT strictly comparable):
    NDCG@10 0.1263  NDCG@50 0.1503  R@50 0.2320  MAP@50 0.1045

Results saved to results/pcavar0.8_scgpt_cv1

SUCCESS: scgpt / cv1  (PCA=0.8)
  AUROC=0.9514 +/- 0.0015  AUPRG=0.9919 +/- 0.0002  Params=10,934/11,041 (1.0% sparse)
  Completed at: Thu Aug 27 14:07:44 EDT 2026
