============================================================================
Job: bestcat_emb | ID: 1177303 | Node: gpu3
Array task: 49 (of job 1166079)
Start: Fri Aug 28 06:33:57 EDT 2026
NVIDIA L40, 46068 MiB, 573 MiB
NVIDIA L40, 46068 MiB, 0 MiB
NVIDIA L40, 46068 MiB, 589 MiB
NVIDIA L40, 46068 MiB, 589 MiB
============================================================================

Task 49: go2vec (go) / cv2  [PCA=0.8]
  Embedding: /ddn_exa/campbell/kaiyang/SLMGAE-pytorch/data/all_genes_go2vec.pt

Cleaning previous results: results/pcavar0.8_go2vec_cv2
Training: go2vec / cv2  (PCA=0.8)
  Output: results/pcavar0.8_go2vec_cv2
  Config: encoder=[16 16 16 16 16 16 16], epochs=2000, patience=10

Using GPU: NVIDIA L40

Loading 1 modality file(s) [raw, preprocessing deferred to per-fold fit]:
Cell-line conditioning: ENABLED (masked multi-label, 8 heads)
    labeled pairs: 128,870 over 8,844 genes (dropped 0 with no known head)
    same-head SL/non-SL conflicts resolved by OR (label=SL): 1,876 pairs -> 2,171 head-cells [JURKAT 1,461, K562 406, HELA 125, OTHER 107, 293T 36, A549 30, A375 6]
    K562     known  91,937  pos  8,705  neg  83,232  (or-resolved   406)
    JURKAT   known  66,122  pos  2,617  neg  63,505  (or-resolved 1,461)
    A549     known   8,889  pos    314  neg   8,575  (or-resolved    30)
    HELA     known   5,931  pos  1,250  neg   4,681  (or-resolved   125)
    A375     known   2,509  pos  1,094  neg   1,415  (or-resolved     6)
    293T     known   2,438  pos    326  neg   2,112  (or-resolved    36)
    PC9      known   1,014  pos     68  neg     946  (or-resolved     0)
    OTHER    known  27,002  pos  8,721  neg  18,281  (or-resolved   107)
Loaded raw tensors for 19397 genes
Loaded 22166 positive SL pairs
SL pairs involve 5257 unique genes
============================================================
Siamese SL Training
Model: siamese
CV Type: cv2
Folds: 5
============================================================

Generating CV2 splits (gene-based, multi-label)...
  Fold 1: train 68,530 pairs/109,228 labels  val 14,587 pairs/23,646 labels  test 45,753 pairs/72,968 labels
  Fold 2: train 63,092 pairs/101,706 labels  val 17,148 pairs/27,411 labels  test 48,630 pairs/76,725 labels
  Fold 3: train 63,695 pairs/102,423 labels  val 14,637 pairs/21,396 labels  test 50,538 pairs/82,023 labels
  Fold 4: train 68,487 pairs/110,473 labels  val 18,571 pairs/28,710 labels  test 41,812 pairs/66,659 labels
  Fold 5: train 67,523 pairs/109,717 labels  val 16,097 pairs/23,942 labels  test 45,250 pairs/72,183 labels

============================================================
Training Fold 1
============================================================

[fold 0] fitting preprocessing [method=plain: mean → col-standardize+SVD → mean/std; scope=train]
  Fit subset: 16394/19397 rows (84.5%)
  [go2vec] 128d, 19397 genes, 606 missing
    mean-imputed 606/19397 genes (77568 NaN cells; locations fit on 16394 fit rows)
[fold 0] fold embeddings: (19397, 128)
Fold 1 input_dim: 128
  Trainable parameters: 4,513 (total 4,513) [SiameseSLMultiCell]
  Fold stamp: genes 42ff034debb48f84 all_pos 20be58a407d6aa9a meta 15e1a39cf91a5615
  L1 λ=0.01 for encoder.hidden_blocks.0.0.weight
  L1 λ=0.0075 for encoder.hidden_blocks.1.0.weight
  L1 λ=0.005 for encoder.hidden_blocks.2.0.weight
  L1 λ=0.004 for encoder.hidden_blocks.3.0.weight
  L1 λ=0.0025 for encoder.hidden_blocks.4.0.weight
  L1 λ=0.0015 for encoder.hidden_blocks.5.0.weight
  L1 λ=0.001 for encoder.projection.weight

  cell-line metrics  [baseline | raw AUPR | norm AUPR | AUPRG]
    strat : 0.122 | 0.633 | 0.582 | 0.951   <- AUPRG selects
    any   : 0.190 | 0.649 | 0.566 | 0.900   (AUROC 0.820)
    macro : 0.157 | 0.409 | 0.343 | 0.199   (per-line avg)
    K562   : 0.124 | 0.682 | 0.637 | 0.964
    JURKAT : 0.056 | 0.089 | 0.035 | 0.405
    A549   : 0.030 | 0.021 | -0.009 | -2.650
    HELA   : 0.218 | 0.349 | 0.168 | 0.543
    A375   : 0.373 | 0.976 | 0.962 | 0.982
    293T   : 0.118 | 0.201 | 0.094 | 0.565
    PC9    : 0.056 | 0.051 | -0.006 | -0.190
    OTHER  : 0.281 | 0.902 | 0.864 | 0.969

  cell-line metrics  [baseline | raw AUPR | norm AUPR | AUPRG]
    strat : 0.122 | 0.638 | 0.588 | 0.952   <- AUPRG selects
    any   : 0.190 | 0.619 | 0.530 | 0.893   (AUROC 0.843)
    macro : 0.157 | 0.416 | 0.350 | 0.397   (per-line avg)
    K562   : 0.124 | 0.708 | 0.667 | 0.967
    JURKAT : 0.056 | 0.087 | 0.032 | 0.411
    A549   : 0.030 | 0.027 | -0.003 | -1.460
    HELA   : 0.218 | 0.486 | 0.343 | 0.714
    A375   : 0.373 | 0.942 | 0.907 | 0.973
    293T   : 0.118 | 0.116 | -0.002 | -0.034
    PC9    : 0.056 | 0.091 | 0.037 | 0.655
    OTHER  : 0.281 | 0.869 | 0.818 | 0.953

  cell-line metrics  [baseline | raw AUPR | norm AUPR | AUPRG]
    strat : 0.122 | 0.682 | 0.638 | 0.959   <- AUPRG selects
    any   : 0.190 | 0.620 | 0.531 | 0.895   (AUROC 0.830)
    macro : 0.157 | 0.473 | 0.426 | 0.434   (per-line avg)
    K562   : 0.124 | 0.712 | 0.671 | 0.966
    JURKAT : 0.056 | 0.115 | 0.062 | 0.519
    A549   : 0.030 | 0.031 | 0.001 | -0.991
    HELA   : 0.218 | 0.841 | 0.797 | 0.960
    A375   : 0.373 | 0.986 | 0.978 | 0.993
    293T   : 0.118 | 0.106 | -0.014 | -0.513
    PC9    : 0.056 | 0.081 | 0.026 | 0.564
    OTHER  : 0.281 | 0.915 | 0.883 | 0.975

  cell-line metrics  [baseline | raw AUPR | norm AUPR | AUPRG]
    strat : 0.122 | 0.708 | 0.667 | 0.964   <- AUPRG selects
    any   : 0.190 | 0.696 | 0.625 | 0.917   (AUROC 0.818)
    macro : 0.157 | 0.484 | 0.439 | 0.234   (per-line avg)
    K562   : 0.124 | 0.720 | 0.680 | 0.965
    JURKAT : 0.056 | 0.142 | 0.091 | 0.755
    A549   : 0.030 | 0.023 | -0.007 | -3.625
    HELA   : 0.218 | 0.843 | 0.800 | 0.958
    A375   : 0.373 | 0.998 | 0.997 | 1.000
    293T   : 0.118 | 0.144 | 0.029 | 0.204
    PC9    : 0.056 | 0.086 | 0.031 | 0.637
    OTHER  : 0.281 | 0.921 | 0.890 | 0.977

  cell-line metrics  [baseline | raw AUPR | norm AUPR | AUPRG]
    strat : 0.122 | 0.728 | 0.690 | 0.968   <- AUPRG selects
    any   : 0.190 | 0.683 | 0.609 | 0.910   (AUROC 0.816)
    macro : 0.157 | 0.501 | 0.457 | 0.247   (per-line avg)
    K562   : 0.124 | 0.734 | 0.697 | 0.967
    JURKAT : 0.056 | 0.180 | 0.131 | 0.817
    A549   : 0.030 | 0.023 | -0.007 | -3.610
    HELA   : 0.218 | 0.863 | 0.825 | 0.966
    A375   : 0.373 | 0.997 | 0.995 | 0.999
    293T   : 0.118 | 0.156 | 0.042 | 0.273
    PC9    : 0.056 | 0.113 | 0.060 | 0.581
    OTHER  : 0.281 | 0.940 | 0.917 | 0.981

Early stopping at epoch 450

  selected on val (auprg=0.9678 @ epoch 150); test scored once

Fold 1 Best (epoch 150): AUROC=0.8484, AUPR=0.6054, F1=0.5961
  Params: 4,486/4,513 nonzero | Weights: 4,133/4,160 nonzero (0.65% sparse)
    cell_emb.weight: 192/192 nonzero (0.0% sparse)
    encoder.hidden_blocks.0.0.weight: 2,406/2,432 nonzero (1.1% sparse)
    encoder.hidden_blocks.1.0.weight: 255/256 nonzero (0.4% sparse)
    encoder.hidden_blocks.2.0.weight: 256/256 nonzero (0.0% sparse)
    encoder.hidden_blocks.3.0.weight: 256/256 nonzero (0.0% sparse)
    encoder.hidden_blocks.4.0.weight: 256/256 nonzero (0.0% sparse)
    encoder.hidden_blocks.5.0.weight: 256/256 nonzero (0.0% sparse)
    encoder.projection.weight: 256/256 nonzero (0.0% sparse)
  [retrieval] index space: n=19397 num_genes=19397 num_p_genes=8844 (P-space differs from full space)
  Saved 8844x8844 shared-space score matrix -> fold_0_cv2_predictions.npy
  [retrieval] universe 19,397 genes (peers rank vs 8,844), 1,886 scored rows, 6,025 test-pos, 13,369 train-pos suppressed | fwd-check 4.77e-05 | NDCG@10 0.0129 NDCG@50 0.0783 R@50 0.2392 MAP@50 0.0229

============================================================
Training Fold 2
============================================================

[fold 1] fitting preprocessing [method=plain: mean → col-standardize+SVD → mean/std; scope=train]
  Fit subset: 15205/19397 rows (78.4%)
  [go2vec] 128d, 19397 genes, 606 missing
    mean-imputed 606/19397 genes (77568 NaN cells; locations fit on 15205 fit rows)
[fold 1] fold embeddings: (19397, 128)
Fold 2 input_dim: 128
  Trainable parameters: 4,513 (total 4,513) [SiameseSLMultiCell]
  Fold stamp: genes 42ff034debb48f84 all_pos 20be58a407d6aa9a meta 15e1a39cf91a5615
  L1 λ=0.01 for encoder.hidden_blocks.0.0.weight
  L1 λ=0.0075 for encoder.hidden_blocks.1.0.weight
  L1 λ=0.005 for encoder.hidden_blocks.2.0.weight
  L1 λ=0.004 for encoder.hidden_blocks.3.0.weight
  L1 λ=0.0025 for encoder.hidden_blocks.4.0.weight
  L1 λ=0.0015 for encoder.hidden_blocks.5.0.weight
  L1 λ=0.001 for encoder.projection.weight

  cell-line metrics  [baseline | raw AUPR | norm AUPR | AUPRG]
    strat : 0.078 | 0.435 | 0.388 | 0.934   <- AUPRG selects
    any   : 0.119 | 0.392 | 0.310 | 0.857   (AUROC 0.746)
    macro : 0.066 | 0.269 | 0.231 | 0.318   (per-line avg)
    K562   : 0.091 | 0.501 | 0.451 | 0.942
    JURKAT : 0.046 | 0.062 | 0.017 | 0.180
    A549   : 0.023 | 0.032 | 0.009 | -0.934
    HELA   : 0.144 | 0.713 | 0.665 | 0.953
    A375   : 0.006 | 0.014 | 0.008 | 0.582
    293T   : 0.059 | 0.061 | 0.002 | 0.111
    PC9    : 0.032 | 0.027 | -0.005 | -0.262
    OTHER  : 0.130 | 0.738 | 0.700 | 0.970

  cell-line metrics  [baseline | raw AUPR | norm AUPR | AUPRG]
    strat : 0.078 | 0.443 | 0.396 | 0.937   <- AUPRG selects
    any   : 0.119 | 0.376 | 0.292 | 0.851   (AUROC 0.723)
    macro : 0.066 | 0.284 | 0.247 | 0.478   (per-line avg)
    K562   : 0.091 | 0.455 | 0.400 | 0.926
    JURKAT : 0.046 | 0.091 | 0.047 | 0.697
    A549   : 0.023 | 0.015 | -0.008 | -1.192
    HELA   : 0.144 | 0.755 | 0.714 | 0.953
    A375   : 0.006 | 0.006 | 0.000 | 0.065
    293T   : 0.059 | 0.084 | 0.026 | 0.558
    PC9    : 0.032 | 0.090 | 0.060 | 0.839
    OTHER  : 0.130 | 0.775 | 0.741 | 0.977

  cell-line metrics  [baseline | raw AUPR | norm AUPR | AUPRG]
    strat : 0.078 | 0.448 | 0.401 | 0.940   <- AUPRG selects
    any   : 0.119 | 0.418 | 0.340 | 0.875   (AUROC 0.752)
    macro : 0.066 | 0.288 | 0.252 | 0.377   (per-line avg)
    K562   : 0.091 | 0.435 | 0.379 | 0.916
    JURKAT : 0.046 | 0.096 | 0.052 | 0.734
    A549   : 0.023 | 0.015 | -0.008 | -1.524
    HELA   : 0.144 | 0.746 | 0.703 | 0.952
    A375   : 0.006 | 0.007 | 0.001 | 0.129
    293T   : 0.059 | 0.141 | 0.087 | 0.578
    PC9    : 0.032 | 0.039 | 0.008 | 0.246
    OTHER  : 0.130 | 0.823 | 0.797 | 0.984

  cell-line metrics  [baseline | raw AUPR | norm AUPR | AUPRG]
    strat : 0.078 | 0.466 | 0.421 | 0.944   <- AUPRG selects
    any   : 0.119 | 0.414 | 0.335 | 0.874   (AUROC 0.763)
    macro : 0.066 | 0.275 | 0.238 | 0.385   (per-line avg)
    K562   : 0.091 | 0.465 | 0.411 | 0.924
    JURKAT : 0.046 | 0.125 | 0.083 | 0.819
    A549   : 0.023 | 0.023 | 0.000 | -0.964
    HELA   : 0.144 | 0.695 | 0.644 | 0.946
    A375   : 0.006 | 0.010 | 0.004 | 0.418
    293T   : 0.059 | 0.072 | 0.014 | 0.354
    PC9    : 0.032 | 0.029 | -0.003 | -0.391
    OTHER  : 0.130 | 0.781 | 0.748 | 0.975

  cell-line metrics  [baseline | raw AUPR | norm AUPR | AUPRG]
    strat : 0.078 | 0.456 | 0.410 | 0.945   <- AUPRG selects
    any   : 0.119 | 0.441 | 0.366 | 0.893   (AUROC 0.769)
    macro : 0.066 | 0.272 | 0.233 | 0.424   (per-line avg)
    K562   : 0.091 | 0.491 | 0.439 | 0.939
    JURKAT : 0.046 | 0.141 | 0.099 | 0.833
    A549   : 0.023 | 0.021 | -0.002 | -1.314
    HELA   : 0.144 | 0.641 | 0.581 | 0.919
    A375   : 0.006 | 0.010 | 0.004 | 0.412
    293T   : 0.059 | 0.121 | 0.066 | 0.727
    PC9    : 0.032 | 0.046 | 0.015 | -0.080
    OTHER  : 0.130 | 0.708 | 0.664 | 0.959

  cell-line metrics  [baseline | raw AUPR | norm AUPR | AUPRG]
    strat : 0.078 | 0.474 | 0.430 | 0.948   <- AUPRG selects
    any   : 0.119 | 0.456 | 0.383 | 0.896   (AUROC 0.775)
    macro : 0.066 | 0.307 | 0.272 | 0.661   (per-line avg)
    K562   : 0.091 | 0.472 | 0.419 | 0.934
    JURKAT : 0.046 | 0.127 | 0.085 | 0.837
    A549   : 0.023 | 0.036 | 0.013 | 0.081
    HELA   : 0.144 | 0.719 | 0.672 | 0.946
    A375   : 0.006 | 0.007 | 0.001 | 0.153
    293T   : 0.059 | 0.239 | 0.191 | 0.880
    PC9    : 0.032 | 0.060 | 0.029 | 0.480
    OTHER  : 0.130 | 0.797 | 0.767 | 0.977

  cell-line metrics  [baseline | raw AUPR | norm AUPR | AUPRG]
    strat : 0.078 | 0.483 | 0.440 | 0.953   <- AUPRG selects
    any   : 0.119 | 0.413 | 0.334 | 0.872   (AUROC 0.783)
    macro : 0.066 | 0.331 | 0.298 | 0.677   (per-line avg)
    K562   : 0.091 | 0.482 | 0.431 | 0.942
    JURKAT : 0.046 | 0.124 | 0.081 | 0.798
    A549   : 0.023 | 0.040 | 0.017 | -0.165
    HELA   : 0.144 | 0.775 | 0.737 | 0.965
    A375   : 0.006 | 0.067 | 0.061 | 0.918
    293T   : 0.059 | 0.280 | 0.235 | 0.921
    PC9    : 0.032 | 0.034 | 0.003 | 0.052
    OTHER  : 0.130 | 0.843 | 0.820 | 0.985

Early stopping at epoch 630

  selected on val (auprg=0.9529 @ epoch 330); test scored once

Fold 2 Best (epoch 330): AUROC=0.7875, AUPR=0.6381, F1=0.5766
  Params: 4,414/4,513 nonzero | Weights: 4,061/4,160 nonzero (2.38% sparse)
    cell_emb.weight: 192/192 nonzero (0.0% sparse)
    encoder.hidden_blocks.0.0.weight: 2,357/2,432 nonzero (3.1% sparse)
    encoder.hidden_blocks.1.0.weight: 250/256 nonzero (2.3% sparse)
    encoder.hidden_blocks.2.0.weight: 256/256 nonzero (0.0% sparse)
    encoder.hidden_blocks.3.0.weight: 254/256 nonzero (0.8% sparse)
    encoder.hidden_blocks.4.0.weight: 256/256 nonzero (0.0% sparse)
    encoder.hidden_blocks.5.0.weight: 256/256 nonzero (0.0% sparse)
    encoder.projection.weight: 240/256 nonzero (6.2% sparse)
  [retrieval] index space: n=19397 num_genes=19397 num_p_genes=8844 (P-space differs from full space)
  Saved 8844x8844 shared-space score matrix -> fold_1_cv2_predictions.npy
  [retrieval] universe 19,397 genes (peers rank vs 8,844), 4,702 scored rows, 10,384 test-pos, 9,745 train-pos suppressed | fwd-check 2.29e-05 | NDCG@10 0.0172 NDCG@50 0.0532 R@50 0.1180 MAP@50 0.0230

============================================================
Training Fold 3
============================================================

[fold 2] fitting preprocessing [method=plain: mean → col-standardize+SVD → mean/std; scope=train]
  Fit subset: 15643/19397 rows (80.6%)
  [go2vec] 128d, 19397 genes, 606 missing
    mean-imputed 606/19397 genes (77568 NaN cells; locations fit on 15643 fit rows)
[fold 2] fold embeddings: (19397, 128)
Fold 3 input_dim: 128
  Trainable parameters: 4,513 (total 4,513) [SiameseSLMultiCell]
  Fold stamp: genes 42ff034debb48f84 all_pos 20be58a407d6aa9a meta 15e1a39cf91a5615
  L1 λ=0.01 for encoder.hidden_blocks.0.0.weight
  L1 λ=0.0075 for encoder.hidden_blocks.1.0.weight
  L1 λ=0.005 for encoder.hidden_blocks.2.0.weight
  L1 λ=0.004 for encoder.hidden_blocks.3.0.weight
  L1 λ=0.0025 for encoder.hidden_blocks.4.0.weight
  L1 λ=0.0015 for encoder.hidden_blocks.5.0.weight
  L1 λ=0.001 for encoder.projection.weight

  cell-line metrics  [baseline | raw AUPR | norm AUPR | AUPRG]
    strat : 0.162 | 0.599 | 0.522 | 0.879   <- AUPRG selects
    any   : 0.233 | 0.537 | 0.397 | 0.728   (AUROC 0.790)
    macro : 0.181 | 0.417 | 0.321 | 0.370   (per-line avg)
    K562   : 0.132 | 0.751 | 0.713 | 0.969
    JURKAT : 0.019 | 0.020 | 0.001 | -0.362
    A549   : 0.046 | 0.037 | -0.010 | -0.930
    HELA   : 0.197 | 0.494 | 0.369 | 0.771
    A375   : 0.339 | 0.937 | 0.905 | 0.968
    293T   : 0.271 | 0.337 | 0.091 | 0.222
    PC9    : 0.051 | 0.096 | 0.047 | 0.722
    OTHER  : 0.391 | 0.667 | 0.452 | 0.599

  cell-line metrics  [baseline | raw AUPR | norm AUPR | AUPRG]
    strat : 0.162 | 0.629 | 0.557 | 0.911   <- AUPRG selects
    any   : 0.233 | 0.503 | 0.352 | 0.717   (AUROC 0.783)
    macro : 0.181 | 0.428 | 0.336 | 0.546   (per-line avg)
    K562   : 0.132 | 0.684 | 0.636 | 0.958
    JURKAT : 0.019 | 0.031 | 0.012 | 0.588
    A549   : 0.046 | 0.039 | -0.008 | -0.031
    HELA   : 0.197 | 0.639 | 0.550 | 0.891
    A375   : 0.339 | 0.970 | 0.954 | 0.985
    293T   : 0.271 | 0.267 | -0.005 | -0.023
    PC9    : 0.051 | 0.095 | 0.046 | 0.311
    OTHER  : 0.391 | 0.697 | 0.503 | 0.690

  cell-line metrics  [baseline | raw AUPR | norm AUPR | AUPRG]
    strat : 0.162 | 0.633 | 0.562 | 0.921   <- AUPRG selects
    any   : 0.233 | 0.702 | 0.612 | 0.896   (AUROC 0.882)
    macro : 0.181 | 0.455 | 0.365 | 0.340   (per-line avg)
    K562   : 0.132 | 0.752 | 0.714 | 0.974
    JURKAT : 0.019 | 0.092 | 0.074 | 0.899
    A549   : 0.046 | 0.037 | -0.009 | -1.512
    HELA   : 0.197 | 0.825 | 0.781 | 0.967
    A375   : 0.339 | 0.973 | 0.959 | 0.986
    293T   : 0.271 | 0.246 | -0.034 | -0.162
    PC9    : 0.051 | 0.061 | 0.011 | 0.085
    OTHER  : 0.391 | 0.650 | 0.425 | 0.483

  cell-line metrics  [baseline | raw AUPR | norm AUPR | AUPRG]
    strat : 0.162 | 0.751 | 0.703 | 0.957   <- AUPRG selects
    any   : 0.233 | 0.611 | 0.493 | 0.813   (AUROC 0.793)
    macro : 0.181 | 0.486 | 0.410 | 0.359   (per-line avg)
    K562   : 0.132 | 0.790 | 0.758 | 0.974
    JURKAT : 0.019 | 0.125 | 0.108 | 0.963
    A549   : 0.046 | 0.033 | -0.014 | -2.066
    HELA   : 0.197 | 0.859 | 0.824 | 0.968
    A375   : 0.339 | 0.977 | 0.965 | 0.987
    293T   : 0.271 | 0.241 | -0.041 | -0.124
    PC9    : 0.051 | 0.074 | 0.024 | 0.385
    OTHER  : 0.391 | 0.789 | 0.654 | 0.787

Early stopping at epoch 480

  selected on val (auprg=0.9575 @ epoch 180); test scored once

Fold 3 Best (epoch 180): AUROC=0.8423, AUPR=0.5854, F1=0.5829
  Params: 4,095/4,513 nonzero | Weights: 3,742/4,160 nonzero (10.05% sparse)
    cell_emb.weight: 192/192 nonzero (0.0% sparse)
    encoder.hidden_blocks.0.0.weight: 2,062/2,432 nonzero (15.2% sparse)
    encoder.hidden_blocks.1.0.weight: 230/256 nonzero (10.2% sparse)
    encoder.hidden_blocks.2.0.weight: 251/256 nonzero (2.0% sparse)
    encoder.hidden_blocks.3.0.weight: 255/256 nonzero (0.4% sparse)
    encoder.hidden_blocks.4.0.weight: 256/256 nonzero (0.0% sparse)
    encoder.hidden_blocks.5.0.weight: 256/256 nonzero (0.0% sparse)
    encoder.projection.weight: 240/256 nonzero (6.2% sparse)
  [retrieval] index space: n=19397 num_genes=19397 num_p_genes=8844 (P-space differs from full space)
  Saved 8844x8844 shared-space score matrix -> fold_2_cv2_predictions.npy
  [retrieval] universe 19,397 genes (peers rank vs 8,844), 2,979 scored rows, 9,728 test-pos, 9,031 train-pos suppressed | fwd-check 3.81e-06 | NDCG@10 0.0328 NDCG@50 0.0646 R@50 0.1114 MAP@50 0.0301

============================================================
Training Fold 4
============================================================

[fold 3] fitting preprocessing [method=plain: mean → col-standardize+SVD → mean/std; scope=train]
  Fit subset: 16343/19397 rows (84.3%)
  [go2vec] 128d, 19397 genes, 606 missing
    mean-imputed 606/19397 genes (77568 NaN cells; locations fit on 16343 fit rows)
[fold 3] fold embeddings: (19397, 128)
Fold 4 input_dim: 128
  Trainable parameters: 4,513 (total 4,513) [SiameseSLMultiCell]
  Fold stamp: genes 42ff034debb48f84 all_pos 20be58a407d6aa9a meta 15e1a39cf91a5615
  L1 λ=0.01 for encoder.hidden_blocks.0.0.weight
  L1 λ=0.0075 for encoder.hidden_blocks.1.0.weight
  L1 λ=0.005 for encoder.hidden_blocks.2.0.weight
  L1 λ=0.004 for encoder.hidden_blocks.3.0.weight
  L1 λ=0.0025 for encoder.hidden_blocks.4.0.weight
  L1 λ=0.0015 for encoder.hidden_blocks.5.0.weight
  L1 λ=0.001 for encoder.projection.weight

  cell-line metrics  [baseline | raw AUPR | norm AUPR | AUPRG]
    strat : 0.126 | 0.711 | 0.669 | 0.967   <- AUPRG selects
    any   : 0.190 | 0.618 | 0.528 | 0.883   (AUROC 0.816)
    macro : 0.155 | 0.443 | 0.390 | 0.578   (per-line avg)
    K562   : 0.097 | 0.637 | 0.597 | 0.968
    JURKAT : 0.031 | 0.063 | 0.034 | 0.436
    A549   : 0.017 | 0.016 | -0.001 | -1.013
    HELA   : 0.203 | 0.621 | 0.525 | 0.885
    A375   : 0.332 | 0.957 | 0.936 | 0.983
    293T   : 0.120 | 0.222 | 0.116 | 0.568
    PC9    : 0.034 | 0.142 | 0.112 | 0.905
    OTHER  : 0.403 | 0.883 | 0.804 | 0.892

  cell-line metrics  [baseline | raw AUPR | norm AUPR | AUPRG]
    strat : 0.126 | 0.724 | 0.684 | 0.969   <- AUPRG selects
    any   : 0.190 | 0.697 | 0.626 | 0.922   (AUROC 0.861)
    macro : 0.155 | 0.446 | 0.393 | 0.694   (per-line avg)
    K562   : 0.097 | 0.636 | 0.597 | 0.964
    JURKAT : 0.031 | 0.059 | 0.029 | 0.654
    A549   : 0.017 | 0.021 | 0.003 | 0.137
    HELA   : 0.203 | 0.753 | 0.690 | 0.941
    A375   : 0.332 | 0.977 | 0.966 | 0.991
    293T   : 0.120 | 0.245 | 0.141 | 0.569
    PC9    : 0.034 | 0.058 | 0.025 | 0.502
    OTHER  : 0.403 | 0.817 | 0.694 | 0.794

  cell-line metrics  [baseline | raw AUPR | norm AUPR | AUPRG]
    strat : 0.126 | 0.714 | 0.673 | 0.970   <- AUPRG selects
    any   : 0.190 | 0.552 | 0.447 | 0.820   (AUROC 0.730)
    macro : 0.155 | 0.486 | 0.434 | 0.535   (per-line avg)
    K562   : 0.097 | 0.614 | 0.573 | 0.961
    JURKAT : 0.031 | 0.349 | 0.328 | 0.981
    A549   : 0.017 | 0.014 | -0.004 | -1.683
    HELA   : 0.203 | 0.893 | 0.866 | 0.981
    A375   : 0.332 | 0.957 | 0.936 | 0.988
    293T   : 0.120 | 0.201 | 0.091 | 0.525
    PC9    : 0.034 | 0.081 | 0.049 | 0.810
    OTHER  : 0.403 | 0.779 | 0.630 | 0.713

  cell-line metrics  [baseline | raw AUPR | norm AUPR | AUPRG]
    strat : 0.126 | 0.786 | 0.756 | 0.979   <- AUPRG selects
    any   : 0.190 | 0.747 | 0.687 | 0.938   (AUROC 0.862)
    macro : 0.155 | 0.484 | 0.443 | 0.353   (per-line avg)
    K562   : 0.097 | 0.627 | 0.586 | 0.965
    JURKAT : 0.031 | 0.301 | 0.279 | 0.976
    A549   : 0.017 | 0.016 | -0.002 | -2.189
    HELA   : 0.203 | 0.836 | 0.795 | 0.965
    A375   : 0.332 | 0.994 | 0.992 | 0.999
    293T   : 0.120 | 0.120 | -0.000 | -0.040
    PC9    : 0.034 | 0.047 | 0.014 | 0.208
    OTHER  : 0.403 | 0.929 | 0.881 | 0.943

  cell-line metrics  [baseline | raw AUPR | norm AUPR | AUPRG]
    strat : 0.126 | 0.804 | 0.775 | 0.981   <- AUPRG selects
    any   : 0.190 | 0.742 | 0.682 | 0.936   (AUROC 0.871)
    macro : 0.155 | 0.505 | 0.468 | 0.334   (per-line avg)
    K562   : 0.097 | 0.628 | 0.588 | 0.966
    JURKAT : 0.031 | 0.367 | 0.347 | 0.984
    A549   : 0.017 | 0.015 | -0.003 | -2.818
    HELA   : 0.203 | 0.804 | 0.755 | 0.957
    A375   : 0.332 | 0.996 | 0.994 | 0.999
    293T   : 0.120 | 0.219 | 0.113 | 0.646
    PC9    : 0.034 | 0.036 | 0.002 | -0.042
    OTHER  : 0.403 | 0.972 | 0.953 | 0.979

Early stopping at epoch 600

  selected on val (auprg=0.9808 @ epoch 300); test scored once

Fold 4 Best (epoch 300): AUROC=0.8218, AUPR=0.6378, F1=0.6081
  Params: 4,338/4,513 nonzero | Weights: 3,985/4,160 nonzero (4.21% sparse)
    cell_emb.weight: 192/192 nonzero (0.0% sparse)
    encoder.hidden_blocks.0.0.weight: 2,312/2,432 nonzero (4.9% sparse)
    encoder.hidden_blocks.1.0.weight: 253/256 nonzero (1.2% sparse)
    encoder.hidden_blocks.2.0.weight: 254/256 nonzero (0.8% sparse)
    encoder.hidden_blocks.3.0.weight: 254/256 nonzero (0.8% sparse)
    encoder.hidden_blocks.4.0.weight: 256/256 nonzero (0.0% sparse)
    encoder.hidden_blocks.5.0.weight: 256/256 nonzero (0.0% sparse)
    encoder.projection.weight: 208/256 nonzero (18.8% sparse)
  [retrieval] index space: n=19397 num_genes=19397 num_p_genes=8844 (P-space differs from full space)
  Saved 8844x8844 shared-space score matrix -> fold_3_cv2_predictions.npy
  [retrieval] universe 19,397 genes (peers rank vs 8,844), 2,053 scored rows, 7,218 test-pos, 11,416 train-pos suppressed | fwd-check 2.10e-05 | NDCG@10 0.0838 NDCG@50 0.1380 R@50 0.2612 MAP@50 0.0736

============================================================
Training Fold 5
============================================================

[fold 4] fitting preprocessing [method=plain: mean → col-standardize+SVD → mean/std; scope=train]
  Fit subset: 15873/19397 rows (81.8%)
  [go2vec] 128d, 19397 genes, 606 missing
    mean-imputed 606/19397 genes (77568 NaN cells; locations fit on 15873 fit rows)
[fold 4] fold embeddings: (19397, 128)
Fold 5 input_dim: 128
  Trainable parameters: 4,513 (total 4,513) [SiameseSLMultiCell]
  Fold stamp: genes 42ff034debb48f84 all_pos 20be58a407d6aa9a meta 15e1a39cf91a5615
  L1 λ=0.01 for encoder.hidden_blocks.0.0.weight
  L1 λ=0.0075 for encoder.hidden_blocks.1.0.weight
  L1 λ=0.005 for encoder.hidden_blocks.2.0.weight
  L1 λ=0.004 for encoder.hidden_blocks.3.0.weight
  L1 λ=0.0025 for encoder.hidden_blocks.4.0.weight
  L1 λ=0.0015 for encoder.hidden_blocks.5.0.weight
  L1 λ=0.001 for encoder.projection.weight

  cell-line metrics  [baseline | raw AUPR | norm AUPR | AUPRG]
    strat : 0.190 | 0.614 | 0.523 | 0.846   <- AUPRG selects
    any   : 0.270 | 0.632 | 0.496 | 0.767   (AUROC 0.806)
    macro : 0.240 | 0.379 | 0.145 | 0.303   (per-line avg)
    K562   : 0.078 | 0.461 | 0.415 | 0.940
    JURKAT : 0.059 | 0.076 | 0.018 | 0.166
    A549   : 0.026 | 0.028 | 0.002 | 0.495
    HELA   : 0.229 | 0.567 | 0.438 | 0.789
    A375   : 0.862 | 0.784 | -0.561 | 0.084
    293T   : 0.150 | 0.195 | 0.053 | 0.346
    PC9    : 0.028 | 0.023 | -0.006 | -1.230
    OTHER  : 0.490 | 0.898 | 0.800 | 0.834

  cell-line metrics  [baseline | raw AUPR | norm AUPR | AUPRG]
    strat : 0.190 | 0.640 | 0.556 | 0.865   <- AUPRG selects
    any   : 0.270 | 0.660 | 0.535 | 0.818   (AUROC 0.823)
    macro : 0.240 | 0.435 | 0.200 | 0.515   (per-line avg)
    K562   : 0.078 | 0.481 | 0.437 | 0.944
    JURKAT : 0.059 | 0.231 | 0.183 | 0.882
    A549   : 0.026 | 0.069 | 0.044 | 0.804
    HELA   : 0.229 | 0.782 | 0.717 | 0.937
    A375   : 0.862 | 0.766 | -0.689 | 0.087
    293T   : 0.150 | 0.209 | 0.070 | 0.332
    PC9    : 0.028 | 0.025 | -0.003 | -0.750
    OTHER  : 0.490 | 0.919 | 0.842 | 0.882

  cell-line metrics  [baseline | raw AUPR | norm AUPR | AUPRG]
    strat : 0.190 | 0.646 | 0.563 | 0.867   <- AUPRG selects
    any   : 0.270 | 0.644 | 0.512 | 0.773   (AUROC 0.746)
    macro : 0.240 | 0.425 | 0.174 | 0.451   (per-line avg)
    K562   : 0.078 | 0.449 | 0.402 | 0.941
    JURKAT : 0.059 | 0.181 | 0.129 | 0.842
    A549   : 0.026 | 0.063 | 0.038 | 0.770
    HELA   : 0.229 | 0.805 | 0.747 | 0.948
    A375   : 0.862 | 0.746 | -0.837 | -0.028
    293T   : 0.150 | 0.202 | 0.061 | 0.184
    PC9    : 0.028 | 0.026 | -0.002 | -0.945
    OTHER  : 0.490 | 0.926 | 0.855 | 0.894

  cell-line metrics  [baseline | raw AUPR | norm AUPR | AUPRG]
    strat : 0.190 | 0.650 | 0.567 | 0.869   <- AUPRG selects
    any   : 0.270 | 0.637 | 0.503 | 0.752   (AUROC 0.717)
    macro : 0.240 | 0.447 | 0.258 | 0.359   (per-line avg)
    K562   : 0.078 | 0.458 | 0.413 | 0.946
    JURKAT : 0.059 | 0.251 | 0.204 | 0.894
    A549   : 0.026 | 0.076 | 0.051 | 0.749
    HELA   : 0.229 | 0.861 | 0.819 | 0.968
    A375   : 0.862 | 0.821 | -0.290 | 0.050
    293T   : 0.150 | 0.147 | -0.004 | -0.783
    PC9    : 0.028 | 0.025 | -0.003 | -0.859
    OTHER  : 0.490 | 0.934 | 0.870 | 0.907

Early stopping at epoch 870

  selected on val (auprg=0.8692 @ epoch 570); test scored once

Fold 5 Best (epoch 570): AUROC=0.8146, AUPR=0.5827, F1=0.5378
  Params: 4,026/4,513 nonzero | Weights: 3,673/4,160 nonzero (11.71% sparse)
    cell_emb.weight: 192/192 nonzero (0.0% sparse)
    encoder.hidden_blocks.0.0.weight: 2,100/2,432 nonzero (13.7% sparse)
    encoder.hidden_blocks.1.0.weight: 239/256 nonzero (6.6% sparse)
    encoder.hidden_blocks.2.0.weight: 249/256 nonzero (2.7% sparse)
    encoder.hidden_blocks.3.0.weight: 253/256 nonzero (1.2% sparse)
    encoder.hidden_blocks.4.0.weight: 256/256 nonzero (0.0% sparse)
    encoder.hidden_blocks.5.0.weight: 256/256 nonzero (0.0% sparse)
    encoder.projection.weight: 128/256 nonzero (50.0% sparse)
  [retrieval] index space: n=19397 num_genes=19397 num_p_genes=8844 (P-space differs from full space)
  Saved 8844x8844 shared-space score matrix -> fold_4_cv2_predictions.npy
  [retrieval] universe 19,397 genes (peers rank vs 8,844), 1,848 scored rows, 6,517 test-pos, 11,309 train-pos suppressed | fwd-check 3.81e-06 | NDCG@10 0.0195 NDCG@50 0.0721 R@50 0.1643 MAP@50 0.0231

============================================================
Cross-Validation Results: CV2 (gene-based)
============================================================

Fold        AUROC       AUPR         F1
----------------------------------------
1          0.8484     0.6054     0.5961
2          0.7875     0.6381     0.5766
3          0.8423     0.5854     0.5829
4          0.8218     0.6378     0.6081
5          0.8146     0.5827     0.5378
----------------------------------------
Mean       0.8229     0.6099     0.5803
Std        0.0217     0.0242     0.0239

============================================================
Summary:
  AUROC: 0.8229 ± 0.0217
  AUPR:  0.6099 ± 0.0242
  F1:    0.5803 ± 0.0239
  Params: 4,271/4,513 nonzero (weight sparsity: 5.80%)
============================================================

Cell-line metrics (mean over folds):
  STRATIFIED (pooled per-cell-line obs; SELECTION basis):
    baseline(pi) 0.1116  AUPR 0.6099  normAUPR 0.5610  AUPRG 0.9514  AUROC 0.8229
  GLOBAL (SL in any cell line; one-time headline):
    AUPRG 0.8718 ± 0.0541   AUPR 0.5734   AUROC 0.7817
  PER-LINE macro (equal weight/line; diagnostic):
    AUPRG 0.4520  AUPR 0.4141
  RETRIEVAL (rank vs the whole 19,397-gene universe; peers rank vs 8,844 -- NOT strictly comparable):
    NDCG@10 0.0332  NDCG@50 0.0813  R@50 0.1788  MAP@50 0.0345

Results saved to results/pcavar0.8_go2vec_cv2

SUCCESS: go2vec / cv2  (PCA=0.8)
  AUROC=0.8229 +/- 0.0217  AUPRG=0.9514 +/- 0.0137  Params=4,271/4,513 (5.8% sparse)
  Completed at: Fri Aug 28 07:55:31 EDT 2026
