============================================================================
Job: bestcat_emb | ID: 1177265 | Node: gpu3
Array task: 20 (of job 1166079)
Start: Thu Aug 27 19:45:36 EDT 2026
NVIDIA L40, 46068 MiB, 649 MiB
NVIDIA L40, 46068 MiB, 651 MiB
NVIDIA L40, 46068 MiB, 0 MiB
NVIDIA L40, 46068 MiB, 613 MiB
============================================================================

Task 20: prot_t5 (protein_seq) / cv3  [PCA=0.8]
  Embedding: /ddn_exa/campbell/kaiyang/SLMGAE-pytorch/data/all_genes_prot_t5.pt

Cleaning previous results: results/pcavar0.8_prot_t5_cv3
Training: prot_t5 / cv3  (PCA=0.8)
  Output: results/pcavar0.8_prot_t5_cv3
  Config: encoder=[16 16 16 16 16 16 16], epochs=2000, patience=10

Using GPU: NVIDIA L40

Loading 1 modality file(s) [raw, preprocessing deferred to per-fold fit]:
Cell-line conditioning: ENABLED (masked multi-label, 8 heads)
    labeled pairs: 128,870 over 8,844 genes (dropped 0 with no known head)
    same-head SL/non-SL conflicts resolved by OR (label=SL): 1,876 pairs -> 2,171 head-cells [JURKAT 1,461, K562 406, HELA 125, OTHER 107, 293T 36, A549 30, A375 6]
    K562     known  91,937  pos  8,705  neg  83,232  (or-resolved   406)
    JURKAT   known  66,122  pos  2,617  neg  63,505  (or-resolved 1,461)
    A549     known   8,889  pos    314  neg   8,575  (or-resolved    30)
    HELA     known   5,931  pos  1,250  neg   4,681  (or-resolved   125)
    A375     known   2,509  pos  1,094  neg   1,415  (or-resolved     6)
    293T     known   2,438  pos    326  neg   2,112  (or-resolved    36)
    PC9      known   1,014  pos     68  neg     946  (or-resolved     0)
    OTHER    known  27,002  pos  8,721  neg  18,281  (or-resolved   107)
Loaded raw tensors for 19397 genes
Loaded 22166 positive SL pairs
SL pairs involve 5257 unique genes
============================================================
Siamese SL Training
Model: siamese
CV Type: cv3
Folds: 5
============================================================

Generating CV3 splits (pair-based, multi-label)...
  Fold 1: train 68,530 pairs/109,228 labels  val 697 pairs/1,128 labels  test 5,006 pairs/7,980 labels
  Fold 2: train 63,092 pairs/101,706 labels  val 1,012 pairs/1,584 labels  test 5,689 pairs/8,792 labels
  Fold 3: train 63,695 pairs/102,423 labels  val 778 pairs/1,071 labels  test 6,142 pairs/10,206 labels
  Fold 4: train 68,487 pairs/110,473 labels  val 1,057 pairs/1,573 labels  test 4,111 pairs/6,512 labels
  Fold 5: train 67,523 pairs/109,717 labels  val 890 pairs/1,213 labels  test 4,809 pairs/7,636 labels

============================================================
Training Fold 1
============================================================

[fold 0] fitting preprocessing [method=plain: mean → col-standardize+SVD → mean/std; scope=train]
  Fit subset: 18641/19397 rows (96.1%)
  [prot_t5] 1024d, 19397 genes, 317 missing
    mean-imputed 317/19397 genes (324608 NaN cells; locations fit on 18641 fit rows)
[fold 0] fold embeddings: (19397, 1024)
Fold 1 input_dim: 1024
  Trainable parameters: 19,745 (total 19,745) [SiameseSLMultiCell]
  Fold stamp: genes 42ff034debb48f84 all_pos 20be58a407d6aa9a meta 15e1a39cf91a5615
  L1 λ=0.01 for encoder.hidden_blocks.0.0.weight
  L1 λ=0.0075 for encoder.hidden_blocks.1.0.weight
  L1 λ=0.005 for encoder.hidden_blocks.2.0.weight
  L1 λ=0.004 for encoder.hidden_blocks.3.0.weight
  L1 λ=0.0025 for encoder.hidden_blocks.4.0.weight
  L1 λ=0.0015 for encoder.hidden_blocks.5.0.weight
  L1 λ=0.001 for encoder.projection.weight

  cell-line metrics  [baseline | raw AUPR | norm AUPR | AUPRG]
    strat : 0.139 | 0.563 | 0.492 | 0.918   <- AUPRG selects
    any   : 0.220 | 0.615 | 0.507 | 0.858   (AUROC 0.805)
    macro : 0.178 | 0.499 | 0.411 | 0.615   (per-line avg)
    K562   : 0.176 | 0.673 | 0.603 | 0.931
    JURKAT : 0.073 | 0.064 | -0.010 | -0.159
    A549   : 0.000 | nan | nan | nan
    HELA   : 0.263 | 0.929 | 0.904 | 0.983
    A375   : 0.000 | nan | nan | nan
    293T   : 0.190 | 0.433 | 0.299 | 0.698
    PC9    : 0.000 | nan | nan | nan
    OTHER  : 0.188 | 0.397 | 0.258 | 0.623

  cell-line metrics  [baseline | raw AUPR | norm AUPR | AUPRG]
    strat : 0.139 | 0.623 | 0.562 | 0.932   <- AUPRG selects
    any   : 0.220 | 0.646 | 0.546 | 0.862   (AUROC 0.800)
    macro : 0.178 | 0.547 | 0.468 | 0.760   (per-line avg)
    K562   : 0.176 | 0.725 | 0.666 | 0.937
    JURKAT : 0.073 | 0.104 | 0.034 | 0.405
    A549   : 0.000 | nan | nan | nan
    HELA   : 0.263 | 0.929 | 0.903 | 0.982
    A375   : 0.000 | nan | nan | nan
    293T   : 0.190 | 0.443 | 0.312 | 0.677
    PC9    : 0.000 | nan | nan | nan
    OTHER  : 0.188 | 0.533 | 0.425 | 0.798

Early stopping at epoch 390

  selected on val (auprg=0.9316 @ epoch 90); test scored once

Fold 1 Best (epoch 90): AUROC=0.7212, AUPR=0.3073, F1=0.3152
  Params: 16,152/19,745 nonzero | Weights: 14,903/18,496 nonzero (19.43% sparse)
    cell_emb.weight: 192/192 nonzero (0.0% sparse)
    encoder.hidden_blocks.0.0.weight: 13,219/16,768 nonzero (21.2% sparse)
    encoder.hidden_blocks.1.0.weight: 226/256 nonzero (11.7% sparse)
    encoder.hidden_blocks.2.0.weight: 245/256 nonzero (4.3% sparse)
    encoder.hidden_blocks.3.0.weight: 255/256 nonzero (0.4% sparse)
    encoder.hidden_blocks.4.0.weight: 254/256 nonzero (0.8% sparse)
    encoder.hidden_blocks.5.0.weight: 256/256 nonzero (0.0% sparse)
    encoder.projection.weight: 256/256 nonzero (0.0% sparse)
  [retrieval] index space: n=19397 num_genes=19397 num_p_genes=8844 (P-space differs from full space)
  Saved 8844x8844 shared-space score matrix -> fold_0_cv3_predictions.npy
  [retrieval] universe 19,397 genes (peers rank vs 8,844), 213 scored rows, 422 test-pos, 13,369 train-pos suppressed | fwd-check 3.81e-06 | NDCG@10 0.0426 NDCG@50 0.0571 R@50 0.1596 MAP@50 0.0232

============================================================
Training Fold 2
============================================================

[fold 1] fitting preprocessing [method=plain: mean → col-standardize+SVD → mean/std; scope=train]
  Fit subset: 18067/19397 rows (93.1%)
  [prot_t5] 1024d, 19397 genes, 317 missing
    mean-imputed 317/19397 genes (324608 NaN cells; locations fit on 18067 fit rows)
[fold 1] fold embeddings: (19397, 1024)
Fold 2 input_dim: 1024
  Trainable parameters: 19,745 (total 19,745) [SiameseSLMultiCell]
  Fold stamp: genes 42ff034debb48f84 all_pos 20be58a407d6aa9a meta 15e1a39cf91a5615
  L1 λ=0.01 for encoder.hidden_blocks.0.0.weight
  L1 λ=0.0075 for encoder.hidden_blocks.1.0.weight
  L1 λ=0.005 for encoder.hidden_blocks.2.0.weight
  L1 λ=0.004 for encoder.hidden_blocks.3.0.weight
  L1 λ=0.0025 for encoder.hidden_blocks.4.0.weight
  L1 λ=0.0015 for encoder.hidden_blocks.5.0.weight
  L1 λ=0.001 for encoder.projection.weight

  cell-line metrics  [baseline | raw AUPR | norm AUPR | AUPRG]
    strat : 0.057 | 0.256 | 0.211 | 0.827   <- AUPRG selects
    any   : 0.086 | 0.177 | 0.100 | 0.644   (AUROC 0.549)
    macro : 0.125 | 0.342 | 0.249 | -0.206   (per-line avg)
    K562   : 0.090 | 0.363 | 0.300 | 0.843
    JURKAT : 0.038 | 0.027 | -0.012 | -2.971
    A549   : 0.000 | nan | nan | nan
    HELA   : 0.121 | 0.644 | 0.595 | 0.969
    A375   : 0.000 | nan | nan | nan
    293T   : 0.000 | nan | nan | nan
    PC9    : 0.250 | 0.333 | 0.111 | 0.333
    OTHER  : 0.000 | nan | nan | nan

  cell-line metrics  [baseline | raw AUPR | norm AUPR | AUPRG]
    strat : 0.057 | 0.284 | 0.240 | 0.891   <- AUPRG selects
    any   : 0.086 | 0.144 | 0.064 | 0.630   (AUROC 0.584)
    macro : 0.125 | 0.292 | 0.191 | 0.397   (per-line avg)
    K562   : 0.090 | 0.420 | 0.363 | 0.894
    JURKAT : 0.038 | 0.035 | -0.004 | -0.474
    A549   : 0.000 | nan | nan | nan
    HELA   : 0.121 | 0.378 | 0.293 | 0.836
    A375   : 0.000 | nan | nan | nan
    293T   : 0.000 | nan | nan | nan
    PC9    : 0.250 | 0.333 | 0.111 | 0.333
    OTHER  : 0.000 | nan | nan | nan

  cell-line metrics  [baseline | raw AUPR | norm AUPR | AUPRG]
    strat : 0.057 | 0.264 | 0.219 | 0.902   <- AUPRG selects
    any   : 0.086 | 0.171 | 0.093 | 0.602   (AUROC 0.537)
    macro : 0.125 | 0.274 | 0.166 | 0.064   (per-line avg)
    K562   : 0.090 | 0.440 | 0.385 | 0.926
    JURKAT : 0.038 | 0.027 | -0.012 | -1.467
    A549   : 0.000 | nan | nan | nan
    HELA   : 0.121 | 0.378 | 0.292 | 0.799
    A375   : 0.000 | nan | nan | nan
    293T   : 0.000 | nan | nan | nan
    PC9    : 0.250 | 0.250 | 0.000 | 0.000
    OTHER  : 0.000 | nan | nan | nan

  cell-line metrics  [baseline | raw AUPR | norm AUPR | AUPRG]
    strat : 0.057 | 0.297 | 0.254 | 0.916   <- AUPRG selects
    any   : 0.086 | 0.171 | 0.094 | 0.682   (AUROC 0.603)
    macro : 0.125 | 0.353 | 0.269 | 0.494   (per-line avg)
    K562   : 0.090 | 0.436 | 0.381 | 0.925
    JURKAT : 0.038 | 0.037 | -0.002 | -0.521
    A549   : 0.000 | nan | nan | nan
    HELA   : 0.121 | 0.440 | 0.363 | 0.906
    A375   : 0.000 | nan | nan | nan
    293T   : 0.000 | nan | nan | nan
    PC9    : 0.250 | 0.500 | 0.333 | 0.667
    OTHER  : 0.000 | nan | nan | nan

  cell-line metrics  [baseline | raw AUPR | norm AUPR | AUPRG]
    strat : 0.057 | 0.315 | 0.273 | 0.922   <- AUPRG selects
    any   : 0.086 | 0.158 | 0.079 | 0.666   (AUROC 0.545)
    macro : 0.125 | 0.343 | 0.257 | 0.636   (per-line avg)
    K562   : 0.090 | 0.440 | 0.385 | 0.916
    JURKAT : 0.038 | 0.033 | -0.006 | 0.102
    A549   : 0.000 | nan | nan | nan
    HELA   : 0.121 | 0.399 | 0.316 | 0.858
    A375   : 0.000 | nan | nan | nan
    293T   : 0.000 | nan | nan | nan
    PC9    : 0.250 | 0.500 | 0.333 | 0.667
    OTHER  : 0.000 | nan | nan | nan

Early stopping at epoch 780

  selected on val (auprg=0.9224 @ epoch 480); test scored once

Fold 2 Best (epoch 480): AUROC=0.6914, AUPR=0.5601, F1=0.5110
  Params: 18,147/19,745 nonzero | Weights: 16,898/18,496 nonzero (8.64% sparse)
    cell_emb.weight: 192/192 nonzero (0.0% sparse)
    encoder.hidden_blocks.0.0.weight: 15,209/16,768 nonzero (9.3% sparse)
    encoder.hidden_blocks.1.0.weight: 241/256 nonzero (5.9% sparse)
    encoder.hidden_blocks.2.0.weight: 250/256 nonzero (2.3% sparse)
    encoder.hidden_blocks.3.0.weight: 255/256 nonzero (0.4% sparse)
    encoder.hidden_blocks.4.0.weight: 255/256 nonzero (0.4% sparse)
    encoder.hidden_blocks.5.0.weight: 256/256 nonzero (0.0% sparse)
    encoder.projection.weight: 240/256 nonzero (6.2% sparse)
  [retrieval] index space: n=19397 num_genes=19397 num_p_genes=8844 (P-space differs from full space)
  Saved 8844x8844 shared-space score matrix -> fold_1_cv3_predictions.npy
  [retrieval] universe 19,397 genes (peers rank vs 8,844), 921 scored rows, 1,502 test-pos, 9,745 train-pos suppressed | fwd-check 1.34e-05 | NDCG@10 0.0060 NDCG@50 0.0089 R@50 0.0104 MAP@50 0.0025

============================================================
Training Fold 3
============================================================

[fold 2] fitting preprocessing [method=plain: mean → col-standardize+SVD → mean/std; scope=train]
  Fit subset: 18334/19397 rows (94.5%)
  [prot_t5] 1024d, 19397 genes, 317 missing
    mean-imputed 317/19397 genes (324608 NaN cells; locations fit on 18334 fit rows)
[fold 2] fold embeddings: (19397, 1024)
Fold 3 input_dim: 1024
  Trainable parameters: 19,745 (total 19,745) [SiameseSLMultiCell]
  Fold stamp: genes 42ff034debb48f84 all_pos 20be58a407d6aa9a meta 15e1a39cf91a5615
  L1 λ=0.01 for encoder.hidden_blocks.0.0.weight
  L1 λ=0.0075 for encoder.hidden_blocks.1.0.weight
  L1 λ=0.005 for encoder.hidden_blocks.2.0.weight
  L1 λ=0.004 for encoder.hidden_blocks.3.0.weight
  L1 λ=0.0025 for encoder.hidden_blocks.4.0.weight
  L1 λ=0.0015 for encoder.hidden_blocks.5.0.weight
  L1 λ=0.001 for encoder.projection.weight

  cell-line metrics  [baseline | raw AUPR | norm AUPR | AUPRG]
    strat : 0.231 | 0.652 | 0.548 | 0.827   <- AUPRG selects
    any   : 0.315 | 0.461 | 0.213 | 0.353   (AUROC 0.606)
    macro : 0.218 | 0.480 | 0.333 | 0.497   (per-line avg)
    K562   : 0.181 | 0.896 | 0.873 | 0.983
    JURKAT : 0.006 | 0.020 | 0.014 | 0.696
    A549   : 0.014 | 0.014 | 0.000 | 0.027
    HELA   : 0.164 | 0.869 | 0.844 | 0.991
    A375   : 0.000 | nan | nan | nan
    293T   : 0.500 | 0.597 | 0.194 | 0.241
    PC9    : 0.000 | nan | nan | nan
    OTHER  : 0.446 | 0.485 | 0.071 | 0.044

  cell-line metrics  [baseline | raw AUPR | norm AUPR | AUPRG]
    strat : 0.231 | 0.766 | 0.695 | 0.921   <- AUPRG selects
    any   : 0.315 | 0.687 | 0.543 | 0.740   (AUROC 0.832)
    macro : 0.218 | 0.543 | 0.434 | 0.687   (per-line avg)
    K562   : 0.181 | 0.952 | 0.941 | 0.995
    JURKAT : 0.006 | 0.018 | 0.012 | 0.652
    A549   : 0.014 | 0.038 | 0.025 | 0.658
    HELA   : 0.164 | 0.933 | 0.920 | 0.996
    A375   : 0.000 | nan | nan | nan
    293T   : 0.500 | 0.654 | 0.309 | 0.269
    PC9    : 0.000 | nan | nan | nan
    OTHER  : 0.446 | 0.665 | 0.395 | 0.552

Early stopping at epoch 540

  selected on val (auprg=0.9207 @ epoch 240); test scored once

Fold 3 Best (epoch 240): AUROC=0.8030, AUPR=0.5074, F1=0.5063
  Params: 17,422/19,745 nonzero | Weights: 16,173/18,496 nonzero (12.56% sparse)
    cell_emb.weight: 192/192 nonzero (0.0% sparse)
    encoder.hidden_blocks.0.0.weight: 14,487/16,768 nonzero (13.6% sparse)
    encoder.hidden_blocks.1.0.weight: 239/256 nonzero (6.6% sparse)
    encoder.hidden_blocks.2.0.weight: 252/256 nonzero (1.6% sparse)
    encoder.hidden_blocks.3.0.weight: 253/256 nonzero (1.2% sparse)
    encoder.hidden_blocks.4.0.weight: 254/256 nonzero (0.8% sparse)
    encoder.hidden_blocks.5.0.weight: 256/256 nonzero (0.0% sparse)
    encoder.projection.weight: 240/256 nonzero (6.2% sparse)
  [retrieval] index space: n=19397 num_genes=19397 num_p_genes=8844 (P-space differs from full space)
  Saved 8844x8844 shared-space score matrix -> fold_2_cv3_predictions.npy
  [retrieval] universe 19,397 genes (peers rank vs 8,844), 499 scored rows, 1,307 test-pos, 9,031 train-pos suppressed | fwd-check 1.14e-05 | NDCG@10 0.0371 NDCG@50 0.0469 R@50 0.0327 MAP@50 0.0353

============================================================
Training Fold 4
============================================================

[fold 3] fitting preprocessing [method=plain: mean → col-standardize+SVD → mean/std; scope=train]
  Fit subset: 18522/19397 rows (95.5%)
  [prot_t5] 1024d, 19397 genes, 317 missing
    mean-imputed 317/19397 genes (324608 NaN cells; locations fit on 18522 fit rows)
[fold 3] fold embeddings: (19397, 1024)
Fold 4 input_dim: 1024
  Trainable parameters: 19,745 (total 19,745) [SiameseSLMultiCell]
  Fold stamp: genes 42ff034debb48f84 all_pos 20be58a407d6aa9a meta 15e1a39cf91a5615
  L1 λ=0.01 for encoder.hidden_blocks.0.0.weight
  L1 λ=0.0075 for encoder.hidden_blocks.1.0.weight
  L1 λ=0.005 for encoder.hidden_blocks.2.0.weight
  L1 λ=0.004 for encoder.hidden_blocks.3.0.weight
  L1 λ=0.0025 for encoder.hidden_blocks.4.0.weight
  L1 λ=0.0015 for encoder.hidden_blocks.5.0.weight
  L1 λ=0.001 for encoder.projection.weight

  cell-line metrics  [baseline | raw AUPR | norm AUPR | AUPRG]
    strat : 0.133 | 0.810 | 0.781 | 0.977   <- AUPRG selects
    any   : 0.197 | 0.816 | 0.772 | 0.958   (AUROC 0.883)
    macro : 0.160 | 0.565 | 0.512 | 0.382   (per-line avg)
    K562   : 0.100 | 0.640 | 0.600 | 0.963
    JURKAT : 0.024 | 0.021 | -0.003 | -1.701
    A549   : 0.000 | nan | nan | nan
    HELA   : 0.250 | 0.579 | 0.438 | 0.665
    A375   : 0.000 | nan | nan | nan
    293T   : 0.067 | 1.000 | 1.000 | 1.000
    PC9    : 0.111 | 0.167 | 0.062 | 0.375
    OTHER  : 0.407 | 0.984 | 0.973 | 0.990

  cell-line metrics  [baseline | raw AUPR | norm AUPR | AUPRG]
    strat : 0.133 | 0.825 | 0.798 | 0.980   <- AUPRG selects
    any   : 0.197 | 0.839 | 0.799 | 0.962   (AUROC 0.885)
    macro : 0.160 | 0.530 | 0.486 | 0.117   (per-line avg)
    K562   : 0.100 | 0.703 | 0.669 | 0.977
    JURKAT : 0.024 | 0.017 | -0.007 | -3.279
    A549   : 0.000 | nan | nan | nan
    HELA   : 0.250 | 0.858 | 0.810 | 0.963
    A375   : 0.000 | nan | nan | nan
    293T   : 0.067 | 0.500 | 0.464 | 0.929
    PC9    : 0.111 | 0.125 | 0.016 | 0.125
    OTHER  : 0.407 | 0.979 | 0.965 | 0.985

  cell-line metrics  [baseline | raw AUPR | norm AUPR | AUPRG]
    strat : 0.133 | 0.832 | 0.807 | 0.981   <- AUPRG selects
    any   : 0.197 | 0.825 | 0.782 | 0.960   (AUROC 0.889)
    macro : 0.160 | 0.469 | 0.419 | 0.577   (per-line avg)
    K562   : 0.100 | 0.703 | 0.670 | 0.976
    JURKAT : 0.024 | 0.030 | 0.007 | -0.190
    A549   : 0.000 | nan | nan | nan
    HELA   : 0.250 | 0.805 | 0.741 | 0.918
    A375   : 0.000 | nan | nan | nan
    293T   : 0.067 | 0.167 | 0.107 | 0.643
    PC9    : 0.111 | 0.125 | 0.016 | 0.125
    OTHER  : 0.407 | 0.984 | 0.973 | 0.989

Early stopping at epoch 420

  selected on val (auprg=0.9814 @ epoch 120); test scored once

Fold 4 Best (epoch 120): AUROC=0.7673, AUPR=0.5395, F1=0.5161
  Params: 18,355/19,745 nonzero | Weights: 17,106/18,496 nonzero (7.52% sparse)
    cell_emb.weight: 192/192 nonzero (0.0% sparse)
    encoder.hidden_blocks.0.0.weight: 15,395/16,768 nonzero (8.2% sparse)
    encoder.hidden_blocks.1.0.weight: 246/256 nonzero (3.9% sparse)
    encoder.hidden_blocks.2.0.weight: 255/256 nonzero (0.4% sparse)
    encoder.hidden_blocks.3.0.weight: 253/256 nonzero (1.2% sparse)
    encoder.hidden_blocks.4.0.weight: 253/256 nonzero (1.2% sparse)
    encoder.hidden_blocks.5.0.weight: 256/256 nonzero (0.0% sparse)
    encoder.projection.weight: 256/256 nonzero (0.0% sparse)
  [retrieval] index space: n=19397 num_genes=19397 num_p_genes=8844 (P-space differs from full space)
  Saved 8844x8844 shared-space score matrix -> fold_3_cv3_predictions.npy
  [retrieval] universe 19,397 genes (peers rank vs 8,844), 261 scored rows, 711 test-pos, 11,416 train-pos suppressed | fwd-check 5.72e-06 | NDCG@10 0.0000 NDCG@50 0.0363 R@50 0.0311 MAP@50 0.0070

============================================================
Training Fold 5
============================================================

[fold 4] fitting preprocessing [method=plain: mean → col-standardize+SVD → mean/std; scope=train]
  Fit subset: 18441/19397 rows (95.1%)
  [prot_t5] 1024d, 19397 genes, 317 missing
    mean-imputed 317/19397 genes (324608 NaN cells; locations fit on 18441 fit rows)
[fold 4] fold embeddings: (19397, 1024)
Fold 5 input_dim: 1024
  Trainable parameters: 19,745 (total 19,745) [SiameseSLMultiCell]
  Fold stamp: genes 42ff034debb48f84 all_pos 20be58a407d6aa9a meta 15e1a39cf91a5615
  L1 λ=0.01 for encoder.hidden_blocks.0.0.weight
  L1 λ=0.0075 for encoder.hidden_blocks.1.0.weight
  L1 λ=0.005 for encoder.hidden_blocks.2.0.weight
  L1 λ=0.004 for encoder.hidden_blocks.3.0.weight
  L1 λ=0.0025 for encoder.hidden_blocks.4.0.weight
  L1 λ=0.0015 for encoder.hidden_blocks.5.0.weight
  L1 λ=0.001 for encoder.projection.weight

  cell-line metrics  [baseline | raw AUPR | norm AUPR | AUPRG]
    strat : 0.303 | 0.589 | 0.411 | 0.455   <- AUPRG selects
    any   : 0.393 | 0.668 | 0.452 | 0.474   (AUROC 0.686)
    macro : 0.293 | 0.429 | 0.063 | -0.007   (per-line avg)
    K562   : 0.055 | 0.144 | 0.094 | 0.755
    JURKAT : 0.083 | 0.047 | -0.039 | -2.923
    A549   : 0.021 | 0.021 | 0.000 | 0.021
    HELA   : 0.107 | 0.427 | 0.359 | 0.863
    A375   : 0.975 | 0.947 | -1.111 | -0.013
    293T   : 0.190 | 0.528 | 0.417 | 0.799
    PC9    : 0.000 | nan | nan | nan
    OTHER  : 0.617 | 0.892 | 0.718 | 0.447

  cell-line metrics  [baseline | raw AUPR | norm AUPR | AUPRG]
    strat : 0.303 | 0.591 | 0.414 | 0.468   <- AUPRG selects
    any   : 0.393 | 0.646 | 0.416 | 0.446   (AUROC 0.678)
    macro : 0.293 | 0.396 | 0.082 | 0.264   (per-line avg)
    K562   : 0.055 | 0.177 | 0.129 | 0.832
    JURKAT : 0.083 | 0.059 | -0.026 | -0.757
    A549   : 0.021 | 0.053 | 0.032 | 0.617
    HELA   : 0.107 | 0.434 | 0.366 | 0.868
    A375   : 0.975 | 0.958 | -0.657 | -0.013
    293T   : 0.190 | 0.207 | 0.020 | -0.110
    PC9    : 0.000 | nan | nan | nan
    OTHER  : 0.617 | 0.887 | 0.705 | 0.409

  cell-line metrics  [baseline | raw AUPR | norm AUPR | AUPRG]
    strat : 0.303 | 0.598 | 0.424 | 0.485   <- AUPRG selects
    any   : 0.393 | 0.688 | 0.486 | 0.486   (AUROC 0.702)
    macro : 0.293 | 0.395 | 0.279 | 0.217   (per-line avg)
    K562   : 0.055 | 0.195 | 0.149 | 0.833
    JURKAT : 0.083 | 0.055 | -0.030 | -1.832
    A549   : 0.021 | 0.100 | 0.081 | 0.809
    HELA   : 0.107 | 0.215 | 0.121 | 0.707
    A375   : 0.975 | 0.994 | 0.749 | -0.013
    293T   : 0.190 | 0.308 | 0.145 | 0.534
    PC9    : 0.000 | nan | nan | nan
    OTHER  : 0.617 | 0.899 | 0.737 | 0.480

  cell-line metrics  [baseline | raw AUPR | norm AUPR | AUPRG]
    strat : 0.303 | 0.608 | 0.438 | 0.529   <- AUPRG selects
    any   : 0.393 | 0.698 | 0.502 | 0.473   (AUROC 0.698)
    macro : 0.293 | 0.531 | 0.373 | 0.388   (per-line avg)
    K562   : 0.055 | 0.206 | 0.161 | 0.847
    JURKAT : 0.083 | 0.085 | 0.003 | -0.253
    A549   : 0.021 | 1.000 | 1.000 | 1.000
    HELA   : 0.107 | 0.344 | 0.266 | 0.766
    A375   : 0.975 | 0.986 | 0.446 | -0.013
    293T   : 0.190 | 0.197 | 0.009 | -0.142
    PC9    : 0.000 | nan | nan | nan
    OTHER  : 0.617 | 0.894 | 0.723 | 0.509

  cell-line metrics  [baseline | raw AUPR | norm AUPR | AUPRG]
    strat : 0.303 | 0.636 | 0.477 | 0.577   <- AUPRG selects
    any   : 0.393 | 0.697 | 0.500 | 0.569   (AUROC 0.734)
    macro : 0.293 | 0.452 | 0.214 | 0.444   (per-line avg)
    K562   : 0.055 | 0.185 | 0.138 | 0.836
    JURKAT : 0.083 | 0.087 | 0.005 | -0.408
    A549   : 0.021 | 0.032 | 0.012 | 0.362
    HELA   : 0.107 | 0.625 | 0.580 | 0.980
    A375   : 0.975 | 0.969 | -0.244 | -0.013
    293T   : 0.190 | 0.334 | 0.177 | 0.631
    PC9    : 0.000 | nan | nan | nan
    OTHER  : 0.617 | 0.935 | 0.830 | 0.724

Early stopping at epoch 750

  selected on val (auprg=0.5767 @ epoch 450); test scored once

Fold 5 Best (epoch 450): AUROC=0.7533, AUPR=0.4159, F1=0.4086
  Params: 17,869/19,745 nonzero | Weights: 16,620/18,496 nonzero (10.14% sparse)
    cell_emb.weight: 192/192 nonzero (0.0% sparse)
    encoder.hidden_blocks.0.0.weight: 14,987/16,768 nonzero (10.6% sparse)
    encoder.hidden_blocks.1.0.weight: 231/256 nonzero (9.8% sparse)
    encoder.hidden_blocks.2.0.weight: 255/256 nonzero (0.4% sparse)
    encoder.hidden_blocks.3.0.weight: 252/256 nonzero (1.6% sparse)
    encoder.hidden_blocks.4.0.weight: 255/256 nonzero (0.4% sparse)
    encoder.hidden_blocks.5.0.weight: 256/256 nonzero (0.0% sparse)
    encoder.projection.weight: 192/256 nonzero (25.0% sparse)
  [retrieval] index space: n=19397 num_genes=19397 num_p_genes=8844 (P-space differs from full space)
  Saved 8844x8844 shared-space score matrix -> fold_4_cv3_predictions.npy
  [retrieval] universe 19,397 genes (peers rank vs 8,844), 193 scored rows, 518 test-pos, 11,309 train-pos suppressed | fwd-check 5.72e-06 | NDCG@10 0.0000 NDCG@50 0.0509 R@50 0.0416 MAP@50 0.0121

============================================================
Cross-Validation Results: CV3 (pair-based)
============================================================

Fold        AUROC       AUPR         F1
----------------------------------------
1          0.7212     0.3073     0.3152
2          0.6914     0.5601     0.5110
3          0.8030     0.5074     0.5063
4          0.7673     0.5395     0.5161
5          0.7533     0.4159     0.4086
----------------------------------------
Mean       0.7472     0.4660     0.4515
Std        0.0383     0.0935     0.0789

============================================================
Summary:
  AUROC: 0.7472 ± 0.0383
  AUPR:  0.4660 ± 0.0935
  F1:    0.4515 ± 0.0789
  Params: 17,589/19,745 nonzero (weight sparsity: 11.66%)
============================================================

Cell-line metrics (mean over folds):
  STRATIFIED (pooled per-cell-line obs; SELECTION basis):
    baseline(pi) 0.1098  AUPR 0.4660  normAUPR 0.4033  AUPRG 0.9081  AUROC 0.7472
  GLOBAL (SL in any cell line; one-time headline):
    AUPRG 0.7853 ± 0.0546   AUPR 0.4414   AUROC 0.6932
  PER-LINE macro (equal weight/line; diagnostic):
    AUPRG 0.2509  AUPR 0.2712
  RETRIEVAL (rank vs the whole 19,397-gene universe; peers rank vs 8,844 -- NOT strictly comparable):
    NDCG@10 0.0171  NDCG@50 0.0400  R@50 0.0551  MAP@50 0.0160

Results saved to results/pcavar0.8_prot_t5_cv3

SUCCESS: prot_t5 / cv3  (PCA=0.8)
  AUROC=0.7472 +/- 0.0383  AUPRG=0.9081 +/- 0.0408  Params=17,589/19,745 (11.7% sparse)
  Completed at: Thu Aug 27 21:28:16 EDT 2026
