============================================================================
Reset Python Environment
============================================================================
Node: gpu3
Start: Thu Aug 27 08:54:15 EDT 2026
Venv: /ddn_exa/campbell/kaiyang/pytorch

--- System Python ---
Python 3.12.11

--- Removing old venv ---
Removed /ddn_exa/campbell/kaiyang/pytorch

--- Creating venv ---
Created /ddn_exa/campbell/kaiyang/pytorch

--- Upgrading pip ---
Requirement already satisfied: pip in /ddn_exa/campbell/kaiyang/pytorch/lib64/python3.12/site-packages (23.3.2)
Collecting pip
  Using cached pip-26.2.1-py3-none-any.whl.metadata (4.6 kB)
Using cached pip-26.2.1-py3-none-any.whl (1.8 MB)
Installing collected packages: pip
  Attempting uninstall: pip
    Found existing installation: pip 23.3.2
    Uninstalling pip-23.3.2:
      Successfully uninstalled pip-23.3.2
Successfully installed pip-26.2.1

--- Installing torch (torch) ---
Collecting torch
  Using cached torch-2.13.0-cp312-cp312-manylinux_2_28_x86_64.whl.metadata (38 kB)
Collecting filelock (from torch)
  Downloading filelock-3.32.4-py3-none-any.whl.metadata (2.0 kB)
Collecting typing-extensions>=4.10.0 (from torch)
  Using cached typing_extensions-4.16.0-py3-none-any.whl.metadata (3.3 kB)
Collecting setuptools>=77.0.3 (from torch)
  Using cached setuptools-84.0.0-py3-none-any.whl.metadata (6.6 kB)
Collecting sympy>=1.13.3 (from torch)
  Using cached sympy-1.14.0-py3-none-any.whl.metadata (12 kB)
Collecting networkx>=2.5.1 (from torch)
  Using cached networkx-3.6.1-py3-none-any.whl.metadata (6.8 kB)
Collecting jinja2 (from torch)
  Using cached jinja2-3.1.6-py3-none-any.whl.metadata (2.9 kB)
Collecting fsspec>=0.8.5 (from torch)
  Using cached fsspec-2026.7.0-py3-none-any.whl.metadata (10 kB)
Collecting cuda-toolkit==13.0.3 (from cuda-toolkit[cublas,cudart,cufft,cufile,cupti,curand,cusolver,cusparse,nvjitlink,nvrtc,nvtx]==13.0.3; platform_system == "Linux"->torch)
  Using cached cuda_toolkit-13.0.3.0-py2.py3-none-any.whl.metadata (17 kB)
Collecting cuda-bindings<14,>=13.0.3 (from torch)
  Using cached cuda_bindings-13.3.1-cp312-cp312-manylinux_2_24_x86_64.manylinux_2_28_x86_64.whl.metadata (2.5 kB)
Collecting nvidia-cudnn-cu13==9.20.0.48 (from torch)
  Using cached nvidia_cudnn_cu13-9.20.0.48-py3-none-manylinux_2_27_x86_64.whl.metadata (1.9 kB)
Collecting nvidia-cusparselt-cu13==0.8.1 (from torch)
  Using cached nvidia_cusparselt_cu13-0.8.1-py3-none-manylinux2014_x86_64.whl.metadata (12 kB)
Collecting nvidia-nccl-cu13==2.29.7 (from torch)
  Using cached nvidia_nccl_cu13-2.29.7-py3-none-manylinux_2_18_x86_64.whl.metadata (2.1 kB)
Collecting nvidia-nvshmem-cu13==3.4.5 (from torch)
  Using cached nvidia_nvshmem_cu13-3.4.5-py3-none-manylinux2014_x86_64.manylinux_2_17_x86_64.whl.metadata (2.1 kB)
Collecting triton==3.7.1 (from torch)
  Using cached triton-3.7.1-cp312-cp312-manylinux_2_27_x86_64.manylinux_2_28_x86_64.whl.metadata (1.7 kB)
Collecting nvidia-cublas==13.1.1.3.* (from cuda-toolkit[cublas,cudart,cufft,cufile,cupti,curand,cusolver,cusparse,nvjitlink,nvrtc,nvtx]==13.0.3; platform_system == "Linux"->torch)
  Using cached nvidia_cublas-13.1.1.3-py3-none-manylinux_2_27_x86_64.whl.metadata (1.8 kB)
Collecting nvidia-cuda-nvrtc==13.0.88.* (from cuda-toolkit[cublas,cudart,cufft,cufile,cupti,curand,cusolver,cusparse,nvjitlink,nvrtc,nvtx]==13.0.3; platform_system == "Linux"->torch)
  Using cached nvidia_cuda_nvrtc-13.0.88-py3-none-manylinux2010_x86_64.manylinux_2_12_x86_64.whl.metadata (1.7 kB)
Collecting nvidia-cuda-runtime==13.0.96.* (from cuda-toolkit[cublas,cudart,cufft,cufile,cupti,curand,cusolver,cusparse,nvjitlink,nvrtc,nvtx]==13.0.3; platform_system == "Linux"->torch)
  Using cached nvidia_cuda_runtime-13.0.96-py3-none-manylinux2014_x86_64.manylinux_2_17_x86_64.whl.metadata (1.7 kB)
Collecting nvidia-cufft==12.0.0.61.* (from cuda-toolkit[cublas,cudart,cufft,cufile,cupti,curand,cusolver,cusparse,nvjitlink,nvrtc,nvtx]==13.0.3; platform_system == "Linux"->torch)
  Using cached nvidia_cufft-12.0.0.61-py3-none-manylinux2014_x86_64.manylinux_2_17_x86_64.whl.metadata (1.8 kB)
Collecting nvidia-nvjitlink<14,>=13.0.88 (from cuda-toolkit[cublas,cudart,cufft,cufile,cupti,curand,cusolver,cusparse,nvjitlink,nvrtc,nvtx]==13.0.3; platform_system == "Linux"->torch)
  Using cached nvidia_nvjitlink-13.3.33-py3-none-manylinux2010_x86_64.manylinux_2_12_x86_64.whl.metadata (1.8 kB)
Collecting nvidia-cufile==1.15.1.6.* (from cuda-toolkit[cublas,cudart,cufft,cufile,cupti,curand,cusolver,cusparse,nvjitlink,nvrtc,nvtx]==13.0.3; platform_system == "Linux"->torch)
  Using cached nvidia_cufile-1.15.1.6-py3-none-manylinux2014_x86_64.manylinux_2_17_x86_64.whl.metadata (1.7 kB)
Collecting nvidia-cuda-cupti==13.0.85.* (from cuda-toolkit[cublas,cudart,cufft,cufile,cupti,curand,cusolver,cusparse,nvjitlink,nvrtc,nvtx]==13.0.3; platform_system == "Linux"->torch)
  Using cached nvidia_cuda_cupti-13.0.85-py3-none-manylinux_2_25_x86_64.whl.metadata (1.7 kB)
Collecting nvidia-curand==10.4.0.35.* (from cuda-toolkit[cublas,cudart,cufft,cufile,cupti,curand,cusolver,cusparse,nvjitlink,nvrtc,nvtx]==13.0.3; platform_system == "Linux"->torch)
  Using cached nvidia_curand-10.4.0.35-py3-none-manylinux_2_27_x86_64.whl.metadata (1.7 kB)
Collecting nvidia-cusolver==12.0.4.66.* (from cuda-toolkit[cublas,cudart,cufft,cufile,cupti,curand,cusolver,cusparse,nvjitlink,nvrtc,nvtx]==13.0.3; platform_system == "Linux"->torch)
  Using cached nvidia_cusolver-12.0.4.66-py3-none-manylinux_2_27_x86_64.whl.metadata (1.8 kB)
Collecting nvidia-cusparse==12.6.3.3.* (from cuda-toolkit[cublas,cudart,cufft,cufile,cupti,curand,cusolver,cusparse,nvjitlink,nvrtc,nvtx]==13.0.3; platform_system == "Linux"->torch)
  Using cached nvidia_cusparse-12.6.3.3-py3-none-manylinux2014_x86_64.manylinux_2_17_x86_64.whl.metadata (1.8 kB)
Collecting nvidia-nvtx==13.0.85.* (from cuda-toolkit[cublas,cudart,cufft,cufile,cupti,curand,cusolver,cusparse,nvjitlink,nvrtc,nvtx]==13.0.3; platform_system == "Linux"->torch)
  Using cached nvidia_nvtx-13.0.85-py3-none-manylinux1_x86_64.manylinux_2_5_x86_64.whl.metadata (1.8 kB)
Collecting cuda-pathfinder>=1.4.2 (from cuda-bindings<14,>=13.0.3->torch)
  Downloading cuda_pathfinder-1.7.0-py3-none-any.whl.metadata (1.9 kB)
Collecting mpmath<1.4,>=1.1.0 (from sympy>=1.13.3->torch)
  Using cached mpmath-1.3.0-py3-none-any.whl.metadata (8.6 kB)
Collecting MarkupSafe>=2.0 (from jinja2->torch)
  Using cached markupsafe-3.0.3-cp312-cp312-manylinux2014_x86_64.manylinux_2_17_x86_64.manylinux_2_28_x86_64.whl.metadata (2.7 kB)
Using cached torch-2.13.0-cp312-cp312-manylinux_2_28_x86_64.whl (526.6 MB)
Using cached cuda_toolkit-13.0.3.0-py2.py3-none-any.whl (2.5 kB)
Using cached nvidia_cudnn_cu13-9.20.0.48-py3-none-manylinux_2_27_x86_64.whl (366.2 MB)
Using cached nvidia_cusparselt_cu13-0.8.1-py3-none-manylinux2014_x86_64.whl (170.1 MB)
Using cached nvidia_nccl_cu13-2.29.7-py3-none-manylinux_2_18_x86_64.whl (206.0 MB)
Using cached nvidia_nvshmem_cu13-3.4.5-py3-none-manylinux2014_x86_64.manylinux_2_17_x86_64.whl (60.4 MB)
Using cached triton-3.7.1-cp312-cp312-manylinux_2_27_x86_64.manylinux_2_28_x86_64.whl (197.7 MB)
Using cached cuda_bindings-13.3.1-cp312-cp312-manylinux_2_24_x86_64.manylinux_2_28_x86_64.whl (6.7 MB)
Using cached nvidia_cublas-13.1.1.3-py3-none-manylinux_2_27_x86_64.whl (423.1 MB)
Using cached nvidia_cuda_cupti-13.0.85-py3-none-manylinux_2_25_x86_64.whl (10.7 MB)
Using cached nvidia_cuda_nvrtc-13.0.88-py3-none-manylinux2010_x86_64.manylinux_2_12_x86_64.whl (90.2 MB)
Using cached nvidia_cuda_runtime-13.0.96-py3-none-manylinux2014_x86_64.manylinux_2_17_x86_64.whl (2.2 MB)
Using cached nvidia_cufft-12.0.0.61-py3-none-manylinux2014_x86_64.manylinux_2_17_x86_64.whl (214.1 MB)
Using cached nvidia_cufile-1.15.1.6-py3-none-manylinux2014_x86_64.manylinux_2_17_x86_64.whl (1.2 MB)
Using cached nvidia_curand-10.4.0.35-py3-none-manylinux_2_27_x86_64.whl (59.5 MB)
Using cached nvidia_cusolver-12.0.4.66-py3-none-manylinux_2_27_x86_64.whl (200.9 MB)
Using cached nvidia_cusparse-12.6.3.3-py3-none-manylinux2014_x86_64.manylinux_2_17_x86_64.whl (145.9 MB)
Using cached nvidia_nvjitlink-13.3.33-py3-none-manylinux2010_x86_64.manylinux_2_12_x86_64.whl (40.7 MB)
Using cached nvidia_nvtx-13.0.85-py3-none-manylinux1_x86_64.manylinux_2_5_x86_64.whl (148 kB)
Downloading cuda_pathfinder-1.7.0-py3-none-any.whl (63 kB)
Using cached fsspec-2026.7.0-py3-none-any.whl (206 kB)
Using cached networkx-3.6.1-py3-none-any.whl (2.1 MB)
Using cached setuptools-84.0.0-py3-none-any.whl (818 kB)
Using cached sympy-1.14.0-py3-none-any.whl (6.3 MB)
Using cached mpmath-1.3.0-py3-none-any.whl (536 kB)
Using cached typing_extensions-4.16.0-py3-none-any.whl (45 kB)
Downloading filelock-3.32.4-py3-none-any.whl (99 kB)
Using cached jinja2-3.1.6-py3-none-any.whl (134 kB)
Using cached markupsafe-3.0.3-cp312-cp312-manylinux2014_x86_64.manylinux_2_17_x86_64.manylinux_2_28_x86_64.whl (22 kB)
Installing collected packages: nvidia-cusparselt-cu13, mpmath, cuda-toolkit, typing-extensions, triton, sympy, setuptools, nvidia-nvtx, nvidia-nvshmem-cu13, nvidia-nvjitlink, nvidia-nccl-cu13, nvidia-curand, nvidia-cufile, nvidia-cuda-runtime, nvidia-cuda-nvrtc, nvidia-cuda-cupti, networkx, MarkupSafe, fsspec, filelock, cuda-pathfinder, nvidia-cusparse, nvidia-cufft, nvidia-cublas, jinja2, cuda-bindings, nvidia-cusolver, nvidia-cudnn-cu13, torch

Successfully installed MarkupSafe-3.0.3 cuda-bindings-13.3.1 cuda-pathfinder-1.7.0 cuda-toolkit-13.0.3.0 filelock-3.32.4 fsspec-2026.7.0 jinja2-3.1.6 mpmath-1.3.0 networkx-3.6.1 nvidia-cublas-13.1.1.3 nvidia-cuda-cupti-13.0.85 nvidia-cuda-nvrtc-13.0.88 nvidia-cuda-runtime-13.0.96 nvidia-cudnn-cu13-9.20.0.48 nvidia-cufft-12.0.0.61 nvidia-cufile-1.15.1.6 nvidia-curand-10.4.0.35 nvidia-cusolver-12.0.4.66 nvidia-cusparse-12.6.3.3 nvidia-cusparselt-cu13-0.8.1 nvidia-nccl-cu13-2.29.7 nvidia-nvjitlink-13.3.33 nvidia-nvshmem-cu13-3.4.5 nvidia-nvtx-13.0.85 setuptools-84.0.0 sympy-1.14.0 torch-2.13.0 triton-3.7.1 typing-extensions-4.16.0

--- Installing packages ---
Collecting numpy
  Using cached numpy-2.5.2-cp312-cp312-manylinux_2_27_x86_64.manylinux_2_28_x86_64.whl.metadata (6.6 kB)
Collecting scipy
  Downloading scipy-1.18.1-cp312-cp312-manylinux_2_27_x86_64.manylinux_2_28_x86_64.whl.metadata (62 kB)
Collecting scikit-learn
  Using cached scikit_learn-1.9.0-cp312-cp312-manylinux_2_27_x86_64.manylinux_2_28_x86_64.whl.metadata (11 kB)
Collecting pandas
  Using cached pandas-3.0.5-cp312-cp312-manylinux_2_24_x86_64.manylinux_2_28_x86_64.whl.metadata (79 kB)
Collecting tqdm
  Using cached tqdm-4.70.0-py3-none-any.whl.metadata (57 kB)
Collecting requests
  Using cached requests-2.34.2-py3-none-any.whl.metadata (4.8 kB)
Requirement already satisfied: networkx in /ddn_exa/campbell/kaiyang/pytorch/lib64/python3.12/site-packages (3.6.1)
Collecting fair-esm
  Using cached fair_esm-2.0.0-py3-none-any.whl.metadata (37 kB)
Collecting transformers
  Downloading transformers-5.16.1-py3-none-any.whl.metadata (32 kB)
Collecting huggingface-hub
  Downloading huggingface_hub-1.29.0-py3-none-any.whl.metadata (16 kB)
Collecting safetensors
  Using cached safetensors-0.8.0-cp310-abi3-manylinux_2_17_x86_64.manylinux2014_x86_64.whl.metadata (4.2 kB)
Collecting sentencepiece
  Using cached sentencepiece-0.2.2-cp312-cp312-manylinux_2_27_x86_64.manylinux_2_28_x86_64.whl.metadata (33 kB)
Collecting sentence-transformers
  Downloading sentence_transformers-6.0.0-py3-none-any.whl.metadata (20 kB)
Collecting gensim
  Using cached gensim-4.4.0-cp312-cp312-manylinux_2_24_x86_64.manylinux_2_28_x86_64.whl.metadata (8.4 kB)
Collecting obonet
  Using cached obonet-1.3.0-py3-none-any.whl.metadata (7.1 kB)
Collecting node2vec
  Using cached node2vec-0.5.0-py3-none-any.whl.metadata (849 bytes)
Collecting pykeen
  Using cached pykeen-1.11.1-py3-none-any.whl.metadata (85 kB)
Collecting regex
  Using cached regex-2026.7.19-cp312-cp312-manylinux2014_x86_64.manylinux_2_17_x86_64.manylinux_2_28_x86_64.whl.metadata (40 kB)
Collecting setuptools<81
  Using cached setuptools-80.10.2-py3-none-any.whl.metadata (6.6 kB)
Collecting charset-normalizer
  Downloading charset_normalizer-3.5.1-cp312-cp312-manylinux2014_x86_64.manylinux_2_17_x86_64.manylinux_2_28_x86_64.whl.metadata (45 kB)
Collecting protobuf
  Downloading protobuf-7.36.0-cp310-abi3-manylinux2014_x86_64.whl.metadata (595 bytes)
Collecting tiktoken
  Downloading tiktoken-0.14.0-cp312-cp312-manylinux_2_28_x86_64.whl.metadata (6.7 kB)
Collecting mygene
  Using cached mygene-3.2.2-py2.py3-none-any.whl.metadata (10 kB)
Collecting robpy
  Using cached robpy-0.0.6-py3-none-any.whl.metadata (1.4 kB)
Collecting einops
  Using cached einops-0.8.2-py3-none-any.whl.metadata (13 kB)
Collecting openpyxl
  Using cached openpyxl-3.1.5-py2.py3-none-any.whl.metadata (2.5 kB)
Collecting joblib>=1.4.0 (from scikit-learn)
  Using cached joblib-1.5.3-py3-none-any.whl.metadata (5.5 kB)
Collecting narwhals>=2.0.1 (from scikit-learn)
  Downloading narwhals-2.25.0-py3-none-any.whl.metadata (15 kB)
Collecting threadpoolctl>=3.5.0 (from scikit-learn)
  Using cached threadpoolctl-3.6.0-py3-none-any.whl.metadata (13 kB)
Collecting python-dateutil>=2.8.2 (from pandas)
  Using cached python_dateutil-2.9.0.post0-py2.py3-none-any.whl.metadata (8.4 kB)
Collecting idna<4,>=2.5 (from requests)
  Downloading idna-3.19-py3-none-any.whl.metadata (9.2 kB)
Collecting urllib3<3,>=1.26 (from requests)
  Using cached urllib3-2.7.0-py3-none-any.whl.metadata (6.9 kB)
Collecting certifi>=2023.5.7 (from requests)
  Using cached certifi-2026.7.22-py3-none-any.whl.metadata (2.5 kB)
Collecting packaging>=20.0 (from transformers)
  Using cached packaging-26.3-py3-none-any.whl.metadata (3.5 kB)
Collecting pyyaml>=5.1 (from transformers)
  Using cached pyyaml-6.0.3-cp312-cp312-manylinux2014_x86_64.manylinux_2_17_x86_64.manylinux_2_28_x86_64.whl.metadata (2.4 kB)
Collecting tokenizers<0.24.0,>=0.23.1 (from transformers)
  Downloading tokenizers-0.23.1-cp310-abi3-manylinux_2_17_x86_64.manylinux2014_x86_64.whl.metadata (9.8 kB)
Collecting typer (from transformers)
  Using cached typer-0.27.1-py3-none-any.whl.metadata (16 kB)
Collecting click<9.0.0,>=8.4.2 (from huggingface-hub)
  Downloading click-8.5.0-py3-none-any.whl.metadata (2.6 kB)
Requirement already satisfied: filelock>=3.10.0 in /ddn_exa/campbell/kaiyang/pytorch/lib64/python3.12/site-packages (from huggingface-hub) (3.32.4)
Requirement already satisfied: fsspec>=2023.5.0 in /ddn_exa/campbell/kaiyang/pytorch/lib64/python3.12/site-packages (from huggingface-hub) (2026.7.0)
Collecting hf-xet<2.0.0,>=1.5.2 (from huggingface-hub)
  Using cached hf_xet-1.6.0-cp38-abi3-manylinux2014_x86_64.manylinux_2_17_x86_64.whl.metadata (4.9 kB)
Collecting httpx<1,>=0.23.0 (from huggingface-hub)
  Using cached httpx-0.28.1-py3-none-any.whl.metadata (7.1 kB)
Requirement already satisfied: typing-extensions>=4.1.0 in /ddn_exa/campbell/kaiyang/pytorch/lib64/python3.12/site-packages (from huggingface-hub) (4.16.0)
Collecting anyio (from httpx<1,>=0.23.0->huggingface-hub)
  Using cached anyio-4.14.2-py3-none-any.whl.metadata (4.6 kB)
Collecting httpcore==1.* (from httpx<1,>=0.23.0->huggingface-hub)
  Using cached httpcore-1.0.9-py3-none-any.whl.metadata (21 kB)
Collecting h11>=0.16 (from httpcore==1.*->httpx<1,>=0.23.0->huggingface-hub)
  Using cached h11-0.16.0-py3-none-any.whl.metadata (8.3 kB)
Requirement already satisfied: torch>=2.2 in /ddn_exa/campbell/kaiyang/pytorch/lib64/python3.12/site-packages (from sentence-transformers) (2.13.0)
Collecting smart_open>=1.8.1 (from gensim)
  Using cached smart_open-8.0.1-py3-none-any.whl.metadata (24 kB)
INFO: pip is looking at multiple versions of node2vec to determine which version is compatible with other requirements. This could take a while.
Collecting node2vec
  Using cached node2vec-0.4.6-py3-none-any.whl.metadata (743 bytes)
Collecting networkx
  Using cached networkx-2.8.8-py3-none-any.whl.metadata (5.1 kB)
Collecting node2vec
  Using cached node2vec-0.4.5-py3-none-any.whl.metadata (743 bytes)
  Using cached node2vec-0.4.4-py3-none-any.whl.metadata (586 bytes)
  Using cached node2vec-0.4.3-py3-none-any.whl
Collecting dataclasses-json (from pykeen)
  Using cached dataclasses_json-0.6.7-py3-none-any.whl.metadata (25 kB)
Collecting click_default_group (from pykeen)
  Using cached click_default_group-1.2.4-py2.py3-none-any.whl.metadata (2.8 kB)
Collecting optuna>=2.0.0 (from pykeen)
  Using cached optuna-4.9.0-py3-none-any.whl.metadata (15 kB)
Collecting tabulate (from pykeen)
  Using cached tabulate-0.10.0-py3-none-any.whl.metadata (40 kB)
Collecting more_click (from pykeen)
  Using cached more_click-0.1.3-py3-none-any.whl.metadata (14 kB)
Collecting more_itertools (from pykeen)
  Using cached more_itertools-11.1.0-py3-none-any.whl.metadata (41 kB)
Collecting pystow>=0.4.3 (from pykeen)
  Downloading pystow-0.9.2-py3-none-any.whl.metadata (17 kB)
Collecting docdata>=0.0.5 (from pykeen)
  Using cached docdata-0.0.5-py3-none-any.whl.metadata (13 kB)
Collecting class_resolver>=0.6.0 (from pykeen)
  Using cached class_resolver-0.7.1-py3-none-any.whl.metadata (19 kB)
Collecting torch_max_mem>=0.1.4 (from pykeen)
  Downloading torch_max_mem-0.1.6-py3-none-any.whl.metadata (16 kB)
Collecting torch-ppr>=0.0.7 (from pykeen)
  Using cached torch_ppr-0.0.8-py3-none-any.whl.metadata (9.3 kB)
Collecting biothings-client>=0.2.6 (from mygene)
  Using cached biothings_client-0.5.1-py3-none-any.whl.metadata (11 kB)
Collecting matplotlib<4.0.0,>=3.8.2 (from robpy)
  Using cached matplotlib-3.11.1-cp312-cp312-manylinux2014_x86_64.manylinux_2_17_x86_64.whl.metadata (80 kB)
Collecting scikit-learn
  Using cached scikit_learn-1.6.1-cp312-cp312-manylinux_2_17_x86_64.manylinux2014_x86_64.whl.metadata (18 kB)
Collecting seaborn<0.14.0,>=0.13.2 (from robpy)
  Using cached seaborn-0.13.2-py3-none-any.whl.metadata (5.4 kB)
Collecting statsmodels<0.15.0,>=0.14.1 (from robpy)
  Using cached statsmodels-0.14.6-cp312-cp312-manylinux2014_x86_64.manylinux_2_17_x86_64.manylinux_2_28_x86_64.whl.metadata (9.5 kB)
Collecting contourpy>=1.0.1 (from matplotlib<4.0.0,>=3.8.2->robpy)
  Using cached contourpy-1.3.3-cp312-cp312-manylinux_2_27_x86_64.manylinux_2_28_x86_64.whl.metadata (5.5 kB)
Collecting cycler>=0.10 (from matplotlib<4.0.0,>=3.8.2->robpy)
  Using cached cycler-0.12.1-py3-none-any.whl.metadata (3.8 kB)
Collecting fonttools>=4.28.2 (from matplotlib<4.0.0,>=3.8.2->robpy)
  Using cached fonttools-4.63.0-cp312-cp312-manylinux2014_x86_64.manylinux_2_17_x86_64.whl.metadata (118 kB)
Collecting kiwisolver>=1.3.1 (from matplotlib<4.0.0,>=3.8.2->robpy)
  Using cached kiwisolver-1.5.0-cp312-cp312-manylinux2014_x86_64.manylinux_2_17_x86_64.whl.metadata (5.1 kB)
Collecting pillow>=9 (from matplotlib<4.0.0,>=3.8.2->robpy)
  Using cached pillow-12.3.0-cp312-cp312-manylinux_2_27_x86_64.manylinux_2_28_x86_64.whl.metadata (9.1 kB)
Collecting pyparsing>=3 (from matplotlib<4.0.0,>=3.8.2->robpy)
  Using cached pyparsing-3.3.2-py3-none-any.whl.metadata (5.8 kB)
Collecting patsy>=0.5.6 (from statsmodels<0.15.0,>=0.14.1->robpy)
  Using cached patsy-1.0.2-py2.py3-none-any.whl.metadata (3.6 kB)
Collecting et-xmlfile (from openpyxl)
  Using cached et_xmlfile-2.0.0-py3-none-any.whl.metadata (2.7 kB)
Collecting alembic>=1.5.0 (from optuna>=2.0.0->pykeen)
  Using cached alembic-1.19.1-py3-none-any.whl.metadata (7.3 kB)
Collecting colorlog (from optuna>=2.0.0->pykeen)
  Using cached colorlog-6.12.0-py3-none-any.whl.metadata (11 kB)
Collecting sqlalchemy>=1.4.2 (from optuna>=2.0.0->pykeen)
  Downloading sqlalchemy-2.0.52-cp312-cp312-manylinux2014_x86_64.manylinux_2_17_x86_64.manylinux_2_28_x86_64.whl.metadata (9.6 kB)
Collecting Mako (from alembic>=1.5.0->optuna>=2.0.0->pykeen)
  Using cached mako-1.4.1-py3-none-any.whl.metadata (2.9 kB)
Collecting backports-zstd (from pystow>=0.4.3->pykeen)
  Downloading backports_zstd-1.7.0-cp312-cp312-manylinux2014_x86_64.manylinux_2_17_x86_64.manylinux_2_28_x86_64.whl.metadata (6.8 kB)
Collecting six>=1.5 (from python-dateutil>=2.8.2->pandas)
  Using cached six-1.17.0-py2.py3-none-any.whl.metadata (1.7 kB)
Collecting wrapt (from smart_open>=1.8.1->gensim)
  Using cached wrapt-2.3.0-cp312-cp312-manylinux1_x86_64.manylinux_2_28_x86_64.manylinux_2_5_x86_64.whl.metadata (7.4 kB)
Collecting greenlet>=1 (from sqlalchemy>=1.4.2->optuna>=2.0.0->pykeen)
  Using cached greenlet-3.5.5-cp312-cp312-manylinux_2_24_x86_64.manylinux_2_28_x86_64.whl.metadata (3.8 kB)
Requirement already satisfied: sympy>=1.13.3 in /ddn_exa/campbell/kaiyang/pytorch/lib64/python3.12/site-packages (from torch>=2.2->sentence-transformers) (1.14.0)
Requirement already satisfied: jinja2 in /ddn_exa/campbell/kaiyang/pytorch/lib64/python3.12/site-packages (from torch>=2.2->sentence-transformers) (3.1.6)
Requirement already satisfied: cuda-toolkit==13.0.3 in /ddn_exa/campbell/kaiyang/pytorch/lib64/python3.12/site-packages (from cuda-toolkit[cublas,cudart,cufft,cufile,cupti,curand,cusolver,cusparse,nvjitlink,nvrtc,nvtx]==13.0.3; platform_system == "Linux"->torch>=2.2->sentence-transformers) (13.0.3.0)
Requirement already satisfied: cuda-bindings<14,>=13.0.3 in /ddn_exa/campbell/kaiyang/pytorch/lib64/python3.12/site-packages (from torch>=2.2->sentence-transformers) (13.3.1)
Requirement already satisfied: nvidia-cudnn-cu13==9.20.0.48 in /ddn_exa/campbell/kaiyang/pytorch/lib64/python3.12/site-packages (from torch>=2.2->sentence-transformers) (9.20.0.48)
Requirement already satisfied: nvidia-cusparselt-cu13==0.8.1 in /ddn_exa/campbell/kaiyang/pytorch/lib64/python3.12/site-packages (from torch>=2.2->sentence-transformers) (0.8.1)
Requirement already satisfied: nvidia-nccl-cu13==2.29.7 in /ddn_exa/campbell/kaiyang/pytorch/lib64/python3.12/site-packages (from torch>=2.2->sentence-transformers) (2.29.7)
Requirement already satisfied: nvidia-nvshmem-cu13==3.4.5 in /ddn_exa/campbell/kaiyang/pytorch/lib64/python3.12/site-packages (from torch>=2.2->sentence-transformers) (3.4.5)
Requirement already satisfied: triton==3.7.1 in /ddn_exa/campbell/kaiyang/pytorch/lib64/python3.12/site-packages (from torch>=2.2->sentence-transformers) (3.7.1)
Requirement already satisfied: nvidia-cublas==13.1.1.3.* in /ddn_exa/campbell/kaiyang/pytorch/lib64/python3.12/site-packages (from cuda-toolkit[cublas,cudart,cufft,cufile,cupti,curand,cusolver,cusparse,nvjitlink,nvrtc,nvtx]==13.0.3; platform_system == "Linux"->torch>=2.2->sentence-transformers) (13.1.1.3)
Requirement already satisfied: nvidia-cuda-nvrtc==13.0.88.* in /ddn_exa/campbell/kaiyang/pytorch/lib64/python3.12/site-packages (from cuda-toolkit[cublas,cudart,cufft,cufile,cupti,curand,cusolver,cusparse,nvjitlink,nvrtc,nvtx]==13.0.3; platform_system == "Linux"->torch>=2.2->sentence-transformers) (13.0.88)
Requirement already satisfied: nvidia-cuda-runtime==13.0.96.* in /ddn_exa/campbell/kaiyang/pytorch/lib64/python3.12/site-packages (from cuda-toolkit[cublas,cudart,cufft,cufile,cupti,curand,cusolver,cusparse,nvjitlink,nvrtc,nvtx]==13.0.3; platform_system == "Linux"->torch>=2.2->sentence-transformers) (13.0.96)
Requirement already satisfied: nvidia-cufft==12.0.0.61.* in /ddn_exa/campbell/kaiyang/pytorch/lib64/python3.12/site-packages (from cuda-toolkit[cublas,cudart,cufft,cufile,cupti,curand,cusolver,cusparse,nvjitlink,nvrtc,nvtx]==13.0.3; platform_system == "Linux"->torch>=2.2->sentence-transformers) (12.0.0.61)
Requirement already satisfied: nvidia-nvjitlink<14,>=13.0.88 in /ddn_exa/campbell/kaiyang/pytorch/lib64/python3.12/site-packages (from cuda-toolkit[cublas,cudart,cufft,cufile,cupti,curand,cusolver,cusparse,nvjitlink,nvrtc,nvtx]==13.0.3; platform_system == "Linux"->torch>=2.2->sentence-transformers) (13.3.33)
Requirement already satisfied: nvidia-cufile==1.15.1.6.* in /ddn_exa/campbell/kaiyang/pytorch/lib64/python3.12/site-packages (from cuda-toolkit[cublas,cudart,cufft,cufile,cupti,curand,cusolver,cusparse,nvjitlink,nvrtc,nvtx]==13.0.3; platform_system == "Linux"->torch>=2.2->sentence-transformers) (1.15.1.6)
Requirement already satisfied: nvidia-cuda-cupti==13.0.85.* in /ddn_exa/campbell/kaiyang/pytorch/lib64/python3.12/site-packages (from cuda-toolkit[cublas,cudart,cufft,cufile,cupti,curand,cusolver,cusparse,nvjitlink,nvrtc,nvtx]==13.0.3; platform_system == "Linux"->torch>=2.2->sentence-transformers) (13.0.85)
Requirement already satisfied: nvidia-curand==10.4.0.35.* in /ddn_exa/campbell/kaiyang/pytorch/lib64/python3.12/site-packages (from cuda-toolkit[cublas,cudart,cufft,cufile,cupti,curand,cusolver,cusparse,nvjitlink,nvrtc,nvtx]==13.0.3; platform_system == "Linux"->torch>=2.2->sentence-transformers) (10.4.0.35)
Requirement already satisfied: nvidia-cusolver==12.0.4.66.* in /ddn_exa/campbell/kaiyang/pytorch/lib64/python3.12/site-packages (from cuda-toolkit[cublas,cudart,cufft,cufile,cupti,curand,cusolver,cusparse,nvjitlink,nvrtc,nvtx]==13.0.3; platform_system == "Linux"->torch>=2.2->sentence-transformers) (12.0.4.66)
Requirement already satisfied: nvidia-cusparse==12.6.3.3.* in /ddn_exa/campbell/kaiyang/pytorch/lib64/python3.12/site-packages (from cuda-toolkit[cublas,cudart,cufft,cufile,cupti,curand,cusolver,cusparse,nvjitlink,nvrtc,nvtx]==13.0.3; platform_system == "Linux"->torch>=2.2->sentence-transformers) (12.6.3.3)
Requirement already satisfied: nvidia-nvtx==13.0.85.* in /ddn_exa/campbell/kaiyang/pytorch/lib64/python3.12/site-packages (from cuda-toolkit[cublas,cudart,cufft,cufile,cupti,curand,cusolver,cusparse,nvjitlink,nvrtc,nvtx]==13.0.3; platform_system == "Linux"->torch>=2.2->sentence-transformers) (13.0.85)
Requirement already satisfied: cuda-pathfinder>=1.4.2 in /ddn_exa/campbell/kaiyang/pytorch/lib64/python3.12/site-packages (from cuda-bindings<14,>=13.0.3->torch>=2.2->sentence-transformers) (1.7.0)
Requirement already satisfied: mpmath<1.4,>=1.1.0 in /ddn_exa/campbell/kaiyang/pytorch/lib64/python3.12/site-packages (from sympy>=1.13.3->torch>=2.2->sentence-transformers) (1.3.0)
Collecting marshmallow<4.0.0,>=3.18.0 (from dataclasses-json->pykeen)
  Using cached marshmallow-3.26.2-py3-none-any.whl.metadata (7.3 kB)
Collecting typing-inspect<1,>=0.4.0 (from dataclasses-json->pykeen)
  Using cached typing_inspect-0.9.0-py3-none-any.whl.metadata (1.5 kB)
Collecting mypy-extensions>=0.3.0 (from typing-inspect<1,>=0.4.0->dataclasses-json->pykeen)
  Using cached mypy_extensions-1.1.0-py3-none-any.whl.metadata (1.1 kB)
Requirement already satisfied: MarkupSafe>=2.0 in /ddn_exa/campbell/kaiyang/pytorch/lib64/python3.12/site-packages (from jinja2->torch>=2.2->sentence-transformers) (3.0.3)
Collecting shellingham>=1.3.0 (from typer->transformers)
  Using cached shellingham-1.5.4-py2.py3-none-any.whl.metadata (3.5 kB)
Collecting rich>=13.8.0 (from typer->transformers)
  Using cached rich-15.0.0-py3-none-any.whl.metadata (18 kB)
Collecting annotated-doc>=0.0.2 (from typer->transformers)
  Using cached annotated_doc-0.0.5-py3-none-any.whl.metadata (6.5 kB)
Collecting markdown-it-py>=2.2.0 (from rich>=13.8.0->typer->transformers)
  Using cached markdown_it_py-4.2.0-py3-none-any.whl.metadata (7.4 kB)
Collecting pygments<3.0.0,>=2.13.0 (from rich>=13.8.0->typer->transformers)
  Downloading pygments-2.21.0-py3-none-any.whl.metadata (2.5 kB)
Collecting mdurl~=0.1 (from markdown-it-py>=2.2.0->rich>=13.8.0->typer->transformers)
  Using cached mdurl-0.1.2-py3-none-any.whl.metadata (1.6 kB)
Using cached setuptools-80.10.2-py3-none-any.whl (1.1 MB)
Using cached numpy-2.5.2-cp312-cp312-manylinux_2_27_x86_64.manylinux_2_28_x86_64.whl (16.7 MB)
Downloading scipy-1.18.1-cp312-cp312-manylinux_2_27_x86_64.manylinux_2_28_x86_64.whl (35.3 MB)
   ━━━━━━━━━━━━━━━━━━━━━━━━━━━━━━━━━━━━━━━━ 35.3/35.3 MB 33.3 MB/s  0:00:01
Using cached pandas-3.0.5-cp312-cp312-manylinux_2_24_x86_64.manylinux_2_28_x86_64.whl (11.0 MB)
Using cached tqdm-4.70.0-py3-none-any.whl (80 kB)
Using cached requests-2.34.2-py3-none-any.whl (73 kB)
Downloading charset_normalizer-3.5.1-cp312-cp312-manylinux2014_x86_64.manylinux_2_17_x86_64.manylinux_2_28_x86_64.whl (248 kB)
Downloading idna-3.19-py3-none-any.whl (68 kB)
Using cached urllib3-2.7.0-py3-none-any.whl (131 kB)
Using cached fair_esm-2.0.0-py3-none-any.whl (93 kB)
Downloading transformers-5.16.1-py3-none-any.whl (12.1 MB)
   ━━━━━━━━━━━━━━━━━━━━━━━━━━━━━━━━━━━━━━━━ 12.1/12.1 MB 22.7 MB/s  0:00:00
Downloading huggingface_hub-1.29.0-py3-none-any.whl (795 kB)
   ━━━━━━━━━━━━━━━━━━━━━━━━━━━━━━━━━━━━━━━━ 795.8/795.8 kB 49.3 MB/s  0:00:00
Downloading click-8.5.0-py3-none-any.whl (125 kB)
Using cached hf_xet-1.6.0-cp38-abi3-manylinux2014_x86_64.manylinux_2_17_x86_64.whl (4.5 MB)
Using cached httpx-0.28.1-py3-none-any.whl (73 kB)
Using cached httpcore-1.0.9-py3-none-any.whl (78 kB)
Downloading tokenizers-0.23.1-cp310-abi3-manylinux_2_17_x86_64.manylinux2014_x86_64.whl (3.3 MB)
   ━━━━━━━━━━━━━━━━━━━━━━━━━━━━━━━━━━━━━━━━ 3.3/3.3 MB 11.9 MB/s  0:00:00
Using cached safetensors-0.8.0-cp310-abi3-manylinux_2_17_x86_64.manylinux2014_x86_64.whl (516 kB)
Using cached sentencepiece-0.2.2-cp312-cp312-manylinux_2_27_x86_64.manylinux_2_28_x86_64.whl (1.4 MB)
Downloading sentence_transformers-6.0.0-py3-none-any.whl (739 kB)
   ━━━━━━━━━━━━━━━━━━━━━━━━━━━━━━━━━━━━━━━━ 739.6/739.6 kB 40.5 MB/s  0:00:00
Using cached gensim-4.4.0-cp312-cp312-manylinux_2_24_x86_64.manylinux_2_28_x86_64.whl (27.9 MB)
Using cached obonet-1.3.0-py3-none-any.whl (10 kB)
Using cached pykeen-1.11.1-py3-none-any.whl (730 kB)
Using cached regex-2026.7.19-cp312-cp312-manylinux2014_x86_64.manylinux_2_17_x86_64.manylinux_2_28_x86_64.whl (801 kB)
Downloading protobuf-7.36.0-cp310-abi3-manylinux2014_x86_64.whl (340 kB)
Downloading tiktoken-0.14.0-cp312-cp312-manylinux_2_28_x86_64.whl (1.2 MB)
   ━━━━━━━━━━━━━━━━━━━━━━━━━━━━━━━━━━━━━━━━ 1.2/1.2 MB 4.0 MB/s  0:00:00
Using cached mygene-3.2.2-py2.py3-none-any.whl (5.4 kB)
Using cached robpy-0.0.6-py3-none-any.whl (323 kB)
Using cached scikit_learn-1.6.1-cp312-cp312-manylinux_2_17_x86_64.manylinux2014_x86_64.whl (13.1 MB)
Using cached matplotlib-3.11.1-cp312-cp312-manylinux2014_x86_64.manylinux_2_17_x86_64.whl (10.0 MB)
Using cached seaborn-0.13.2-py3-none-any.whl (294 kB)
Using cached statsmodels-0.14.6-cp312-cp312-manylinux2014_x86_64.manylinux_2_17_x86_64.manylinux_2_28_x86_64.whl (10.3 MB)
Using cached einops-0.8.2-py3-none-any.whl (65 kB)
Using cached openpyxl-3.1.5-py2.py3-none-any.whl (250 kB)
Using cached biothings_client-0.5.1-py3-none-any.whl (52 kB)
Using cached certifi-2026.7.22-py3-none-any.whl (136 kB)
Using cached class_resolver-0.7.1-py3-none-any.whl (31 kB)
Using cached contourpy-1.3.3-cp312-cp312-manylinux_2_27_x86_64.manylinux_2_28_x86_64.whl (362 kB)
Using cached cycler-0.12.1-py3-none-any.whl (8.3 kB)
Using cached docdata-0.0.5-py3-none-any.whl (9.2 kB)
Using cached fonttools-4.63.0-cp312-cp312-manylinux2014_x86_64.manylinux_2_17_x86_64.whl (5.0 MB)
Using cached h11-0.16.0-py3-none-any.whl (37 kB)
Using cached joblib-1.5.3-py3-none-any.whl (309 kB)
Using cached kiwisolver-1.5.0-cp312-cp312-manylinux2014_x86_64.manylinux_2_17_x86_64.whl (1.5 MB)
Using cached optuna-4.9.0-py3-none-any.whl (425 kB)
Using cached alembic-1.19.1-py3-none-any.whl (265 kB)
Using cached packaging-26.3-py3-none-any.whl (129 kB)
Using cached patsy-1.0.2-py2.py3-none-any.whl (233 kB)
Using cached pillow-12.3.0-cp312-cp312-manylinux_2_27_x86_64.manylinux_2_28_x86_64.whl (6.9 MB)
Using cached pyparsing-3.3.2-py3-none-any.whl (122 kB)
Downloading pystow-0.9.2-py3-none-any.whl (62 kB)
Using cached python_dateutil-2.9.0.post0-py2.py3-none-any.whl (229 kB)
Using cached pyyaml-6.0.3-cp312-cp312-manylinux2014_x86_64.manylinux_2_17_x86_64.manylinux_2_28_x86_64.whl (807 kB)
Using cached six-1.17.0-py2.py3-none-any.whl (11 kB)
Using cached smart_open-8.0.1-py3-none-any.whl (73 kB)
Downloading sqlalchemy-2.0.52-cp312-cp312-manylinux2014_x86_64.manylinux_2_17_x86_64.manylinux_2_28_x86_64.whl (3.4 MB)
   ━━━━━━━━━━━━━━━━━━━━━━━━━━━━━━━━━━━━━━━━ 3.4/3.4 MB 13.8 MB/s  0:00:00
Using cached greenlet-3.5.5-cp312-cp312-manylinux_2_24_x86_64.manylinux_2_28_x86_64.whl (621 kB)
Using cached threadpoolctl-3.6.0-py3-none-any.whl (18 kB)
Downloading torch_max_mem-0.1.6-py3-none-any.whl (18 kB)
Using cached torch_ppr-0.0.8-py3-none-any.whl (12 kB)
Using cached anyio-4.14.2-py3-none-any.whl (125 kB)
Downloading backports_zstd-1.7.0-cp312-cp312-manylinux2014_x86_64.manylinux_2_17_x86_64.manylinux_2_28_x86_64.whl (496 kB)
Using cached click_default_group-1.2.4-py2.py3-none-any.whl (4.1 kB)
Using cached colorlog-6.12.0-py3-none-any.whl (12 kB)
Using cached dataclasses_json-0.6.7-py3-none-any.whl (28 kB)
Using cached marshmallow-3.26.2-py3-none-any.whl (50 kB)
Using cached typing_inspect-0.9.0-py3-none-any.whl (8.8 kB)
Using cached mypy_extensions-1.1.0-py3-none-any.whl (5.0 kB)
Using cached et_xmlfile-2.0.0-py3-none-any.whl (18 kB)
Using cached mako-1.4.1-py3-none-any.whl (80 kB)
Using cached more_click-0.1.3-py3-none-any.whl (12 kB)
Using cached more_itertools-11.1.0-py3-none-any.whl (72 kB)
Using cached tabulate-0.10.0-py3-none-any.whl (39 kB)
Using cached typer-0.27.1-py3-none-any.whl (122 kB)
Using cached annotated_doc-0.0.5-py3-none-any.whl (5.3 kB)
Using cached rich-15.0.0-py3-none-any.whl (310 kB)
Downloading pygments-2.21.0-py3-none-any.whl (1.3 MB)
   ━━━━━━━━━━━━━━━━━━━━━━━━━━━━━━━━━━━━━━━━ 1.3/1.3 MB 63.9 MB/s  0:00:00
Using cached markdown_it_py-4.2.0-py3-none-any.whl (91 kB)
Using cached mdurl-0.1.2-py3-none-any.whl (10.0 kB)
Using cached shellingham-1.5.4-py2.py3-none-any.whl (9.8 kB)
Using cached wrapt-2.3.0-cp312-cp312-manylinux1_x86_64.manylinux_2_28_x86_64.manylinux_2_5_x86_64.whl (172 kB)
Installing collected packages: fair-esm, wrapt, urllib3, tqdm, threadpoolctl, tabulate, six, shellingham, setuptools, sentencepiece, safetensors, regex, pyyaml, pyparsing, pygments, protobuf, pillow, packaging, obonet, numpy, mypy-extensions, more_itertools, mdurl, Mako, kiwisolver, joblib, idna, hf-xet, h11, greenlet, fonttools, et-xmlfile, einops, cycler, colorlog, click, class_resolver, charset-normalizer, certifi, backports-zstd, annotated-doc, typing-inspect, sqlalchemy, smart_open, scipy, requests, python-dateutil, pystow, patsy, openpyxl, more_click, marshmallow, markdown-it-py, httpcore, docdata, contourpy, click_default_group, anyio, tiktoken, scikit-learn, rich, pandas, matplotlib, httpx, gensim, dataclasses-json, alembic, typer, statsmodels, seaborn, optuna, node2vec, huggingface-hub, biothings-client, torch_max_mem, tokenizers, robpy, mygene, transformers, torch-ppr, sentence-transformers, pykeen
  Attempting uninstall: setuptools
    Found existing installation: setuptools 84.0.0
    Uninstalling setuptools-84.0.0:
      Successfully uninstalled setuptools-84.0.0

Successfully installed Mako-1.4.1 alembic-1.19.1 annotated-doc-0.0.5 anyio-4.14.2 backports-zstd-1.7.0 biothings-client-0.5.1 certifi-2026.7.22 charset-normalizer-3.5.1 class_resolver-0.7.1 click-8.5.0 click_default_group-1.2.4 colorlog-6.12.0 contourpy-1.3.3 cycler-0.12.1 dataclasses-json-0.6.7 docdata-0.0.5 einops-0.8.2 et-xmlfile-2.0.0 fair-esm-2.0.0 fonttools-4.63.0 gensim-4.4.0 greenlet-3.5.5 h11-0.16.0 hf-xet-1.6.0 httpcore-1.0.9 httpx-0.28.1 huggingface-hub-1.29.0 idna-3.19 joblib-1.5.3 kiwisolver-1.5.0 markdown-it-py-4.2.0 marshmallow-3.26.2 matplotlib-3.11.1 mdurl-0.1.2 more_click-0.1.3 more_itertools-11.1.0 mygene-3.2.2 mypy-extensions-1.1.0 node2vec-0.4.3 numpy-2.5.2 obonet-1.3.0 openpyxl-3.1.5 optuna-4.9.0 packaging-26.3 pandas-3.0.5 patsy-1.0.2 pillow-12.3.0 protobuf-7.36.0 pygments-2.21.0 pykeen-1.11.1 pyparsing-3.3.2 pystow-0.9.2 python-dateutil-2.9.0.post0 pyyaml-6.0.3 regex-2026.7.19 requests-2.34.2 rich-15.0.0 robpy-0.0.6 safetensors-0.8.0 scikit-learn-1.6.1 scipy-1.18.1 seaborn-0.13.2 sentence-transformers-6.0.0 sentencepiece-0.2.2 setuptools-80.10.2 shellingham-1.5.4 six-1.17.0 smart_open-8.0.1 sqlalchemy-2.0.52 statsmodels-0.14.6 tabulate-0.10.0 threadpoolctl-3.6.0 tiktoken-0.14.0 tokenizers-0.23.1 torch-ppr-0.0.8 torch_max_mem-0.1.6 tqdm-4.70.0 transformers-5.16.1 typer-0.27.1 typing-inspect-0.9.0 urllib3-2.7.0 wrapt-2.3.0

--- Verification ---
Python: 3.12.11 (main, Aug 14 2025, 00:00:00) [GCC 14.3.1 20250617 (Red Hat 14.3.1-2)]
Path: /ddn_exa/campbell/kaiyang/pytorch/bin/python3

  numpy                     2.5.2
  torch                     2.13.0+cu130
  scipy                     1.18.1
  sklearn                   1.6.1
  pandas                    3.0.5
  tqdm                      4.70.0
  requests                  2.34.2
  networkx                  3.6.1
  esm                       2.0.0
  transformers              5.16.1
  huggingface_hub           1.29.0
  safetensors               0.8.0
  sentencepiece             0.2.2
  sentence_transformers     6.0.0
  gensim                    4.4.0
  obonet                    1.3.0
  node2vec                  0.4.3
  pykeen                    OK
  tiktoken                  0.14.0
  google.protobuf           OK
  mygene                    3.2.2
  robpy                     OK
  einops                    0.8.2
  openpyxl                  3.1.5

24/24 packages OK
  esm.pretrained check:    OK (fair-esm)

CUDA smoke test...
  cuda check: OK  torch=2.13.0+cu130  cuda=13.0  device=NVIDIA L40

Pre-caching HGNC gene name database...
  HGNC loaded: 44981 current symbols, 60055 aliases/previous symbols, 44373 Entrez IDs
  HGNC: 44981 genes, 57932 aliases
  Test: SEPT1 -> SEPTIN1
  Test: MARCH1 -> MARCHF1

============================================================================
Environment reset complete at: Thu Aug 27 09:45:59 EDT 2026
Python: /ddn_exa/campbell/kaiyang/pytorch/bin/python3
============================================================================
